[2025-01-02T12:19:12.377+0530][gc,init] CardTable entry size: 512
[2025-01-02T12:19:12.377+0530][gc     ] Using G1
[2025-01-02T12:19:12.379+0530][gc,init] Version: 21.0.2+13-58 (release)
[2025-01-02T12:19:12.379+0530][gc,init] CPUs: 10 total, 10 available
[2025-01-02T12:19:12.379+0530][gc,init] Memory: 16384M
[2025-01-02T12:19:12.379+0530][gc,init] Large Page Support: Disabled
[2025-01-02T12:19:12.379+0530][gc,init] NUMA Support: Disabled
[2025-01-02T12:19:12.379+0530][gc,init] Compressed Oops: Enabled (Zero based)
[2025-01-02T12:19:12.379+0530][gc,init] Heap Region Size: 1M
[2025-01-02T12:19:12.379+0530][gc,init] Heap Min Capacity: 1G
[2025-01-02T12:19:12.379+0530][gc,init] Heap Initial Capacity: 1G
[2025-01-02T12:19:12.379+0530][gc,init] Heap Max Capacity: 1G
[2025-01-02T12:19:12.379+0530][gc,init] Pre-touch: Disabled
[2025-01-02T12:19:12.379+0530][gc,init] Parallel Workers: 9
[2025-01-02T12:19:12.379+0530][gc,init] Concurrent Workers: 2
[2025-01-02T12:19:12.379+0530][gc,init] Concurrent Refinement Workers: 9
[2025-01-02T12:19:12.379+0530][gc,init] Periodic GC: Disabled
[2025-01-02T12:19:12.386+0530][gc,metaspace] CDS archive(s) mapped at: [0x0000009000000000-0x0000009000ca4000-0x0000009000ca4000), size 13254656, SharedBaseAddress: 0x0000009000000000, ArchiveRelocationMode: 1.
[2025-01-02T12:19:12.386+0530][gc,metaspace] Compressed class space mapped at: 0x0000009001000000-0x0000009041000000, reserved size: 1073741824
[2025-01-02T12:19:12.386+0530][gc,metaspace] Narrow klass base: 0x0000009000000000, Narrow klass shift: 0, Narrow klass range: 0x100000000
[2025-01-02T12:19:13.120+0530][gc,start    ] GC(0) Pause Young (Normal) (G1 Evacuation Pause)
[2025-01-02T12:19:13.120+0530][gc,task     ] GC(0) Using 9 workers of 9 for evacuation
[2025-01-02T12:19:13.123+0530][gc,phases   ] GC(0)   Pre Evacuate Collection Set: 0.1ms
[2025-01-02T12:19:13.123+0530][gc,phases   ] GC(0)   Merge Heap Roots: 0.0ms
[2025-01-02T12:19:13.123+0530][gc,phases   ] GC(0)   Evacuate Collection Set: 2.1ms
[2025-01-02T12:19:13.123+0530][gc,phases   ] GC(0)   Post Evacuate Collection Set: 0.3ms
[2025-01-02T12:19:13.123+0530][gc,phases   ] GC(0)   Other: 0.3ms
[2025-01-02T12:19:13.123+0530][gc,heap     ] GC(0) Eden regions: 51->0(44)
[2025-01-02T12:19:13.123+0530][gc,heap     ] GC(0) Survivor regions: 0->7(7)
[2025-01-02T12:19:13.123+0530][gc,heap     ] GC(0) Old regions: 2->5
[2025-01-02T12:19:13.123+0530][gc,heap     ] GC(0) Humongous regions: 2->2
[2025-01-02T12:19:13.123+0530][gc,metaspace] GC(0) Metaspace: 17364K(17600K)->17364K(17600K) NonClass: 15379K(15488K)->15379K(15488K) Class: 1984K(2112K)->1984K(2112K)
[2025-01-02T12:19:13.123+0530][gc          ] GC(0) Pause Young (Normal) (G1 Evacuation Pause) 54M->12M(1024M) 3.044ms
[2025-01-02T12:19:13.123+0530][gc,cpu      ] GC(0) User=0.02s Sys=0.01s Real=0.00s
[2025-01-02T12:19:13.262+0530][gc,start    ] GC(1) Pause Young (Concurrent Start) (Metadata GC Threshold)
[2025-01-02T12:19:13.262+0530][gc,task     ] GC(1) Using 9 workers of 9 for evacuation
[2025-01-02T12:19:13.264+0530][gc,phases   ] GC(1)   Pre Evacuate Collection Set: 0.2ms
[2025-01-02T12:19:13.264+0530][gc,phases   ] GC(1)   Merge Heap Roots: 0.0ms
[2025-01-02T12:19:13.264+0530][gc,phases   ] GC(1)   Evacuate Collection Set: 2.0ms
[2025-01-02T12:19:13.264+0530][gc,phases   ] GC(1)   Post Evacuate Collection Set: 0.2ms
[2025-01-02T12:19:13.264+0530][gc,phases   ] GC(1)   Other: 0.0ms
[2025-01-02T12:19:13.264+0530][gc,heap     ] GC(1) Eden regions: 15->0(49)
[2025-01-02T12:19:13.264+0530][gc,heap     ] GC(1) Survivor regions: 7->2(7)
[2025-01-02T12:19:13.264+0530][gc,heap     ] GC(1) Old regions: 5->12
[2025-01-02T12:19:13.264+0530][gc,heap     ] GC(1) Humongous regions: 2->2
[2025-01-02T12:19:13.264+0530][gc,metaspace] GC(1) Metaspace: 21236K(21504K)->21236K(21504K) NonClass: 18767K(18880K)->18767K(18880K) Class: 2469K(2624K)->2469K(2624K)
[2025-01-02T12:19:13.264+0530][gc          ] GC(1) Pause Young (Concurrent Start) (Metadata GC Threshold) 26M->13M(1024M) 2.505ms
[2025-01-02T12:19:13.264+0530][gc          ] GC(2) Concurrent Mark Cycle
[2025-01-02T12:19:13.264+0530][gc,cpu      ] GC(1) User=0.01s Sys=0.00s Real=0.00s
[2025-01-02T12:19:13.264+0530][gc,marking  ] GC(2) Concurrent Scan Root Regions
[2025-01-02T12:19:13.265+0530][gc,marking  ] GC(2) Concurrent Scan Root Regions 1.086ms
[2025-01-02T12:19:13.265+0530][gc,marking  ] GC(2) Concurrent Mark
[2025-01-02T12:19:13.265+0530][gc,marking  ] GC(2) Concurrent Mark From Roots
[2025-01-02T12:19:13.265+0530][gc,task     ] GC(2) Using 2 workers of 2 for marking
[2025-01-02T12:19:13.267+0530][gc,marking  ] GC(2) Concurrent Mark From Roots 1.219ms
[2025-01-02T12:19:13.267+0530][gc,marking  ] GC(2) Concurrent Preclean
[2025-01-02T12:19:13.267+0530][gc,marking  ] GC(2) Concurrent Preclean 0.006ms
[2025-01-02T12:19:13.267+0530][gc,start    ] GC(2) Pause Remark
[2025-01-02T12:19:13.268+0530][gc          ] GC(2) Pause Remark 14M->14M(1024M) 0.922ms
[2025-01-02T12:19:13.268+0530][gc,cpu      ] GC(2) User=0.01s Sys=0.00s Real=0.00s
[2025-01-02T12:19:13.268+0530][gc,marking  ] GC(2) Concurrent Mark 2.270ms
[2025-01-02T12:19:13.268+0530][gc,marking  ] GC(2) Concurrent Rebuild Remembered Sets and Scrub Regions
[2025-01-02T12:19:13.269+0530][gc,marking  ] GC(2) Concurrent Rebuild Remembered Sets and Scrub Regions 1.489ms
[2025-01-02T12:19:13.269+0530][gc,start    ] GC(2) Pause Cleanup
[2025-01-02T12:19:13.269+0530][gc          ] GC(2) Pause Cleanup 14M->14M(1024M) 0.102ms
[2025-01-02T12:19:13.269+0530][gc,cpu      ] GC(2) User=0.00s Sys=0.00s Real=0.00s
[2025-01-02T12:19:13.269+0530][gc,marking  ] GC(2) Concurrent Clear Claimed Marks
[2025-01-02T12:19:13.269+0530][gc,marking  ] GC(2) Concurrent Clear Claimed Marks 0.014ms
[2025-01-02T12:19:13.269+0530][gc,marking  ] GC(2) Concurrent Cleanup for Next Mark
[2025-01-02T12:19:13.270+0530][gc,marking  ] GC(2) Concurrent Cleanup for Next Mark 1.163ms
[2025-01-02T12:19:13.270+0530][gc          ] GC(2) Concurrent Mark Cycle 6.314ms
[2025-01-02T12:19:14.928+0530][gc,start    ] GC(3) Pause Young (Prepare Mixed) (G1 Evacuation Pause)
[2025-01-02T12:19:14.928+0530][gc,task     ] GC(3) Using 9 workers of 9 for evacuation
[2025-01-02T12:19:14.929+0530][gc,phases   ] GC(3)   Pre Evacuate Collection Set: 0.1ms
[2025-01-02T12:19:14.929+0530][gc,phases   ] GC(3)   Merge Heap Roots: 0.1ms
[2025-01-02T12:19:14.929+0530][gc,phases   ] GC(3)   Evacuate Collection Set: 1.3ms
[2025-01-02T12:19:14.929+0530][gc,phases   ] GC(3)   Post Evacuate Collection Set: 0.2ms
[2025-01-02T12:19:14.930+0530][gc,phases   ] GC(3)   Other: 0.0ms
[2025-01-02T12:19:14.930+0530][gc,heap     ] GC(3) Eden regions: 49->0(45)
[2025-01-02T12:19:14.930+0530][gc,heap     ] GC(3) Survivor regions: 2->6(7)
[2025-01-02T12:19:14.930+0530][gc,heap     ] GC(3) Old regions: 12->12
[2025-01-02T12:19:14.930+0530][gc,heap     ] GC(3) Humongous regions: 131->131
[2025-01-02T12:19:14.930+0530][gc,metaspace] GC(3) Metaspace: 29516K(29824K)->29516K(29824K) NonClass: 26253K(26432K)->26253K(26432K) Class: 3263K(3392K)->3263K(3392K)
[2025-01-02T12:19:14.930+0530][gc          ] GC(3) Pause Young (Prepare Mixed) (G1 Evacuation Pause) 191M->146M(1024M) 1.868ms
[2025-01-02T12:19:14.930+0530][gc,cpu      ] GC(3) User=0.01s Sys=0.00s Real=0.01s
[2025-01-02T12:19:15.100+0530][gc,start    ] GC(4) Pause Young (Mixed) (Metadata GC Threshold)
[2025-01-02T12:19:15.100+0530][gc,task     ] GC(4) Using 9 workers of 9 for evacuation
[2025-01-02T12:19:15.103+0530][gc,phases   ] GC(4)   Pre Evacuate Collection Set: 0.1ms
[2025-01-02T12:19:15.103+0530][gc,phases   ] GC(4)   Merge Heap Roots: 0.1ms
[2025-01-02T12:19:15.103+0530][gc,phases   ] GC(4)   Evacuate Collection Set: 2.2ms
[2025-01-02T12:19:15.103+0530][gc,phases   ] GC(4)   Post Evacuate Collection Set: 0.2ms
[2025-01-02T12:19:15.103+0530][gc,phases   ] GC(4)   Other: 0.0ms
[2025-01-02T12:19:15.103+0530][gc,heap     ] GC(4) Eden regions: 25->0(48)
[2025-01-02T12:19:15.103+0530][gc,heap     ] GC(4) Survivor regions: 6->3(7)
[2025-01-02T12:19:15.103+0530][gc,heap     ] GC(4) Old regions: 12->16
[2025-01-02T12:19:15.103+0530][gc,heap     ] GC(4) Humongous regions: 131->131
[2025-01-02T12:19:15.103+0530][gc,metaspace] GC(4) Metaspace: 35645K(35968K)->35645K(35968K) NonClass: 31806K(31936K)->31806K(31936K) Class: 3839K(4032K)->3839K(4032K)
[2025-01-02T12:19:15.103+0530][gc          ] GC(4) Pause Young (Mixed) (Metadata GC Threshold) 171M->149M(1024M) 2.776ms
[2025-01-02T12:19:15.103+0530][gc,cpu      ] GC(4) User=0.02s Sys=0.00s Real=0.00s
[2025-01-02T12:19:15.110+0530][gc,start    ] GC(5) Pause Young (Concurrent Start) (Metadata GC Threshold)
[2025-01-02T12:19:15.110+0530][gc,task     ] GC(5) Using 9 workers of 9 for evacuation
[2025-01-02T12:19:15.111+0530][gc,phases   ] GC(5)   Pre Evacuate Collection Set: 0.1ms
[2025-01-02T12:19:15.111+0530][gc,phases   ] GC(5)   Merge Heap Roots: 0.0ms
[2025-01-02T12:19:15.111+0530][gc,phases   ] GC(5)   Evacuate Collection Set: 0.8ms
[2025-01-02T12:19:15.111+0530][gc,phases   ] GC(5)   Post Evacuate Collection Set: 0.2ms
[2025-01-02T12:19:15.111+0530][gc,phases   ] GC(5)   Other: 0.0ms
[2025-01-02T12:19:15.111+0530][gc,heap     ] GC(5) Eden regions: 2->0(48)
[2025-01-02T12:19:15.111+0530][gc,heap     ] GC(5) Survivor regions: 3->3(7)
[2025-01-02T12:19:15.111+0530][gc,heap     ] GC(5) Old regions: 16->16
[2025-01-02T12:19:15.111+0530][gc,heap     ] GC(5) Humongous regions: 131->131
[2025-01-02T12:19:15.111+0530][gc,metaspace] GC(5) Metaspace: 35954K(36288K)->35954K(36288K) NonClass: 32064K(32192K)->32064K(32192K) Class: 3890K(4096K)->3890K(4096K)
[2025-01-02T12:19:15.111+0530][gc          ] GC(5) Pause Young (Concurrent Start) (Metadata GC Threshold) 151M->149M(1024M) 1.270ms
[2025-01-02T12:19:15.111+0530][gc          ] GC(6) Concurrent Mark Cycle
[2025-01-02T12:19:15.111+0530][gc,cpu      ] GC(5) User=0.01s Sys=0.00s Real=0.00s
[2025-01-02T12:19:15.111+0530][gc,marking  ] GC(6) Concurrent Scan Root Regions
[2025-01-02T12:19:15.112+0530][gc,marking  ] GC(6) Concurrent Scan Root Regions 0.842ms
[2025-01-02T12:19:15.112+0530][gc,marking  ] GC(6) Concurrent Mark
[2025-01-02T12:19:15.112+0530][gc,marking  ] GC(6) Concurrent Mark From Roots
[2025-01-02T12:19:15.112+0530][gc,task     ] GC(6) Using 2 workers of 2 for marking
[2025-01-02T12:19:15.118+0530][gc,marking  ] GC(6) Concurrent Mark From Roots 5.959ms
[2025-01-02T12:19:15.118+0530][gc,marking  ] GC(6) Concurrent Preclean
[2025-01-02T12:19:15.118+0530][gc,marking  ] GC(6) Concurrent Preclean 0.045ms
[2025-01-02T12:19:15.118+0530][gc,start    ] GC(6) Pause Remark
[2025-01-02T12:19:15.119+0530][gc          ] GC(6) Pause Remark 151M->151M(1024M) 1.058ms
[2025-01-02T12:19:15.119+0530][gc,cpu      ] GC(6) User=0.00s Sys=0.01s Real=0.00s
[2025-01-02T12:19:15.119+0530][gc,marking  ] GC(6) Concurrent Mark 7.201ms
[2025-01-02T12:19:15.119+0530][gc,marking  ] GC(6) Concurrent Rebuild Remembered Sets and Scrub Regions
[2025-01-02T12:19:15.123+0530][gc,marking  ] GC(6) Concurrent Rebuild Remembered Sets and Scrub Regions 3.595ms
[2025-01-02T12:19:15.123+0530][gc,start    ] GC(6) Pause Cleanup
[2025-01-02T12:19:15.123+0530][gc          ] GC(6) Pause Cleanup 151M->151M(1024M) 0.107ms
[2025-01-02T12:19:15.123+0530][gc,cpu      ] GC(6) User=0.00s Sys=0.00s Real=0.00s
[2025-01-02T12:19:15.123+0530][gc,marking  ] GC(6) Concurrent Clear Claimed Marks
[2025-01-02T12:19:15.123+0530][gc,marking  ] GC(6) Concurrent Clear Claimed Marks 0.027ms
[2025-01-02T12:19:15.123+0530][gc,marking  ] GC(6) Concurrent Cleanup for Next Mark
[2025-01-02T12:19:15.124+0530][gc,marking  ] GC(6) Concurrent Cleanup for Next Mark 0.843ms
[2025-01-02T12:19:15.124+0530][gc          ] GC(6) Concurrent Mark Cycle 12.804ms
[2025-01-02T12:20:38.260+0530][gc,start    ] GC(7) Pause Young (Prepare Mixed) (G1 Evacuation Pause)
[2025-01-02T12:20:38.261+0530][gc,task     ] GC(7) Using 9 workers of 9 for evacuation
[2025-01-02T12:20:38.276+0530][gc,phases   ] GC(7)   Pre Evacuate Collection Set: 0.5ms
[2025-01-02T12:20:38.276+0530][gc,phases   ] GC(7)   Merge Heap Roots: 0.1ms
[2025-01-02T12:20:38.276+0530][gc,phases   ] GC(7)   Evacuate Collection Set: 13.9ms
[2025-01-02T12:20:38.276+0530][gc,phases   ] GC(7)   Post Evacuate Collection Set: 0.4ms
[2025-01-02T12:20:38.276+0530][gc,phases   ] GC(7)   Other: 0.1ms
[2025-01-02T12:20:38.276+0530][gc,heap     ] GC(7) Eden regions: 48->0(44)
[2025-01-02T12:20:38.276+0530][gc,heap     ] GC(7) Survivor regions: 3->7(7)
[2025-01-02T12:20:38.276+0530][gc,heap     ] GC(7) Old regions: 16->16
[2025-01-02T12:20:38.276+0530][gc,heap     ] GC(7) Humongous regions: 143->131
[2025-01-02T12:20:38.276+0530][gc,metaspace] GC(7) Metaspace: 41789K(42432K)->41789K(42432K) NonClass: 36940K(37312K)->36940K(37312K) Class: 4848K(5120K)->4848K(5120K)
[2025-01-02T12:20:38.276+0530][gc          ] GC(7) Pause Young (Prepare Mixed) (G1 Evacuation Pause) 209M->153M(1024M) 15.440ms
[2025-01-02T12:20:38.276+0530][gc,cpu      ] GC(7) User=0.02s Sys=0.06s Real=0.01s
[2025-01-02T12:23:42.243+0530][gc,start    ] GC(8) Pause Young (Mixed) (G1 Evacuation Pause)
[2025-01-02T12:23:42.243+0530][gc,task     ] GC(8) Using 9 workers of 9 for evacuation
[2025-01-02T12:23:42.263+0530][gc,phases   ] GC(8)   Pre Evacuate Collection Set: 1.4ms
[2025-01-02T12:23:42.263+0530][gc,phases   ] GC(8)   Merge Heap Roots: 0.4ms
[2025-01-02T12:23:42.263+0530][gc,phases   ] GC(8)   Evacuate Collection Set: 17.4ms
[2025-01-02T12:23:42.263+0530][gc,phases   ] GC(8)   Post Evacuate Collection Set: 0.5ms
[2025-01-02T12:23:42.263+0530][gc,phases   ] GC(8)   Other: 0.2ms
[2025-01-02T12:23:42.263+0530][gc,heap     ] GC(8) Eden regions: 44->0(48)
[2025-01-02T12:23:42.263+0530][gc,heap     ] GC(8) Survivor regions: 7->3(7)
[2025-01-02T12:23:42.263+0530][gc,heap     ] GC(8) Old regions: 16->22
[2025-01-02T12:23:42.263+0530][gc,heap     ] GC(8) Humongous regions: 131->131
[2025-01-02T12:23:42.263+0530][gc,metaspace] GC(8) Metaspace: 42072K(42688K)->42072K(42688K) NonClass: 37199K(37568K)->37199K(37568K) Class: 4873K(5120K)->4873K(5120K)
[2025-01-02T12:23:42.263+0530][gc          ] GC(8) Pause Young (Mixed) (G1 Evacuation Pause) 197M->154M(1024M) 20.755ms
[2025-01-02T12:23:42.263+0530][gc,cpu      ] GC(8) User=0.04s Sys=0.03s Real=0.02s
[2025-01-02T12:27:07.445+0530][gc,start    ] GC(9) Pause Young (Normal) (G1 Evacuation Pause)
[2025-01-02T12:27:07.445+0530][gc,task     ] GC(9) Using 9 workers of 9 for evacuation
[2025-01-02T12:27:07.451+0530][gc,phases   ] GC(9)   Pre Evacuate Collection Set: 0.4ms
[2025-01-02T12:27:07.451+0530][gc,phases   ] GC(9)   Merge Heap Roots: 0.1ms
[2025-01-02T12:27:07.451+0530][gc,phases   ] GC(9)   Evacuate Collection Set: 4.7ms
[2025-01-02T12:27:07.451+0530][gc,phases   ] GC(9)   Post Evacuate Collection Set: 0.2ms
[2025-01-02T12:27:07.451+0530][gc,phases   ] GC(9)   Other: 0.1ms
[2025-01-02T12:27:07.451+0530][gc,heap     ] GC(9) Eden regions: 48->0(45)
[2025-01-02T12:27:07.451+0530][gc,heap     ] GC(9) Survivor regions: 3->6(7)
[2025-01-02T12:27:07.451+0530][gc,heap     ] GC(9) Old regions: 22->22
[2025-01-02T12:27:07.451+0530][gc,heap     ] GC(9) Humongous regions: 131->131
[2025-01-02T12:27:07.451+0530][gc,metaspace] GC(9) Metaspace: 42598K(43264K)->42598K(43264K) NonClass: 37627K(38016K)->37627K(38016K) Class: 4971K(5248K)->4971K(5248K)
[2025-01-02T12:27:07.451+0530][gc          ] GC(9) Pause Young (Normal) (G1 Evacuation Pause) 202M->157M(1024M) 5.897ms
[2025-01-02T12:27:07.451+0530][gc,cpu      ] GC(9) User=0.01s Sys=0.02s Real=0.01s
[2025-01-02T12:30:00.906+0530][gc,start    ] GC(10) Pause Young (Normal) (G1 Evacuation Pause)
[2025-01-02T12:30:00.907+0530][gc,task     ] GC(10) Using 9 workers of 9 for evacuation
[2025-01-02T12:30:00.913+0530][gc,phases   ] GC(10)   Pre Evacuate Collection Set: 0.5ms
[2025-01-02T12:30:00.913+0530][gc,phases   ] GC(10)   Merge Heap Roots: 0.1ms
[2025-01-02T12:30:00.913+0530][gc,phases   ] GC(10)   Evacuate Collection Set: 5.4ms
[2025-01-02T12:30:00.913+0530][gc,phases   ] GC(10)   Post Evacuate Collection Set: 0.2ms
[2025-01-02T12:30:00.913+0530][gc,phases   ] GC(10)   Other: 0.1ms
[2025-01-02T12:30:00.913+0530][gc,heap     ] GC(10) Eden regions: 45->0(46)
[2025-01-02T12:30:00.913+0530][gc,heap     ] GC(10) Survivor regions: 6->5(7)
[2025-01-02T12:30:00.913+0530][gc,heap     ] GC(10) Old regions: 22->25
[2025-01-02T12:30:00.913+0530][gc,heap     ] GC(10) Humongous regions: 131->131
[2025-01-02T12:30:00.913+0530][gc,metaspace] GC(10) Metaspace: 42970K(43648K)->42970K(43648K) NonClass: 37927K(38336K)->37927K(38336K) Class: 5043K(5312K)->5043K(5312K)
[2025-01-02T12:30:00.913+0530][gc          ] GC(10) Pause Young (Normal) (G1 Evacuation Pause) 202M->159M(1024M) 6.745ms
[2025-01-02T12:30:00.913+0530][gc,cpu      ] GC(10) User=0.02s Sys=0.02s Real=0.01s
[2025-01-02T12:33:07.013+0530][gc,start    ] GC(11) Pause Young (Normal) (G1 Evacuation Pause)
[2025-01-02T12:33:07.014+0530][gc,task     ] GC(11) Using 9 workers of 9 for evacuation
[2025-01-02T12:33:07.033+0530][gc,phases   ] GC(11)   Pre Evacuate Collection Set: 2.7ms
[2025-01-02T12:33:07.033+0530][gc,phases   ] GC(11)   Merge Heap Roots: 0.3ms
[2025-01-02T12:33:07.033+0530][gc,phases   ] GC(11)   Evacuate Collection Set: 13.5ms
[2025-01-02T12:33:07.033+0530][gc,phases   ] GC(11)   Post Evacuate Collection Set: 0.6ms
[2025-01-02T12:33:07.033+0530][gc,phases   ] GC(11)   Other: 2.7ms
[2025-01-02T12:33:07.033+0530][gc,heap     ] GC(11) Eden regions: 46->0(47)
[2025-01-02T12:33:07.033+0530][gc,heap     ] GC(11) Survivor regions: 5->4(7)
[2025-01-02T12:33:07.033+0530][gc,heap     ] GC(11) Old regions: 25->27
[2025-01-02T12:33:07.033+0530][gc,heap     ] GC(11) Humongous regions: 131->131
[2025-01-02T12:33:07.033+0530][gc,metaspace] GC(11) Metaspace: 42991K(43712K)->42991K(43712K) NonClass: 37948K(38400K)->37948K(38400K) Class: 5043K(5312K)->5043K(5312K)
[2025-01-02T12:33:07.033+0530][gc          ] GC(11) Pause Young (Normal) (G1 Evacuation Pause) 205M->161M(1024M) 20.327ms
[2025-01-02T12:33:07.033+0530][gc,cpu      ] GC(11) User=0.03s Sys=0.01s Real=0.02s
[2025-01-02T12:36:28.615+0530][gc,start    ] GC(12) Pause Young (Normal) (G1 Evacuation Pause)
[2025-01-02T12:36:28.616+0530][gc,task     ] GC(12) Using 9 workers of 9 for evacuation
[2025-01-02T12:36:28.630+0530][gc,phases   ] GC(12)   Pre Evacuate Collection Set: 0.8ms
[2025-01-02T12:36:28.630+0530][gc,phases   ] GC(12)   Merge Heap Roots: 0.3ms
[2025-01-02T12:36:28.630+0530][gc,phases   ] GC(12)   Evacuate Collection Set: 12.8ms
[2025-01-02T12:36:28.630+0530][gc,phases   ] GC(12)   Post Evacuate Collection Set: 0.3ms
[2025-01-02T12:36:28.630+0530][gc,phases   ] GC(12)   Other: 0.1ms
[2025-01-02T12:36:28.631+0530][gc,heap     ] GC(12) Eden regions: 47->0(44)
[2025-01-02T12:36:28.631+0530][gc,heap     ] GC(12) Survivor regions: 4->7(7)
[2025-01-02T12:36:28.631+0530][gc,heap     ] GC(12) Old regions: 27->27
[2025-01-02T12:36:28.631+0530][gc,heap     ] GC(12) Humongous regions: 131->131
[2025-01-02T12:36:28.631+0530][gc,metaspace] GC(12) Metaspace: 43019K(43712K)->43019K(43712K) NonClass: 37975K(38400K)->37975K(38400K) Class: 5043K(5312K)->5043K(5312K)
[2025-01-02T12:36:28.631+0530][gc          ] GC(12) Pause Young (Normal) (G1 Evacuation Pause) 208M->164M(1024M) 15.644ms
[2025-01-02T12:36:28.631+0530][gc,cpu      ] GC(12) User=0.03s Sys=0.02s Real=0.02s
[2025-01-02T12:40:19.206+0530][gc,start    ] GC(13) Pause Young (Normal) (G1 Evacuation Pause)
[2025-01-02T12:40:19.206+0530][gc,task     ] GC(13) Using 9 workers of 9 for evacuation
[2025-01-02T12:40:19.218+0530][gc,phases   ] GC(13)   Pre Evacuate Collection Set: 0.4ms
[2025-01-02T12:40:19.218+0530][gc,phases   ] GC(13)   Merge Heap Roots: 0.1ms
[2025-01-02T12:40:19.218+0530][gc,phases   ] GC(13)   Evacuate Collection Set: 10.7ms
[2025-01-02T12:40:19.218+0530][gc,phases   ] GC(13)   Post Evacuate Collection Set: 0.3ms
[2025-01-02T12:40:19.218+0530][gc,phases   ] GC(13)   Other: 0.1ms
[2025-01-02T12:40:19.218+0530][gc,heap     ] GC(13) Eden regions: 44->0(47)
[2025-01-02T12:40:19.218+0530][gc,heap     ] GC(13) Survivor regions: 7->4(7)
[2025-01-02T12:40:19.218+0530][gc,heap     ] GC(13) Old regions: 27->32
[2025-01-02T12:40:19.218+0530][gc,heap     ] GC(13) Humongous regions: 131->131
[2025-01-02T12:40:19.218+0530][gc,metaspace] GC(13) Metaspace: 43053K(43712K)->43053K(43712K) NonClass: 38009K(38400K)->38009K(38400K) Class: 5043K(5312K)->5043K(5312K)
[2025-01-02T12:40:19.218+0530][gc          ] GC(13) Pause Young (Normal) (G1 Evacuation Pause) 208M->166M(1024M) 12.017ms
[2025-01-02T12:40:19.218+0530][gc,cpu      ] GC(13) User=0.02s Sys=0.01s Real=0.01s
[2025-01-02T12:43:40.014+0530][gc,start    ] GC(14) Pause Young (Normal) (G1 Evacuation Pause)
[2025-01-02T12:43:40.015+0530][gc,task     ] GC(14) Using 9 workers of 9 for evacuation
[2025-01-02T12:43:40.037+0530][gc,mmu      ] GC(14) MMU target violated: 21.0ms (20.0ms/21.0ms)
[2025-01-02T12:43:40.037+0530][gc,phases   ] GC(14)   Pre Evacuate Collection Set: 0.7ms
[2025-01-02T12:43:40.037+0530][gc,phases   ] GC(14)   Merge Heap Roots: 0.2ms
[2025-01-02T12:43:40.037+0530][gc,phases   ] GC(14)   Evacuate Collection Set: 20.3ms
[2025-01-02T12:43:40.037+0530][gc,phases   ] GC(14)   Post Evacuate Collection Set: 0.3ms
[2025-01-02T12:43:40.037+0530][gc,phases   ] GC(14)   Other: 0.2ms
[2025-01-02T12:43:40.037+0530][gc,heap     ] GC(14) Eden regions: 47->0(44)
[2025-01-02T12:43:40.037+0530][gc,heap     ] GC(14) Survivor regions: 4->7(7)
[2025-01-02T12:43:40.037+0530][gc,heap     ] GC(14) Old regions: 32->33
[2025-01-02T12:43:40.037+0530][gc,heap     ] GC(14) Humongous regions: 131->131
[2025-01-02T12:43:40.037+0530][gc,metaspace] GC(14) Metaspace: 43063K(43712K)->43063K(43712K) NonClass: 38020K(38400K)->38020K(38400K) Class: 5043K(5312K)->5043K(5312K)
[2025-01-02T12:43:40.037+0530][gc          ] GC(14) Pause Young (Normal) (G1 Evacuation Pause) 213M->170M(1024M) 23.198ms
[2025-01-02T12:43:40.037+0530][gc,cpu      ] GC(14) User=0.03s Sys=0.03s Real=0.02s
[2025-01-02T12:46:45.902+0530][gc,start    ] GC(15) Pause Young (Normal) (G1 Evacuation Pause)
[2025-01-02T12:46:45.903+0530][gc,task     ] GC(15) Using 9 workers of 9 for evacuation
[2025-01-02T12:46:45.923+0530][gc,mmu      ] GC(15) MMU target violated: 20.1ms (20.0ms/21.0ms)
[2025-01-02T12:46:45.923+0530][gc,phases   ] GC(15)   Pre Evacuate Collection Set: 0.4ms
[2025-01-02T12:46:45.923+0530][gc,phases   ] GC(15)   Merge Heap Roots: 0.1ms
[2025-01-02T12:46:45.923+0530][gc,phases   ] GC(15)   Evacuate Collection Set: 19.0ms
[2025-01-02T12:46:45.923+0530][gc,phases   ] GC(15)   Post Evacuate Collection Set: 0.5ms
[2025-01-02T12:46:45.923+0530][gc,phases   ] GC(15)   Other: 0.3ms
[2025-01-02T12:46:45.923+0530][gc,heap     ] GC(15) Eden regions: 44->0(49)
[2025-01-02T12:46:45.923+0530][gc,heap     ] GC(15) Survivor regions: 7->4(7)
[2025-01-02T12:46:45.923+0530][gc,heap     ] GC(15) Old regions: 33->37
[2025-01-02T12:46:45.923+0530][gc,heap     ] GC(15) Humongous regions: 131->131
[2025-01-02T12:46:45.923+0530][gc,metaspace] GC(15) Metaspace: 43077K(43712K)->43077K(43712K) NonClass: 38033K(38400K)->38033K(38400K) Class: 5043K(5312K)->5043K(5312K)
[2025-01-02T12:46:45.923+0530][gc          ] GC(15) Pause Young (Normal) (G1 Evacuation Pause) 214M->171M(1024M) 20.710ms
[2025-01-02T12:46:45.923+0530][gc,cpu      ] GC(15) User=0.02s Sys=0.04s Real=0.02s
[2025-01-02T12:50:31.275+0530][gc,start    ] GC(16) Pause Young (Normal) (G1 Evacuation Pause)
[2025-01-02T12:50:31.278+0530][gc,task     ] GC(16) Using 9 workers of 9 for evacuation
[2025-01-02T12:50:31.295+0530][gc,phases   ] GC(16)   Pre Evacuate Collection Set: 1.4ms
[2025-01-02T12:50:31.295+0530][gc,phases   ] GC(16)   Merge Heap Roots: 0.3ms
[2025-01-02T12:50:31.295+0530][gc,phases   ] GC(16)   Evacuate Collection Set: 14.7ms
[2025-01-02T12:50:31.295+0530][gc,phases   ] GC(16)   Post Evacuate Collection Set: 0.8ms
[2025-01-02T12:50:31.295+0530][gc,phases   ] GC(16)   Other: 0.5ms
[2025-01-02T12:50:31.296+0530][gc,heap     ] GC(16) Eden regions: 53->0(45)
[2025-01-02T12:50:31.296+0530][gc,heap     ] GC(16) Survivor regions: 4->6(8)
[2025-01-02T12:50:31.296+0530][gc,heap     ] GC(16) Old regions: 37->37
[2025-01-02T12:50:31.296+0530][gc,heap     ] GC(16) Humongous regions: 131->131
[2025-01-02T12:50:31.296+0530][gc,metaspace] GC(16) Metaspace: 43116K(43776K)->43116K(43776K) NonClass: 38072K(38464K)->38072K(38464K) Class: 5043K(5312K)->5043K(5312K)
[2025-01-02T12:50:31.296+0530][gc          ] GC(16) Pause Young (Normal) (G1 Evacuation Pause) 224M->174M(1024M) 20.492ms
[2025-01-02T12:50:31.296+0530][gc,cpu      ] GC(16) User=0.04s Sys=0.02s Real=0.02s
[2025-01-02T12:53:45.772+0530][gc,start    ] GC(17) Pause Young (Normal) (G1 Evacuation Pause)
[2025-01-02T12:53:45.773+0530][gc,task     ] GC(17) Using 9 workers of 9 for evacuation
[2025-01-02T12:53:45.794+0530][gc,mmu      ] GC(17) MMU target violated: 20.7ms (20.0ms/21.0ms)
[2025-01-02T12:53:45.794+0530][gc,phases   ] GC(17)   Pre Evacuate Collection Set: 1.1ms
[2025-01-02T12:53:45.794+0530][gc,phases   ] GC(17)   Merge Heap Roots: 0.3ms
[2025-01-02T12:53:45.794+0530][gc,phases   ] GC(17)   Evacuate Collection Set: 18.4ms
[2025-01-02T12:53:45.794+0530][gc,phases   ] GC(17)   Post Evacuate Collection Set: 0.8ms
[2025-01-02T12:53:45.794+0530][gc,phases   ] GC(17)   Other: 0.4ms
[2025-01-02T12:53:45.794+0530][gc,heap     ] GC(17) Eden regions: 45->0(44)
[2025-01-02T12:53:45.794+0530][gc,heap     ] GC(17) Survivor regions: 6->7(7)
[2025-01-02T12:53:45.794+0530][gc,heap     ] GC(17) Old regions: 37->40
[2025-01-02T12:53:45.794+0530][gc,heap     ] GC(17) Humongous regions: 131->131
[2025-01-02T12:53:45.794+0530][gc,metaspace] GC(17) Metaspace: 43128K(43776K)->43128K(43776K) NonClass: 38084K(38464K)->38084K(38464K) Class: 5043K(5312K)->5043K(5312K)
[2025-01-02T12:53:45.794+0530][gc          ] GC(17) Pause Young (Normal) (G1 Evacuation Pause) 219M->177M(1024M) 21.700ms
[2025-01-02T12:53:45.794+0530][gc,cpu      ] GC(17) User=0.05s Sys=0.07s Real=0.02s
[2025-01-02T12:56:52.429+0530][gc,start    ] GC(18) Pause Young (Normal) (G1 Evacuation Pause)
[2025-01-02T12:56:52.430+0530][gc,task     ] GC(18) Using 9 workers of 9 for evacuation
[2025-01-02T12:56:52.445+0530][gc,phases   ] GC(18)   Pre Evacuate Collection Set: 2.1ms
[2025-01-02T12:56:52.445+0530][gc,phases   ] GC(18)   Merge Heap Roots: 0.3ms
[2025-01-02T12:56:52.445+0530][gc,phases   ] GC(18)   Evacuate Collection Set: 13.0ms
[2025-01-02T12:56:52.445+0530][gc,phases   ] GC(18)   Post Evacuate Collection Set: 0.3ms
[2025-01-02T12:56:52.445+0530][gc,phases   ] GC(18)   Other: 0.1ms
[2025-01-02T12:56:52.445+0530][gc,heap     ] GC(18) Eden regions: 44->0(80)
[2025-01-02T12:56:52.445+0530][gc,heap     ] GC(18) Survivor regions: 7->4(7)
[2025-01-02T12:56:52.445+0530][gc,heap     ] GC(18) Old regions: 40->45
[2025-01-02T12:56:52.445+0530][gc,heap     ] GC(18) Humongous regions: 131->131
[2025-01-02T12:56:52.445+0530][gc,metaspace] GC(18) Metaspace: 43144K(43776K)->43144K(43776K) NonClass: 38100K(38464K)->38100K(38464K) Class: 5043K(5312K)->5043K(5312K)
[2025-01-02T12:56:52.445+0530][gc          ] GC(18) Pause Young (Normal) (G1 Evacuation Pause) 221M->179M(1024M) 16.322ms
[2025-01-02T12:56:52.446+0530][gc,cpu      ] GC(18) User=0.02s Sys=0.01s Real=0.02s
[2025-01-02T13:02:56.521+0530][gc,start    ] GC(19) Pause Young (Normal) (G1 Evacuation Pause)
[2025-01-02T13:02:56.523+0530][gc,task     ] GC(19) Using 9 workers of 9 for evacuation
[2025-01-02T13:02:56.547+0530][gc,mmu      ] GC(19) MMU target violated: 21.0ms (20.0ms/21.0ms)
[2025-01-02T13:02:56.547+0530][gc,phases   ] GC(19)   Pre Evacuate Collection Set: 1.8ms
[2025-01-02T13:02:56.547+0530][gc,phases   ] GC(19)   Merge Heap Roots: 0.6ms
[2025-01-02T13:02:56.547+0530][gc,phases   ] GC(19)   Evacuate Collection Set: 21.1ms
[2025-01-02T13:02:56.547+0530][gc,phases   ] GC(19)   Post Evacuate Collection Set: 0.5ms
[2025-01-02T13:02:56.547+0530][gc,phases   ] GC(19)   Other: 0.3ms
[2025-01-02T13:02:56.547+0530][gc,heap     ] GC(19) Eden regions: 85->0(61)
[2025-01-02T13:02:56.547+0530][gc,heap     ] GC(19) Survivor regions: 4->8(12)
[2025-01-02T13:02:56.547+0530][gc,heap     ] GC(19) Old regions: 45->45
[2025-01-02T13:02:56.547+0530][gc,heap     ] GC(19) Humongous regions: 131->131
[2025-01-02T13:02:56.547+0530][gc,metaspace] GC(19) Metaspace: 43168K(43776K)->43168K(43776K) NonClass: 38124K(38464K)->38124K(38464K) Class: 5043K(5312K)->5043K(5312K)
[2025-01-02T13:02:56.547+0530][gc          ] GC(19) Pause Young (Normal) (G1 Evacuation Pause) 264M->183M(1024M) 26.310ms
[2025-01-02T13:02:56.547+0530][gc,cpu      ] GC(19) User=0.04s Sys=0.02s Real=0.02s
[2025-01-02T13:35:58.394+0530][gc,start    ] GC(20) Pause Young (Normal) (G1 Evacuation Pause)
[2025-01-02T13:35:58.395+0530][gc,task     ] GC(20) Using 9 workers of 9 for evacuation
[2025-01-02T13:35:58.419+0530][gc,mmu      ] GC(20) MMU target violated: 21.0ms (20.0ms/21.0ms)
[2025-01-02T13:35:58.419+0530][gc,phases   ] GC(20)   Pre Evacuate Collection Set: 1.2ms
[2025-01-02T13:35:58.419+0530][gc,phases   ] GC(20)   Merge Heap Roots: 0.2ms
[2025-01-02T13:35:58.419+0530][gc,phases   ] GC(20)   Evacuate Collection Set: 21.8ms
[2025-01-02T13:35:58.419+0530][gc,phases   ] GC(20)   Post Evacuate Collection Set: 0.6ms
[2025-01-02T13:35:58.419+0530][gc,phases   ] GC(20)   Other: 0.3ms
[2025-01-02T13:35:58.419+0530][gc,heap     ] GC(20) Eden regions: 64->0(96)
[2025-01-02T13:35:58.419+0530][gc,heap     ] GC(20) Survivor regions: 8->5(9)
[2025-01-02T13:35:58.419+0530][gc,heap     ] GC(20) Old regions: 45->52
[2025-01-02T13:35:58.419+0530][gc,heap     ] GC(20) Humongous regions: 131->131
[2025-01-02T13:35:58.419+0530][gc,metaspace] GC(20) Metaspace: 43206K(43840K)->43206K(43840K) NonClass: 38163K(38528K)->38163K(38528K) Class: 5043K(5312K)->5043K(5312K)
[2025-01-02T13:35:58.419+0530][gc          ] GC(20) Pause Young (Normal) (G1 Evacuation Pause) 247M->187M(1024M) 26.044ms
[2025-01-02T13:35:58.419+0530][gc,cpu      ] GC(20) User=0.06s Sys=0.03s Real=0.02s
[2025-01-02T16:21:43.759+0530][gc,start    ] GC(21) Pause Young (Normal) (G1 Evacuation Pause)
[2025-01-02T16:21:43.760+0530][gc,task     ] GC(21) Using 9 workers of 9 for evacuation
[2025-01-02T16:21:43.787+0530][gc,mmu      ] GC(21) MMU target violated: 21.0ms (20.0ms/21.0ms)
[2025-01-02T16:21:43.787+0530][gc,phases   ] GC(21)   Pre Evacuate Collection Set: 0.7ms
[2025-01-02T16:21:43.787+0530][gc,phases   ] GC(21)   Merge Heap Roots: 0.2ms
[2025-01-02T16:21:43.787+0530][gc,phases   ] GC(21)   Evacuate Collection Set: 24.8ms
[2025-01-02T16:21:43.787+0530][gc,phases   ] GC(21)   Post Evacuate Collection Set: 1.5ms
[2025-01-02T16:21:43.787+0530][gc,phases   ] GC(21)   Other: 0.4ms
[2025-01-02T16:21:43.787+0530][gc,heap     ] GC(21) Eden regions: 101->0(40)
[2025-01-02T16:21:43.787+0530][gc,heap     ] GC(21) Survivor regions: 5->11(14)
[2025-01-02T16:21:43.787+0530][gc,heap     ] GC(21) Old regions: 52->52
[2025-01-02T16:21:43.787+0530][gc,heap     ] GC(21) Humongous regions: 131->131
[2025-01-02T16:21:43.787+0530][gc,metaspace] GC(21) Metaspace: 43311K(43968K)->43311K(43968K) NonClass: 38267K(38656K)->38267K(38656K) Class: 5043K(5312K)->5043K(5312K)
[2025-01-02T16:21:43.787+0530][gc          ] GC(21) Pause Young (Normal) (G1 Evacuation Pause) 288M->193M(1024M) 28.966ms
[2025-01-02T16:21:43.787+0530][gc,cpu      ] GC(21) User=0.03s Sys=0.06s Real=0.03s
[2025-01-02T16:39:36.851+0530][gc,start    ] GC(22) Pause Young (Normal) (G1 Evacuation Pause)
[2025-01-02T16:39:36.851+0530][gc,task     ] GC(22) Using 9 workers of 9 for evacuation
[2025-01-02T16:39:36.870+0530][gc,phases   ] GC(22)   Pre Evacuate Collection Set: 0.6ms
[2025-01-02T16:39:36.870+0530][gc,phases   ] GC(22)   Merge Heap Roots: 0.1ms
[2025-01-02T16:39:36.870+0530][gc,phases   ] GC(22)   Evacuate Collection Set: 17.0ms
[2025-01-02T16:39:36.870+0530][gc,phases   ] GC(22)   Post Evacuate Collection Set: 0.6ms
[2025-01-02T16:39:36.870+0530][gc,phases   ] GC(22)   Other: 0.1ms
[2025-01-02T16:39:36.870+0530][gc,heap     ] GC(22) Eden regions: 40->0(87)
[2025-01-02T16:39:36.870+0530][gc,heap     ] GC(22) Survivor regions: 11->6(7)
[2025-01-02T16:39:36.870+0530][gc,heap     ] GC(22) Old regions: 52->61
[2025-01-02T16:39:36.870+0530][gc,heap     ] GC(22) Humongous regions: 131->131
[2025-01-02T16:39:36.870+0530][gc,metaspace] GC(22) Metaspace: 43312K(43968K)->43312K(43968K) NonClass: 38269K(38656K)->38269K(38656K) Class: 5043K(5312K)->5043K(5312K)
[2025-01-02T16:39:36.870+0530][gc          ] GC(22) Pause Young (Normal) (G1 Evacuation Pause) 233M->196M(1024M) 19.310ms
[2025-01-02T16:39:36.870+0530][gc,cpu      ] GC(22) User=0.04s Sys=0.02s Real=0.02s
[2025-01-02T22:21:16.661+0530][gc,start    ] GC(23) Pause Young (Normal) (G1 Evacuation Pause)
[2025-01-02T22:21:16.662+0530][gc,task     ] GC(23) Using 9 workers of 9 for evacuation
[2025-01-02T22:21:16.700+0530][gc,mmu      ] GC(23) MMU target violated: 21.0ms (20.0ms/21.0ms)
[2025-01-02T22:21:16.700+0530][gc,phases   ] GC(23)   Pre Evacuate Collection Set: 0.9ms
[2025-01-02T22:21:16.700+0530][gc,phases   ] GC(23)   Merge Heap Roots: 0.3ms
[2025-01-02T22:21:16.700+0530][gc,phases   ] GC(23)   Evacuate Collection Set: 34.8ms
[2025-01-02T22:21:16.700+0530][gc,phases   ] GC(23)   Post Evacuate Collection Set: 1.5ms
[2025-01-02T22:21:16.700+0530][gc,phases   ] GC(23)   Other: 0.4ms
[2025-01-02T22:21:16.700+0530][gc,heap     ] GC(23) Eden regions: 84->0(42)
[2025-01-02T22:21:16.700+0530][gc,heap     ] GC(23) Survivor regions: 6->9(12)
[2025-01-02T22:21:16.700+0530][gc,heap     ] GC(23) Old regions: 61->61
[2025-01-02T22:21:16.700+0530][gc,heap     ] GC(23) Humongous regions: 131->131
[2025-01-02T22:21:16.700+0530][gc,metaspace] GC(23) Metaspace: 43391K(44032K)->43391K(44032K) NonClass: 38344K(38720K)->38344K(38720K) Class: 5047K(5312K)->5047K(5312K)
[2025-01-02T22:21:16.700+0530][gc          ] GC(23) Pause Young (Normal) (G1 Evacuation Pause) 280M->200M(1024M) 39.683ms
[2025-01-02T22:21:16.700+0530][gc,cpu      ] GC(23) User=0.03s Sys=0.05s Real=0.04s
[2025-01-03T01:37:49.430+0530][gc,start    ] GC(24) Pause Young (Normal) (G1 Evacuation Pause)
[2025-01-03T01:37:49.432+0530][gc,task     ] GC(24) Using 9 workers of 9 for evacuation
[2025-01-03T01:37:49.463+0530][gc,mmu      ] GC(24) MMU target violated: 21.0ms (20.0ms/21.0ms)
[2025-01-03T01:37:49.464+0530][gc,phases   ] GC(24)   Pre Evacuate Collection Set: 0.9ms
[2025-01-03T01:37:49.464+0530][gc,phases   ] GC(24)   Merge Heap Roots: 0.4ms
[2025-01-03T01:37:49.464+0530][gc,phases   ] GC(24)   Evacuate Collection Set: 28.9ms
[2025-01-03T01:37:49.464+0530][gc,phases   ] GC(24)   Post Evacuate Collection Set: 0.7ms
[2025-01-03T01:37:49.464+0530][gc,phases   ] GC(24)   Other: 1.2ms
[2025-01-03T01:37:49.464+0530][gc,heap     ] GC(24) Eden regions: 42->0(47)
[2025-01-03T01:37:49.464+0530][gc,heap     ] GC(24) Survivor regions: 9->4(7)
[2025-01-03T01:37:49.464+0530][gc,heap     ] GC(24) Old regions: 61->67
[2025-01-03T01:37:49.464+0530][gc,heap     ] GC(24) Humongous regions: 131->131
[2025-01-03T01:37:49.464+0530][gc,metaspace] GC(24) Metaspace: 43416K(44096K)->43416K(44096K) NonClass: 38369K(38784K)->38369K(38784K) Class: 5047K(5312K)->5047K(5312K)
[2025-01-03T01:37:49.464+0530][gc          ] GC(24) Pause Young (Normal) (G1 Evacuation Pause) 242M->201M(1024M) 34.762ms
[2025-01-03T01:37:49.464+0530][gc,cpu      ] GC(24) User=0.03s Sys=0.06s Real=0.04s
[2025-01-03T07:27:08.536+0530][gc,start    ] GC(25) Pause Young (Normal) (G1 Evacuation Pause)
[2025-01-03T07:27:08.540+0530][gc,task     ] GC(25) Using 9 workers of 9 for evacuation
[2025-01-03T07:27:08.556+0530][gc,phases   ] GC(25)   Pre Evacuate Collection Set: 1.2ms
[2025-01-03T07:27:08.556+0530][gc,phases   ] GC(25)   Merge Heap Roots: 0.3ms
[2025-01-03T07:27:08.556+0530][gc,phases   ] GC(25)   Evacuate Collection Set: 13.0ms
[2025-01-03T07:27:08.556+0530][gc,phases   ] GC(25)   Post Evacuate Collection Set: 0.6ms
[2025-01-03T07:27:08.556+0530][gc,phases   ] GC(25)   Other: 1.6ms
[2025-01-03T07:27:08.556+0530][gc,heap     ] GC(25) Eden regions: 47->0(46)
[2025-01-03T07:27:08.556+0530][gc,heap     ] GC(25) Survivor regions: 4->5(7)
[2025-01-03T07:27:08.556+0530][gc,heap     ] GC(25) Old regions: 67->67
[2025-01-03T07:27:08.556+0530][gc,heap     ] GC(25) Humongous regions: 131->131
[2025-01-03T07:27:08.556+0530][gc,metaspace] GC(25) Metaspace: 43471K(44096K)->43471K(44096K) NonClass: 38424K(38784K)->38424K(38784K) Class: 5047K(5312K)->5047K(5312K)
[2025-01-03T07:27:08.556+0530][gc          ] GC(25) Pause Young (Normal) (G1 Evacuation Pause) 248M->202M(1024M) 20.493ms
[2025-01-03T07:27:08.556+0530][gc,cpu      ] GC(25) User=0.01s Sys=0.02s Real=0.02s
[2025-01-03T12:32:14.259+0530][gc,start    ] GC(26) Pause Young (Normal) (G1 Evacuation Pause)
[2025-01-03T12:32:14.259+0530][gc,task     ] GC(26) Using 9 workers of 9 for evacuation
[2025-01-03T12:32:14.289+0530][gc,mmu      ] GC(26) MMU target violated: 21.0ms (20.0ms/21.0ms)
[2025-01-03T12:32:14.290+0530][gc,phases   ] GC(26)   Pre Evacuate Collection Set: 2.1ms
[2025-01-03T12:32:14.290+0530][gc,phases   ] GC(26)   Merge Heap Roots: 0.1ms
[2025-01-03T12:32:14.290+0530][gc,phases   ] GC(26)   Evacuate Collection Set: 26.9ms
[2025-01-03T12:32:14.290+0530][gc,phases   ] GC(26)   Post Evacuate Collection Set: 0.7ms
[2025-01-03T12:32:14.290+0530][gc,phases   ] GC(26)   Other: 0.2ms
[2025-01-03T12:32:14.290+0530][gc,heap     ] GC(26) Eden regions: 46->0(46)
[2025-01-03T12:32:14.290+0530][gc,heap     ] GC(26) Survivor regions: 5->5(7)
[2025-01-03T12:32:14.290+0530][gc,heap     ] GC(26) Old regions: 67->68
[2025-01-03T12:32:14.290+0530][gc,heap     ] GC(26) Humongous regions: 131->131
[2025-01-03T12:32:14.290+0530][gc,metaspace] GC(26) Metaspace: 43539K(44224K)->43539K(44224K) NonClass: 38492K(38912K)->38492K(38912K) Class: 5047K(5312K)->5047K(5312K)
[2025-01-03T12:32:14.290+0530][gc          ] GC(26) Pause Young (Normal) (G1 Evacuation Pause) 248M->203M(1024M) 31.599ms
[2025-01-03T12:32:14.290+0530][gc,cpu      ] GC(26) User=0.02s Sys=0.04s Real=0.04s
[2025-01-03T14:34:44.424+0530][gc,start    ] GC(27) Pause Young (Normal) (G1 Evacuation Pause)
[2025-01-03T14:34:44.426+0530][gc,task     ] GC(27) Using 9 workers of 9 for evacuation
[2025-01-03T14:34:44.438+0530][gc,phases   ] GC(27)   Pre Evacuate Collection Set: 0.8ms
[2025-01-03T14:34:44.438+0530][gc,phases   ] GC(27)   Merge Heap Roots: 0.3ms
[2025-01-03T14:34:44.438+0530][gc,phases   ] GC(27)   Evacuate Collection Set: 9.8ms
[2025-01-03T14:34:44.438+0530][gc,phases   ] GC(27)   Post Evacuate Collection Set: 0.8ms
[2025-01-03T14:34:44.438+0530][gc,phases   ] GC(27)   Other: 1.0ms
[2025-01-03T14:34:44.438+0530][gc,heap     ] GC(27) Eden regions: 46->0(49)
[2025-01-03T14:34:44.438+0530][gc,heap     ] GC(27) Survivor regions: 5->2(7)
[2025-01-03T14:34:44.439+0530][gc,heap     ] GC(27) Old regions: 68->71
[2025-01-03T14:34:44.439+0530][gc,heap     ] GC(27) Humongous regions: 131->131
[2025-01-03T14:34:44.439+0530][gc,metaspace] GC(27) Metaspace: 43566K(44224K)->43566K(44224K) NonClass: 38518K(38912K)->38518K(38912K) Class: 5047K(5312K)->5047K(5312K)
[2025-01-03T14:34:44.439+0530][gc          ] GC(27) Pause Young (Normal) (G1 Evacuation Pause) 249M->202M(1024M) 15.378ms
[2025-01-03T14:34:44.439+0530][gc,cpu      ] GC(27) User=0.01s Sys=0.01s Real=0.01s
[2025-01-03T17:26:21.415+0530][gc,start    ] GC(28) Pause Young (Normal) (G1 Evacuation Pause)
[2025-01-03T17:26:21.417+0530][gc,task     ] GC(28) Using 9 workers of 9 for evacuation
[2025-01-03T17:26:21.441+0530][gc,mmu      ] GC(28) MMU target violated: 21.0ms (20.0ms/21.0ms)
[2025-01-03T17:26:21.441+0530][gc,phases   ] GC(28)   Pre Evacuate Collection Set: 0.6ms
[2025-01-03T17:26:21.441+0530][gc,phases   ] GC(28)   Merge Heap Roots: 0.2ms
[2025-01-03T17:26:21.441+0530][gc,phases   ] GC(28)   Evacuate Collection Set: 20.8ms
[2025-01-03T17:26:21.441+0530][gc,phases   ] GC(28)   Post Evacuate Collection Set: 1.1ms
[2025-01-03T17:26:21.441+0530][gc,phases   ] GC(28)   Other: 1.4ms
[2025-01-03T17:26:21.441+0530][gc,heap     ] GC(28) Eden regions: 84->0(48)
[2025-01-03T17:26:21.441+0530][gc,heap     ] GC(28) Survivor regions: 2->3(11)
[2025-01-03T17:26:21.441+0530][gc,heap     ] GC(28) Old regions: 71->71
[2025-01-03T17:26:21.441+0530][gc,heap     ] GC(28) Humongous regions: 131->131
[2025-01-03T17:26:21.441+0530][gc,metaspace] GC(28) Metaspace: 43573K(44224K)->43573K(44224K) NonClass: 38525K(38912K)->38525K(38912K) Class: 5047K(5312K)->5047K(5312K)
[2025-01-03T17:26:21.441+0530][gc          ] GC(28) Pause Young (Normal) (G1 Evacuation Pause) 286M->204M(1024M) 27.103ms
[2025-01-03T17:26:21.441+0530][gc,cpu      ] GC(28) User=0.01s Sys=0.01s Real=0.03s
[2025-01-03T20:42:48.349+0530][gc,start    ] GC(29) Pause Young (Normal) (G1 Evacuation Pause)
[2025-01-03T20:42:48.354+0530][gc,task     ] GC(29) Using 9 workers of 9 for evacuation
[2025-01-03T20:42:48.377+0530][gc,mmu      ] GC(29) MMU target violated: 21.0ms (20.0ms/21.0ms)
[2025-01-03T20:42:48.377+0530][gc,phases   ] GC(29)   Pre Evacuate Collection Set: 1.4ms
[2025-01-03T20:42:48.377+0530][gc,phases   ] GC(29)   Merge Heap Roots: 0.4ms
[2025-01-03T20:42:48.377+0530][gc,phases   ] GC(29)   Evacuate Collection Set: 18.2ms
[2025-01-03T20:42:48.377+0530][gc,phases   ] GC(29)   Post Evacuate Collection Set: 1.6ms
[2025-01-03T20:42:48.377+0530][gc,phases   ] GC(29)   Other: 1.6ms
[2025-01-03T20:42:48.377+0530][gc,heap     ] GC(29) Eden regions: 76->0(49)
[2025-01-03T20:42:48.377+0530][gc,heap     ] GC(29) Survivor regions: 3->2(10)
[2025-01-03T20:42:48.377+0530][gc,heap     ] GC(29) Old regions: 71->71
[2025-01-03T20:42:48.377+0530][gc,heap     ] GC(29) Humongous regions: 131->131
[2025-01-03T20:42:48.377+0530][gc,metaspace] GC(29) Metaspace: 43606K(44288K)->43606K(44288K) NonClass: 38558K(38976K)->38558K(38976K) Class: 5047K(5312K)->5047K(5312K)
[2025-01-03T20:42:48.378+0530][gc          ] GC(29) Pause Young (Normal) (G1 Evacuation Pause) 280M->203M(1024M) 29.247ms
[2025-01-03T20:42:48.378+0530][gc,cpu      ] GC(29) User=0.02s Sys=0.05s Real=0.03s
[2025-01-03T22:21:16.036+0530][gc,start    ] GC(30) Pause Young (Normal) (G1 Evacuation Pause)
[2025-01-03T22:21:16.038+0530][gc,task     ] GC(30) Using 9 workers of 9 for evacuation
[2025-01-03T22:21:16.047+0530][gc,phases   ] GC(30)   Pre Evacuate Collection Set: 0.8ms
[2025-01-03T22:21:16.047+0530][gc,phases   ] GC(30)   Merge Heap Roots: 0.7ms
[2025-01-03T22:21:16.047+0530][gc,phases   ] GC(30)   Evacuate Collection Set: 5.8ms
[2025-01-03T22:21:16.047+0530][gc,phases   ] GC(30)   Post Evacuate Collection Set: 1.1ms
[2025-01-03T22:21:16.047+0530][gc,phases   ] GC(30)   Other: 0.8ms
[2025-01-03T22:21:16.047+0530][gc,heap     ] GC(30) Eden regions: 49->0(80)
[2025-01-03T22:21:16.047+0530][gc,heap     ] GC(30) Survivor regions: 2->1(7)
[2025-01-03T22:21:16.047+0530][gc,heap     ] GC(30) Old regions: 71->71
[2025-01-03T22:21:16.047+0530][gc,heap     ] GC(30) Humongous regions: 131->131
[2025-01-03T22:21:16.047+0530][gc,metaspace] GC(30) Metaspace: 43617K(44288K)->43617K(44288K) NonClass: 38569K(38976K)->38569K(38976K) Class: 5047K(5312K)->5047K(5312K)
[2025-01-03T22:21:16.047+0530][gc          ] GC(30) Pause Young (Normal) (G1 Evacuation Pause) 252M->202M(1024M) 11.890ms
[2025-01-03T22:21:16.048+0530][gc,cpu      ] GC(30) User=0.01s Sys=0.01s Real=0.01s
[2025-01-03T23:00:14.688+0530][gc,start    ] GC(31) Pause Young (Normal) (G1 Evacuation Pause)
[2025-01-03T23:00:14.691+0530][gc,task     ] GC(31) Using 9 workers of 9 for evacuation
[2025-01-03T23:00:14.709+0530][gc,phases   ] GC(31)   Pre Evacuate Collection Set: 0.9ms
[2025-01-03T23:00:14.709+0530][gc,phases   ] GC(31)   Merge Heap Roots: 0.3ms
[2025-01-03T23:00:14.709+0530][gc,phases   ] GC(31)   Evacuate Collection Set: 15.3ms
[2025-01-03T23:00:14.709+0530][gc,phases   ] GC(31)   Post Evacuate Collection Set: 0.7ms
[2025-01-03T23:00:14.709+0530][gc,phases   ] GC(31)   Other: 1.3ms
[2025-01-03T23:00:14.709+0530][gc,heap     ] GC(31) Eden regions: 105->0(48)
[2025-01-03T23:00:14.709+0530][gc,heap     ] GC(31) Survivor regions: 1->3(14)
[2025-01-03T23:00:14.709+0530][gc,heap     ] GC(31) Old regions: 71->71
[2025-01-03T23:00:14.709+0530][gc,heap     ] GC(31) Humongous regions: 131->131
[2025-01-03T23:00:14.709+0530][gc,metaspace] GC(31) Metaspace: 43633K(44288K)->43633K(44288K) NonClass: 38586K(38976K)->38586K(38976K) Class: 5047K(5312K)->5047K(5312K)
[2025-01-03T23:00:14.709+0530][gc          ] GC(31) Pause Young (Normal) (G1 Evacuation Pause) 307M->204M(1024M) 21.301ms
[2025-01-03T23:00:14.709+0530][gc,cpu      ] GC(31) User=0.01s Sys=0.01s Real=0.02s
[2025-01-03T23:20:31.256+0530][gc,start    ] GC(32) Pause Young (Normal) (G1 Evacuation Pause)
[2025-01-03T23:20:31.258+0530][gc,task     ] GC(32) Using 9 workers of 9 for evacuation
[2025-01-03T23:20:31.270+0530][gc,phases   ] GC(32)   Pre Evacuate Collection Set: 0.9ms
[2025-01-03T23:20:31.270+0530][gc,phases   ] GC(32)   Merge Heap Roots: 0.3ms
[2025-01-03T23:20:31.270+0530][gc,phases   ] GC(32)   Evacuate Collection Set: 9.1ms
[2025-01-03T23:20:31.270+0530][gc,phases   ] GC(32)   Post Evacuate Collection Set: 1.0ms
[2025-01-03T23:20:31.270+0530][gc,phases   ] GC(32)   Other: 1.2ms
[2025-01-03T23:20:31.270+0530][gc,heap     ] GC(32) Eden regions: 49->0(69)
[2025-01-03T23:20:31.270+0530][gc,heap     ] GC(32) Survivor regions: 3->3(7)
[2025-01-03T23:20:31.270+0530][gc,heap     ] GC(32) Old regions: 71->71
[2025-01-03T23:20:31.270+0530][gc,heap     ] GC(32) Humongous regions: 131->131
[2025-01-03T23:20:31.270+0530][gc,metaspace] GC(32) Metaspace: 43634K(44288K)->43634K(44288K) NonClass: 38586K(38976K)->38586K(38976K) Class: 5047K(5312K)->5047K(5312K)
[2025-01-03T23:20:31.270+0530][gc          ] GC(32) Pause Young (Normal) (G1 Evacuation Pause) 253M->203M(1024M) 15.414ms
[2025-01-03T23:20:31.270+0530][gc,cpu      ] GC(32) User=0.01s Sys=0.01s Real=0.02s
[2025-01-03T23:38:07.802+0530][gc,start    ] GC(33) Pause Young (Normal) (G1 Evacuation Pause)
[2025-01-03T23:38:07.802+0530][gc,task     ] GC(33) Using 9 workers of 9 for evacuation
[2025-01-03T23:38:07.808+0530][gc,phases   ] GC(33)   Pre Evacuate Collection Set: 0.7ms
[2025-01-03T23:38:07.808+0530][gc,phases   ] GC(33)   Merge Heap Roots: 0.2ms
[2025-01-03T23:38:07.808+0530][gc,phases   ] GC(33)   Evacuate Collection Set: 3.6ms
[2025-01-03T23:38:07.808+0530][gc,phases   ] GC(33)   Post Evacuate Collection Set: 0.9ms
[2025-01-03T23:38:07.808+0530][gc,phases   ] GC(33)   Other: 0.2ms
[2025-01-03T23:38:07.808+0530][gc,heap     ] GC(33) Eden regions: 236->0(613)
[2025-01-03T23:38:07.808+0530][gc,heap     ] GC(33) Survivor regions: 3->1(30)
[2025-01-03T23:38:07.809+0530][gc,heap     ] GC(33) Old regions: 71->71
[2025-01-03T23:38:07.809+0530][gc,heap     ] GC(33) Humongous regions: 131->131
[2025-01-03T23:38:07.809+0530][gc,metaspace] GC(33) Metaspace: 43642K(44288K)->43642K(44288K) NonClass: 38594K(38976K)->38594K(38976K) Class: 5047K(5312K)->5047K(5312K)
[2025-01-03T23:38:07.809+0530][gc          ] GC(33) Pause Young (Normal) (G1 Evacuation Pause) 439M->201M(1024M) 8.470ms
[2025-01-03T23:38:07.809+0530][gc,cpu      ] GC(33) User=0.00s Sys=0.00s Real=0.00s
[2025-01-05T19:31:30.678+0530][gc,start    ] GC(34) Pause Young (Normal) (G1 Evacuation Pause)
[2025-01-05T19:31:30.683+0530][gc,task     ] GC(34) Using 9 workers of 9 for evacuation
[2025-01-05T19:31:30.711+0530][gc,mmu      ] GC(34) MMU target violated: 21.0ms (20.0ms/21.0ms)
[2025-01-05T19:31:30.711+0530][gc,phases   ] GC(34)   Pre Evacuate Collection Set: 6.5ms
[2025-01-05T19:31:30.712+0530][gc,phases   ] GC(34)   Merge Heap Roots: 0.7ms
[2025-01-05T19:31:30.712+0530][gc,phases   ] GC(34)   Evacuate Collection Set: 19.0ms
[2025-01-05T19:31:30.712+0530][gc,phases   ] GC(34)   Post Evacuate Collection Set: 1.1ms
[2025-01-05T19:31:30.712+0530][gc,phases   ] GC(34)   Other: 2.4ms
[2025-01-05T19:31:30.712+0530][gc,heap     ] GC(34) Eden regions: 613->0(46)
[2025-01-05T19:31:30.712+0530][gc,heap     ] GC(34) Survivor regions: 1->5(77)
[2025-01-05T19:31:30.712+0530][gc,heap     ] GC(34) Old regions: 71->71
[2025-01-05T19:31:30.712+0530][gc,heap     ] GC(34) Humongous regions: 131->131
[2025-01-05T19:31:30.712+0530][gc,metaspace] GC(34) Metaspace: 43887K(44608K)->43887K(44608K) NonClass: 38813K(39232K)->38813K(39232K) Class: 5073K(5376K)->5073K(5376K)
[2025-01-05T19:31:30.712+0530][gc          ] GC(34) Pause Young (Normal) (G1 Evacuation Pause) 814M->205M(1024M) 34.528ms
[2025-01-05T19:31:30.712+0530][gc,cpu      ] GC(34) User=0.02s Sys=0.03s Real=0.04s
[2025-01-05T19:33:46.587+0530][gc,start    ] GC(35) Pause Young (Normal) (G1 Evacuation Pause)
[2025-01-05T19:33:46.587+0530][gc,task     ] GC(35) Using 9 workers of 9 for evacuation
[2025-01-05T19:33:46.604+0530][gc,phases   ] GC(35)   Pre Evacuate Collection Set: 0.7ms
[2025-01-05T19:33:46.604+0530][gc,phases   ] GC(35)   Merge Heap Roots: 0.3ms
[2025-01-05T19:33:46.604+0530][gc,phases   ] GC(35)   Evacuate Collection Set: 15.2ms
[2025-01-05T19:33:46.604+0530][gc,phases   ] GC(35)   Post Evacuate Collection Set: 0.4ms
[2025-01-05T19:33:46.604+0530][gc,phases   ] GC(35)   Other: 0.3ms
[2025-01-05T19:33:46.604+0530][gc,heap     ] GC(35) Eden regions: 46->0(76)
[2025-01-05T19:33:46.604+0530][gc,heap     ] GC(35) Survivor regions: 5->3(7)
[2025-01-05T19:33:46.604+0530][gc,heap     ] GC(35) Old regions: 71->74
[2025-01-05T19:33:46.604+0530][gc,heap     ] GC(35) Humongous regions: 131->131
[2025-01-05T19:33:46.604+0530][gc,metaspace] GC(35) Metaspace: 43888K(44608K)->43888K(44608K) NonClass: 38815K(39232K)->38815K(39232K) Class: 5073K(5376K)->5073K(5376K)
[2025-01-05T19:33:46.604+0530][gc          ] GC(35) Pause Young (Normal) (G1 Evacuation Pause) 251M->206M(1024M) 18.056ms
[2025-01-05T19:33:46.604+0530][gc,cpu      ] GC(35) User=0.02s Sys=0.01s Real=0.02s
[2025-01-05T20:03:27.016+0530][gc,start    ] GC(36) Pause Young (Normal) (G1 Evacuation Pause)
[2025-01-05T20:03:27.018+0530][gc,task     ] GC(36) Using 9 workers of 9 for evacuation
[2025-01-05T20:03:27.070+0530][gc,mmu      ] GC(36) MMU target violated: 21.0ms (20.0ms/21.0ms)
[2025-01-05T20:03:27.070+0530][gc,phases   ] GC(36)   Pre Evacuate Collection Set: 1.3ms
[2025-01-05T20:03:27.070+0530][gc,phases   ] GC(36)   Merge Heap Roots: 0.3ms
[2025-01-05T20:03:27.070+0530][gc,phases   ] GC(36)   Evacuate Collection Set: 49.6ms
[2025-01-05T20:03:27.070+0530][gc,phases   ] GC(36)   Post Evacuate Collection Set: 1.3ms
[2025-01-05T20:03:27.070+0530][gc,phases   ] GC(36)   Other: 0.3ms
[2025-01-05T20:03:27.071+0530][gc,heap     ] GC(36) Eden regions: 435->0(46)
[2025-01-05T20:03:27.071+0530][gc,heap     ] GC(36) Survivor regions: 3->5(55)
[2025-01-05T20:03:27.071+0530][gc,heap     ] GC(36) Old regions: 74->74
[2025-01-05T20:03:27.071+0530][gc,heap     ] GC(36) Humongous regions: 131->131
[2025-01-05T20:03:27.071+0530][gc,metaspace] GC(36) Metaspace: 43900K(44608K)->43900K(44608K) NonClass: 38826K(39232K)->38826K(39232K) Class: 5074K(5376K)->5074K(5376K)
[2025-01-05T20:03:27.071+0530][gc          ] GC(36) Pause Young (Normal) (G1 Evacuation Pause) 641M->209M(1024M) 59.532ms
[2025-01-05T20:03:27.071+0530][gc,cpu      ] GC(36) User=0.02s Sys=0.06s Real=0.06s
[2025-01-05T20:06:41.059+0530][gc,start    ] GC(37) Pause Young (Normal) (G1 Evacuation Pause)
[2025-01-05T20:06:41.059+0530][gc,task     ] GC(37) Using 9 workers of 9 for evacuation
[2025-01-05T20:06:41.078+0530][gc,phases   ] GC(37)   Pre Evacuate Collection Set: 1.3ms
[2025-01-05T20:06:41.078+0530][gc,phases   ] GC(37)   Merge Heap Roots: 0.3ms
[2025-01-05T20:06:41.078+0530][gc,phases   ] GC(37)   Evacuate Collection Set: 15.7ms
[2025-01-05T20:06:41.078+0530][gc,phases   ] GC(37)   Post Evacuate Collection Set: 0.6ms
[2025-01-05T20:06:41.078+0530][gc,phases   ] GC(37)   Other: 0.3ms
[2025-01-05T20:06:41.078+0530][gc,heap     ] GC(37) Eden regions: 46->0(48)
[2025-01-05T20:06:41.078+0530][gc,heap     ] GC(37) Survivor regions: 5->3(7)
[2025-01-05T20:06:41.078+0530][gc,heap     ] GC(37) Old regions: 74->75
[2025-01-05T20:06:41.078+0530][gc,heap     ] GC(37) Humongous regions: 131->131
[2025-01-05T20:06:41.078+0530][gc,metaspace] GC(37) Metaspace: 43900K(44608K)->43900K(44608K) NonClass: 38826K(39232K)->38826K(39232K) Class: 5074K(5376K)->5074K(5376K)
[2025-01-05T20:06:41.078+0530][gc          ] GC(37) Pause Young (Normal) (G1 Evacuation Pause) 255M->208M(1024M) 19.096ms
[2025-01-05T20:06:41.078+0530][gc,cpu      ] GC(37) User=0.02s Sys=0.02s Real=0.02s
[2025-01-05T20:13:01.103+0530][gc,start    ] GC(38) Pause Young (Normal) (G1 Evacuation Pause)
[2025-01-05T20:13:01.104+0530][gc,task     ] GC(38) Using 9 workers of 9 for evacuation
[2025-01-05T20:13:01.121+0530][gc,phases   ] GC(38)   Pre Evacuate Collection Set: 0.9ms
[2025-01-05T20:13:01.121+0530][gc,phases   ] GC(38)   Merge Heap Roots: 0.1ms
[2025-01-05T20:13:01.121+0530][gc,phases   ] GC(38)   Evacuate Collection Set: 14.5ms
[2025-01-05T20:13:01.121+0530][gc,phases   ] GC(38)   Post Evacuate Collection Set: 1.0ms
[2025-01-05T20:13:01.121+0530][gc,phases   ] GC(38)   Other: 0.2ms
[2025-01-05T20:13:01.121+0530][gc,heap     ] GC(38) Eden regions: 89->0(43)
[2025-01-05T20:13:01.121+0530][gc,heap     ] GC(38) Survivor regions: 3->8(12)
[2025-01-05T20:13:01.121+0530][gc,heap     ] GC(38) Old regions: 75->75
[2025-01-05T20:13:01.121+0530][gc,heap     ] GC(38) Humongous regions: 131->131
[2025-01-05T20:13:01.121+0530][gc,metaspace] GC(38) Metaspace: 43906K(44608K)->43906K(44608K) NonClass: 38831K(39232K)->38831K(39232K) Class: 5074K(5376K)->5074K(5376K)
[2025-01-05T20:13:01.121+0530][gc          ] GC(38) Pause Young (Normal) (G1 Evacuation Pause) 297M->212M(1024M) 17.904ms
[2025-01-05T20:13:01.121+0530][gc,cpu      ] GC(38) User=0.04s Sys=0.02s Real=0.02s
[2025-01-05T20:16:05.016+0530][gc,start    ] GC(39) Pause Young (Normal) (G1 Evacuation Pause)
[2025-01-05T20:16:05.017+0530][gc,task     ] GC(39) Using 9 workers of 9 for evacuation
[2025-01-05T20:16:05.039+0530][gc,mmu      ] GC(39) MMU target violated: 21.0ms (20.0ms/21.0ms)
[2025-01-05T20:16:05.039+0530][gc,phases   ] GC(39)   Pre Evacuate Collection Set: 1.6ms
[2025-01-05T20:16:05.039+0530][gc,phases   ] GC(39)   Merge Heap Roots: 0.2ms
[2025-01-05T20:16:05.039+0530][gc,phases   ] GC(39)   Evacuate Collection Set: 19.2ms
[2025-01-05T20:16:05.039+0530][gc,phases   ] GC(39)   Post Evacuate Collection Set: 0.7ms
[2025-01-05T20:16:05.039+0530][gc,phases   ] GC(39)   Other: 0.4ms
[2025-01-05T20:16:05.039+0530][gc,heap     ] GC(39) Eden regions: 43->0(46)
[2025-01-05T20:16:05.039+0530][gc,heap     ] GC(39) Survivor regions: 8->5(7)
[2025-01-05T20:16:05.039+0530][gc,heap     ] GC(39) Old regions: 75->81
[2025-01-05T20:16:05.039+0530][gc,heap     ] GC(39) Humongous regions: 131->131
[2025-01-05T20:16:05.039+0530][gc,metaspace] GC(39) Metaspace: 43906K(44608K)->43906K(44608K) NonClass: 38831K(39232K)->38831K(39232K) Class: 5074K(5376K)->5074K(5376K)
[2025-01-05T20:16:05.039+0530][gc          ] GC(39) Pause Young (Normal) (G1 Evacuation Pause) 255M->216M(1024M) 23.474ms
[2025-01-05T20:16:05.039+0530][gc,cpu      ] GC(39) User=0.04s Sys=0.03s Real=0.02s
[2025-01-05T20:19:20.358+0530][gc,start    ] GC(40) Pause Young (Normal) (G1 Evacuation Pause)
[2025-01-05T20:19:20.358+0530][gc,task     ] GC(40) Using 9 workers of 9 for evacuation
[2025-01-05T20:19:20.364+0530][gc,phases   ] GC(40)   Pre Evacuate Collection Set: 1.0ms
[2025-01-05T20:19:20.364+0530][gc,phases   ] GC(40)   Merge Heap Roots: 0.1ms
[2025-01-05T20:19:20.364+0530][gc,phases   ] GC(40)   Evacuate Collection Set: 4.1ms
[2025-01-05T20:19:20.364+0530][gc,phases   ] GC(40)   Post Evacuate Collection Set: 0.4ms
[2025-01-05T20:19:20.364+0530][gc,phases   ] GC(40)   Other: 0.4ms
[2025-01-05T20:19:20.364+0530][gc,heap     ] GC(40) Eden regions: 46->0(53)
[2025-01-05T20:19:20.364+0530][gc,heap     ] GC(40) Survivor regions: 5->4(7)
[2025-01-05T20:19:20.364+0530][gc,heap     ] GC(40) Old regions: 81->84
[2025-01-05T20:19:20.364+0530][gc,heap     ] GC(40) Humongous regions: 131->131
[2025-01-05T20:19:20.364+0530][gc,metaspace] GC(40) Metaspace: 43906K(44608K)->43906K(44608K) NonClass: 38831K(39232K)->38831K(39232K) Class: 5074K(5376K)->5074K(5376K)
[2025-01-05T20:19:20.364+0530][gc          ] GC(40) Pause Young (Normal) (G1 Evacuation Pause) 262M->218M(1024M) 6.604ms
[2025-01-05T20:19:20.364+0530][gc,cpu      ] GC(40) User=0.02s Sys=0.02s Real=0.01s
[2025-01-05T20:22:39.995+0530][gc,start    ] GC(41) Pause Young (Normal) (G1 Evacuation Pause)
[2025-01-05T20:22:39.997+0530][gc,task     ] GC(41) Using 9 workers of 9 for evacuation
[2025-01-05T20:22:40.025+0530][gc,mmu      ] GC(41) MMU target violated: 21.0ms (20.0ms/21.0ms)
[2025-01-05T20:22:40.025+0530][gc,phases   ] GC(41)   Pre Evacuate Collection Set: 1.5ms
[2025-01-05T20:22:40.025+0530][gc,phases   ] GC(41)   Merge Heap Roots: 1.0ms
[2025-01-05T20:22:40.025+0530][gc,phases   ] GC(41)   Evacuate Collection Set: 24.2ms
[2025-01-05T20:22:40.025+0530][gc,phases   ] GC(41)   Post Evacuate Collection Set: 1.2ms
[2025-01-05T20:22:40.025+0530][gc,phases   ] GC(41)   Other: 0.4ms
[2025-01-05T20:22:40.025+0530][gc,heap     ] GC(41) Eden regions: 47->0(44)
[2025-01-05T20:22:40.025+0530][gc,heap     ] GC(41) Survivor regions: 4->7(7)
[2025-01-05T20:22:40.025+0530][gc,heap     ] GC(41) Old regions: 84->84
[2025-01-05T20:22:40.025+0530][gc,heap     ] GC(41) Humongous regions: 131->131
[2025-01-05T20:22:40.025+0530][gc,metaspace] GC(41) Metaspace: 43907K(44608K)->43907K(44608K) NonClass: 38832K(39232K)->38832K(39232K) Class: 5074K(5376K)->5074K(5376K)
[2025-01-05T20:22:40.025+0530][gc          ] GC(41) Pause Young (Normal) (G1 Evacuation Pause) 265M->221M(1024M) 29.634ms
[2025-01-05T20:22:40.025+0530][gc,cpu      ] GC(41) User=0.04s Sys=0.05s Real=0.03s
[2025-01-05T20:25:48.322+0530][gc,start    ] GC(42) Pause Young (Normal) (G1 Evacuation Pause)
[2025-01-05T20:25:48.324+0530][gc,task     ] GC(42) Using 9 workers of 9 for evacuation
[2025-01-05T20:25:48.344+0530][gc,phases   ] GC(42)   Pre Evacuate Collection Set: 2.5ms
[2025-01-05T20:25:48.344+0530][gc,phases   ] GC(42)   Merge Heap Roots: 0.3ms
[2025-01-05T20:25:48.344+0530][gc,phases   ] GC(42)   Evacuate Collection Set: 16.1ms
[2025-01-05T20:25:48.344+0530][gc,phases   ] GC(42)   Post Evacuate Collection Set: 0.6ms
[2025-01-05T20:25:48.344+0530][gc,phases   ] GC(42)   Other: 0.4ms
[2025-01-05T20:25:48.344+0530][gc,heap     ] GC(42) Eden regions: 44->0(47)
[2025-01-05T20:25:48.344+0530][gc,heap     ] GC(42) Survivor regions: 7->4(7)
[2025-01-05T20:25:48.344+0530][gc,heap     ] GC(42) Old regions: 84->89
[2025-01-05T20:25:48.344+0530][gc,heap     ] GC(42) Humongous regions: 131->131
[2025-01-05T20:25:48.344+0530][gc,metaspace] GC(42) Metaspace: 43907K(44608K)->43907K(44608K) NonClass: 38833K(39232K)->38833K(39232K) Class: 5074K(5376K)->5074K(5376K)
[2025-01-05T20:25:48.344+0530][gc          ] GC(42) Pause Young (Normal) (G1 Evacuation Pause) 265M->223M(1024M) 21.917ms
[2025-01-05T20:25:48.344+0530][gc,cpu      ] GC(42) User=0.03s Sys=0.03s Real=0.02s
[2025-01-05T20:29:09.042+0530][gc,start    ] GC(43) Pause Young (Normal) (G1 Evacuation Pause)
[2025-01-05T20:29:09.047+0530][gc,task     ] GC(43) Using 9 workers of 9 for evacuation
[2025-01-05T20:29:09.071+0530][gc,mmu      ] GC(43) MMU target violated: 21.0ms (20.0ms/21.0ms)
[2025-01-05T20:29:09.071+0530][gc,phases   ] GC(43)   Pre Evacuate Collection Set: 8.5ms
[2025-01-05T20:29:09.071+0530][gc,phases   ] GC(43)   Merge Heap Roots: 0.2ms
[2025-01-05T20:29:09.071+0530][gc,phases   ] GC(43)   Evacuate Collection Set: 14.5ms
[2025-01-05T20:29:09.071+0530][gc,phases   ] GC(43)   Post Evacuate Collection Set: 0.8ms
[2025-01-05T20:29:09.071+0530][gc,phases   ] GC(43)   Other: 0.7ms
[2025-01-05T20:29:09.071+0530][gc,heap     ] GC(43) Eden regions: 47->0(47)
[2025-01-05T20:29:09.071+0530][gc,heap     ] GC(43) Survivor regions: 4->4(7)
[2025-01-05T20:29:09.071+0530][gc,heap     ] GC(43) Old regions: 89->92
[2025-01-05T20:29:09.071+0530][gc,heap     ] GC(43) Humongous regions: 131->131
[2025-01-05T20:29:09.071+0530][gc,metaspace] GC(43) Metaspace: 43908K(44608K)->43908K(44608K) NonClass: 38833K(39232K)->38833K(39232K) Class: 5074K(5376K)->5074K(5376K)
[2025-01-05T20:29:09.071+0530][gc          ] GC(43) Pause Young (Normal) (G1 Evacuation Pause) 270M->225M(1024M) 29.243ms
[2025-01-05T20:29:09.071+0530][gc,cpu      ] GC(43) User=0.02s Sys=0.02s Real=0.03s
[2025-01-05T20:32:29.018+0530][gc,start    ] GC(44) Pause Young (Normal) (G1 Evacuation Pause)
[2025-01-05T20:32:29.019+0530][gc,task     ] GC(44) Using 9 workers of 9 for evacuation
[2025-01-05T20:32:29.058+0530][gc,mmu      ] GC(44) MMU target violated: 21.0ms (20.0ms/21.0ms)
[2025-01-05T20:32:29.059+0530][gc,phases   ] GC(44)   Pre Evacuate Collection Set: 4.4ms
[2025-01-05T20:32:29.059+0530][gc,phases   ] GC(44)   Merge Heap Roots: 0.3ms
[2025-01-05T20:32:29.059+0530][gc,phases   ] GC(44)   Evacuate Collection Set: 33.2ms
[2025-01-05T20:32:29.059+0530][gc,phases   ] GC(44)   Post Evacuate Collection Set: 1.1ms
[2025-01-05T20:32:29.059+0530][gc,phases   ] GC(44)   Other: 0.4ms
[2025-01-05T20:32:29.059+0530][gc,heap     ] GC(44) Eden regions: 47->0(44)
[2025-01-05T20:32:29.059+0530][gc,heap     ] GC(44) Survivor regions: 4->7(7)
[2025-01-05T20:32:29.059+0530][gc,heap     ] GC(44) Old regions: 92->92
[2025-01-05T20:32:29.059+0530][gc,heap     ] GC(44) Humongous regions: 131->131
[2025-01-05T20:32:29.059+0530][gc,metaspace] GC(44) Metaspace: 43908K(44608K)->43908K(44608K) NonClass: 38833K(39232K)->38833K(39232K) Class: 5074K(5376K)->5074K(5376K)
[2025-01-05T20:32:29.059+0530][gc          ] GC(44) Pause Young (Normal) (G1 Evacuation Pause) 272M->229M(1024M) 40.981ms
[2025-01-05T20:32:29.059+0530][gc,cpu      ] GC(44) User=0.03s Sys=0.05s Real=0.04s
[2025-01-05T20:35:36.420+0530][gc,start    ] GC(45) Pause Young (Normal) (G1 Evacuation Pause)
[2025-01-05T20:35:36.421+0530][gc,task     ] GC(45) Using 9 workers of 9 for evacuation
[2025-01-05T20:35:36.441+0530][gc,mmu      ] GC(45) MMU target violated: 20.2ms (20.0ms/21.0ms)
[2025-01-05T20:35:36.441+0530][gc,phases   ] GC(45)   Pre Evacuate Collection Set: 1.3ms
[2025-01-05T20:35:36.441+0530][gc,phases   ] GC(45)   Merge Heap Roots: 0.6ms
[2025-01-05T20:35:36.441+0530][gc,phases   ] GC(45)   Evacuate Collection Set: 17.4ms
[2025-01-05T20:35:36.441+0530][gc,phases   ] GC(45)   Post Evacuate Collection Set: 0.7ms
[2025-01-05T20:35:36.441+0530][gc,phases   ] GC(45)   Other: 0.3ms
[2025-01-05T20:35:36.441+0530][gc,heap     ] GC(45) Eden regions: 44->0(47)
[2025-01-05T20:35:36.441+0530][gc,heap     ] GC(45) Survivor regions: 7->4(7)
[2025-01-05T20:35:36.441+0530][gc,heap     ] GC(45) Old regions: 92->97
[2025-01-05T20:35:36.441+0530][gc,heap     ] GC(45) Humongous regions: 131->131
[2025-01-05T20:35:36.441+0530][gc,metaspace] GC(45) Metaspace: 43908K(44608K)->43908K(44608K) NonClass: 38833K(39232K)->38833K(39232K) Class: 5074K(5376K)->5074K(5376K)
[2025-01-05T20:35:36.441+0530][gc          ] GC(45) Pause Young (Normal) (G1 Evacuation Pause) 273M->230M(1024M) 21.098ms
[2025-01-05T20:35:36.441+0530][gc,cpu      ] GC(45) User=0.02s Sys=0.01s Real=0.02s
[2025-01-05T20:38:10.901+0530][gc,start    ] GC(46) Pause Young (Normal) (G1 Evacuation Pause)
[2025-01-05T20:38:10.903+0530][gc,task     ] GC(46) Using 9 workers of 9 for evacuation
[2025-01-05T20:38:10.921+0530][gc,phases   ] GC(46)   Pre Evacuate Collection Set: 2.0ms
[2025-01-05T20:38:10.921+0530][gc,phases   ] GC(46)   Merge Heap Roots: 0.5ms
[2025-01-05T20:38:10.921+0530][gc,phases   ] GC(46)   Evacuate Collection Set: 15.1ms
[2025-01-05T20:38:10.921+0530][gc,phases   ] GC(46)   Post Evacuate Collection Set: 0.6ms
[2025-01-05T20:38:10.921+0530][gc,phases   ] GC(46)   Other: 0.3ms
[2025-01-05T20:38:10.921+0530][gc,heap     ] GC(46) Eden regions: 47->0(44)
[2025-01-05T20:38:10.921+0530][gc,heap     ] GC(46) Survivor regions: 4->7(7)
[2025-01-05T20:38:10.921+0530][gc,heap     ] GC(46) Old regions: 97->97
[2025-01-05T20:38:10.921+0530][gc,heap     ] GC(46) Humongous regions: 131->131
[2025-01-05T20:38:10.921+0530][gc,metaspace] GC(46) Metaspace: 43915K(44608K)->43915K(44608K) NonClass: 38841K(39232K)->38841K(39232K) Class: 5074K(5376K)->5074K(5376K)
[2025-01-05T20:38:10.921+0530][gc          ] GC(46) Pause Young (Normal) (G1 Evacuation Pause) 277M->233M(1024M) 19.990ms
[2025-01-05T20:38:10.921+0530][gc,cpu      ] GC(46) User=0.03s Sys=0.02s Real=0.02s
[2025-01-05T20:40:20.447+0530][gc,start    ] GC(47) Pause Young (Normal) (G1 Evacuation Pause)
[2025-01-05T20:40:20.449+0530][gc,task     ] GC(47) Using 9 workers of 9 for evacuation
[2025-01-05T20:40:20.472+0530][gc,mmu      ] GC(47) MMU target violated: 21.0ms (20.0ms/21.0ms)
[2025-01-05T20:40:20.472+0530][gc,phases   ] GC(47)   Pre Evacuate Collection Set: 1.1ms
[2025-01-05T20:40:20.472+0530][gc,phases   ] GC(47)   Merge Heap Roots: 0.2ms
[2025-01-05T20:40:20.472+0530][gc,phases   ] GC(47)   Evacuate Collection Set: 19.6ms
[2025-01-05T20:40:20.472+0530][gc,phases   ] GC(47)   Post Evacuate Collection Set: 1.2ms
[2025-01-05T20:40:20.472+0530][gc,phases   ] GC(47)   Other: 0.7ms
[2025-01-05T20:40:20.472+0530][gc,heap     ] GC(47) Eden regions: 44->0(44)
[2025-01-05T20:40:20.472+0530][gc,heap     ] GC(47) Survivor regions: 7->7(7)
[2025-01-05T20:40:20.472+0530][gc,heap     ] GC(47) Old regions: 97->99
[2025-01-05T20:40:20.472+0530][gc,heap     ] GC(47) Humongous regions: 131->131
[2025-01-05T20:40:20.472+0530][gc,metaspace] GC(47) Metaspace: 43919K(44608K)->43919K(44608K) NonClass: 38844K(39232K)->38844K(39232K) Class: 5074K(5376K)->5074K(5376K)
[2025-01-05T20:40:20.472+0530][gc          ] GC(47) Pause Young (Normal) (G1 Evacuation Pause) 277M->236M(1024M) 25.352ms
[2025-01-05T20:40:20.472+0530][gc,cpu      ] GC(47) User=0.04s Sys=0.04s Real=0.03s
[2025-01-05T20:42:21.544+0530][gc,start    ] GC(48) Pause Young (Normal) (G1 Evacuation Pause)
[2025-01-05T20:42:21.546+0530][gc,task     ] GC(48) Using 9 workers of 9 for evacuation
[2025-01-05T20:42:21.578+0530][gc,mmu      ] GC(48) MMU target violated: 21.0ms (20.0ms/21.0ms)
[2025-01-05T20:42:21.578+0530][gc,phases   ] GC(48)   Pre Evacuate Collection Set: 1.3ms
[2025-01-05T20:42:21.578+0530][gc,phases   ] GC(48)   Merge Heap Roots: 0.5ms
[2025-01-05T20:42:21.578+0530][gc,phases   ] GC(48)   Evacuate Collection Set: 29.0ms
[2025-01-05T20:42:21.578+0530][gc,phases   ] GC(48)   Post Evacuate Collection Set: 0.9ms
[2025-01-05T20:42:21.578+0530][gc,phases   ] GC(48)   Other: 0.6ms
[2025-01-05T20:42:21.578+0530][gc,heap     ] GC(48) Eden regions: 44->0(45)
[2025-01-05T20:42:21.578+0530][gc,heap     ] GC(48) Survivor regions: 7->6(7)
[2025-01-05T20:42:21.578+0530][gc,heap     ] GC(48) Old regions: 99->106
[2025-01-05T20:42:21.578+0530][gc,heap     ] GC(48) Humongous regions: 131->131
[2025-01-05T20:42:21.578+0530][gc,metaspace] GC(48) Metaspace: 43919K(44608K)->43919K(44608K) NonClass: 38844K(39232K)->38844K(39232K) Class: 5074K(5376K)->5074K(5376K)
[2025-01-05T20:42:21.578+0530][gc          ] GC(48) Pause Young (Normal) (G1 Evacuation Pause) 280M->241M(1024M) 33.868ms
[2025-01-05T20:42:21.578+0530][gc,cpu      ] GC(48) User=0.06s Sys=0.07s Real=0.03s
[2025-01-05T20:44:35.259+0530][gc,start    ] GC(49) Pause Young (Normal) (G1 Evacuation Pause)
[2025-01-05T20:44:35.260+0530][gc,task     ] GC(49) Using 9 workers of 9 for evacuation
[2025-01-05T20:44:35.275+0530][gc,phases   ] GC(49)   Pre Evacuate Collection Set: 0.9ms
[2025-01-05T20:44:35.275+0530][gc,phases   ] GC(49)   Merge Heap Roots: 0.2ms
[2025-01-05T20:44:35.275+0530][gc,phases   ] GC(49)   Evacuate Collection Set: 12.5ms
[2025-01-05T20:44:35.275+0530][gc,phases   ] GC(49)   Post Evacuate Collection Set: 0.6ms
[2025-01-05T20:44:35.275+0530][gc,phases   ] GC(49)   Other: 0.2ms
[2025-01-05T20:44:35.275+0530][gc,heap     ] GC(49) Eden regions: 45->0(88)
[2025-01-05T20:44:35.275+0530][gc,heap     ] GC(49) Survivor regions: 6->2(7)
[2025-01-05T20:44:35.275+0530][gc,heap     ] GC(49) Old regions: 106->110
[2025-01-05T20:44:35.275+0530][gc,heap     ] GC(49) Humongous regions: 131->131
[2025-01-05T20:44:35.275+0530][gc,metaspace] GC(49) Metaspace: 43920K(44608K)->43920K(44608K) NonClass: 38845K(39232K)->38845K(39232K) Class: 5074K(5376K)->5074K(5376K)
[2025-01-05T20:44:35.275+0530][gc          ] GC(49) Pause Young (Normal) (G1 Evacuation Pause) 286M->242M(1024M) 15.730ms
[2025-01-05T20:44:35.275+0530][gc,cpu      ] GC(49) User=0.01s Sys=0.02s Real=0.02s
[2025-01-05T20:49:57.497+0530][gc,start    ] GC(50) Pause Young (Normal) (G1 Evacuation Pause)
[2025-01-05T20:49:57.498+0530][gc,task     ] GC(50) Using 9 workers of 9 for evacuation
[2025-01-05T20:49:57.513+0530][gc,phases   ] GC(50)   Pre Evacuate Collection Set: 0.7ms
[2025-01-05T20:49:57.513+0530][gc,phases   ] GC(50)   Merge Heap Roots: 0.2ms
[2025-01-05T20:49:57.513+0530][gc,phases   ] GC(50)   Evacuate Collection Set: 13.8ms
[2025-01-05T20:49:57.513+0530][gc,phases   ] GC(50)   Post Evacuate Collection Set: 0.5ms
[2025-01-05T20:49:57.513+0530][gc,phases   ] GC(50)   Other: 0.2ms
[2025-01-05T20:49:57.513+0530][gc,heap     ] GC(50) Eden regions: 110->0(41)
[2025-01-05T20:49:57.513+0530][gc,heap     ] GC(50) Survivor regions: 2->10(14)
[2025-01-05T20:49:57.513+0530][gc,heap     ] GC(50) Old regions: 110->110
[2025-01-05T20:49:57.513+0530][gc,heap     ] GC(50) Humongous regions: 131->131
[2025-01-05T20:49:57.513+0530][gc,metaspace] GC(50) Metaspace: 43938K(44608K)->43938K(44608K) NonClass: 38862K(39232K)->38862K(39232K) Class: 5076K(5376K)->5076K(5376K)
[2025-01-05T20:49:57.513+0530][gc          ] GC(50) Pause Young (Normal) (G1 Evacuation Pause) 352M->249M(1024M) 16.482ms
[2025-01-05T20:49:57.513+0530][gc,cpu      ] GC(50) User=0.04s Sys=0.02s Real=0.02s
[2025-01-05T20:51:56.682+0530][gc,start    ] GC(51) Pause Young (Normal) (G1 Evacuation Pause)
[2025-01-05T20:51:56.683+0530][gc,task     ] GC(51) Using 9 workers of 9 for evacuation
[2025-01-05T20:51:56.700+0530][gc,phases   ] GC(51)   Pre Evacuate Collection Set: 1.6ms
[2025-01-05T20:51:56.700+0530][gc,phases   ] GC(51)   Merge Heap Roots: 0.2ms
[2025-01-05T20:51:56.700+0530][gc,phases   ] GC(51)   Evacuate Collection Set: 14.1ms
[2025-01-05T20:51:56.700+0530][gc,phases   ] GC(51)   Post Evacuate Collection Set: 0.4ms
[2025-01-05T20:51:56.700+0530][gc,phases   ] GC(51)   Other: 0.1ms
[2025-01-05T20:51:56.700+0530][gc,heap     ] GC(51) Eden regions: 41->0(77)
[2025-01-05T20:51:56.700+0530][gc,heap     ] GC(51) Survivor regions: 10->5(7)
[2025-01-05T20:51:56.700+0530][gc,heap     ] GC(51) Old regions: 110->119
[2025-01-05T20:51:56.700+0530][gc,heap     ] GC(51) Humongous regions: 131->131
[2025-01-05T20:51:56.700+0530][gc,metaspace] GC(51) Metaspace: 43939K(44608K)->43939K(44608K) NonClass: 38862K(39232K)->38862K(39232K) Class: 5076K(5376K)->5076K(5376K)
[2025-01-05T20:51:56.700+0530][gc          ] GC(51) Pause Young (Normal) (G1 Evacuation Pause) 290M->253M(1024M) 17.380ms
[2025-01-05T20:51:56.700+0530][gc,cpu      ] GC(51) User=0.04s Sys=0.02s Real=0.02s
[2025-01-05T20:55:38.663+0530][gc,start    ] GC(52) Pause Young (Normal) (G1 Evacuation Pause)
[2025-01-05T20:55:38.664+0530][gc,task     ] GC(52) Using 9 workers of 9 for evacuation
[2025-01-05T20:55:38.701+0530][gc,mmu      ] GC(52) MMU target violated: 21.0ms (20.0ms/21.0ms)
[2025-01-05T20:55:38.701+0530][gc,phases   ] GC(52)   Pre Evacuate Collection Set: 1.0ms
[2025-01-05T20:55:38.701+0530][gc,phases   ] GC(52)   Merge Heap Roots: 0.2ms
[2025-01-05T20:55:38.701+0530][gc,phases   ] GC(52)   Evacuate Collection Set: 32.4ms
[2025-01-05T20:55:38.701+0530][gc,phases   ] GC(52)   Post Evacuate Collection Set: 3.2ms
[2025-01-05T20:55:38.701+0530][gc,phases   ] GC(52)   Other: 0.3ms
[2025-01-05T20:55:38.701+0530][gc,heap     ] GC(52) Eden regions: 75->0(41)
[2025-01-05T20:55:38.701+0530][gc,heap     ] GC(52) Survivor regions: 5->10(10)
[2025-01-05T20:55:38.701+0530][gc,heap     ] GC(52) Old regions: 119->119
[2025-01-05T20:55:38.701+0530][gc,heap     ] GC(52) Humongous regions: 131->131
[2025-01-05T20:55:38.701+0530][gc,metaspace] GC(52) Metaspace: 43939K(44608K)->43939K(44608K) NonClass: 38863K(39232K)->38863K(39232K) Class: 5076K(5376K)->5076K(5376K)
[2025-01-05T20:55:38.701+0530][gc          ] GC(52) Pause Young (Normal) (G1 Evacuation Pause) 328M->259M(1024M) 37.993ms
[2025-01-05T20:55:38.701+0530][gc,cpu      ] GC(52) User=0.03s Sys=0.05s Real=0.04s
[2025-01-05T20:57:38.402+0530][gc,start    ] GC(53) Pause Young (Normal) (G1 Evacuation Pause)
[2025-01-05T20:57:38.404+0530][gc,task     ] GC(53) Using 9 workers of 9 for evacuation
[2025-01-05T20:57:38.421+0530][gc,phases   ] GC(53)   Pre Evacuate Collection Set: 0.9ms
[2025-01-05T20:57:38.421+0530][gc,phases   ] GC(53)   Merge Heap Roots: 0.2ms
[2025-01-05T20:57:38.421+0530][gc,phases   ] GC(53)   Evacuate Collection Set: 15.0ms
[2025-01-05T20:57:38.421+0530][gc,phases   ] GC(53)   Post Evacuate Collection Set: 0.6ms
[2025-01-05T20:57:38.421+0530][gc,phases   ] GC(53)   Other: 0.2ms
[2025-01-05T20:57:38.421+0530][gc,heap     ] GC(53) Eden regions: 41->0(47)
[2025-01-05T20:57:38.421+0530][gc,heap     ] GC(53) Survivor regions: 10->5(7)
[2025-01-05T20:57:38.421+0530][gc,heap     ] GC(53) Old regions: 119->127
[2025-01-05T20:57:38.421+0530][gc,heap     ] GC(53) Humongous regions: 131->131
[2025-01-05T20:57:38.421+0530][gc,metaspace] GC(53) Metaspace: 43946K(44608K)->43946K(44608K) NonClass: 38870K(39232K)->38870K(39232K) Class: 5076K(5376K)->5076K(5376K)
[2025-01-05T20:57:38.421+0530][gc          ] GC(53) Pause Young (Normal) (G1 Evacuation Pause) 300M->262M(1024M) 19.349ms
[2025-01-05T20:57:38.421+0530][gc,cpu      ] GC(53) User=0.04s Sys=0.02s Real=0.02s
[2025-01-05T21:00:00.255+0530][gc,start    ] GC(54) Pause Young (Normal) (G1 Evacuation Pause)
[2025-01-05T21:00:00.256+0530][gc,task     ] GC(54) Using 9 workers of 9 for evacuation
[2025-01-05T21:00:00.298+0530][gc,mmu      ] GC(54) MMU target violated: 21.0ms (20.0ms/21.0ms)
[2025-01-05T21:00:00.298+0530][gc,phases   ] GC(54)   Pre Evacuate Collection Set: 2.4ms
[2025-01-05T21:00:00.298+0530][gc,phases   ] GC(54)   Merge Heap Roots: 5.5ms
[2025-01-05T21:00:00.298+0530][gc,phases   ] GC(54)   Evacuate Collection Set: 33.0ms
[2025-01-05T21:00:00.298+0530][gc,phases   ] GC(54)   Post Evacuate Collection Set: 0.6ms
[2025-01-05T21:00:00.298+0530][gc,phases   ] GC(54)   Other: 0.3ms
[2025-01-05T21:00:00.298+0530][gc,heap     ] GC(54) Eden regions: 48->0(45)
[2025-01-05T21:00:00.298+0530][gc,heap     ] GC(54) Survivor regions: 5->6(7)
[2025-01-05T21:00:00.298+0530][gc,heap     ] GC(54) Old regions: 127->131
[2025-01-05T21:00:00.298+0530][gc,heap     ] GC(54) Humongous regions: 131->131
[2025-01-05T21:00:00.298+0530][gc,metaspace] GC(54) Metaspace: 43947K(44608K)->43947K(44608K) NonClass: 38870K(39232K)->38870K(39232K) Class: 5076K(5376K)->5076K(5376K)
[2025-01-05T21:00:00.298+0530][gc          ] GC(54) Pause Young (Normal) (G1 Evacuation Pause) 310M->267M(1024M) 42.808ms
[2025-01-05T21:00:00.298+0530][gc,cpu      ] GC(54) User=0.03s Sys=0.02s Real=0.04s
[2025-01-05T21:02:11.542+0530][gc,start    ] GC(55) Pause Young (Normal) (G1 Evacuation Pause)
[2025-01-05T21:02:11.542+0530][gc,task     ] GC(55) Using 9 workers of 9 for evacuation
[2025-01-05T21:02:11.560+0530][gc,phases   ] GC(55)   Pre Evacuate Collection Set: 1.1ms
[2025-01-05T21:02:11.560+0530][gc,phases   ] GC(55)   Merge Heap Roots: 0.8ms
[2025-01-05T21:02:11.560+0530][gc,phases   ] GC(55)   Evacuate Collection Set: 14.9ms
[2025-01-05T21:02:11.560+0530][gc,phases   ] GC(55)   Post Evacuate Collection Set: 0.6ms
[2025-01-05T21:02:11.560+0530][gc,phases   ] GC(55)   Other: 0.2ms
[2025-01-05T21:02:11.560+0530][gc,heap     ] GC(55) Eden regions: 45->0(45)
[2025-01-05T21:02:11.560+0530][gc,heap     ] GC(55) Survivor regions: 6->6(7)
[2025-01-05T21:02:11.560+0530][gc,heap     ] GC(55) Old regions: 131->135
[2025-01-05T21:02:11.560+0530][gc,heap     ] GC(55) Humongous regions: 131->131
[2025-01-05T21:02:11.560+0530][gc,metaspace] GC(55) Metaspace: 43947K(44608K)->43947K(44608K) NonClass: 38870K(39232K)->38870K(39232K) Class: 5076K(5376K)->5076K(5376K)
[2025-01-05T21:02:11.560+0530][gc          ] GC(55) Pause Young (Normal) (G1 Evacuation Pause) 312M->270M(1024M) 18.206ms
[2025-01-05T21:02:11.560+0530][gc,cpu      ] GC(55) User=0.03s Sys=0.02s Real=0.02s
[2025-01-05T21:04:22.978+0530][gc,start    ] GC(56) Pause Young (Normal) (G1 Evacuation Pause)
[2025-01-05T21:04:22.979+0530][gc,task     ] GC(56) Using 9 workers of 9 for evacuation
[2025-01-05T21:04:22.996+0530][gc,phases   ] GC(56)   Pre Evacuate Collection Set: 0.6ms
[2025-01-05T21:04:22.996+0530][gc,phases   ] GC(56)   Merge Heap Roots: 0.2ms
[2025-01-05T21:04:22.996+0530][gc,phases   ] GC(56)   Evacuate Collection Set: 15.7ms
[2025-01-05T21:04:22.996+0530][gc,phases   ] GC(56)   Post Evacuate Collection Set: 0.7ms
[2025-01-05T21:04:22.996+0530][gc,phases   ] GC(56)   Other: 0.2ms
[2025-01-05T21:04:22.996+0530][gc,heap     ] GC(56) Eden regions: 45->0(45)
[2025-01-05T21:04:22.996+0530][gc,heap     ] GC(56) Survivor regions: 6->6(7)
[2025-01-05T21:04:22.996+0530][gc,heap     ] GC(56) Old regions: 135->138
[2025-01-05T21:04:22.996+0530][gc,heap     ] GC(56) Humongous regions: 131->131
[2025-01-05T21:04:22.996+0530][gc,metaspace] GC(56) Metaspace: 43947K(44608K)->43947K(44608K) NonClass: 38870K(39232K)->38870K(39232K) Class: 5076K(5376K)->5076K(5376K)
[2025-01-05T21:04:22.996+0530][gc          ] GC(56) Pause Young (Normal) (G1 Evacuation Pause) 315M->274M(1024M) 18.387ms
[2025-01-05T21:04:22.996+0530][gc,cpu      ] GC(56) User=0.03s Sys=0.03s Real=0.02s
[2025-01-05T21:06:34.189+0530][gc,start    ] GC(57) Pause Young (Normal) (G1 Evacuation Pause)
[2025-01-05T21:06:34.195+0530][gc,task     ] GC(57) Using 9 workers of 9 for evacuation
[2025-01-05T21:06:34.216+0530][gc,mmu      ] GC(57) MMU target violated: 21.0ms (20.0ms/21.0ms)
[2025-01-05T21:06:34.216+0530][gc,phases   ] GC(57)   Pre Evacuate Collection Set: 1.6ms
[2025-01-05T21:06:34.216+0530][gc,phases   ] GC(57)   Merge Heap Roots: 0.5ms
[2025-01-05T21:06:34.216+0530][gc,phases   ] GC(57)   Evacuate Collection Set: 17.7ms
[2025-01-05T21:06:34.216+0530][gc,phases   ] GC(57)   Post Evacuate Collection Set: 1.2ms
[2025-01-05T21:06:34.216+0530][gc,phases   ] GC(57)   Other: 0.4ms
[2025-01-05T21:06:34.216+0530][gc,heap     ] GC(57) Eden regions: 45->0(66)
[2025-01-05T21:06:34.216+0530][gc,heap     ] GC(57) Survivor regions: 6->4(7)
[2025-01-05T21:06:34.216+0530][gc,heap     ] GC(57) Old regions: 138->142
[2025-01-05T21:06:34.216+0530][gc,heap     ] GC(57) Humongous regions: 131->131
[2025-01-05T21:06:34.216+0530][gc,metaspace] GC(57) Metaspace: 43947K(44608K)->43947K(44608K) NonClass: 38870K(39232K)->38870K(39232K) Class: 5076K(5376K)->5076K(5376K)
[2025-01-05T21:06:34.216+0530][gc          ] GC(57) Pause Young (Normal) (G1 Evacuation Pause) 319M->276M(1024M) 27.043ms
[2025-01-05T21:06:34.216+0530][gc,cpu      ] GC(57) User=0.04s Sys=0.03s Real=0.03s
[2025-01-05T21:09:36.681+0530][gc,start    ] GC(58) Pause Young (Normal) (G1 Evacuation Pause)
[2025-01-05T21:09:36.683+0530][gc,task     ] GC(58) Using 9 workers of 9 for evacuation
[2025-01-05T21:09:36.705+0530][gc,mmu      ] GC(58) MMU target violated: 21.0ms (20.0ms/21.0ms)
[2025-01-05T21:09:36.705+0530][gc,phases   ] GC(58)   Pre Evacuate Collection Set: 1.6ms
[2025-01-05T21:09:36.705+0530][gc,phases   ] GC(58)   Merge Heap Roots: 0.5ms
[2025-01-05T21:09:36.705+0530][gc,phases   ] GC(58)   Evacuate Collection Set: 19.1ms
[2025-01-05T21:09:36.705+0530][gc,phases   ] GC(58)   Post Evacuate Collection Set: 0.8ms
[2025-01-05T21:09:36.705+0530][gc,phases   ] GC(58)   Other: 0.4ms
[2025-01-05T21:09:36.705+0530][gc,heap     ] GC(58) Eden regions: 62->0(42)
[2025-01-05T21:09:36.705+0530][gc,heap     ] GC(58) Survivor regions: 4->9(9)
[2025-01-05T21:09:36.705+0530][gc,heap     ] GC(58) Old regions: 142->142
[2025-01-05T21:09:36.705+0530][gc,heap     ] GC(58) Humongous regions: 131->131
[2025-01-05T21:09:36.705+0530][gc,metaspace] GC(58) Metaspace: 43949K(44608K)->43949K(44608K) NonClass: 38873K(39232K)->38873K(39232K) Class: 5076K(5376K)->5076K(5376K)
[2025-01-05T21:09:36.705+0530][gc          ] GC(58) Pause Young (Normal) (G1 Evacuation Pause) 338M->281M(1024M) 23.714ms
[2025-01-05T21:09:36.705+0530][gc,cpu      ] GC(58) User=0.03s Sys=0.03s Real=0.02s
[2025-01-05T21:11:38.977+0530][gc,start    ] GC(59) Pause Young (Normal) (G1 Evacuation Pause)
[2025-01-05T21:11:38.979+0530][gc,task     ] GC(59) Using 9 workers of 9 for evacuation
[2025-01-05T21:11:38.999+0530][gc,phases   ] GC(59)   Pre Evacuate Collection Set: 1.7ms
[2025-01-05T21:11:38.999+0530][gc,phases   ] GC(59)   Merge Heap Roots: 0.4ms
[2025-01-05T21:11:38.999+0530][gc,phases   ] GC(59)   Evacuate Collection Set: 16.8ms
[2025-01-05T21:11:38.999+0530][gc,phases   ] GC(59)   Post Evacuate Collection Set: 0.5ms
[2025-01-05T21:11:38.999+0530][gc,phases   ] GC(59)   Other: 0.4ms
[2025-01-05T21:11:38.999+0530][gc,heap     ] GC(59) Eden regions: 42->0(63)
[2025-01-05T21:11:38.999+0530][gc,heap     ] GC(59) Survivor regions: 9->6(7)
[2025-01-05T21:11:38.999+0530][gc,heap     ] GC(59) Old regions: 142->150
[2025-01-05T21:11:38.999+0530][gc,heap     ] GC(59) Humongous regions: 131->131
[2025-01-05T21:11:38.999+0530][gc,metaspace] GC(59) Metaspace: 43949K(44608K)->43949K(44608K) NonClass: 38873K(39232K)->38873K(39232K) Class: 5076K(5376K)->5076K(5376K)
[2025-01-05T21:11:38.999+0530][gc          ] GC(59) Pause Young (Normal) (G1 Evacuation Pause) 323M->285M(1024M) 21.874ms
[2025-01-05T21:11:38.999+0530][gc,cpu      ] GC(59) User=0.04s Sys=0.03s Real=0.02s
[2025-01-05T21:15:10.389+0530][gc,start    ] GC(60) Pause Young (Normal) (G1 Evacuation Pause)
[2025-01-05T21:15:10.392+0530][gc,task     ] GC(60) Using 9 workers of 9 for evacuation
[2025-01-05T21:15:10.410+0530][gc,phases   ] GC(60)   Pre Evacuate Collection Set: 0.9ms
[2025-01-05T21:15:10.410+0530][gc,phases   ] GC(60)   Merge Heap Roots: 0.3ms
[2025-01-05T21:15:10.410+0530][gc,phases   ] GC(60)   Evacuate Collection Set: 15.0ms
[2025-01-05T21:15:10.410+0530][gc,phases   ] GC(60)   Post Evacuate Collection Set: 0.9ms
[2025-01-05T21:15:10.410+0530][gc,phases   ] GC(60)   Other: 0.5ms
[2025-01-05T21:15:10.410+0530][gc,heap     ] GC(60) Eden regions: 72->0(41)
[2025-01-05T21:15:10.410+0530][gc,heap     ] GC(60) Survivor regions: 6->10(10)
[2025-01-05T21:15:10.410+0530][gc,heap     ] GC(60) Old regions: 150->150
[2025-01-05T21:15:10.410+0530][gc,heap     ] GC(60) Humongous regions: 131->131
[2025-01-05T21:15:10.410+0530][gc,metaspace] GC(60) Metaspace: 43949K(44608K)->43949K(44608K) NonClass: 38873K(39232K)->38873K(39232K) Class: 5076K(5376K)->5076K(5376K)
[2025-01-05T21:15:10.410+0530][gc          ] GC(60) Pause Young (Normal) (G1 Evacuation Pause) 357M->289M(1024M) 21.155ms
[2025-01-05T21:15:10.410+0530][gc,cpu      ] GC(60) User=0.03s Sys=0.03s Real=0.03s
[2025-01-05T21:17:10.428+0530][gc,start    ] GC(61) Pause Young (Normal) (G1 Evacuation Pause)
[2025-01-05T21:17:10.429+0530][gc,task     ] GC(61) Using 9 workers of 9 for evacuation
[2025-01-05T21:17:10.456+0530][gc,mmu      ] GC(61) MMU target violated: 21.0ms (20.0ms/21.0ms)
[2025-01-05T21:17:10.456+0530][gc,phases   ] GC(61)   Pre Evacuate Collection Set: 1.3ms
[2025-01-05T21:17:10.456+0530][gc,phases   ] GC(61)   Merge Heap Roots: 0.3ms
[2025-01-05T21:17:10.456+0530][gc,phases   ] GC(61)   Evacuate Collection Set: 23.7ms
[2025-01-05T21:17:10.456+0530][gc,phases   ] GC(61)   Post Evacuate Collection Set: 1.1ms
[2025-01-05T21:17:10.456+0530][gc,phases   ] GC(61)   Other: 0.4ms
[2025-01-05T21:17:10.456+0530][gc,heap     ] GC(61) Eden regions: 41->0(84)
[2025-01-05T21:17:10.456+0530][gc,heap     ] GC(61) Survivor regions: 10->4(7)
[2025-01-05T21:17:10.456+0530][gc,heap     ] GC(61) Old regions: 150->158
[2025-01-05T21:17:10.456+0530][gc,heap     ] GC(61) Humongous regions: 131->131
[2025-01-05T21:17:10.456+0530][gc,metaspace] GC(61) Metaspace: 43949K(44608K)->43949K(44608K) NonClass: 38873K(39232K)->38873K(39232K) Class: 5076K(5376K)->5076K(5376K)
[2025-01-05T21:17:10.456+0530][gc          ] GC(61) Pause Young (Normal) (G1 Evacuation Pause) 330M->292M(1024M) 28.388ms
[2025-01-05T21:17:10.456+0530][gc,cpu      ] GC(61) User=0.05s Sys=0.04s Real=0.03s
[2025-01-05T21:21:33.058+0530][gc,start    ] GC(62) Pause Young (Normal) (G1 Evacuation Pause)
[2025-01-05T21:21:33.059+0530][gc,task     ] GC(62) Using 9 workers of 9 for evacuation
[2025-01-05T21:21:33.076+0530][gc,phases   ] GC(62)   Pre Evacuate Collection Set: 0.9ms
[2025-01-05T21:21:33.076+0530][gc,phases   ] GC(62)   Merge Heap Roots: 0.2ms
[2025-01-05T21:21:33.076+0530][gc,phases   ] GC(62)   Evacuate Collection Set: 15.1ms
[2025-01-05T21:21:33.076+0530][gc,phases   ] GC(62)   Post Evacuate Collection Set: 0.6ms
[2025-01-05T21:21:33.076+0530][gc,phases   ] GC(62)   Other: 0.2ms
[2025-01-05T21:21:33.076+0530][gc,heap     ] GC(62) Eden regions: 89->0(40)
[2025-01-05T21:21:33.076+0530][gc,heap     ] GC(62) Survivor regions: 4->11(12)
[2025-01-05T21:21:33.076+0530][gc,heap     ] GC(62) Old regions: 158->158
[2025-01-05T21:21:33.076+0530][gc,heap     ] GC(62) Humongous regions: 131->131
[2025-01-05T21:21:33.076+0530][gc,metaspace] GC(62) Metaspace: 43949K(44608K)->43949K(44608K) NonClass: 38873K(39232K)->38873K(39232K) Class: 5076K(5376K)->5076K(5376K)
[2025-01-05T21:21:33.076+0530][gc          ] GC(62) Pause Young (Normal) (G1 Evacuation Pause) 381M->299M(1024M) 17.506ms
[2025-01-05T21:21:33.076+0530][gc,cpu      ] GC(62) User=0.04s Sys=0.02s Real=0.02s
[2025-01-05T21:23:29.917+0530][gc,start    ] GC(63) Pause Young (Normal) (G1 Evacuation Pause)
[2025-01-05T21:23:29.918+0530][gc,task     ] GC(63) Using 9 workers of 9 for evacuation
[2025-01-05T21:23:29.938+0530][gc,mmu      ] GC(63) MMU target violated: 20.1ms (20.0ms/21.0ms)
[2025-01-05T21:23:29.938+0530][gc,phases   ] GC(63)   Pre Evacuate Collection Set: 1.7ms
[2025-01-05T21:23:29.938+0530][gc,phases   ] GC(63)   Merge Heap Roots: 0.2ms
[2025-01-05T21:23:29.938+0530][gc,phases   ] GC(63)   Evacuate Collection Set: 17.5ms
[2025-01-05T21:23:29.938+0530][gc,phases   ] GC(63)   Post Evacuate Collection Set: 0.6ms
[2025-01-05T21:23:29.938+0530][gc,phases   ] GC(63)   Other: 0.3ms
[2025-01-05T21:23:29.938+0530][gc,heap     ] GC(63) Eden regions: 40->0(93)
[2025-01-05T21:23:29.938+0530][gc,heap     ] GC(63) Survivor regions: 11->4(7)
[2025-01-05T21:23:29.938+0530][gc,heap     ] GC(63) Old regions: 158->168
[2025-01-05T21:23:29.938+0530][gc,heap     ] GC(63) Humongous regions: 131->131
[2025-01-05T21:23:29.938+0530][gc,metaspace] GC(63) Metaspace: 43949K(44608K)->43949K(44608K) NonClass: 38873K(39232K)->38873K(39232K) Class: 5076K(5376K)->5076K(5376K)
[2025-01-05T21:23:29.938+0530][gc          ] GC(63) Pause Young (Normal) (G1 Evacuation Pause) 339M->302M(1024M) 21.319ms
[2025-01-05T21:23:29.938+0530][gc,cpu      ] GC(63) User=0.03s Sys=0.02s Real=0.02s
[2025-01-05T21:28:18.272+0530][gc,start    ] GC(64) Pause Young (Normal) (G1 Evacuation Pause)
[2025-01-05T21:28:18.274+0530][gc,task     ] GC(64) Using 9 workers of 9 for evacuation
[2025-01-05T21:28:18.303+0530][gc,mmu      ] GC(64) MMU target violated: 21.0ms (20.0ms/21.0ms)
[2025-01-05T21:28:18.303+0530][gc,phases   ] GC(64)   Pre Evacuate Collection Set: 1.1ms
[2025-01-05T21:28:18.303+0530][gc,phases   ] GC(64)   Merge Heap Roots: 0.2ms
[2025-01-05T21:28:18.303+0530][gc,phases   ] GC(64)   Evacuate Collection Set: 26.7ms
[2025-01-05T21:28:18.303+0530][gc,phases   ] GC(64)   Post Evacuate Collection Set: 0.6ms
[2025-01-05T21:28:18.303+0530][gc,phases   ] GC(64)   Other: 0.3ms
[2025-01-05T21:28:18.303+0530][gc,heap     ] GC(64) Eden regions: 98->0(39)
[2025-01-05T21:28:18.303+0530][gc,heap     ] GC(64) Survivor regions: 4->12(13)
[2025-01-05T21:28:18.303+0530][gc,heap     ] GC(64) Old regions: 168->168
[2025-01-05T21:28:18.303+0530][gc,heap     ] GC(64) Humongous regions: 131->131
[2025-01-05T21:28:18.303+0530][gc,metaspace] GC(64) Metaspace: 43949K(44608K)->43949K(44608K) NonClass: 38873K(39232K)->38873K(39232K) Class: 5076K(5376K)->5076K(5376K)
[2025-01-05T21:28:18.303+0530][gc          ] GC(64) Pause Young (Normal) (G1 Evacuation Pause) 400M->310M(1024M) 31.221ms
[2025-01-05T21:28:18.303+0530][gc,cpu      ] GC(64) User=0.04s Sys=0.03s Real=0.03s
[2025-01-05T21:30:13.502+0530][gc,start    ] GC(65) Pause Young (Normal) (G1 Evacuation Pause)
[2025-01-05T21:30:13.503+0530][gc,task     ] GC(65) Using 9 workers of 9 for evacuation
[2025-01-05T21:30:13.522+0530][gc,phases   ] GC(65)   Pre Evacuate Collection Set: 0.8ms
[2025-01-05T21:30:13.522+0530][gc,phases   ] GC(65)   Merge Heap Roots: 0.5ms
[2025-01-05T21:30:13.522+0530][gc,phases   ] GC(65)   Evacuate Collection Set: 16.3ms
[2025-01-05T21:30:13.522+0530][gc,phases   ] GC(65)   Post Evacuate Collection Set: 0.6ms
[2025-01-05T21:30:13.522+0530][gc,phases   ] GC(65)   Other: 0.3ms
[2025-01-05T21:30:13.522+0530][gc,heap     ] GC(65) Eden regions: 39->0(84)
[2025-01-05T21:30:13.522+0530][gc,heap     ] GC(65) Survivor regions: 12->5(7)
[2025-01-05T21:30:13.522+0530][gc,heap     ] GC(65) Old regions: 168->178
[2025-01-05T21:30:13.522+0530][gc,heap     ] GC(65) Humongous regions: 131->131
[2025-01-05T21:30:13.522+0530][gc,metaspace] GC(65) Metaspace: 43949K(44608K)->43949K(44608K) NonClass: 38873K(39232K)->38873K(39232K) Class: 5076K(5376K)->5076K(5376K)
[2025-01-05T21:30:13.522+0530][gc          ] GC(65) Pause Young (Normal) (G1 Evacuation Pause) 349M->313M(1024M) 19.297ms
[2025-01-05T21:30:13.522+0530][gc,cpu      ] GC(65) User=0.03s Sys=0.02s Real=0.02s
[2025-01-05T21:34:25.344+0530][gc,start    ] GC(66) Pause Young (Normal) (G1 Evacuation Pause)
[2025-01-05T21:34:25.346+0530][gc,task     ] GC(66) Using 9 workers of 9 for evacuation
[2025-01-05T21:34:25.373+0530][gc,mmu      ] GC(66) MMU target violated: 21.0ms (20.0ms/21.0ms)
[2025-01-05T21:34:25.373+0530][gc,phases   ] GC(66)   Pre Evacuate Collection Set: 1.1ms
[2025-01-05T21:34:25.373+0530][gc,phases   ] GC(66)   Merge Heap Roots: 0.5ms
[2025-01-05T21:34:25.373+0530][gc,phases   ] GC(66)   Evacuate Collection Set: 21.2ms
[2025-01-05T21:34:25.373+0530][gc,phases   ] GC(66)   Post Evacuate Collection Set: 3.0ms
[2025-01-05T21:34:25.373+0530][gc,phases   ] GC(66)   Other: 1.6ms
[2025-01-05T21:34:25.373+0530][gc,heap     ] GC(66) Eden regions: 86->0(40)
[2025-01-05T21:34:25.373+0530][gc,heap     ] GC(66) Survivor regions: 5->11(12)
[2025-01-05T21:34:25.373+0530][gc,heap     ] GC(66) Old regions: 178->178
[2025-01-05T21:34:25.373+0530][gc,heap     ] GC(66) Humongous regions: 131->131
[2025-01-05T21:34:25.373+0530][gc,metaspace] GC(66) Metaspace: 43949K(44608K)->43949K(44608K) NonClass: 38873K(39232K)->38873K(39232K) Class: 5076K(5376K)->5076K(5376K)
[2025-01-05T21:34:25.374+0530][gc          ] GC(66) Pause Young (Normal) (G1 Evacuation Pause) 399M->319M(1024M) 30.060ms
[2025-01-05T21:34:25.374+0530][gc,cpu      ] GC(66) User=0.03s Sys=0.02s Real=0.03s
[2025-01-05T21:36:22.771+0530][gc,start    ] GC(67) Pause Young (Normal) (G1 Evacuation Pause)
[2025-01-05T21:36:22.772+0530][gc,task     ] GC(67) Using 9 workers of 9 for evacuation
[2025-01-05T21:36:22.794+0530][gc,mmu      ] GC(67) MMU target violated: 21.0ms (20.0ms/21.0ms)
[2025-01-05T21:36:22.794+0530][gc,phases   ] GC(67)   Pre Evacuate Collection Set: 1.3ms
[2025-01-05T21:36:22.794+0530][gc,phases   ] GC(67)   Merge Heap Roots: 0.4ms
[2025-01-05T21:36:22.794+0530][gc,phases   ] GC(67)   Evacuate Collection Set: 19.1ms
[2025-01-05T21:36:22.794+0530][gc,phases   ] GC(67)   Post Evacuate Collection Set: 0.6ms
[2025-01-05T21:36:22.794+0530][gc,phases   ] GC(67)   Other: 0.3ms
[2025-01-05T21:36:22.794+0530][gc,heap     ] GC(67) Eden regions: 40->0(102)
[2025-01-05T21:36:22.794+0530][gc,heap     ] GC(67) Survivor regions: 11->4(7)
[2025-01-05T21:36:22.794+0530][gc,heap     ] GC(67) Old regions: 178->187
[2025-01-05T21:36:22.794+0530][gc,heap     ] GC(67) Humongous regions: 131->131
[2025-01-05T21:36:22.794+0530][gc,metaspace] GC(67) Metaspace: 43949K(44608K)->43949K(44608K) NonClass: 38873K(39232K)->38873K(39232K) Class: 5076K(5376K)->5076K(5376K)
[2025-01-05T21:36:22.794+0530][gc          ] GC(67) Pause Young (Normal) (G1 Evacuation Pause) 359M->321M(1024M) 22.341ms
[2025-01-05T21:36:22.794+0530][gc,cpu      ] GC(67) User=0.04s Sys=0.02s Real=0.02s
[2025-01-05T21:41:32.344+0530][gc,start    ] GC(68) Pause Young (Normal) (G1 Evacuation Pause)
[2025-01-05T21:41:32.345+0530][gc,task     ] GC(68) Using 9 workers of 9 for evacuation
[2025-01-05T21:41:32.376+0530][gc,mmu      ] GC(68) MMU target violated: 21.0ms (20.0ms/21.0ms)
[2025-01-05T21:41:32.376+0530][gc,phases   ] GC(68)   Pre Evacuate Collection Set: 1.2ms
[2025-01-05T21:41:32.376+0530][gc,phases   ] GC(68)   Merge Heap Roots: 0.3ms
[2025-01-05T21:41:32.376+0530][gc,phases   ] GC(68)   Evacuate Collection Set: 28.2ms
[2025-01-05T21:41:32.376+0530][gc,phases   ] GC(68)   Post Evacuate Collection Set: 0.8ms
[2025-01-05T21:41:32.376+0530][gc,phases   ] GC(68)   Other: 0.4ms
[2025-01-05T21:41:32.376+0530][gc,heap     ] GC(68) Eden regions: 105->0(39)
[2025-01-05T21:41:32.376+0530][gc,heap     ] GC(68) Survivor regions: 4->12(14)
[2025-01-05T21:41:32.376+0530][gc,heap     ] GC(68) Old regions: 187->187
[2025-01-05T21:41:32.376+0530][gc,heap     ] GC(68) Humongous regions: 131->131
[2025-01-05T21:41:32.376+0530][gc,metaspace] GC(68) Metaspace: 43949K(44608K)->43949K(44608K) NonClass: 38873K(39232K)->38873K(39232K) Class: 5076K(5376K)->5076K(5376K)
[2025-01-05T21:41:32.376+0530][gc          ] GC(68) Pause Young (Normal) (G1 Evacuation Pause) 426M->329M(1024M) 32.820ms
[2025-01-05T21:41:32.376+0530][gc,cpu      ] GC(68) User=0.05s Sys=0.04s Real=0.03s
[2025-01-05T21:43:18.520+0530][gc,start    ] GC(69) Pause Young (Normal) (G1 Evacuation Pause)
[2025-01-05T21:43:18.522+0530][gc,task     ] GC(69) Using 9 workers of 9 for evacuation
[2025-01-05T21:43:18.596+0530][gc,mmu      ] GC(69) MMU target violated: 21.0ms (20.0ms/21.0ms)
[2025-01-05T21:43:18.596+0530][gc,phases   ] GC(69)   Pre Evacuate Collection Set: 2.4ms
[2025-01-05T21:43:18.596+0530][gc,phases   ] GC(69)   Merge Heap Roots: 0.5ms
[2025-01-05T21:43:18.596+0530][gc,phases   ] GC(69)   Evacuate Collection Set: 69.8ms
[2025-01-05T21:43:18.596+0530][gc,phases   ] GC(69)   Post Evacuate Collection Set: 0.9ms
[2025-01-05T21:43:18.596+0530][gc,phases   ] GC(69)   Other: 0.5ms
[2025-01-05T21:43:18.596+0530][gc,heap     ] GC(69) Eden regions: 39->0(45)
[2025-01-05T21:43:18.596+0530][gc,heap     ] GC(69) Survivor regions: 12->6(7)
[2025-01-05T21:43:18.596+0530][gc,heap     ] GC(69) Old regions: 187->198
[2025-01-05T21:43:18.596+0530][gc,heap     ] GC(69) Humongous regions: 131->131
[2025-01-05T21:43:18.596+0530][gc,metaspace] GC(69) Metaspace: 43949K(44608K)->43949K(44608K) NonClass: 38873K(39232K)->38873K(39232K) Class: 5076K(5376K)->5076K(5376K)
[2025-01-05T21:43:18.596+0530][gc          ] GC(69) Pause Young (Normal) (G1 Evacuation Pause) 368M->333M(1024M) 76.157ms
[2025-01-05T21:43:18.596+0530][gc,cpu      ] GC(69) User=0.06s Sys=0.14s Real=0.07s
[2025-01-05T21:45:31.105+0530][gc,start    ] GC(70) Pause Young (Normal) (G1 Evacuation Pause)
[2025-01-05T21:45:31.109+0530][gc,task     ] GC(70) Using 9 workers of 9 for evacuation
[2025-01-05T21:45:31.126+0530][gc,phases   ] GC(70)   Pre Evacuate Collection Set: 1.5ms
[2025-01-05T21:45:31.128+0530][gc,phases   ] GC(70)   Merge Heap Roots: 0.4ms
[2025-01-05T21:45:31.128+0530][gc,phases   ] GC(70)   Evacuate Collection Set: 13.4ms
[2025-01-05T21:45:31.128+0530][gc,phases   ] GC(70)   Post Evacuate Collection Set: 1.3ms
[2025-01-05T21:45:31.128+0530][gc,phases   ] GC(70)   Other: 0.4ms
[2025-01-05T21:45:31.128+0530][gc,heap     ] GC(70) Eden regions: 45->0(49)
[2025-01-05T21:45:31.128+0530][gc,heap     ] GC(70) Survivor regions: 6->2(7)
[2025-01-05T21:45:31.128+0530][gc,heap     ] GC(70) Old regions: 198->200
[2025-01-05T21:45:31.128+0530][gc,heap     ] GC(70) Humongous regions: 131->131
[2025-01-05T21:45:31.128+0530][gc,metaspace] GC(70) Metaspace: 43949K(44608K)->43949K(44608K) NonClass: 38873K(39232K)->38873K(39232K) Class: 5076K(5376K)->5076K(5376K)
[2025-01-05T21:45:31.128+0530][gc          ] GC(70) Pause Young (Normal) (G1 Evacuation Pause) 378M->332M(1024M) 22.386ms
[2025-01-05T21:45:31.128+0530][gc,cpu      ] GC(70) User=0.03s Sys=0.03s Real=0.02s
[2025-01-05T21:48:21.316+0530][gc,start    ] GC(71) Pause Young (Normal) (G1 Evacuation Pause)
[2025-01-05T21:48:21.319+0530][gc,task     ] GC(71) Using 9 workers of 9 for evacuation
[2025-01-05T21:48:21.338+0530][gc,phases   ] GC(71)   Pre Evacuate Collection Set: 1.7ms
[2025-01-05T21:48:21.338+0530][gc,phases   ] GC(71)   Merge Heap Roots: 0.3ms
[2025-01-05T21:48:21.338+0530][gc,phases   ] GC(71)   Evacuate Collection Set: 15.9ms
[2025-01-05T21:48:21.338+0530][gc,phases   ] GC(71)   Post Evacuate Collection Set: 0.6ms
[2025-01-05T21:48:21.338+0530][gc,phases   ] GC(71)   Other: 0.2ms
[2025-01-05T21:48:21.338+0530][gc,heap     ] GC(71) Eden regions: 58->0(43)
[2025-01-05T21:48:21.338+0530][gc,heap     ] GC(71) Survivor regions: 2->8(8)
[2025-01-05T21:48:21.338+0530][gc,heap     ] GC(71) Old regions: 200->200
[2025-01-05T21:48:21.338+0530][gc,heap     ] GC(71) Humongous regions: 131->131
[2025-01-05T21:48:21.338+0530][gc,metaspace] GC(71) Metaspace: 43949K(44608K)->43949K(44608K) NonClass: 38873K(39232K)->38873K(39232K) Class: 5076K(5376K)->5076K(5376K)
[2025-01-05T21:48:21.338+0530][gc          ] GC(71) Pause Young (Normal) (G1 Evacuation Pause) 390M->337M(1024M) 21.798ms
[2025-01-05T21:48:21.338+0530][gc,cpu      ] GC(71) User=0.03s Sys=0.02s Real=0.02s
[2025-01-05T21:50:27.109+0530][gc,start    ] GC(72) Pause Young (Normal) (G1 Evacuation Pause)
[2025-01-05T21:50:27.111+0530][gc,task     ] GC(72) Using 9 workers of 9 for evacuation
[2025-01-05T21:50:27.131+0530][gc,mmu      ] GC(72) MMU target violated: 20.4ms (20.0ms/21.0ms)
[2025-01-05T21:50:27.131+0530][gc,phases   ] GC(72)   Pre Evacuate Collection Set: 1.1ms
[2025-01-05T21:50:27.131+0530][gc,phases   ] GC(72)   Merge Heap Roots: 0.2ms
[2025-01-05T21:50:27.131+0530][gc,phases   ] GC(72)   Evacuate Collection Set: 18.5ms
[2025-01-05T21:50:27.131+0530][gc,phases   ] GC(72)   Post Evacuate Collection Set: 0.6ms
[2025-01-05T21:50:27.131+0530][gc,phases   ] GC(72)   Other: 0.3ms
[2025-01-05T21:50:27.131+0530][gc,heap     ] GC(72) Eden regions: 43->0(46)
[2025-01-05T21:50:27.131+0530][gc,heap     ] GC(72) Survivor regions: 8->5(7)
[2025-01-05T21:50:27.131+0530][gc,heap     ] GC(72) Old regions: 200->205
[2025-01-05T21:50:27.131+0530][gc,heap     ] GC(72) Humongous regions: 131->131
[2025-01-05T21:50:27.131+0530][gc,metaspace] GC(72) Metaspace: 43949K(44608K)->43949K(44608K) NonClass: 38873K(39232K)->38873K(39232K) Class: 5076K(5376K)->5076K(5376K)
[2025-01-05T21:50:27.131+0530][gc          ] GC(72) Pause Young (Normal) (G1 Evacuation Pause) 380M->340M(1024M) 22.460ms
[2025-01-05T21:50:27.131+0530][gc,cpu      ] GC(72) User=0.03s Sys=0.03s Real=0.03s
[2025-01-05T21:52:41.845+0530][gc,start    ] GC(73) Pause Young (Normal) (G1 Evacuation Pause)
[2025-01-05T21:52:41.847+0530][gc,task     ] GC(73) Using 9 workers of 9 for evacuation
[2025-01-05T21:52:41.871+0530][gc,mmu      ] GC(73) MMU target violated: 21.0ms (20.0ms/21.0ms)
[2025-01-05T21:52:41.871+0530][gc,phases   ] GC(73)   Pre Evacuate Collection Set: 1.4ms
[2025-01-05T21:52:41.871+0530][gc,phases   ] GC(73)   Merge Heap Roots: 0.4ms
[2025-01-05T21:52:41.871+0530][gc,phases   ] GC(73)   Evacuate Collection Set: 21.1ms
[2025-01-05T21:52:41.871+0530][gc,phases   ] GC(73)   Post Evacuate Collection Set: 0.8ms
[2025-01-05T21:52:41.871+0530][gc,phases   ] GC(73)   Other: 0.4ms
[2025-01-05T21:52:41.871+0530][gc,heap     ] GC(73) Eden regions: 46->0(45)
[2025-01-05T21:52:41.871+0530][gc,heap     ] GC(73) Survivor regions: 5->6(7)
[2025-01-05T21:52:41.871+0530][gc,heap     ] GC(73) Old regions: 205->209
[2025-01-05T21:52:41.871+0530][gc,heap     ] GC(73) Humongous regions: 131->131
[2025-01-05T21:52:41.871+0530][gc,metaspace] GC(73) Metaspace: 43949K(44608K)->43949K(44608K) NonClass: 38873K(39232K)->38873K(39232K) Class: 5076K(5376K)->5076K(5376K)
[2025-01-05T21:52:41.871+0530][gc          ] GC(73) Pause Young (Normal) (G1 Evacuation Pause) 386M->344M(1024M) 26.360ms
[2025-01-05T21:52:41.871+0530][gc,cpu      ] GC(73) User=0.04s Sys=0.02s Real=0.03s
[2025-01-05T21:54:54.754+0530][gc,start    ] GC(74) Pause Young (Normal) (G1 Evacuation Pause)
[2025-01-05T21:54:54.757+0530][gc,task     ] GC(74) Using 9 workers of 9 for evacuation
[2025-01-05T21:54:54.775+0530][gc,phases   ] GC(74)   Pre Evacuate Collection Set: 1.8ms
[2025-01-05T21:54:54.775+0530][gc,phases   ] GC(74)   Merge Heap Roots: 0.3ms
[2025-01-05T21:54:54.775+0530][gc,phases   ] GC(74)   Evacuate Collection Set: 13.9ms
[2025-01-05T21:54:54.775+0530][gc,phases   ] GC(74)   Post Evacuate Collection Set: 1.1ms
[2025-01-05T21:54:54.775+0530][gc,phases   ] GC(74)   Other: 0.4ms
[2025-01-05T21:54:54.775+0530][gc,heap     ] GC(74) Eden regions: 45->0(45)
[2025-01-05T21:54:54.775+0530][gc,heap     ] GC(74) Survivor regions: 6->6(7)
[2025-01-05T21:54:54.775+0530][gc,heap     ] GC(74) Old regions: 209->212
[2025-01-05T21:54:54.775+0530][gc,heap     ] GC(74) Humongous regions: 131->131
[2025-01-05T21:54:54.775+0530][gc,metaspace] GC(74) Metaspace: 43949K(44608K)->43949K(44608K) NonClass: 38873K(39232K)->38873K(39232K) Class: 5076K(5376K)->5076K(5376K)
[2025-01-05T21:54:54.775+0530][gc          ] GC(74) Pause Young (Normal) (G1 Evacuation Pause) 389M->348M(1024M) 20.602ms
[2025-01-05T21:54:54.775+0530][gc,cpu      ] GC(74) User=0.05s Sys=0.05s Real=0.02s
[2025-01-05T21:57:06.539+0530][gc,start    ] GC(75) Pause Young (Normal) (G1 Evacuation Pause)
[2025-01-05T21:57:06.540+0530][gc,task     ] GC(75) Using 9 workers of 9 for evacuation
[2025-01-05T21:57:06.560+0530][gc,phases   ] GC(75)   Pre Evacuate Collection Set: 1.0ms
[2025-01-05T21:57:06.560+0530][gc,phases   ] GC(75)   Merge Heap Roots: 0.4ms
[2025-01-05T21:57:06.560+0530][gc,phases   ] GC(75)   Evacuate Collection Set: 17.5ms
[2025-01-05T21:57:06.560+0530][gc,phases   ] GC(75)   Post Evacuate Collection Set: 0.7ms
[2025-01-05T21:57:06.560+0530][gc,phases   ] GC(75)   Other: 0.2ms
[2025-01-05T21:57:06.560+0530][gc,heap     ] GC(75) Eden regions: 45->0(45)
[2025-01-05T21:57:06.560+0530][gc,heap     ] GC(75) Survivor regions: 6->6(7)
[2025-01-05T21:57:06.560+0530][gc,heap     ] GC(75) Old regions: 212->216
[2025-01-05T21:57:06.560+0530][gc,heap     ] GC(75) Humongous regions: 131->131
[2025-01-05T21:57:06.560+0530][gc,metaspace] GC(75) Metaspace: 43950K(44608K)->43950K(44608K) NonClass: 38874K(39232K)->38874K(39232K) Class: 5076K(5376K)->5076K(5376K)
[2025-01-05T21:57:06.560+0530][gc          ] GC(75) Pause Young (Normal) (G1 Evacuation Pause) 393M->352M(1024M) 20.984ms
[2025-01-05T21:57:06.560+0530][gc,cpu      ] GC(75) User=0.04s Sys=0.03s Real=0.03s
[2025-01-05T21:59:19.133+0530][gc,start    ] GC(76) Pause Young (Normal) (G1 Evacuation Pause)
[2025-01-05T21:59:19.135+0530][gc,task     ] GC(76) Using 9 workers of 9 for evacuation
[2025-01-05T21:59:19.155+0530][gc,phases   ] GC(76)   Pre Evacuate Collection Set: 1.1ms
[2025-01-05T21:59:19.155+0530][gc,phases   ] GC(76)   Merge Heap Roots: 0.4ms
[2025-01-05T21:59:19.155+0530][gc,phases   ] GC(76)   Evacuate Collection Set: 16.5ms
[2025-01-05T21:59:19.155+0530][gc,phases   ] GC(76)   Post Evacuate Collection Set: 0.9ms
[2025-01-05T21:59:19.155+0530][gc,phases   ] GC(76)   Other: 0.7ms
[2025-01-05T21:59:19.155+0530][gc,heap     ] GC(76) Eden regions: 45->0(79)
[2025-01-05T21:59:19.155+0530][gc,heap     ] GC(76) Survivor regions: 6->4(7)
[2025-01-05T21:59:19.155+0530][gc,heap     ] GC(76) Old regions: 216->219
[2025-01-05T21:59:19.155+0530][gc,heap     ] GC(76) Humongous regions: 131->131
[2025-01-05T21:59:19.155+0530][gc,metaspace] GC(76) Metaspace: 43950K(44608K)->43950K(44608K) NonClass: 38874K(39232K)->38874K(39232K) Class: 5076K(5376K)->5076K(5376K)
[2025-01-05T21:59:19.155+0530][gc          ] GC(76) Pause Young (Normal) (G1 Evacuation Pause) 397M->353M(1024M) 21.491ms
[2025-01-05T21:59:19.155+0530][gc,cpu      ] GC(76) User=0.03s Sys=0.02s Real=0.02s
[2025-01-05T22:02:55.157+0530][gc,start    ] GC(77) Pause Young (Normal) (G1 Evacuation Pause)
[2025-01-05T22:02:55.161+0530][gc,task     ] GC(77) Using 9 workers of 9 for evacuation
[2025-01-05T22:02:55.189+0530][gc,mmu      ] GC(77) MMU target violated: 21.0ms (20.0ms/21.0ms)
[2025-01-05T22:02:55.189+0530][gc,phases   ] GC(77)   Pre Evacuate Collection Set: 2.6ms
[2025-01-05T22:02:55.189+0530][gc,phases   ] GC(77)   Merge Heap Roots: 0.8ms
[2025-01-05T22:02:55.189+0530][gc,phases   ] GC(77)   Evacuate Collection Set: 23.1ms
[2025-01-05T22:02:55.189+0530][gc,phases   ] GC(77)   Post Evacuate Collection Set: 1.2ms
[2025-01-05T22:02:55.189+0530][gc,phases   ] GC(77)   Other: 0.6ms
[2025-01-05T22:02:55.189+0530][gc,heap     ] GC(77) Eden regions: 73->0(41)
[2025-01-05T22:02:55.189+0530][gc,heap     ] GC(77) Survivor regions: 4->10(10)
[2025-01-05T22:02:55.189+0530][gc,heap     ] GC(77) Old regions: 219->219
[2025-01-05T22:02:55.189+0530][gc,heap     ] GC(77) Humongous regions: 131->131
[2025-01-05T22:02:55.189+0530][gc,metaspace] GC(77) Metaspace: 43950K(44608K)->43950K(44608K) NonClass: 38874K(39232K)->38874K(39232K) Class: 5076K(5376K)->5076K(5376K)
[2025-01-05T22:02:55.189+0530][gc          ] GC(77) Pause Young (Normal) (G1 Evacuation Pause) 426M->359M(1024M) 31.720ms
[2025-01-05T22:02:55.189+0530][gc,cpu      ] GC(77) User=0.07s Sys=0.05s Real=0.03s
[2025-01-05T22:04:55.878+0530][gc,start    ] GC(78) Pause Young (Normal) (G1 Evacuation Pause)
[2025-01-05T22:04:55.878+0530][gc,task     ] GC(78) Using 9 workers of 9 for evacuation
[2025-01-05T22:04:55.901+0530][gc,mmu      ] GC(78) MMU target violated: 21.0ms (20.0ms/21.0ms)
[2025-01-05T22:04:55.901+0530][gc,phases   ] GC(78)   Pre Evacuate Collection Set: 1.3ms
[2025-01-05T22:04:55.901+0530][gc,phases   ] GC(78)   Merge Heap Roots: 0.3ms
[2025-01-05T22:04:55.901+0530][gc,phases   ] GC(78)   Evacuate Collection Set: 14.3ms
[2025-01-05T22:04:55.901+0530][gc,phases   ] GC(78)   Post Evacuate Collection Set: 4.4ms
[2025-01-05T22:04:55.901+0530][gc,phases   ] GC(78)   Other: 2.3ms
[2025-01-05T22:04:55.901+0530][gc,heap     ] GC(78) Eden regions: 41->0(51)
[2025-01-05T22:04:55.901+0530][gc,heap     ] GC(78) Survivor regions: 10->5(7)
[2025-01-05T22:04:55.901+0530][gc,heap     ] GC(78) Old regions: 219->228
[2025-01-05T22:04:55.901+0530][gc,heap     ] GC(78) Humongous regions: 131->131
[2025-01-05T22:04:55.901+0530][gc,metaspace] GC(78) Metaspace: 43950K(44608K)->43950K(44608K) NonClass: 38874K(39232K)->38874K(39232K) Class: 5076K(5376K)->5076K(5376K)
[2025-01-05T22:04:55.901+0530][gc          ] GC(78) Pause Young (Normal) (G1 Evacuation Pause) 400M->363M(1024M) 23.373ms
[2025-01-05T22:04:55.901+0530][gc,cpu      ] GC(78) User=0.03s Sys=0.02s Real=0.03s
[2025-01-05T22:07:54.861+0530][gc,start    ] GC(79) Pause Young (Concurrent Start) (G1 Evacuation Pause)
[2025-01-05T22:07:54.862+0530][gc,task     ] GC(79) Using 9 workers of 9 for evacuation
[2025-01-05T22:07:54.894+0530][gc,mmu      ] GC(79) MMU target violated: 21.0ms (20.0ms/21.0ms)
[2025-01-05T22:07:54.894+0530][gc,phases   ] GC(79)   Pre Evacuate Collection Set: 1.9ms
[2025-01-05T22:07:54.894+0530][gc,phases   ] GC(79)   Merge Heap Roots: 0.6ms
[2025-01-05T22:07:54.894+0530][gc,phases   ] GC(79)   Evacuate Collection Set: 28.1ms
[2025-01-05T22:07:54.894+0530][gc,phases   ] GC(79)   Post Evacuate Collection Set: 0.5ms
[2025-01-05T22:07:54.894+0530][gc,phases   ] GC(79)   Other: 1.3ms
[2025-01-05T22:07:54.894+0530][gc,heap     ] GC(79) Eden regions: 61->0(42)
[2025-01-05T22:07:54.894+0530][gc,heap     ] GC(79) Survivor regions: 5->9(9)
[2025-01-05T22:07:54.894+0530][gc,heap     ] GC(79) Old regions: 228->228
[2025-01-05T22:07:54.894+0530][gc,heap     ] GC(79) Humongous regions: 131->131
[2025-01-05T22:07:54.894+0530][gc,metaspace] GC(79) Metaspace: 43950K(44608K)->43950K(44608K) NonClass: 38874K(39232K)->38874K(39232K) Class: 5076K(5376K)->5076K(5376K)
[2025-01-05T22:07:54.894+0530][gc          ] GC(79) Pause Young (Concurrent Start) (G1 Evacuation Pause) 424M->366M(1024M) 33.599ms
[2025-01-05T22:07:54.895+0530][gc          ] GC(80) Concurrent Mark Cycle
[2025-01-05T22:07:54.895+0530][gc,cpu      ] GC(79) User=0.03s Sys=0.04s Real=0.03s
[2025-01-05T22:07:54.895+0530][gc,marking  ] GC(80) Concurrent Scan Root Regions
[2025-01-05T22:07:54.898+0530][gc,marking  ] GC(80) Concurrent Scan Root Regions 3.441ms
[2025-01-05T22:07:54.898+0530][gc,marking  ] GC(80) Concurrent Mark
[2025-01-05T22:07:54.898+0530][gc,marking  ] GC(80) Concurrent Mark From Roots
[2025-01-05T22:07:54.898+0530][gc,task     ] GC(80) Using 2 workers of 2 for marking
[2025-01-05T22:07:54.924+0530][gc,marking  ] GC(80) Concurrent Mark From Roots 25.872ms
[2025-01-05T22:07:54.924+0530][gc,marking  ] GC(80) Concurrent Preclean
[2025-01-05T22:07:54.924+0530][gc,marking  ] GC(80) Concurrent Preclean 0.160ms
[2025-01-05T22:07:54.924+0530][gc,start    ] GC(80) Pause Remark
[2025-01-05T22:07:54.959+0530][gc,mmu      ] GC(80) MMU target violated: 21.0ms (20.0ms/21.0ms)
[2025-01-05T22:07:54.959+0530][gc          ] GC(80) Pause Remark 366M->285M(1024M) 34.732ms
[2025-01-05T22:07:54.959+0530][gc,cpu      ] GC(80) User=0.02s Sys=0.08s Real=0.03s
[2025-01-05T22:07:54.959+0530][gc,marking  ] GC(80) Concurrent Mark 60.928ms
[2025-01-05T22:07:54.959+0530][gc,marking  ] GC(80) Concurrent Rebuild Remembered Sets and Scrub Regions
[2025-01-05T22:07:54.970+0530][gc,marking  ] GC(80) Concurrent Rebuild Remembered Sets and Scrub Regions 10.804ms
[2025-01-05T22:07:54.970+0530][gc,start    ] GC(80) Pause Cleanup
[2025-01-05T22:07:54.970+0530][gc          ] GC(80) Pause Cleanup 285M->285M(1024M) 0.196ms
[2025-01-05T22:07:54.970+0530][gc,cpu      ] GC(80) User=0.00s Sys=0.00s Real=0.00s
[2025-01-05T22:07:54.970+0530][gc,marking  ] GC(80) Concurrent Clear Claimed Marks
[2025-01-05T22:07:54.970+0530][gc,marking  ] GC(80) Concurrent Clear Claimed Marks 0.037ms
[2025-01-05T22:07:54.970+0530][gc,marking  ] GC(80) Concurrent Cleanup for Next Mark
[2025-01-05T22:07:54.972+0530][gc,marking  ] GC(80) Concurrent Cleanup for Next Mark 1.668ms
[2025-01-05T22:07:54.972+0530][gc          ] GC(80) Concurrent Mark Cycle 77.310ms
[2025-01-05T22:09:57.829+0530][gc,start    ] GC(81) Pause Young (Prepare Mixed) (G1 Evacuation Pause)
[2025-01-05T22:09:57.831+0530][gc,task     ] GC(81) Using 9 workers of 9 for evacuation
[2025-01-05T22:09:57.864+0530][gc,mmu      ] GC(81) MMU target violated: 21.0ms (20.0ms/21.0ms)
[2025-01-05T22:09:57.864+0530][gc,phases   ] GC(81)   Pre Evacuate Collection Set: 1.5ms
[2025-01-05T22:09:57.864+0530][gc,phases   ] GC(81)   Merge Heap Roots: 0.6ms
[2025-01-05T22:09:57.864+0530][gc,phases   ] GC(81)   Evacuate Collection Set: 28.2ms
[2025-01-05T22:09:57.864+0530][gc,phases   ] GC(81)   Post Evacuate Collection Set: 2.5ms
[2025-01-05T22:09:57.864+0530][gc,phases   ] GC(81)   Other: 0.5ms
[2025-01-05T22:09:57.864+0530][gc,heap     ] GC(81) Eden regions: 42->0(47)
[2025-01-05T22:09:57.864+0530][gc,heap     ] GC(81) Survivor regions: 9->4(7)
[2025-01-05T22:09:57.864+0530][gc,heap     ] GC(81) Old regions: 147->154
[2025-01-05T22:09:57.864+0530][gc,heap     ] GC(81) Humongous regions: 131->131
[2025-01-05T22:09:57.864+0530][gc,metaspace] GC(81) Metaspace: 43876K(44608K)->43876K(44608K) NonClass: 38819K(39232K)->38819K(39232K) Class: 5057K(5376K)->5057K(5376K)
[2025-01-05T22:09:57.864+0530][gc          ] GC(81) Pause Young (Prepare Mixed) (G1 Evacuation Pause) 327M->288M(1024M) 35.344ms
[2025-01-05T22:09:57.864+0530][gc,cpu      ] GC(81) User=0.05s Sys=0.07s Real=0.04s
[2025-01-05T22:12:15.410+0530][gc,start    ] GC(82) Pause Young (Mixed) (G1 Evacuation Pause)
[2025-01-05T22:12:15.411+0530][gc,task     ] GC(82) Using 9 workers of 9 for evacuation
[2025-01-05T22:12:15.442+0530][gc,mmu      ] GC(82) MMU target violated: 21.0ms (20.0ms/21.0ms)
[2025-01-05T22:12:15.442+0530][gc,phases   ] GC(82)   Pre Evacuate Collection Set: 1.6ms
[2025-01-05T22:12:15.442+0530][gc,phases   ] GC(82)   Merge Heap Roots: 0.8ms
[2025-01-05T22:12:15.442+0530][gc,phases   ] GC(82)   Evacuate Collection Set: 27.0ms
[2025-01-05T22:12:15.442+0530][gc,phases   ] GC(82)   Post Evacuate Collection Set: 0.7ms
[2025-01-05T22:12:15.442+0530][gc,phases   ] GC(82)   Other: 0.5ms
[2025-01-05T22:12:15.442+0530][gc,heap     ] GC(82) Eden regions: 47->0(44)
[2025-01-05T22:12:15.442+0530][gc,heap     ] GC(82) Survivor regions: 4->7(7)
[2025-01-05T22:12:15.442+0530][gc,heap     ] GC(82) Old regions: 154->145
[2025-01-05T22:12:15.442+0530][gc,heap     ] GC(82) Humongous regions: 131->131
[2025-01-05T22:12:15.442+0530][gc,metaspace] GC(82) Metaspace: 43876K(44608K)->43876K(44608K) NonClass: 38819K(39232K)->38819K(39232K) Class: 5057K(5376K)->5057K(5376K)
[2025-01-05T22:12:15.442+0530][gc          ] GC(82) Pause Young (Mixed) (G1 Evacuation Pause) 335M->282M(1024M) 32.293ms
[2025-01-05T22:12:15.442+0530][gc,cpu      ] GC(82) User=0.05s Sys=0.03s Real=0.03s
[2025-01-05T22:14:25.374+0530][gc,start    ] GC(83) Pause Young (Mixed) (G1 Evacuation Pause)
[2025-01-05T22:14:25.377+0530][gc,task     ] GC(83) Using 9 workers of 9 for evacuation
[2025-01-05T22:14:25.397+0530][gc,phases   ] GC(83)   Pre Evacuate Collection Set: 1.0ms
[2025-01-05T22:14:25.397+0530][gc,phases   ] GC(83)   Merge Heap Roots: 0.4ms
[2025-01-05T22:14:25.397+0530][gc,phases   ] GC(83)   Evacuate Collection Set: 17.9ms
[2025-01-05T22:14:25.397+0530][gc,phases   ] GC(83)   Post Evacuate Collection Set: 0.4ms
[2025-01-05T22:14:25.397+0530][gc,phases   ] GC(83)   Other: 0.2ms
[2025-01-05T22:14:25.397+0530][gc,heap     ] GC(83) Eden regions: 44->0(85)
[2025-01-05T22:14:25.397+0530][gc,heap     ] GC(83) Survivor regions: 7->5(7)
[2025-01-05T22:14:25.397+0530][gc,heap     ] GC(83) Old regions: 145->142
[2025-01-05T22:14:25.397+0530][gc,heap     ] GC(83) Humongous regions: 131->131
[2025-01-05T22:14:25.397+0530][gc,metaspace] GC(83) Metaspace: 43876K(44608K)->43876K(44608K) NonClass: 38819K(39232K)->38819K(39232K) Class: 5057K(5376K)->5057K(5376K)
[2025-01-05T22:14:25.397+0530][gc          ] GC(83) Pause Young (Mixed) (G1 Evacuation Pause) 326M->276M(1024M) 22.999ms
[2025-01-05T22:14:25.397+0530][gc,cpu      ] GC(83) User=0.02s Sys=0.02s Real=0.02s
[2025-01-05T22:19:13.780+0530][gc,start    ] GC(84) Pause Young (Mixed) (G1 Evacuation Pause)
[2025-01-05T22:19:13.783+0530][gc,task     ] GC(84) Using 9 workers of 9 for evacuation
[2025-01-05T22:19:13.815+0530][gc,mmu      ] GC(84) MMU target violated: 21.0ms (20.0ms/21.0ms)
[2025-01-05T22:19:13.815+0530][gc,phases   ] GC(84)   Pre Evacuate Collection Set: 1.8ms
[2025-01-05T22:19:13.815+0530][gc,phases   ] GC(84)   Merge Heap Roots: 0.6ms
[2025-01-05T22:19:13.815+0530][gc,phases   ] GC(84)   Evacuate Collection Set: 28.7ms
[2025-01-05T22:19:13.815+0530][gc,phases   ] GC(84)   Post Evacuate Collection Set: 0.5ms
[2025-01-05T22:19:13.815+0530][gc,phases   ] GC(84)   Other: 0.4ms
[2025-01-05T22:19:13.815+0530][gc,heap     ] GC(84) Eden regions: 82->0(40)
[2025-01-05T22:19:13.815+0530][gc,heap     ] GC(84) Survivor regions: 5->11(11)
[2025-01-05T22:19:13.815+0530][gc,heap     ] GC(84) Old regions: 142->132
[2025-01-05T22:19:13.815+0530][gc,heap     ] GC(84) Humongous regions: 131->131
[2025-01-05T22:19:13.815+0530][gc,metaspace] GC(84) Metaspace: 43876K(44608K)->43876K(44608K) NonClass: 38819K(39232K)->38819K(39232K) Class: 5057K(5376K)->5057K(5376K)
[2025-01-05T22:19:13.815+0530][gc          ] GC(84) Pause Young (Mixed) (G1 Evacuation Pause) 358M->273M(1024M) 35.227ms
[2025-01-05T22:19:13.815+0530][gc,cpu      ] GC(84) User=0.05s Sys=0.06s Real=0.03s
[2025-01-05T22:22:00.636+0530][gc,start    ] GC(85) Pause Young (Mixed) (G1 Evacuation Pause)
[2025-01-05T22:22:00.638+0530][gc,task     ] GC(85) Using 9 workers of 9 for evacuation
[2025-01-05T22:22:00.665+0530][gc,mmu      ] GC(85) MMU target violated: 21.0ms (20.0ms/21.0ms)
[2025-01-05T22:22:00.665+0530][gc,phases   ] GC(85)   Pre Evacuate Collection Set: 1.6ms
[2025-01-05T22:22:00.665+0530][gc,phases   ] GC(85)   Merge Heap Roots: 0.7ms
[2025-01-05T22:22:00.665+0530][gc,phases   ] GC(85)   Evacuate Collection Set: 24.4ms
[2025-01-05T22:22:00.665+0530][gc,phases   ] GC(85)   Post Evacuate Collection Set: 0.6ms
[2025-01-05T22:22:00.665+0530][gc,phases   ] GC(85)   Other: 0.4ms
[2025-01-05T22:22:00.666+0530][gc,heap     ] GC(85) Eden regions: 40->0(93)
[2025-01-05T22:22:00.666+0530][gc,heap     ] GC(85) Survivor regions: 11->3(7)
[2025-01-05T22:22:00.666+0530][gc,heap     ] GC(85) Old regions: 132->131
[2025-01-05T22:22:00.666+0530][gc,heap     ] GC(85) Humongous regions: 131->131
[2025-01-05T22:22:00.666+0530][gc,metaspace] GC(85) Metaspace: 43876K(44608K)->43876K(44608K) NonClass: 38819K(39232K)->38819K(39232K) Class: 5057K(5376K)->5057K(5376K)
[2025-01-05T22:22:00.666+0530][gc          ] GC(85) Pause Young (Mixed) (G1 Evacuation Pause) 313M->264M(1024M) 29.240ms
[2025-01-05T22:22:00.666+0530][gc,cpu      ] GC(85) User=0.04s Sys=0.05s Real=0.03s
[2025-01-05T22:30:19.340+0530][gc,start    ] GC(86) Pause Young (Mixed) (G1 Evacuation Pause)
[2025-01-05T22:30:19.344+0530][gc,task     ] GC(86) Using 9 workers of 9 for evacuation
[2025-01-05T22:30:19.376+0530][gc,mmu      ] GC(86) MMU target violated: 21.0ms (20.0ms/21.0ms)
[2025-01-05T22:30:19.377+0530][gc,phases   ] GC(86)   Pre Evacuate Collection Set: 2.0ms
[2025-01-05T22:30:19.377+0530][gc,phases   ] GC(86)   Merge Heap Roots: 0.5ms
[2025-01-05T22:30:19.377+0530][gc,phases   ] GC(86)   Evacuate Collection Set: 26.9ms
[2025-01-05T22:30:19.377+0530][gc,phases   ] GC(86)   Post Evacuate Collection Set: 1.1ms
[2025-01-05T22:30:19.377+0530][gc,phases   ] GC(86)   Other: 2.9ms
[2025-01-05T22:30:19.377+0530][gc,heap     ] GC(86) Eden regions: 95->0(42)
[2025-01-05T22:30:19.377+0530][gc,heap     ] GC(86) Survivor regions: 3->9(13)
[2025-01-05T22:30:19.377+0530][gc,heap     ] GC(86) Old regions: 131->122
[2025-01-05T22:30:19.377+0530][gc,heap     ] GC(86) Humongous regions: 131->131
[2025-01-05T22:30:19.377+0530][gc,metaspace] GC(86) Metaspace: 43887K(44608K)->43887K(44608K) NonClass: 38830K(39232K)->38830K(39232K) Class: 5057K(5376K)->5057K(5376K)
[2025-01-05T22:30:19.377+0530][gc          ] GC(86) Pause Young (Mixed) (G1 Evacuation Pause) 359M->261M(1024M) 37.153ms
[2025-01-05T22:30:19.377+0530][gc,cpu      ] GC(86) User=0.04s Sys=0.05s Real=0.03s
[2025-01-05T22:32:32.195+0530][gc,start    ] GC(87) Pause Young (Mixed) (G1 Evacuation Pause)
[2025-01-05T22:32:32.196+0530][gc,task     ] GC(87) Using 9 workers of 9 for evacuation
[2025-01-05T22:32:32.213+0530][gc,phases   ] GC(87)   Pre Evacuate Collection Set: 0.6ms
[2025-01-05T22:32:32.213+0530][gc,phases   ] GC(87)   Merge Heap Roots: 0.2ms
[2025-01-05T22:32:32.213+0530][gc,phases   ] GC(87)   Evacuate Collection Set: 16.2ms
[2025-01-05T22:32:32.214+0530][gc,phases   ] GC(87)   Post Evacuate Collection Set: 0.3ms
[2025-01-05T22:32:32.214+0530][gc,phases   ] GC(87)   Other: 0.1ms
[2025-01-05T22:32:32.214+0530][gc,heap     ] GC(87) Eden regions: 42->0(57)
[2025-01-05T22:32:32.214+0530][gc,heap     ] GC(87) Survivor regions: 9->4(7)
[2025-01-05T22:32:32.214+0530][gc,heap     ] GC(87) Old regions: 122->119
[2025-01-05T22:32:32.214+0530][gc,heap     ] GC(87) Humongous regions: 131->131
[2025-01-05T22:32:32.214+0530][gc,metaspace] GC(87) Metaspace: 43896K(44608K)->43896K(44608K) NonClass: 38839K(39232K)->38839K(39232K) Class: 5057K(5376K)->5057K(5376K)
[2025-01-05T22:32:32.214+0530][gc          ] GC(87) Pause Young (Mixed) (G1 Evacuation Pause) 303M->253M(1024M) 18.355ms
[2025-01-05T22:32:32.214+0530][gc,cpu      ] GC(87) User=0.03s Sys=0.02s Real=0.02s
[2025-01-05T22:36:32.455+0530][gc,start    ] GC(88) Pause Young (Mixed) (G1 Evacuation Pause)
[2025-01-05T22:36:32.456+0530][gc,task     ] GC(88) Using 9 workers of 9 for evacuation
[2025-01-05T22:36:32.469+0530][gc,phases   ] GC(88)   Pre Evacuate Collection Set: 0.8ms
[2025-01-05T22:36:32.469+0530][gc,phases   ] GC(88)   Merge Heap Roots: 0.3ms
[2025-01-05T22:36:32.469+0530][gc,phases   ] GC(88)   Evacuate Collection Set: 11.3ms
[2025-01-05T22:36:32.469+0530][gc,phases   ] GC(88)   Post Evacuate Collection Set: 0.6ms
[2025-01-05T22:36:32.469+0530][gc,phases   ] GC(88)   Other: 0.1ms
[2025-01-05T22:36:32.469+0530][gc,heap     ] GC(88) Eden regions: 60->0(43)
[2025-01-05T22:36:32.469+0530][gc,heap     ] GC(88) Survivor regions: 4->8(8)
[2025-01-05T22:36:32.469+0530][gc,heap     ] GC(88) Old regions: 119->111
[2025-01-05T22:36:32.469+0530][gc,heap     ] GC(88) Humongous regions: 131->131
[2025-01-05T22:36:32.469+0530][gc,metaspace] GC(88) Metaspace: 43908K(44608K)->43908K(44608K) NonClass: 38851K(39232K)->38851K(39232K) Class: 5057K(5376K)->5057K(5376K)
[2025-01-05T22:36:32.469+0530][gc          ] GC(88) Pause Young (Mixed) (G1 Evacuation Pause) 313M->248M(1024M) 14.009ms
[2025-01-05T22:36:32.469+0530][gc,cpu      ] GC(88) User=0.03s Sys=0.02s Real=0.01s
[2025-01-05T22:39:21.748+0530][gc,start    ] GC(89) Pause Young (Mixed) (G1 Evacuation Pause)
[2025-01-05T22:39:21.751+0530][gc,task     ] GC(89) Using 9 workers of 9 for evacuation
[2025-01-05T22:39:21.786+0530][gc,mmu      ] GC(89) MMU target violated: 21.0ms (20.0ms/21.0ms)
[2025-01-05T22:39:21.786+0530][gc,phases   ] GC(89)   Pre Evacuate Collection Set: 4.1ms
[2025-01-05T22:39:21.786+0530][gc,phases   ] GC(89)   Merge Heap Roots: 0.7ms
[2025-01-05T22:39:21.786+0530][gc,phases   ] GC(89)   Evacuate Collection Set: 28.6ms
[2025-01-05T22:39:21.786+0530][gc,phases   ] GC(89)   Post Evacuate Collection Set: 0.6ms
[2025-01-05T22:39:21.786+0530][gc,phases   ] GC(89)   Other: 0.5ms
[2025-01-05T22:39:21.786+0530][gc,heap     ] GC(89) Eden regions: 43->0(46)
[2025-01-05T22:39:21.786+0530][gc,heap     ] GC(89) Survivor regions: 8->5(7)
[2025-01-05T22:39:21.786+0530][gc,heap     ] GC(89) Old regions: 111->113
[2025-01-05T22:39:21.786+0530][gc,heap     ] GC(89) Humongous regions: 131->131
[2025-01-05T22:39:21.786+0530][gc,metaspace] GC(89) Metaspace: 43951K(44672K)->43951K(44672K) NonClass: 38894K(39296K)->38894K(39296K) Class: 5057K(5376K)->5057K(5376K)
[2025-01-05T22:39:21.786+0530][gc          ] GC(89) Pause Young (Mixed) (G1 Evacuation Pause) 291M->248M(1024M) 38.133ms
[2025-01-05T22:39:21.786+0530][gc,cpu      ] GC(89) User=0.06s Sys=0.07s Real=0.04s
[2025-01-05T22:41:32.911+0530][gc,start    ] GC(90) Pause Young (Normal) (G1 Evacuation Pause)
[2025-01-05T22:41:32.914+0530][gc,task     ] GC(90) Using 9 workers of 9 for evacuation
[2025-01-05T22:41:32.931+0530][gc,phases   ] GC(90)   Pre Evacuate Collection Set: 0.8ms
[2025-01-05T22:41:32.931+0530][gc,phases   ] GC(90)   Merge Heap Roots: 0.4ms
[2025-01-05T22:41:32.931+0530][gc,phases   ] GC(90)   Evacuate Collection Set: 15.0ms
[2025-01-05T22:41:32.931+0530][gc,phases   ] GC(90)   Post Evacuate Collection Set: 0.6ms
[2025-01-05T22:41:32.931+0530][gc,phases   ] GC(90)   Other: 0.2ms
[2025-01-05T22:41:32.931+0530][gc,heap     ] GC(90) Eden regions: 46->0(45)
[2025-01-05T22:41:32.931+0530][gc,heap     ] GC(90) Survivor regions: 5->6(7)
[2025-01-05T22:41:32.931+0530][gc,heap     ] GC(90) Old regions: 113->116
[2025-01-05T22:41:32.931+0530][gc,heap     ] GC(90) Humongous regions: 131->131
[2025-01-05T22:41:32.931+0530][gc,metaspace] GC(90) Metaspace: 43968K(44672K)->43968K(44672K) NonClass: 38911K(39296K)->38911K(39296K) Class: 5057K(5376K)->5057K(5376K)
[2025-01-05T22:41:32.931+0530][gc          ] GC(90) Pause Young (Normal) (G1 Evacuation Pause) 294M->252M(1024M) 19.556ms
[2025-01-05T22:41:32.931+0530][gc,cpu      ] GC(90) User=0.03s Sys=0.03s Real=0.02s
[2025-01-05T22:43:34.222+0530][gc,start    ] GC(91) Pause Young (Normal) (G1 Evacuation Pause)
[2025-01-05T22:43:34.223+0530][gc,task     ] GC(91) Using 9 workers of 9 for evacuation
[2025-01-05T22:43:34.241+0530][gc,phases   ] GC(91)   Pre Evacuate Collection Set: 0.8ms
[2025-01-05T22:43:34.241+0530][gc,phases   ] GC(91)   Merge Heap Roots: 0.4ms
[2025-01-05T22:43:34.241+0530][gc,phases   ] GC(91)   Evacuate Collection Set: 16.0ms
[2025-01-05T22:43:34.241+0530][gc,phases   ] GC(91)   Post Evacuate Collection Set: 0.7ms
[2025-01-05T22:43:34.241+0530][gc,phases   ] GC(91)   Other: 0.1ms
[2025-01-05T22:43:34.241+0530][gc,heap     ] GC(91) Eden regions: 45->0(57)
[2025-01-05T22:43:34.241+0530][gc,heap     ] GC(91) Survivor regions: 6->5(7)
[2025-01-05T22:43:34.241+0530][gc,heap     ] GC(91) Old regions: 116->119
[2025-01-05T22:43:34.241+0530][gc,heap     ] GC(91) Humongous regions: 131->131
[2025-01-05T22:43:34.241+0530][gc,metaspace] GC(91) Metaspace: 43971K(44672K)->43971K(44672K) NonClass: 38914K(39296K)->38914K(39296K) Class: 5057K(5376K)->5057K(5376K)
[2025-01-05T22:43:34.241+0530][gc          ] GC(91) Pause Young (Normal) (G1 Evacuation Pause) 297M->254M(1024M) 18.901ms
[2025-01-05T22:43:34.241+0530][gc,cpu      ] GC(91) User=0.03s Sys=0.02s Real=0.02s
[2025-01-05T22:46:50.868+0530][gc,start    ] GC(92) Pause Young (Normal) (G1 Evacuation Pause)
[2025-01-05T22:46:50.875+0530][gc,task     ] GC(92) Using 9 workers of 9 for evacuation
[2025-01-05T22:46:50.904+0530][gc,mmu      ] GC(92) MMU target violated: 21.0ms (20.0ms/21.0ms)
[2025-01-05T22:46:50.904+0530][gc,phases   ] GC(92)   Pre Evacuate Collection Set: 2.9ms
[2025-01-05T22:46:50.904+0530][gc,phases   ] GC(92)   Merge Heap Roots: 1.2ms
[2025-01-05T22:46:50.904+0530][gc,phases   ] GC(92)   Evacuate Collection Set: 23.4ms
[2025-01-05T22:46:50.904+0530][gc,phases   ] GC(92)   Post Evacuate Collection Set: 0.7ms
[2025-01-05T22:46:50.904+0530][gc,phases   ] GC(92)   Other: 0.6ms
[2025-01-05T22:46:50.904+0530][gc,heap     ] GC(92) Eden regions: 67->0(46)
[2025-01-05T22:46:50.904+0530][gc,heap     ] GC(92) Survivor regions: 5->5(9)
[2025-01-05T22:46:50.904+0530][gc,heap     ] GC(92) Old regions: 119->119
[2025-01-05T22:46:50.904+0530][gc,heap     ] GC(92) Humongous regions: 131->131
[2025-01-05T22:46:50.904+0530][gc,metaspace] GC(92) Metaspace: 43971K(44672K)->43971K(44672K) NonClass: 38914K(39296K)->38914K(39296K) Class: 5057K(5376K)->5057K(5376K)
[2025-01-05T22:46:50.904+0530][gc          ] GC(92) Pause Young (Normal) (G1 Evacuation Pause) 321M->254M(1024M) 36.265ms
[2025-01-05T22:46:50.904+0530][gc,cpu      ] GC(92) User=0.02s Sys=0.02s Real=0.04s
[2025-01-05T22:49:20.627+0530][gc,start    ] GC(93) Pause Young (Normal) (G1 Evacuation Pause)
[2025-01-05T22:49:20.628+0530][gc,task     ] GC(93) Using 9 workers of 9 for evacuation
[2025-01-05T22:49:20.646+0530][gc,phases   ] GC(93)   Pre Evacuate Collection Set: 0.7ms
[2025-01-05T22:49:20.646+0530][gc,phases   ] GC(93)   Merge Heap Roots: 0.3ms
[2025-01-05T22:49:20.646+0530][gc,phases   ] GC(93)   Evacuate Collection Set: 16.4ms
[2025-01-05T22:49:20.646+0530][gc,phases   ] GC(93)   Post Evacuate Collection Set: 0.9ms
[2025-01-05T22:49:20.646+0530][gc,phases   ] GC(93)   Other: 0.3ms
[2025-01-05T22:49:20.646+0530][gc,heap     ] GC(93) Eden regions: 52->0(48)
[2025-01-05T22:49:20.646+0530][gc,heap     ] GC(93) Survivor regions: 5->3(8)
[2025-01-05T22:49:20.646+0530][gc,heap     ] GC(93) Old regions: 119->121
[2025-01-05T22:49:20.647+0530][gc,heap     ] GC(93) Humongous regions: 131->131
[2025-01-05T22:49:20.647+0530][gc,metaspace] GC(93) Metaspace: 43971K(44672K)->43971K(44672K) NonClass: 38914K(39296K)->38914K(39296K) Class: 5057K(5376K)->5057K(5376K)
[2025-01-05T22:49:20.647+0530][gc          ] GC(93) Pause Young (Normal) (G1 Evacuation Pause) 306M->254M(1024M) 19.649ms
[2025-01-05T22:49:20.647+0530][gc,cpu      ] GC(93) User=0.02s Sys=0.02s Real=0.02s
[2025-01-05T22:53:03.836+0530][gc,start    ] GC(94) Pause Young (Normal) (G1 Evacuation Pause)
[2025-01-05T22:53:03.839+0530][gc,task     ] GC(94) Using 9 workers of 9 for evacuation
[2025-01-05T22:53:03.863+0530][gc,mmu      ] GC(94) MMU target violated: 21.0ms (20.0ms/21.0ms)
[2025-01-05T22:53:03.863+0530][gc,phases   ] GC(94)   Pre Evacuate Collection Set: 2.0ms
[2025-01-05T22:53:03.863+0530][gc,phases   ] GC(94)   Merge Heap Roots: 0.6ms
[2025-01-05T22:53:03.863+0530][gc,phases   ] GC(94)   Evacuate Collection Set: 19.8ms
[2025-01-05T22:53:03.863+0530][gc,phases   ] GC(94)   Post Evacuate Collection Set: 1.4ms
[2025-01-05T22:53:03.863+0530][gc,phases   ] GC(94)   Other: 0.6ms
[2025-01-05T22:53:03.863+0530][gc,heap     ] GC(94) Eden regions: 76->0(42)
[2025-01-05T22:53:03.863+0530][gc,heap     ] GC(94) Survivor regions: 3->9(10)
[2025-01-05T22:53:03.863+0530][gc,heap     ] GC(94) Old regions: 121->121
[2025-01-05T22:53:03.863+0530][gc,heap     ] GC(94) Humongous regions: 131->131
[2025-01-05T22:53:03.863+0530][gc,metaspace] GC(94) Metaspace: 43971K(44672K)->43971K(44672K) NonClass: 38914K(39296K)->38914K(39296K) Class: 5057K(5376K)->5057K(5376K)
[2025-01-05T22:53:03.863+0530][gc          ] GC(94) Pause Young (Normal) (G1 Evacuation Pause) 330M->259M(1024M) 27.130ms
[2025-01-05T22:53:03.863+0530][gc,cpu      ] GC(94) User=0.07s Sys=0.04s Real=0.03s
[2025-01-05T22:55:06.472+0530][gc,start    ] GC(95) Pause Young (Normal) (G1 Evacuation Pause)
[2025-01-05T22:55:06.474+0530][gc,task     ] GC(95) Using 9 workers of 9 for evacuation
[2025-01-05T22:55:06.505+0530][gc,mmu      ] GC(95) MMU target violated: 21.0ms (20.0ms/21.0ms)
[2025-01-05T22:55:06.505+0530][gc,phases   ] GC(95)   Pre Evacuate Collection Set: 6.5ms
[2025-01-05T22:55:06.506+0530][gc,phases   ] GC(95)   Merge Heap Roots: 0.6ms
[2025-01-05T22:55:06.506+0530][gc,phases   ] GC(95)   Evacuate Collection Set: 23.1ms
[2025-01-05T22:55:06.506+0530][gc,phases   ] GC(95)   Post Evacuate Collection Set: 0.7ms
[2025-01-05T22:55:06.506+0530][gc,phases   ] GC(95)   Other: 0.5ms
[2025-01-05T22:55:06.506+0530][gc,heap     ] GC(95) Eden regions: 42->0(46)
[2025-01-05T22:55:06.506+0530][gc,heap     ] GC(95) Survivor regions: 9->5(7)
[2025-01-05T22:55:06.506+0530][gc,heap     ] GC(95) Old regions: 121->127
[2025-01-05T22:55:06.506+0530][gc,heap     ] GC(95) Humongous regions: 131->131
[2025-01-05T22:55:06.506+0530][gc,metaspace] GC(95) Metaspace: 43971K(44672K)->43971K(44672K) NonClass: 38914K(39296K)->38914K(39296K) Class: 5057K(5376K)->5057K(5376K)
[2025-01-05T22:55:06.506+0530][gc          ] GC(95) Pause Young (Normal) (G1 Evacuation Pause) 301M->262M(1024M) 33.845ms
[2025-01-05T22:55:06.506+0530][gc,cpu      ] GC(95) User=0.03s Sys=0.04s Real=0.03s
[2025-01-05T22:57:19.229+0530][gc,start    ] GC(96) Pause Young (Normal) (G1 Evacuation Pause)
[2025-01-05T22:57:19.230+0530][gc,task     ] GC(96) Using 9 workers of 9 for evacuation
[2025-01-05T22:57:19.251+0530][gc,mmu      ] GC(96) MMU target violated: 20.7ms (20.0ms/21.0ms)
[2025-01-05T22:57:19.251+0530][gc,phases   ] GC(96)   Pre Evacuate Collection Set: 0.8ms
[2025-01-05T22:57:19.251+0530][gc,phases   ] GC(96)   Merge Heap Roots: 0.2ms
[2025-01-05T22:57:19.251+0530][gc,phases   ] GC(96)   Evacuate Collection Set: 19.0ms
[2025-01-05T22:57:19.251+0530][gc,phases   ] GC(96)   Post Evacuate Collection Set: 0.6ms
[2025-01-05T22:57:19.251+0530][gc,phases   ] GC(96)   Other: 0.4ms
[2025-01-05T22:57:19.251+0530][gc,heap     ] GC(96) Eden regions: 46->0(45)
[2025-01-05T22:57:19.251+0530][gc,heap     ] GC(96) Survivor regions: 5->6(7)
[2025-01-05T22:57:19.251+0530][gc,heap     ] GC(96) Old regions: 127->130
[2025-01-05T22:57:19.251+0530][gc,heap     ] GC(96) Humongous regions: 131->131
[2025-01-05T22:57:19.251+0530][gc,metaspace] GC(96) Metaspace: 43971K(44672K)->43971K(44672K) NonClass: 38914K(39296K)->38914K(39296K) Class: 5057K(5376K)->5057K(5376K)
[2025-01-05T22:57:19.251+0530][gc          ] GC(96) Pause Young (Normal) (G1 Evacuation Pause) 308M->266M(1024M) 21.538ms
[2025-01-05T22:57:19.251+0530][gc,cpu      ] GC(96) User=0.03s Sys=0.02s Real=0.03s
[2025-01-05T22:59:30.137+0530][gc,start    ] GC(97) Pause Young (Normal) (G1 Evacuation Pause)
[2025-01-05T22:59:30.138+0530][gc,task     ] GC(97) Using 9 workers of 9 for evacuation
[2025-01-05T22:59:30.157+0530][gc,phases   ] GC(97)   Pre Evacuate Collection Set: 0.8ms
[2025-01-05T22:59:30.157+0530][gc,phases   ] GC(97)   Merge Heap Roots: 0.2ms
[2025-01-05T22:59:30.157+0530][gc,phases   ] GC(97)   Evacuate Collection Set: 17.5ms
[2025-01-05T22:59:30.157+0530][gc,phases   ] GC(97)   Post Evacuate Collection Set: 0.8ms
[2025-01-05T22:59:30.157+0530][gc,phases   ] GC(97)   Other: 0.2ms
[2025-01-05T22:59:30.157+0530][gc,heap     ] GC(97) Eden regions: 45->0(45)
[2025-01-05T22:59:30.157+0530][gc,heap     ] GC(97) Survivor regions: 6->6(7)
[2025-01-05T22:59:30.157+0530][gc,heap     ] GC(97) Old regions: 130->134
[2025-01-05T22:59:30.157+0530][gc,heap     ] GC(97) Humongous regions: 131->131
[2025-01-05T22:59:30.157+0530][gc,metaspace] GC(97) Metaspace: 43971K(44672K)->43971K(44672K) NonClass: 38914K(39296K)->38914K(39296K) Class: 5057K(5376K)->5057K(5376K)
[2025-01-05T22:59:30.157+0530][gc          ] GC(97) Pause Young (Normal) (G1 Evacuation Pause) 311M->269M(1024M) 20.726ms
[2025-01-05T22:59:30.157+0530][gc,cpu      ] GC(97) User=0.03s Sys=0.03s Real=0.02s
[2025-01-05T23:01:42.635+0530][gc,start    ] GC(98) Pause Young (Normal) (G1 Evacuation Pause)
[2025-01-05T23:01:42.636+0530][gc,task     ] GC(98) Using 9 workers of 9 for evacuation
[2025-01-05T23:01:42.662+0530][gc,mmu      ] GC(98) MMU target violated: 21.0ms (20.0ms/21.0ms)
[2025-01-05T23:01:42.662+0530][gc,phases   ] GC(98)   Pre Evacuate Collection Set: 0.9ms
[2025-01-05T23:01:42.662+0530][gc,phases   ] GC(98)   Merge Heap Roots: 0.3ms
[2025-01-05T23:01:42.662+0530][gc,phases   ] GC(98)   Evacuate Collection Set: 23.2ms
[2025-01-05T23:01:42.662+0530][gc,phases   ] GC(98)   Post Evacuate Collection Set: 0.6ms
[2025-01-05T23:01:42.662+0530][gc,phases   ] GC(98)   Other: 0.3ms
[2025-01-05T23:01:42.662+0530][gc,heap     ] GC(98) Eden regions: 45->0(45)
[2025-01-05T23:01:42.662+0530][gc,heap     ] GC(98) Survivor regions: 6->6(7)
[2025-01-05T23:01:42.662+0530][gc,heap     ] GC(98) Old regions: 134->137
[2025-01-05T23:01:42.662+0530][gc,heap     ] GC(98) Humongous regions: 131->131
[2025-01-05T23:01:42.662+0530][gc,metaspace] GC(98) Metaspace: 43971K(44672K)->43971K(44672K) NonClass: 38914K(39296K)->38914K(39296K) Class: 5057K(5376K)->5057K(5376K)
[2025-01-05T23:01:42.662+0530][gc          ] GC(98) Pause Young (Normal) (G1 Evacuation Pause) 314M->273M(1024M) 26.448ms
[2025-01-05T23:01:42.662+0530][gc,cpu      ] GC(98) User=0.03s Sys=0.02s Real=0.03s
[2025-01-05T23:03:53.151+0530][gc,start    ] GC(99) Pause Young (Normal) (G1 Evacuation Pause)
[2025-01-05T23:03:53.152+0530][gc,task     ] GC(99) Using 9 workers of 9 for evacuation
[2025-01-05T23:03:53.175+0530][gc,mmu      ] GC(99) MMU target violated: 21.0ms (20.0ms/21.0ms)
[2025-01-05T23:03:53.175+0530][gc,phases   ] GC(99)   Pre Evacuate Collection Set: 0.9ms
[2025-01-05T23:03:53.175+0530][gc,phases   ] GC(99)   Merge Heap Roots: 0.3ms
[2025-01-05T23:03:53.175+0530][gc,phases   ] GC(99)   Evacuate Collection Set: 19.9ms
[2025-01-05T23:03:53.175+0530][gc,phases   ] GC(99)   Post Evacuate Collection Set: 1.3ms
[2025-01-05T23:03:53.175+0530][gc,phases   ] GC(99)   Other: 0.6ms
[2025-01-05T23:03:53.175+0530][gc,heap     ] GC(99) Eden regions: 45->0(45)
[2025-01-05T23:03:53.175+0530][gc,heap     ] GC(99) Survivor regions: 6->6(7)
[2025-01-05T23:03:53.175+0530][gc,heap     ] GC(99) Old regions: 137->141
[2025-01-05T23:03:53.175+0530][gc,heap     ] GC(99) Humongous regions: 131->131
[2025-01-05T23:03:53.175+0530][gc,metaspace] GC(99) Metaspace: 43971K(44672K)->43971K(44672K) NonClass: 38914K(39296K)->38914K(39296K) Class: 5057K(5376K)->5057K(5376K)
[2025-01-05T23:03:53.175+0530][gc          ] GC(99) Pause Young (Normal) (G1 Evacuation Pause) 318M->277M(1024M) 23.919ms
[2025-01-05T23:03:53.175+0530][gc,cpu      ] GC(99) User=0.03s Sys=0.02s Real=0.02s
[2025-01-05T23:06:04.530+0530][gc,start    ] GC(100) Pause Young (Normal) (G1 Evacuation Pause)
[2025-01-05T23:06:04.531+0530][gc,task     ] GC(100) Using 9 workers of 9 for evacuation
[2025-01-05T23:06:04.546+0530][gc,phases   ] GC(100)   Pre Evacuate Collection Set: 0.6ms
[2025-01-05T23:06:04.546+0530][gc,phases   ] GC(100)   Merge Heap Roots: 0.3ms
[2025-01-05T23:06:04.546+0530][gc,phases   ] GC(100)   Evacuate Collection Set: 14.1ms
[2025-01-05T23:06:04.546+0530][gc,phases   ] GC(100)   Post Evacuate Collection Set: 0.6ms
[2025-01-05T23:06:04.546+0530][gc,phases   ] GC(100)   Other: 0.1ms
[2025-01-05T23:06:04.546+0530][gc,heap     ] GC(100) Eden regions: 45->0(63)
[2025-01-05T23:06:04.546+0530][gc,heap     ] GC(100) Survivor regions: 6->4(7)
[2025-01-05T23:06:04.546+0530][gc,heap     ] GC(100) Old regions: 141->144
[2025-01-05T23:06:04.546+0530][gc,heap     ] GC(100) Humongous regions: 131->131
[2025-01-05T23:06:04.547+0530][gc,metaspace] GC(100) Metaspace: 43975K(44672K)->43975K(44672K) NonClass: 38918K(39296K)->38918K(39296K) Class: 5057K(5376K)->5057K(5376K)
[2025-01-05T23:06:04.547+0530][gc          ] GC(100) Pause Young (Normal) (G1 Evacuation Pause) 322M->278M(1024M) 16.719ms
[2025-01-05T23:06:04.547+0530][gc,cpu      ] GC(100) User=0.02s Sys=0.01s Real=0.01s
[2025-01-05T23:08:57.534+0530][gc,start    ] GC(101) Pause Young (Normal) (G1 Evacuation Pause)
[2025-01-05T23:08:57.535+0530][gc,task     ] GC(101) Using 9 workers of 9 for evacuation
[2025-01-05T23:08:57.556+0530][gc,mmu      ] GC(101) MMU target violated: 21.0ms (20.0ms/21.0ms)
[2025-01-05T23:08:57.556+0530][gc,phases   ] GC(101)   Pre Evacuate Collection Set: 0.8ms
[2025-01-05T23:08:57.556+0530][gc,phases   ] GC(101)   Merge Heap Roots: 0.3ms
[2025-01-05T23:08:57.556+0530][gc,phases   ] GC(101)   Evacuate Collection Set: 18.4ms
[2025-01-05T23:08:57.556+0530][gc,phases   ] GC(101)   Post Evacuate Collection Set: 0.8ms
[2025-01-05T23:08:57.556+0530][gc,phases   ] GC(101)   Other: 0.9ms
[2025-01-05T23:08:57.556+0530][gc,heap     ] GC(101) Eden regions: 59->0(43)
[2025-01-05T23:08:57.556+0530][gc,heap     ] GC(101) Survivor regions: 4->8(8)
[2025-01-05T23:08:57.556+0530][gc,heap     ] GC(101) Old regions: 144->145
[2025-01-05T23:08:57.556+0530][gc,heap     ] GC(101) Humongous regions: 131->131
[2025-01-05T23:08:57.556+0530][gc,metaspace] GC(101) Metaspace: 43975K(44672K)->43975K(44672K) NonClass: 38918K(39296K)->38918K(39296K) Class: 5057K(5376K)->5057K(5376K)
[2025-01-05T23:08:57.556+0530][gc          ] GC(101) Pause Young (Normal) (G1 Evacuation Pause) 337M->283M(1024M) 22.256ms
[2025-01-05T23:08:57.556+0530][gc,cpu      ] GC(101) User=0.03s Sys=0.02s Real=0.02s
[2025-01-05T23:11:02.614+0530][gc,start    ] GC(102) Pause Young (Normal) (G1 Evacuation Pause)
[2025-01-05T23:11:02.615+0530][gc,task     ] GC(102) Using 9 workers of 9 for evacuation
[2025-01-05T23:11:02.633+0530][gc,phases   ] GC(102)   Pre Evacuate Collection Set: 0.7ms
[2025-01-05T23:11:02.633+0530][gc,phases   ] GC(102)   Merge Heap Roots: 0.2ms
[2025-01-05T23:11:02.633+0530][gc,phases   ] GC(102)   Evacuate Collection Set: 16.2ms
[2025-01-05T23:11:02.633+0530][gc,phases   ] GC(102)   Post Evacuate Collection Set: 0.7ms
[2025-01-05T23:11:02.633+0530][gc,phases   ] GC(102)   Other: 0.3ms
[2025-01-05T23:11:02.633+0530][gc,heap     ] GC(102) Eden regions: 43->0(66)
[2025-01-05T23:11:02.633+0530][gc,heap     ] GC(102) Survivor regions: 8->6(7)
[2025-01-05T23:11:02.633+0530][gc,heap     ] GC(102) Old regions: 145->152
[2025-01-05T23:11:02.633+0530][gc,heap     ] GC(102) Humongous regions: 131->131
[2025-01-05T23:11:02.633+0530][gc,metaspace] GC(102) Metaspace: 43975K(44672K)->43975K(44672K) NonClass: 38918K(39296K)->38918K(39296K) Class: 5057K(5376K)->5057K(5376K)
[2025-01-05T23:11:02.633+0530][gc          ] GC(102) Pause Young (Normal) (G1 Evacuation Pause) 326M->287M(1024M) 19.251ms
[2025-01-05T23:11:02.633+0530][gc,cpu      ] GC(102) User=0.03s Sys=0.03s Real=0.02s
[2025-01-05T23:14:56.553+0530][gc,start    ] GC(103) Pause Young (Normal) (G1 Evacuation Pause)
[2025-01-05T23:14:56.556+0530][gc,task     ] GC(103) Using 9 workers of 9 for evacuation
[2025-01-05T23:14:56.586+0530][gc,mmu      ] GC(103) MMU target violated: 21.0ms (20.0ms/21.0ms)
[2025-01-05T23:14:56.587+0530][gc,phases   ] GC(103)   Pre Evacuate Collection Set: 5.6ms
[2025-01-05T23:14:56.587+0530][gc,phases   ] GC(103)   Merge Heap Roots: 0.5ms
[2025-01-05T23:14:56.587+0530][gc,phases   ] GC(103)   Evacuate Collection Set: 22.4ms
[2025-01-05T23:14:56.587+0530][gc,phases   ] GC(103)   Post Evacuate Collection Set: 1.2ms
[2025-01-05T23:14:56.587+0530][gc,phases   ] GC(103)   Other: 0.5ms
[2025-01-05T23:14:56.587+0530][gc,heap     ] GC(103) Eden regions: 80->0(40)
[2025-01-05T23:14:56.587+0530][gc,heap     ] GC(103) Survivor regions: 6->11(11)
[2025-01-05T23:14:56.587+0530][gc,heap     ] GC(103) Old regions: 152->152
[2025-01-05T23:14:56.587+0530][gc,heap     ] GC(103) Humongous regions: 131->131
[2025-01-05T23:14:56.587+0530][gc,metaspace] GC(103) Metaspace: 43976K(44672K)->43976K(44672K) NonClass: 38919K(39296K)->38919K(39296K) Class: 5057K(5376K)->5057K(5376K)
[2025-01-05T23:14:56.587+0530][gc          ] GC(103) Pause Young (Normal) (G1 Evacuation Pause) 367M->293M(1024M) 33.334ms
[2025-01-05T23:14:56.587+0530][gc,cpu      ] GC(103) User=0.05s Sys=0.04s Real=0.03s
[2025-01-05T23:16:53.633+0530][gc,start    ] GC(104) Pause Young (Normal) (G1 Evacuation Pause)
[2025-01-05T23:16:53.633+0530][gc,task     ] GC(104) Using 9 workers of 9 for evacuation
[2025-01-05T23:16:53.662+0530][gc,mmu      ] GC(104) MMU target violated: 21.0ms (20.0ms/21.0ms)
[2025-01-05T23:16:53.662+0530][gc,phases   ] GC(104)   Pre Evacuate Collection Set: 0.6ms
[2025-01-05T23:16:53.662+0530][gc,phases   ] GC(104)   Merge Heap Roots: 0.3ms
[2025-01-05T23:16:53.662+0530][gc,phases   ] GC(104)   Evacuate Collection Set: 27.2ms
[2025-01-05T23:16:53.662+0530][gc,phases   ] GC(104)   Post Evacuate Collection Set: 0.6ms
[2025-01-05T23:16:53.662+0530][gc,phases   ] GC(104)   Other: 0.3ms
[2025-01-05T23:16:53.662+0530][gc,heap     ] GC(104) Eden regions: 40->0(66)
[2025-01-05T23:16:53.662+0530][gc,heap     ] GC(104) Survivor regions: 11->5(7)
[2025-01-05T23:16:53.662+0530][gc,heap     ] GC(104) Old regions: 152->161
[2025-01-05T23:16:53.662+0530][gc,heap     ] GC(104) Humongous regions: 131->131
[2025-01-05T23:16:53.662+0530][gc,metaspace] GC(104) Metaspace: 43976K(44672K)->43976K(44672K) NonClass: 38919K(39296K)->38919K(39296K) Class: 5057K(5376K)->5057K(5376K)
[2025-01-05T23:16:53.662+0530][gc          ] GC(104) Pause Young (Normal) (G1 Evacuation Pause) 333M->295M(1024M) 29.554ms
[2025-01-05T23:16:53.662+0530][gc,cpu      ] GC(104) User=0.03s Sys=0.03s Real=0.03s
[2025-01-05T23:20:26.764+0530][gc,start    ] GC(105) Pause Young (Normal) (G1 Evacuation Pause)
[2025-01-05T23:20:26.765+0530][gc,task     ] GC(105) Using 9 workers of 9 for evacuation
[2025-01-05T23:20:26.787+0530][gc,mmu      ] GC(105) MMU target violated: 21.0ms (20.0ms/21.0ms)
[2025-01-05T23:20:26.787+0530][gc,phases   ] GC(105)   Pre Evacuate Collection Set: 3.3ms
[2025-01-05T23:20:26.787+0530][gc,phases   ] GC(105)   Merge Heap Roots: 0.5ms
[2025-01-05T23:20:26.787+0530][gc,phases   ] GC(105)   Evacuate Collection Set: 15.2ms
[2025-01-05T23:20:26.787+0530][gc,phases   ] GC(105)   Post Evacuate Collection Set: 2.4ms
[2025-01-05T23:20:26.787+0530][gc,phases   ] GC(105)   Other: 0.3ms
[2025-01-05T23:20:26.787+0530][gc,heap     ] GC(105) Eden regions: 73->0(41)
[2025-01-05T23:20:26.787+0530][gc,heap     ] GC(105) Survivor regions: 5->10(10)
[2025-01-05T23:20:26.787+0530][gc,heap     ] GC(105) Old regions: 161->161
[2025-01-05T23:20:26.787+0530][gc,heap     ] GC(105) Humongous regions: 131->131
[2025-01-05T23:20:26.787+0530][gc,metaspace] GC(105) Metaspace: 43976K(44672K)->43976K(44672K) NonClass: 38919K(39296K)->38919K(39296K) Class: 5057K(5376K)->5057K(5376K)
[2025-01-05T23:20:26.787+0530][gc          ] GC(105) Pause Young (Normal) (G1 Evacuation Pause) 368M->301M(1024M) 23.276ms
[2025-01-05T23:20:26.787+0530][gc,cpu      ] GC(105) User=0.03s Sys=0.03s Real=0.02s
[2025-01-05T23:22:25.937+0530][gc,start    ] GC(106) Pause Young (Normal) (G1 Evacuation Pause)
[2025-01-05T23:22:25.938+0530][gc,task     ] GC(106) Using 9 workers of 9 for evacuation
[2025-01-05T23:22:25.969+0530][gc,mmu      ] GC(106) MMU target violated: 21.0ms (20.0ms/21.0ms)
[2025-01-05T23:22:25.969+0530][gc,phases   ] GC(106)   Pre Evacuate Collection Set: 1.8ms
[2025-01-05T23:22:25.969+0530][gc,phases   ] GC(106)   Merge Heap Roots: 0.4ms
[2025-01-05T23:22:25.969+0530][gc,phases   ] GC(106)   Evacuate Collection Set: 28.2ms
[2025-01-05T23:22:25.969+0530][gc,phases   ] GC(106)   Post Evacuate Collection Set: 0.6ms
[2025-01-05T23:22:25.969+0530][gc,phases   ] GC(106)   Other: 0.4ms
[2025-01-05T23:22:25.969+0530][gc,heap     ] GC(106) Eden regions: 41->0(72)
[2025-01-05T23:22:25.969+0530][gc,heap     ] GC(106) Survivor regions: 10->5(7)
[2025-01-05T23:22:25.969+0530][gc,heap     ] GC(106) Old regions: 161->170
[2025-01-05T23:22:25.969+0530][gc,heap     ] GC(106) Humongous regions: 131->131
[2025-01-05T23:22:25.969+0530][gc,metaspace] GC(106) Metaspace: 43976K(44672K)->43976K(44672K) NonClass: 38919K(39296K)->38919K(39296K) Class: 5057K(5376K)->5057K(5376K)
[2025-01-05T23:22:25.969+0530][gc          ] GC(106) Pause Young (Normal) (G1 Evacuation Pause) 342M->305M(1024M) 32.583ms
[2025-01-05T23:22:25.969+0530][gc,cpu      ] GC(106) User=0.05s Sys=0.05s Real=0.03s
[2025-01-05T23:26:11.211+0530][gc,start    ] GC(107) Pause Young (Normal) (G1 Evacuation Pause)
[2025-01-05T23:26:11.212+0530][gc,task     ] GC(107) Using 9 workers of 9 for evacuation
[2025-01-05T23:26:11.231+0530][gc,phases   ] GC(107)   Pre Evacuate Collection Set: 0.8ms
[2025-01-05T23:26:11.231+0530][gc,phases   ] GC(107)   Merge Heap Roots: 1.1ms
[2025-01-05T23:26:11.231+0530][gc,phases   ] GC(107)   Evacuate Collection Set: 15.7ms
[2025-01-05T23:26:11.231+0530][gc,phases   ] GC(107)   Post Evacuate Collection Set: 0.6ms
[2025-01-05T23:26:11.231+0530][gc,phases   ] GC(107)   Other: 0.2ms
[2025-01-05T23:26:11.231+0530][gc,heap     ] GC(107) Eden regions: 77->0(47)
[2025-01-05T23:26:11.231+0530][gc,heap     ] GC(107) Survivor regions: 5->10(11)
[2025-01-05T23:26:11.231+0530][gc,heap     ] GC(107) Old regions: 170->170
[2025-01-05T23:26:11.231+0530][gc,heap     ] GC(107) Humongous regions: 131->131
[2025-01-05T23:26:11.231+0530][gc,metaspace] GC(107) Metaspace: 43978K(44672K)->43978K(44672K) NonClass: 38921K(39296K)->38921K(39296K) Class: 5057K(5376K)->5057K(5376K)
[2025-01-05T23:26:11.231+0530][gc          ] GC(107) Pause Young (Normal) (G1 Evacuation Pause) 382M->309M(1024M) 20.662ms
[2025-01-05T23:26:11.231+0530][gc,cpu      ] GC(107) User=0.03s Sys=0.02s Real=0.02s
[2025-01-05T23:28:34.367+0530][gc,start    ] GC(108) Pause Young (Normal) (G1 Evacuation Pause)
[2025-01-05T23:28:34.367+0530][gc,task     ] GC(108) Using 9 workers of 9 for evacuation
[2025-01-05T23:28:34.390+0530][gc,mmu      ] GC(108) MMU target violated: 21.0ms (20.0ms/21.0ms)
[2025-01-05T23:28:34.390+0530][gc,phases   ] GC(108)   Pre Evacuate Collection Set: 1.0ms
[2025-01-05T23:28:34.390+0530][gc,phases   ] GC(108)   Merge Heap Roots: 0.3ms
[2025-01-05T23:28:34.390+0530][gc,phases   ] GC(108)   Evacuate Collection Set: 20.0ms
[2025-01-05T23:28:34.390+0530][gc,phases   ] GC(108)   Post Evacuate Collection Set: 0.7ms
[2025-01-05T23:28:34.390+0530][gc,phases   ] GC(108)   Other: 0.4ms
[2025-01-05T23:28:34.390+0530][gc,heap     ] GC(108) Eden regions: 49->0(92)
[2025-01-05T23:28:34.390+0530][gc,heap     ] GC(108) Survivor regions: 10->6(8)
[2025-01-05T23:28:34.390+0530][gc,heap     ] GC(108) Old regions: 170->178
[2025-01-05T23:28:34.390+0530][gc,heap     ] GC(108) Humongous regions: 131->131
[2025-01-05T23:28:34.390+0530][gc,metaspace] GC(108) Metaspace: 43978K(44672K)->43978K(44672K) NonClass: 38921K(39296K)->38921K(39296K) Class: 5057K(5376K)->5057K(5376K)
[2025-01-05T23:28:34.390+0530][gc          ] GC(108) Pause Young (Normal) (G1 Evacuation Pause) 358M->313M(1024M) 23.229ms
[2025-01-05T23:28:34.390+0530][gc,cpu      ] GC(108) User=0.05s Sys=0.03s Real=0.03s
[2025-01-05T23:33:12.713+0530][gc,start    ] GC(109) Pause Young (Normal) (G1 Evacuation Pause)
[2025-01-05T23:33:12.714+0530][gc,task     ] GC(109) Using 9 workers of 9 for evacuation
[2025-01-05T23:33:12.734+0530][gc,phases   ] GC(109)   Pre Evacuate Collection Set: 1.8ms
[2025-01-05T23:33:12.734+0530][gc,phases   ] GC(109)   Merge Heap Roots: 0.3ms
[2025-01-05T23:33:12.734+0530][gc,phases   ] GC(109)   Evacuate Collection Set: 16.4ms
[2025-01-05T23:33:12.734+0530][gc,phases   ] GC(109)   Post Evacuate Collection Set: 0.6ms
[2025-01-05T23:33:12.734+0530][gc,phases   ] GC(109)   Other: 0.5ms
[2025-01-05T23:33:12.734+0530][gc,heap     ] GC(109) Eden regions: 95->0(38)
[2025-01-05T23:33:12.734+0530][gc,heap     ] GC(109) Survivor regions: 6->13(13)
[2025-01-05T23:33:12.734+0530][gc,heap     ] GC(109) Old regions: 178->178
[2025-01-05T23:33:12.734+0530][gc,heap     ] GC(109) Humongous regions: 131->131
[2025-01-05T23:33:12.734+0530][gc,metaspace] GC(109) Metaspace: 43978K(44672K)->43978K(44672K) NonClass: 38921K(39296K)->38921K(39296K) Class: 5057K(5376K)->5057K(5376K)
[2025-01-05T23:33:12.734+0530][gc          ] GC(109) Pause Young (Normal) (G1 Evacuation Pause) 408M->321M(1024M) 21.033ms
[2025-01-05T23:33:12.734+0530][gc,cpu      ] GC(109) User=0.04s Sys=0.04s Real=0.02s
[2025-01-05T23:35:00.531+0530][gc,start    ] GC(110) Pause Young (Normal) (G1 Evacuation Pause)
[2025-01-05T23:35:00.532+0530][gc,task     ] GC(110) Using 9 workers of 9 for evacuation
[2025-01-05T23:35:00.550+0530][gc,phases   ] GC(110)   Pre Evacuate Collection Set: 0.3ms
[2025-01-05T23:35:00.550+0530][gc,phases   ] GC(110)   Merge Heap Roots: 0.1ms
[2025-01-05T23:35:00.550+0530][gc,phases   ] GC(110)   Evacuate Collection Set: 17.2ms
[2025-01-05T23:35:00.550+0530][gc,phases   ] GC(110)   Post Evacuate Collection Set: 0.4ms
[2025-01-05T23:35:00.550+0530][gc,phases   ] GC(110)   Other: 0.1ms
[2025-01-05T23:35:00.550+0530][gc,heap     ] GC(110) Eden regions: 38->0(126)
[2025-01-05T23:35:00.550+0530][gc,heap     ] GC(110) Survivor regions: 13->5(7)
[2025-01-05T23:35:00.550+0530][gc,heap     ] GC(110) Old regions: 178->189
[2025-01-05T23:35:00.550+0530][gc,heap     ] GC(110) Humongous regions: 131->131
[2025-01-05T23:35:00.550+0530][gc,metaspace] GC(110) Metaspace: 43988K(44672K)->43988K(44672K) NonClass: 38931K(39296K)->38931K(39296K) Class: 5057K(5376K)->5057K(5376K)
[2025-01-05T23:35:00.550+0530][gc          ] GC(110) Pause Young (Normal) (G1 Evacuation Pause) 359M->323M(1024M) 18.890ms
[2025-01-05T23:35:00.550+0530][gc,cpu      ] GC(110) User=0.04s Sys=0.03s Real=0.02s
[2025-01-05T23:41:00.461+0530][gc,start    ] GC(111) Pause Young (Normal) (G1 Evacuation Pause)
[2025-01-05T23:41:00.461+0530][gc,task     ] GC(111) Using 9 workers of 9 for evacuation
[2025-01-05T23:41:00.488+0530][gc,mmu      ] GC(111) MMU target violated: 21.0ms (20.0ms/21.0ms)
[2025-01-05T23:41:00.488+0530][gc,phases   ] GC(111)   Pre Evacuate Collection Set: 10.0ms
[2025-01-05T23:41:00.488+0530][gc,phases   ] GC(111)   Merge Heap Roots: 0.5ms
[2025-01-05T23:41:00.488+0530][gc,phases   ] GC(111)   Evacuate Collection Set: 14.5ms
[2025-01-05T23:41:00.488+0530][gc,phases   ] GC(111)   Post Evacuate Collection Set: 0.5ms
[2025-01-05T23:41:00.488+0530][gc,phases   ] GC(111)   Other: 0.7ms
[2025-01-05T23:41:00.488+0530][gc,heap     ] GC(111) Eden regions: 124->0(38)
[2025-01-05T23:41:00.488+0530][gc,heap     ] GC(111) Survivor regions: 5->13(17)
[2025-01-05T23:41:00.488+0530][gc,heap     ] GC(111) Old regions: 189->189
[2025-01-05T23:41:00.488+0530][gc,heap     ] GC(111) Humongous regions: 131->131
[2025-01-05T23:41:00.488+0530][gc,metaspace] GC(111) Metaspace: 44000K(44672K)->44000K(44672K) NonClass: 38943K(39296K)->38943K(39296K) Class: 5057K(5376K)->5057K(5376K)
[2025-01-05T23:41:00.488+0530][gc          ] GC(111) Pause Young (Normal) (G1 Evacuation Pause) 447M->332M(1024M) 27.104ms
[2025-01-05T23:41:00.488+0530][gc,cpu      ] GC(111) User=0.03s Sys=0.03s Real=0.02s
[2025-01-05T23:42:42.596+0530][gc,start    ] GC(112) Pause Young (Normal) (G1 Evacuation Pause)
[2025-01-05T23:42:42.596+0530][gc,task     ] GC(112) Using 9 workers of 9 for evacuation
[2025-01-05T23:42:42.616+0530][gc,phases   ] GC(112)   Pre Evacuate Collection Set: 0.8ms
[2025-01-05T23:42:42.616+0530][gc,phases   ] GC(112)   Merge Heap Roots: 0.3ms
[2025-01-05T23:42:42.616+0530][gc,phases   ] GC(112)   Evacuate Collection Set: 17.7ms
[2025-01-05T23:42:42.616+0530][gc,phases   ] GC(112)   Post Evacuate Collection Set: 0.6ms
[2025-01-05T23:42:42.616+0530][gc,phases   ] GC(112)   Other: 0.2ms
[2025-01-05T23:42:42.616+0530][gc,heap     ] GC(112) Eden regions: 38->0(75)
[2025-01-05T23:42:42.616+0530][gc,heap     ] GC(112) Survivor regions: 13->6(7)
[2025-01-05T23:42:42.616+0530][gc,heap     ] GC(112) Old regions: 189->201
[2025-01-05T23:42:42.616+0530][gc,heap     ] GC(112) Humongous regions: 131->131
[2025-01-05T23:42:42.616+0530][gc,metaspace] GC(112) Metaspace: 44001K(44672K)->44001K(44672K) NonClass: 38944K(39296K)->38944K(39296K) Class: 5057K(5376K)->5057K(5376K)
[2025-01-05T23:42:42.616+0530][gc          ] GC(112) Pause Young (Normal) (G1 Evacuation Pause) 370M->337M(1024M) 20.680ms
[2025-01-05T23:42:42.616+0530][gc,cpu      ] GC(112) User=0.03s Sys=0.03s Real=0.02s
[2025-01-05T23:46:24.253+0530][gc,start    ] GC(113) Pause Young (Normal) (G1 Evacuation Pause)
[2025-01-05T23:46:24.255+0530][gc,task     ] GC(113) Using 9 workers of 9 for evacuation
[2025-01-05T23:46:24.275+0530][gc,mmu      ] GC(113) MMU target violated: 20.1ms (20.0ms/21.0ms)
[2025-01-05T23:46:24.275+0530][gc,phases   ] GC(113)   Pre Evacuate Collection Set: 1.9ms
[2025-01-05T23:46:24.275+0530][gc,phases   ] GC(113)   Merge Heap Roots: 0.3ms
[2025-01-05T23:46:24.275+0530][gc,phases   ] GC(113)   Evacuate Collection Set: 16.9ms
[2025-01-05T23:46:24.275+0530][gc,phases   ] GC(113)   Post Evacuate Collection Set: 0.9ms
[2025-01-05T23:46:24.276+0530][gc,phases   ] GC(113)   Other: 0.9ms
[2025-01-05T23:46:24.276+0530][gc,heap     ] GC(113) Eden regions: 76->0(77)
[2025-01-05T23:46:24.276+0530][gc,heap     ] GC(113) Survivor regions: 6->5(11)
[2025-01-05T23:46:24.276+0530][gc,heap     ] GC(113) Old regions: 201->201
[2025-01-05T23:46:24.276+0530][gc,heap     ] GC(113) Humongous regions: 131->131
[2025-01-05T23:46:24.276+0530][gc,metaspace] GC(113) Metaspace: 44001K(44672K)->44001K(44672K) NonClass: 38944K(39296K)->38944K(39296K) Class: 5057K(5376K)->5057K(5376K)
[2025-01-05T23:46:24.276+0530][gc          ] GC(113) Pause Young (Normal) (G1 Evacuation Pause) 413M->335M(1024M) 23.011ms
[2025-01-05T23:46:24.276+0530][gc,cpu      ] GC(113) User=0.02s Sys=0.03s Real=0.02s
[2025-01-05T23:50:12.918+0530][gc,start    ] GC(114) Pause Young (Normal) (G1 Evacuation Pause)
[2025-01-05T23:50:12.921+0530][gc,task     ] GC(114) Using 9 workers of 9 for evacuation
[2025-01-05T23:50:12.956+0530][gc,mmu      ] GC(114) MMU target violated: 21.0ms (20.0ms/21.0ms)
[2025-01-05T23:50:12.956+0530][gc,phases   ] GC(114)   Pre Evacuate Collection Set: 1.2ms
[2025-01-05T23:50:12.956+0530][gc,phases   ] GC(114)   Merge Heap Roots: 0.4ms
[2025-01-05T23:50:12.956+0530][gc,phases   ] GC(114)   Evacuate Collection Set: 31.9ms
[2025-01-05T23:50:12.956+0530][gc,phases   ] GC(114)   Post Evacuate Collection Set: 0.9ms
[2025-01-05T23:50:12.956+0530][gc,phases   ] GC(114)   Other: 0.3ms
[2025-01-05T23:50:12.956+0530][gc,heap     ] GC(114) Eden regions: 79->0(44)
[2025-01-05T23:50:12.956+0530][gc,heap     ] GC(114) Survivor regions: 5->7(11)
[2025-01-05T23:50:12.956+0530][gc,heap     ] GC(114) Old regions: 201->201
[2025-01-05T23:50:12.956+0530][gc,heap     ] GC(114) Humongous regions: 131->131
[2025-01-05T23:50:12.956+0530][gc,metaspace] GC(114) Metaspace: 44001K(44672K)->44001K(44672K) NonClass: 38944K(39296K)->38944K(39296K) Class: 5057K(5376K)->5057K(5376K)
[2025-01-05T23:50:12.956+0530][gc          ] GC(114) Pause Young (Normal) (G1 Evacuation Pause) 414M->337M(1024M) 38.300ms
[2025-01-05T23:50:12.956+0530][gc,cpu      ] GC(114) User=0.02s Sys=0.05s Real=0.04s
[2025-01-05T23:52:21.205+0530][gc,start    ] GC(115) Pause Young (Normal) (G1 Evacuation Pause)
[2025-01-05T23:52:21.207+0530][gc,task     ] GC(115) Using 9 workers of 9 for evacuation
[2025-01-05T23:52:21.233+0530][gc,mmu      ] GC(115) MMU target violated: 21.0ms (20.0ms/21.0ms)
[2025-01-05T23:52:21.233+0530][gc,phases   ] GC(115)   Pre Evacuate Collection Set: 1.2ms
[2025-01-05T23:52:21.233+0530][gc,phases   ] GC(115)   Merge Heap Roots: 2.0ms
[2025-01-05T23:52:21.233+0530][gc,phases   ] GC(115)   Evacuate Collection Set: 21.4ms
[2025-01-05T23:52:21.233+0530][gc,phases   ] GC(115)   Post Evacuate Collection Set: 0.9ms
[2025-01-05T23:52:21.233+0530][gc,phases   ] GC(115)   Other: 0.4ms
[2025-01-05T23:52:21.233+0530][gc,heap     ] GC(115) Eden regions: 44->0(47)
[2025-01-05T23:52:21.233+0530][gc,heap     ] GC(115) Survivor regions: 7->4(7)
[2025-01-05T23:52:21.233+0530][gc,heap     ] GC(115) Old regions: 201->204
[2025-01-05T23:52:21.233+0530][gc,heap     ] GC(115) Humongous regions: 131->131
[2025-01-05T23:52:21.233+0530][gc,metaspace] GC(115) Metaspace: 44001K(44672K)->44001K(44672K) NonClass: 38944K(39296K)->38944K(39296K) Class: 5057K(5376K)->5057K(5376K)
[2025-01-05T23:52:21.233+0530][gc          ] GC(115) Pause Young (Normal) (G1 Evacuation Pause) 381M->337M(1024M) 27.596ms
[2025-01-05T23:52:21.233+0530][gc,cpu      ] GC(115) User=0.02s Sys=0.04s Real=0.03s
[2025-01-05T23:54:37.515+0530][gc,start    ] GC(116) Pause Young (Normal) (G1 Evacuation Pause)
[2025-01-05T23:54:37.516+0530][gc,task     ] GC(116) Using 9 workers of 9 for evacuation
[2025-01-05T23:54:37.523+0530][gc,phases   ] GC(116)   Pre Evacuate Collection Set: 0.9ms
[2025-01-05T23:54:37.523+0530][gc,phases   ] GC(116)   Merge Heap Roots: 0.2ms
[2025-01-05T23:54:37.523+0530][gc,phases   ] GC(116)   Evacuate Collection Set: 5.0ms
[2025-01-05T23:54:37.523+0530][gc,phases   ] GC(116)   Post Evacuate Collection Set: 0.8ms
[2025-01-05T23:54:37.523+0530][gc,phases   ] GC(116)   Other: 0.3ms
[2025-01-05T23:54:37.523+0530][gc,heap     ] GC(116) Eden regions: 47->0(46)
[2025-01-05T23:54:37.523+0530][gc,heap     ] GC(116) Survivor regions: 4->5(7)
[2025-01-05T23:54:37.523+0530][gc,heap     ] GC(116) Old regions: 204->204
[2025-01-05T23:54:37.523+0530][gc,heap     ] GC(116) Humongous regions: 131->131
[2025-01-05T23:54:37.523+0530][gc,metaspace] GC(116) Metaspace: 44001K(44672K)->44001K(44672K) NonClass: 38944K(39296K)->38944K(39296K) Class: 5057K(5376K)->5057K(5376K)
[2025-01-05T23:54:37.523+0530][gc          ] GC(116) Pause Young (Normal) (G1 Evacuation Pause) 384M->339M(1024M) 8.293ms
[2025-01-05T23:54:37.523+0530][gc,cpu      ] GC(116) User=0.02s Sys=0.02s Real=0.01s
[2025-01-05T23:57:34.986+0530][gc,start    ] GC(117) Pause Young (Normal) (G1 Evacuation Pause)
[2025-01-05T23:57:34.988+0530][gc,task     ] GC(117) Using 9 workers of 9 for evacuation
[2025-01-05T23:57:35.006+0530][gc,phases   ] GC(117)   Pre Evacuate Collection Set: 0.7ms
[2025-01-05T23:57:35.006+0530][gc,phases   ] GC(117)   Merge Heap Roots: 0.2ms
[2025-01-05T23:57:35.006+0530][gc,phases   ] GC(117)   Evacuate Collection Set: 15.9ms
[2025-01-05T23:57:35.006+0530][gc,phases   ] GC(117)   Post Evacuate Collection Set: 0.7ms
[2025-01-05T23:57:35.006+0530][gc,phases   ] GC(117)   Other: 0.2ms
[2025-01-05T23:57:35.006+0530][gc,heap     ] GC(117) Eden regions: 50->0(61)
[2025-01-05T23:57:35.006+0530][gc,heap     ] GC(117) Survivor regions: 5->4(7)
[2025-01-05T23:57:35.006+0530][gc,heap     ] GC(117) Old regions: 204->208
[2025-01-05T23:57:35.006+0530][gc,heap     ] GC(117) Humongous regions: 131->131
[2025-01-05T23:57:35.006+0530][gc,metaspace] GC(117) Metaspace: 44004K(44672K)->44004K(44672K) NonClass: 38947K(39296K)->38947K(39296K) Class: 5057K(5376K)->5057K(5376K)
[2025-01-05T23:57:35.006+0530][gc          ] GC(117) Pause Young (Normal) (G1 Evacuation Pause) 389M->342M(1024M) 19.578ms
[2025-01-05T23:57:35.006+0530][gc,cpu      ] GC(117) User=0.02s Sys=0.01s Real=0.02s
[2025-01-06T00:00:25.283+0530][gc,start    ] GC(118) Pause Young (Normal) (G1 Evacuation Pause)
[2025-01-06T00:00:25.284+0530][gc,task     ] GC(118) Using 9 workers of 9 for evacuation
[2025-01-06T00:00:25.310+0530][gc,mmu      ] GC(118) MMU target violated: 21.0ms (20.0ms/21.0ms)
[2025-01-06T00:00:25.310+0530][gc,phases   ] GC(118)   Pre Evacuate Collection Set: 1.8ms
[2025-01-06T00:00:25.310+0530][gc,phases   ] GC(118)   Merge Heap Roots: 0.4ms
[2025-01-06T00:00:25.310+0530][gc,phases   ] GC(118)   Evacuate Collection Set: 22.0ms
[2025-01-06T00:00:25.310+0530][gc,phases   ] GC(118)   Post Evacuate Collection Set: 0.5ms
[2025-01-06T00:00:25.310+0530][gc,phases   ] GC(118)   Other: 0.6ms
[2025-01-06T00:00:25.310+0530][gc,heap     ] GC(118) Eden regions: 59->0(43)
[2025-01-06T00:00:25.310+0530][gc,heap     ] GC(118) Survivor regions: 4->8(8)
[2025-01-06T00:00:25.310+0530][gc,heap     ] GC(118) Old regions: 208->209
[2025-01-06T00:00:25.310+0530][gc,heap     ] GC(118) Humongous regions: 131->131
[2025-01-06T00:00:25.310+0530][gc,metaspace] GC(118) Metaspace: 44014K(44672K)->44014K(44672K) NonClass: 38957K(39296K)->38957K(39296K) Class: 5057K(5376K)->5057K(5376K)
[2025-01-06T00:00:25.310+0530][gc          ] GC(118) Pause Young (Normal) (G1 Evacuation Pause) 401M->347M(1024M) 26.228ms
[2025-01-06T00:00:25.310+0530][gc,cpu      ] GC(118) User=0.03s Sys=0.05s Real=0.03s
[2025-01-06T00:02:28.974+0530][gc,start    ] GC(119) Pause Young (Normal) (G1 Evacuation Pause)
[2025-01-06T00:02:28.975+0530][gc,task     ] GC(119) Using 9 workers of 9 for evacuation
[2025-01-06T00:02:29.009+0530][gc,mmu      ] GC(119) MMU target violated: 21.0ms (20.0ms/21.0ms)
[2025-01-06T00:02:29.009+0530][gc,phases   ] GC(119)   Pre Evacuate Collection Set: 0.8ms
[2025-01-06T00:02:29.009+0530][gc,phases   ] GC(119)   Merge Heap Roots: 0.3ms
[2025-01-06T00:02:29.009+0530][gc,phases   ] GC(119)   Evacuate Collection Set: 30.7ms
[2025-01-06T00:02:29.009+0530][gc,phases   ] GC(119)   Post Evacuate Collection Set: 2.1ms
[2025-01-06T00:02:29.009+0530][gc,phases   ] GC(119)   Other: 0.4ms
[2025-01-06T00:02:29.009+0530][gc,heap     ] GC(119) Eden regions: 43->0(45)
[2025-01-06T00:02:29.009+0530][gc,heap     ] GC(119) Survivor regions: 8->6(7)
[2025-01-06T00:02:29.009+0530][gc,heap     ] GC(119) Old regions: 209->216
[2025-01-06T00:02:29.009+0530][gc,heap     ] GC(119) Humongous regions: 131->131
[2025-01-06T00:02:29.009+0530][gc,metaspace] GC(119) Metaspace: 44018K(44672K)->44018K(44672K) NonClass: 38961K(39296K)->38961K(39296K) Class: 5057K(5376K)->5057K(5376K)
[2025-01-06T00:02:29.009+0530][gc          ] GC(119) Pause Young (Normal) (G1 Evacuation Pause) 390M->352M(1024M) 35.023ms
[2025-01-06T00:02:29.009+0530][gc,cpu      ] GC(119) User=0.04s Sys=0.03s Real=0.03s
[2025-01-06T00:04:39.448+0530][gc,start    ] GC(120) Pause Young (Normal) (G1 Evacuation Pause)
[2025-01-06T00:04:39.449+0530][gc,task     ] GC(120) Using 9 workers of 9 for evacuation
[2025-01-06T00:04:39.463+0530][gc,phases   ] GC(120)   Pre Evacuate Collection Set: 0.7ms
[2025-01-06T00:04:39.463+0530][gc,phases   ] GC(120)   Merge Heap Roots: 0.2ms
[2025-01-06T00:04:39.463+0530][gc,phases   ] GC(120)   Evacuate Collection Set: 12.7ms
[2025-01-06T00:04:39.463+0530][gc,phases   ] GC(120)   Post Evacuate Collection Set: 0.6ms
[2025-01-06T00:04:39.463+0530][gc,phases   ] GC(120)   Other: 0.2ms
[2025-01-06T00:04:39.463+0530][gc,heap     ] GC(120) Eden regions: 45->0(45)
[2025-01-06T00:04:39.463+0530][gc,heap     ] GC(120) Survivor regions: 6->6(7)
[2025-01-06T00:04:39.463+0530][gc,heap     ] GC(120) Old regions: 216->220
[2025-01-06T00:04:39.463+0530][gc,heap     ] GC(120) Humongous regions: 131->131
[2025-01-06T00:04:39.463+0530][gc,metaspace] GC(120) Metaspace: 44018K(44672K)->44018K(44672K) NonClass: 38961K(39296K)->38961K(39296K) Class: 5057K(5376K)->5057K(5376K)
[2025-01-06T00:04:39.463+0530][gc          ] GC(120) Pause Young (Normal) (G1 Evacuation Pause) 397M->355M(1024M) 15.062ms
[2025-01-06T00:04:39.463+0530][gc,cpu      ] GC(120) User=0.02s Sys=0.02s Real=0.02s
[2025-01-06T00:06:49.012+0530][gc,start    ] GC(121) Pause Young (Normal) (G1 Evacuation Pause)
[2025-01-06T00:06:49.014+0530][gc,task     ] GC(121) Using 9 workers of 9 for evacuation
[2025-01-06T00:06:49.039+0530][gc,mmu      ] GC(121) MMU target violated: 21.0ms (20.0ms/21.0ms)
[2025-01-06T00:06:49.039+0530][gc,phases   ] GC(121)   Pre Evacuate Collection Set: 6.6ms
[2025-01-06T00:06:49.039+0530][gc,phases   ] GC(121)   Merge Heap Roots: 0.9ms
[2025-01-06T00:06:49.039+0530][gc,phases   ] GC(121)   Evacuate Collection Set: 17.3ms
[2025-01-06T00:06:49.039+0530][gc,phases   ] GC(121)   Post Evacuate Collection Set: 0.5ms
[2025-01-06T00:06:49.039+0530][gc,phases   ] GC(121)   Other: 0.6ms
[2025-01-06T00:06:49.039+0530][gc,heap     ] GC(121) Eden regions: 45->0(45)
[2025-01-06T00:06:49.039+0530][gc,heap     ] GC(121) Survivor regions: 6->6(7)
[2025-01-06T00:06:49.039+0530][gc,heap     ] GC(121) Old regions: 220->223
[2025-01-06T00:06:49.039+0530][gc,heap     ] GC(121) Humongous regions: 131->131
[2025-01-06T00:06:49.039+0530][gc,metaspace] GC(121) Metaspace: 44029K(44736K)->44029K(44736K) NonClass: 38972K(39360K)->38972K(39360K) Class: 5057K(5376K)->5057K(5376K)
[2025-01-06T00:06:49.039+0530][gc          ] GC(121) Pause Young (Normal) (G1 Evacuation Pause) 400M->358M(1024M) 27.350ms
[2025-01-06T00:06:49.039+0530][gc,cpu      ] GC(121) User=0.02s Sys=0.06s Real=0.02s
[2025-01-06T00:08:56.763+0530][gc,start    ] GC(122) Pause Young (Normal) (G1 Evacuation Pause)
[2025-01-06T00:08:56.764+0530][gc,task     ] GC(122) Using 9 workers of 9 for evacuation
[2025-01-06T00:08:56.795+0530][gc,mmu      ] GC(122) MMU target violated: 21.0ms (20.0ms/21.0ms)
[2025-01-06T00:08:56.795+0530][gc,phases   ] GC(122)   Pre Evacuate Collection Set: 3.9ms
[2025-01-06T00:08:56.795+0530][gc,phases   ] GC(122)   Merge Heap Roots: 1.0ms
[2025-01-06T00:08:56.795+0530][gc,phases   ] GC(122)   Evacuate Collection Set: 24.5ms
[2025-01-06T00:08:56.795+0530][gc,phases   ] GC(122)   Post Evacuate Collection Set: 1.2ms
[2025-01-06T00:08:56.795+0530][gc,phases   ] GC(122)   Other: 0.5ms
[2025-01-06T00:08:56.795+0530][gc,heap     ] GC(122) Eden regions: 45->0(46)
[2025-01-06T00:08:56.795+0530][gc,heap     ] GC(122) Survivor regions: 6->5(7)
[2025-01-06T00:08:56.795+0530][gc,heap     ] GC(122) Old regions: 223->226
[2025-01-06T00:08:56.795+0530][gc,heap     ] GC(122) Humongous regions: 131->131
[2025-01-06T00:08:56.796+0530][gc,metaspace] GC(122) Metaspace: 44059K(44736K)->44059K(44736K) NonClass: 39002K(39360K)->39002K(39360K) Class: 5057K(5376K)->5057K(5376K)
[2025-01-06T00:08:56.796+0530][gc          ] GC(122) Pause Young (Normal) (G1 Evacuation Pause) 403M->361M(1024M) 32.955ms
[2025-01-06T00:08:56.796+0530][gc,cpu      ] GC(122) User=0.05s Sys=0.03s Real=0.03s
[2025-01-06T00:11:09.418+0530][gc,start    ] GC(123) Pause Young (Normal) (G1 Evacuation Pause)
[2025-01-06T00:11:09.420+0530][gc,task     ] GC(123) Using 9 workers of 9 for evacuation
[2025-01-06T00:11:09.452+0530][gc,mmu      ] GC(123) MMU target violated: 21.0ms (20.0ms/21.0ms)
[2025-01-06T00:11:09.452+0530][gc,phases   ] GC(123)   Pre Evacuate Collection Set: 2.5ms
[2025-01-06T00:11:09.452+0530][gc,phases   ] GC(123)   Merge Heap Roots: 0.4ms
[2025-01-06T00:11:09.452+0530][gc,phases   ] GC(123)   Evacuate Collection Set: 15.7ms
[2025-01-06T00:11:09.452+0530][gc,phases   ] GC(123)   Post Evacuate Collection Set: 13.4ms
[2025-01-06T00:11:09.452+0530][gc,phases   ] GC(123)   Other: 0.4ms
[2025-01-06T00:11:09.452+0530][gc,heap     ] GC(123) Eden regions: 46->0(45)
[2025-01-06T00:11:09.452+0530][gc,heap     ] GC(123) Survivor regions: 5->6(7)
[2025-01-06T00:11:09.452+0530][gc,heap     ] GC(123) Old regions: 226->230
[2025-01-06T00:11:09.452+0530][gc,heap     ] GC(123) Humongous regions: 131->131
[2025-01-06T00:11:09.452+0530][gc,metaspace] GC(123) Metaspace: 44061K(44736K)->44061K(44736K) NonClass: 39004K(39360K)->39004K(39360K) Class: 5057K(5376K)->5057K(5376K)
[2025-01-06T00:11:09.452+0530][gc          ] GC(123) Pause Young (Normal) (G1 Evacuation Pause) 407M->366M(1024M) 33.998ms
[2025-01-06T00:11:09.452+0530][gc,cpu      ] GC(123) User=0.03s Sys=0.03s Real=0.04s
[2025-01-06T00:13:16.750+0530][gc,start    ] GC(124) Pause Young (Normal) (G1 Evacuation Pause)
[2025-01-06T00:13:16.752+0530][gc,task     ] GC(124) Using 9 workers of 9 for evacuation
[2025-01-06T00:13:16.768+0530][gc,phases   ] GC(124)   Pre Evacuate Collection Set: 0.7ms
[2025-01-06T00:13:16.768+0530][gc,phases   ] GC(124)   Merge Heap Roots: 0.3ms
[2025-01-06T00:13:16.768+0530][gc,phases   ] GC(124)   Evacuate Collection Set: 13.6ms
[2025-01-06T00:13:16.768+0530][gc,phases   ] GC(124)   Post Evacuate Collection Set: 1.2ms
[2025-01-06T00:13:16.768+0530][gc,phases   ] GC(124)   Other: 0.9ms
[2025-01-06T00:13:16.768+0530][gc,heap     ] GC(124) Eden regions: 45->0(47)
[2025-01-06T00:13:16.768+0530][gc,heap     ] GC(124) Survivor regions: 6->4(7)
[2025-01-06T00:13:16.768+0530][gc,heap     ] GC(124) Old regions: 230->233
[2025-01-06T00:13:16.768+0530][gc,heap     ] GC(124) Humongous regions: 131->131
[2025-01-06T00:13:16.768+0530][gc,metaspace] GC(124) Metaspace: 44061K(44736K)->44061K(44736K) NonClass: 39004K(39360K)->39004K(39360K) Class: 5057K(5376K)->5057K(5376K)
[2025-01-06T00:13:16.768+0530][gc          ] GC(124) Pause Young (Normal) (G1 Evacuation Pause) 411M->367M(1024M) 19.891ms
[2025-01-06T00:13:16.768+0530][gc,cpu      ] GC(124) User=0.03s Sys=0.02s Real=0.02s
[2025-01-06T00:15:33.418+0530][gc,start    ] GC(125) Pause Young (Normal) (G1 Evacuation Pause)
[2025-01-06T00:15:33.420+0530][gc,task     ] GC(125) Using 9 workers of 9 for evacuation
[2025-01-06T00:15:33.439+0530][gc,phases   ] GC(125)   Pre Evacuate Collection Set: 1.9ms
[2025-01-06T00:15:33.439+0530][gc,phases   ] GC(125)   Merge Heap Roots: 0.4ms
[2025-01-06T00:15:33.439+0530][gc,phases   ] GC(125)   Evacuate Collection Set: 15.6ms
[2025-01-06T00:15:33.439+0530][gc,phases   ] GC(125)   Post Evacuate Collection Set: 0.7ms
[2025-01-06T00:15:33.439+0530][gc,phases   ] GC(125)   Other: 0.4ms
[2025-01-06T00:15:33.439+0530][gc,heap     ] GC(125) Eden regions: 47->0(44)
[2025-01-06T00:15:33.439+0530][gc,heap     ] GC(125) Survivor regions: 4->7(7)
[2025-01-06T00:15:33.439+0530][gc,heap     ] GC(125) Old regions: 233->233
[2025-01-06T00:15:33.439+0530][gc,heap     ] GC(125) Humongous regions: 131->131
[2025-01-06T00:15:33.439+0530][gc,metaspace] GC(125) Metaspace: 44061K(44736K)->44061K(44736K) NonClass: 39004K(39360K)->39004K(39360K) Class: 5057K(5376K)->5057K(5376K)
[2025-01-06T00:15:33.440+0530][gc          ] GC(125) Pause Young (Normal) (G1 Evacuation Pause) 414M->370M(1024M) 21.521ms
[2025-01-06T00:15:33.440+0530][gc,cpu      ] GC(125) User=0.04s Sys=0.02s Real=0.03s
[2025-01-06T00:17:41.463+0530][gc,start    ] GC(126) Pause Young (Normal) (G1 Evacuation Pause)
[2025-01-06T00:17:41.465+0530][gc,task     ] GC(126) Using 9 workers of 9 for evacuation
[2025-01-06T00:17:41.488+0530][gc,mmu      ] GC(126) MMU target violated: 21.0ms (20.0ms/21.0ms)
[2025-01-06T00:17:41.488+0530][gc,phases   ] GC(126)   Pre Evacuate Collection Set: 1.6ms
[2025-01-06T00:17:41.488+0530][gc,phases   ] GC(126)   Merge Heap Roots: 0.4ms
[2025-01-06T00:17:41.488+0530][gc,phases   ] GC(126)   Evacuate Collection Set: 19.4ms
[2025-01-06T00:17:41.488+0530][gc,phases   ] GC(126)   Post Evacuate Collection Set: 1.2ms
[2025-01-06T00:17:41.488+0530][gc,phases   ] GC(126)   Other: 0.6ms
[2025-01-06T00:17:41.488+0530][gc,heap     ] GC(126) Eden regions: 44->0(51)
[2025-01-06T00:17:41.488+0530][gc,heap     ] GC(126) Survivor regions: 7->5(7)
[2025-01-06T00:17:41.488+0530][gc,heap     ] GC(126) Old regions: 233->240
[2025-01-06T00:17:41.488+0530][gc,heap     ] GC(126) Humongous regions: 131->131
[2025-01-06T00:17:41.488+0530][gc,metaspace] GC(126) Metaspace: 44061K(44736K)->44061K(44736K) NonClass: 39004K(39360K)->39004K(39360K) Class: 5057K(5376K)->5057K(5376K)
[2025-01-06T00:17:41.488+0530][gc          ] GC(126) Pause Young (Normal) (G1 Evacuation Pause) 414M->374M(1024M) 25.443ms
[2025-01-06T00:17:41.488+0530][gc,cpu      ] GC(126) User=0.04s Sys=0.04s Real=0.02s
[2025-01-06T00:20:36.259+0530][gc,start    ] GC(127) Pause Young (Normal) (G1 Evacuation Pause)
[2025-01-06T00:20:36.261+0530][gc,task     ] GC(127) Using 9 workers of 9 for evacuation
[2025-01-06T00:20:36.282+0530][gc,mmu      ] GC(127) MMU target violated: 21.0ms (20.0ms/21.0ms)
[2025-01-06T00:20:36.282+0530][gc,phases   ] GC(127)   Pre Evacuate Collection Set: 0.7ms
[2025-01-06T00:20:36.282+0530][gc,phases   ] GC(127)   Merge Heap Roots: 0.2ms
[2025-01-06T00:20:36.282+0530][gc,phases   ] GC(127)   Evacuate Collection Set: 19.3ms
[2025-01-06T00:20:36.282+0530][gc,phases   ] GC(127)   Post Evacuate Collection Set: 0.7ms
[2025-01-06T00:20:36.282+0530][gc,phases   ] GC(127)   Other: 0.2ms
[2025-01-06T00:20:36.282+0530][gc,heap     ] GC(127) Eden regions: 60->0(42)
[2025-01-06T00:20:36.282+0530][gc,heap     ] GC(127) Survivor regions: 5->9(9)
[2025-01-06T00:20:36.282+0530][gc,heap     ] GC(127) Old regions: 240->241
[2025-01-06T00:20:36.282+0530][gc,heap     ] GC(127) Humongous regions: 131->131
[2025-01-06T00:20:36.282+0530][gc,metaspace] GC(127) Metaspace: 44061K(44736K)->44061K(44736K) NonClass: 39004K(39360K)->39004K(39360K) Class: 5057K(5376K)->5057K(5376K)
[2025-01-06T00:20:36.282+0530][gc          ] GC(127) Pause Young (Normal) (G1 Evacuation Pause) 434M->380M(1024M) 22.385ms
[2025-01-06T00:20:36.282+0530][gc,cpu      ] GC(127) User=0.03s Sys=0.02s Real=0.03s
[2025-01-06T00:22:37.554+0530][gc,start    ] GC(128) Pause Young (Normal) (G1 Evacuation Pause)
[2025-01-06T00:22:37.557+0530][gc,task     ] GC(128) Using 9 workers of 9 for evacuation
[2025-01-06T00:22:37.583+0530][gc,mmu      ] GC(128) MMU target violated: 21.0ms (20.0ms/21.0ms)
[2025-01-06T00:22:37.583+0530][gc,phases   ] GC(128)   Pre Evacuate Collection Set: 1.9ms
[2025-01-06T00:22:37.583+0530][gc,phases   ] GC(128)   Merge Heap Roots: 0.4ms
[2025-01-06T00:22:37.583+0530][gc,phases   ] GC(128)   Evacuate Collection Set: 23.5ms
[2025-01-06T00:22:37.583+0530][gc,phases   ] GC(128)   Post Evacuate Collection Set: 0.6ms
[2025-01-06T00:22:37.583+0530][gc,phases   ] GC(128)   Other: 0.4ms
[2025-01-06T00:22:37.583+0530][gc,heap     ] GC(128) Eden regions: 42->0(63)
[2025-01-06T00:22:37.583+0530][gc,heap     ] GC(128) Survivor regions: 9->6(7)
[2025-01-06T00:22:37.583+0530][gc,heap     ] GC(128) Old regions: 241->248
[2025-01-06T00:22:37.583+0530][gc,heap     ] GC(128) Humongous regions: 131->131
[2025-01-06T00:22:37.583+0530][gc,metaspace] GC(128) Metaspace: 44061K(44736K)->44061K(44736K) NonClass: 39004K(39360K)->39004K(39360K) Class: 5057K(5376K)->5057K(5376K)
[2025-01-06T00:22:37.583+0530][gc          ] GC(128) Pause Young (Normal) (G1 Evacuation Pause) 422M->384M(1024M) 29.774ms
[2025-01-06T00:22:37.583+0530][gc,cpu      ] GC(128) User=0.06s Sys=0.04s Real=0.03s
[2025-01-06T00:26:01.802+0530][gc,start    ] GC(129) Pause Young (Normal) (G1 Evacuation Pause)
[2025-01-06T00:26:01.804+0530][gc,task     ] GC(129) Using 9 workers of 9 for evacuation
[2025-01-06T00:26:01.838+0530][gc,mmu      ] GC(129) MMU target violated: 21.0ms (20.0ms/21.0ms)
[2025-01-06T00:26:01.838+0530][gc,phases   ] GC(129)   Pre Evacuate Collection Set: 1.8ms
[2025-01-06T00:26:01.838+0530][gc,phases   ] GC(129)   Merge Heap Roots: 0.3ms
[2025-01-06T00:26:01.838+0530][gc,phases   ] GC(129)   Evacuate Collection Set: 28.1ms
[2025-01-06T00:26:01.838+0530][gc,phases   ] GC(129)   Post Evacuate Collection Set: 1.3ms
[2025-01-06T00:26:01.838+0530][gc,phases   ] GC(129)   Other: 2.7ms
[2025-01-06T00:26:01.838+0530][gc,heap     ] GC(129) Eden regions: 70->0(42)
[2025-01-06T00:26:01.838+0530][gc,heap     ] GC(129) Survivor regions: 6->9(10)
[2025-01-06T00:26:01.838+0530][gc,heap     ] GC(129) Old regions: 248->248
[2025-01-06T00:26:01.839+0530][gc,heap     ] GC(129) Humongous regions: 131->131
[2025-01-06T00:26:01.839+0530][gc,metaspace] GC(129) Metaspace: 44061K(44736K)->44061K(44736K) NonClass: 39004K(39360K)->39004K(39360K) Class: 5057K(5376K)->5057K(5376K)
[2025-01-06T00:26:01.839+0530][gc          ] GC(129) Pause Young (Normal) (G1 Evacuation Pause) 454M->387M(1024M) 36.154ms
[2025-01-06T00:26:01.839+0530][gc,cpu      ] GC(129) User=0.04s Sys=0.04s Real=0.03s
[2025-01-06T00:28:01.103+0530][gc,start    ] GC(130) Pause Young (Normal) (G1 Evacuation Pause)
[2025-01-06T00:28:01.105+0530][gc,task     ] GC(130) Using 9 workers of 9 for evacuation
[2025-01-06T00:28:01.127+0530][gc,mmu      ] GC(130) MMU target violated: 21.0ms (20.0ms/21.0ms)
[2025-01-06T00:28:01.127+0530][gc,phases   ] GC(130)   Pre Evacuate Collection Set: 1.1ms
[2025-01-06T00:28:01.127+0530][gc,phases   ] GC(130)   Merge Heap Roots: 0.4ms
[2025-01-06T00:28:01.127+0530][gc,phases   ] GC(130)   Evacuate Collection Set: 20.2ms
[2025-01-06T00:28:01.127+0530][gc,phases   ] GC(130)   Post Evacuate Collection Set: 0.5ms
[2025-01-06T00:28:01.127+0530][gc,phases   ] GC(130)   Other: 0.3ms
[2025-01-06T00:28:01.127+0530][gc,heap     ] GC(130) Eden regions: 42->0(45)
[2025-01-06T00:28:01.127+0530][gc,heap     ] GC(130) Survivor regions: 9->6(7)
[2025-01-06T00:28:01.127+0530][gc,heap     ] GC(130) Old regions: 248->256
[2025-01-06T00:28:01.127+0530][gc,heap     ] GC(130) Humongous regions: 131->131
[2025-01-06T00:28:01.127+0530][gc,metaspace] GC(130) Metaspace: 44070K(44736K)->44070K(44736K) NonClass: 39013K(39360K)->39013K(39360K) Class: 5057K(5376K)->5057K(5376K)
[2025-01-06T00:28:01.127+0530][gc          ] GC(130) Pause Young (Normal) (G1 Evacuation Pause) 429M->392M(1024M) 24.811ms
[2025-01-06T00:28:01.127+0530][gc,cpu      ] GC(130) User=0.03s Sys=0.03s Real=0.02s
[2025-01-06T00:30:10.470+0530][gc,start    ] GC(131) Pause Young (Normal) (G1 Evacuation Pause)
[2025-01-06T00:30:10.470+0530][gc,task     ] GC(131) Using 9 workers of 9 for evacuation
[2025-01-06T00:30:10.489+0530][gc,phases   ] GC(131)   Pre Evacuate Collection Set: 0.9ms
[2025-01-06T00:30:10.489+0530][gc,phases   ] GC(131)   Merge Heap Roots: 0.3ms
[2025-01-06T00:30:10.489+0530][gc,phases   ] GC(131)   Evacuate Collection Set: 16.4ms
[2025-01-06T00:30:10.489+0530][gc,phases   ] GC(131)   Post Evacuate Collection Set: 0.9ms
[2025-01-06T00:30:10.489+0530][gc,phases   ] GC(131)   Other: 0.2ms
[2025-01-06T00:30:10.489+0530][gc,heap     ] GC(131) Eden regions: 45->0(55)
[2025-01-06T00:30:10.489+0530][gc,heap     ] GC(131) Survivor regions: 6->4(7)
[2025-01-06T00:30:10.489+0530][gc,heap     ] GC(131) Old regions: 256->260
[2025-01-06T00:30:10.489+0530][gc,heap     ] GC(131) Humongous regions: 131->131
[2025-01-06T00:30:10.489+0530][gc,metaspace] GC(131) Metaspace: 44071K(44736K)->44071K(44736K) NonClass: 39014K(39360K)->39014K(39360K) Class: 5057K(5376K)->5057K(5376K)
[2025-01-06T00:30:10.489+0530][gc          ] GC(131) Pause Young (Normal) (G1 Evacuation Pause) 437M->394M(1024M) 19.367ms
[2025-01-06T00:30:10.489+0530][gc,cpu      ] GC(131) User=0.02s Sys=0.02s Real=0.01s
[2025-01-06T00:32:59.356+0530][gc,start    ] GC(132) Pause Young (Normal) (G1 Evacuation Pause)
[2025-01-06T00:32:59.358+0530][gc,task     ] GC(132) Using 9 workers of 9 for evacuation
[2025-01-06T00:32:59.388+0530][gc,mmu      ] GC(132) MMU target violated: 21.0ms (20.0ms/21.0ms)
[2025-01-06T00:32:59.388+0530][gc,phases   ] GC(132)   Pre Evacuate Collection Set: 2.8ms
[2025-01-06T00:32:59.388+0530][gc,phases   ] GC(132)   Merge Heap Roots: 0.4ms
[2025-01-06T00:32:59.388+0530][gc,phases   ] GC(132)   Evacuate Collection Set: 25.4ms
[2025-01-06T00:32:59.388+0530][gc,phases   ] GC(132)   Post Evacuate Collection Set: 0.6ms
[2025-01-06T00:32:59.388+0530][gc,phases   ] GC(132)   Other: 0.4ms
[2025-01-06T00:32:59.388+0530][gc,heap     ] GC(132) Eden regions: 59->0(43)
[2025-01-06T00:32:59.388+0530][gc,heap     ] GC(132) Survivor regions: 4->8(8)
[2025-01-06T00:32:59.388+0530][gc,heap     ] GC(132) Old regions: 260->261
[2025-01-06T00:32:59.388+0530][gc,heap     ] GC(132) Humongous regions: 131->131
[2025-01-06T00:32:59.388+0530][gc,metaspace] GC(132) Metaspace: 44090K(44736K)->44090K(44736K) NonClass: 39033K(39360K)->39033K(39360K) Class: 5057K(5376K)->5057K(5376K)
[2025-01-06T00:32:59.388+0530][gc          ] GC(132) Pause Young (Normal) (G1 Evacuation Pause) 453M->399M(1024M) 31.731ms
[2025-01-06T00:32:59.388+0530][gc,cpu      ] GC(132) User=0.04s Sys=0.03s Real=0.03s
[2025-01-06T00:35:01.735+0530][gc,start    ] GC(133) Pause Young (Normal) (G1 Evacuation Pause)
[2025-01-06T00:35:01.736+0530][gc,task     ] GC(133) Using 9 workers of 9 for evacuation
[2025-01-06T00:35:01.757+0530][gc,mmu      ] GC(133) MMU target violated: 20.4ms (20.0ms/21.0ms)
[2025-01-06T00:35:01.757+0530][gc,phases   ] GC(133)   Pre Evacuate Collection Set: 1.1ms
[2025-01-06T00:35:01.757+0530][gc,phases   ] GC(133)   Merge Heap Roots: 0.2ms
[2025-01-06T00:35:01.757+0530][gc,phases   ] GC(133)   Evacuate Collection Set: 18.5ms
[2025-01-06T00:35:01.757+0530][gc,phases   ] GC(133)   Post Evacuate Collection Set: 0.6ms
[2025-01-06T00:35:01.757+0530][gc,phases   ] GC(133)   Other: 0.2ms
[2025-01-06T00:35:01.757+0530][gc,heap     ] GC(133) Eden regions: 43->0(59)
[2025-01-06T00:35:01.757+0530][gc,heap     ] GC(133) Survivor regions: 8->5(7)
[2025-01-06T00:35:01.757+0530][gc,heap     ] GC(133) Old regions: 261->268
[2025-01-06T00:35:01.757+0530][gc,heap     ] GC(133) Humongous regions: 131->131
[2025-01-06T00:35:01.757+0530][gc,metaspace] GC(133) Metaspace: 44094K(44736K)->44094K(44736K) NonClass: 39037K(39360K)->39037K(39360K) Class: 5057K(5376K)->5057K(5376K)
[2025-01-06T00:35:01.757+0530][gc          ] GC(133) Pause Young (Normal) (G1 Evacuation Pause) 442M->403M(1024M) 22.013ms
[2025-01-06T00:35:01.757+0530][gc,cpu      ] GC(133) User=0.04s Sys=0.02s Real=0.02s
[2025-01-06T00:37:36.706+0530][gc,start    ] GC(134) Pause Young (Normal) (G1 Evacuation Pause)
[2025-01-06T00:37:36.706+0530][gc,task     ] GC(134) Using 9 workers of 9 for evacuation
[2025-01-06T00:37:36.728+0530][gc,mmu      ] GC(134) MMU target violated: 21.0ms (20.0ms/21.0ms)
[2025-01-06T00:37:36.728+0530][gc,phases   ] GC(134)   Pre Evacuate Collection Set: 0.7ms
[2025-01-06T00:37:36.728+0530][gc,phases   ] GC(134)   Merge Heap Roots: 0.2ms
[2025-01-06T00:37:36.728+0530][gc,phases   ] GC(134)   Evacuate Collection Set: 19.2ms
[2025-01-06T00:37:36.728+0530][gc,phases   ] GC(134)   Post Evacuate Collection Set: 0.8ms
[2025-01-06T00:37:36.728+0530][gc,phases   ] GC(134)   Other: 0.4ms
[2025-01-06T00:37:36.728+0530][gc,heap     ] GC(134) Eden regions: 55->0(72)
[2025-01-06T00:37:36.728+0530][gc,heap     ] GC(134) Survivor regions: 5->5(8)
[2025-01-06T00:37:36.728+0530][gc,heap     ] GC(134) Old regions: 268->272
[2025-01-06T00:37:36.728+0530][gc,heap     ] GC(134) Humongous regions: 131->131
[2025-01-06T00:37:36.728+0530][gc,metaspace] GC(134) Metaspace: 44178K(44800K)->44178K(44800K) NonClass: 39121K(39424K)->39121K(39424K) Class: 5057K(5376K)->5057K(5376K)
[2025-01-06T00:37:36.728+0530][gc          ] GC(134) Pause Young (Normal) (G1 Evacuation Pause) 458M->406M(1024M) 22.429ms
[2025-01-06T00:37:36.728+0530][gc,cpu      ] GC(134) User=0.03s Sys=0.02s Real=0.02s
[2025-01-06T00:39:58.694+0530][gc,start    ] GC(135) Pause Young (Normal) (G1 Evacuation Pause)
[2025-01-06T00:39:58.697+0530][gc,task     ] GC(135) Using 9 workers of 9 for evacuation
[2025-01-06T00:39:58.713+0530][gc,phases   ] GC(135)   Pre Evacuate Collection Set: 1.0ms
[2025-01-06T00:39:58.713+0530][gc,phases   ] GC(135)   Merge Heap Roots: 0.5ms
[2025-01-06T00:39:58.713+0530][gc,phases   ] GC(135)   Evacuate Collection Set: 14.3ms
[2025-01-06T00:39:58.713+0530][gc,phases   ] GC(135)   Post Evacuate Collection Set: 0.6ms
[2025-01-06T00:39:58.713+0530][gc,phases   ] GC(135)   Other: 0.4ms
[2025-01-06T00:39:58.713+0530][gc,heap     ] GC(135) Eden regions: 49->0(83)
[2025-01-06T00:39:58.713+0530][gc,heap     ] GC(135) Survivor regions: 5->5(7)
[2025-01-06T00:39:58.713+0530][gc,heap     ] GC(135) Old regions: 272->276
[2025-01-06T00:39:58.713+0530][gc,heap     ] GC(135) Humongous regions: 131->131
[2025-01-06T00:39:58.713+0530][gc,metaspace] GC(135) Metaspace: 44178K(44800K)->44178K(44800K) NonClass: 39121K(39424K)->39121K(39424K) Class: 5057K(5376K)->5057K(5376K)
[2025-01-06T00:39:58.713+0530][gc          ] GC(135) Pause Young (Normal) (G1 Evacuation Pause) 455M->411M(1024M) 19.048ms
[2025-01-06T00:39:58.713+0530][gc,cpu      ] GC(135) User=0.03s Sys=0.02s Real=0.02s
[2025-01-06T00:43:40.886+0530][gc,start    ] GC(136) Pause Young (Normal) (G1 Evacuation Pause)
[2025-01-06T00:43:40.888+0530][gc,task     ] GC(136) Using 9 workers of 9 for evacuation
[2025-01-06T00:43:40.911+0530][gc,mmu      ] GC(136) MMU target violated: 21.0ms (20.0ms/21.0ms)
[2025-01-06T00:43:40.911+0530][gc,phases   ] GC(136)   Pre Evacuate Collection Set: 3.3ms
[2025-01-06T00:43:40.911+0530][gc,phases   ] GC(136)   Merge Heap Roots: 0.6ms
[2025-01-06T00:43:40.911+0530][gc,phases   ] GC(136)   Evacuate Collection Set: 18.2ms
[2025-01-06T00:43:40.911+0530][gc,phases   ] GC(136)   Post Evacuate Collection Set: 0.6ms
[2025-01-06T00:43:40.911+0530][gc,phases   ] GC(136)   Other: 0.5ms
[2025-01-06T00:43:40.911+0530][gc,heap     ] GC(136) Eden regions: 81->0(40)
[2025-01-06T00:43:40.911+0530][gc,heap     ] GC(136) Survivor regions: 5->11(11)
[2025-01-06T00:43:40.911+0530][gc,heap     ] GC(136) Old regions: 276->276
[2025-01-06T00:43:40.911+0530][gc,heap     ] GC(136) Humongous regions: 131->131
[2025-01-06T00:43:40.911+0530][gc,metaspace] GC(136) Metaspace: 44190K(44864K)->44190K(44864K) NonClass: 39133K(39488K)->39133K(39488K) Class: 5057K(5376K)->5057K(5376K)
[2025-01-06T00:43:40.911+0530][gc          ] GC(136) Pause Young (Normal) (G1 Evacuation Pause) 492M->416M(1024M) 25.250ms
[2025-01-06T00:43:40.911+0530][gc,cpu      ] GC(136) User=0.02s Sys=0.05s Real=0.03s
[2025-01-06T00:45:34.979+0530][gc,start    ] GC(137) Pause Young (Normal) (G1 Evacuation Pause)
[2025-01-06T00:45:34.979+0530][gc,task     ] GC(137) Using 9 workers of 9 for evacuation
[2025-01-06T00:45:34.998+0530][gc,phases   ] GC(137)   Pre Evacuate Collection Set: 1.0ms
[2025-01-06T00:45:34.998+0530][gc,phases   ] GC(137)   Merge Heap Roots: 0.3ms
[2025-01-06T00:45:34.998+0530][gc,phases   ] GC(137)   Evacuate Collection Set: 15.7ms
[2025-01-06T00:45:34.998+0530][gc,phases   ] GC(137)   Post Evacuate Collection Set: 1.3ms
[2025-01-06T00:45:34.998+0530][gc,phases   ] GC(137)   Other: 0.1ms
[2025-01-06T00:45:34.998+0530][gc,heap     ] GC(137) Eden regions: 40->0(136)
[2025-01-06T00:45:34.998+0530][gc,heap     ] GC(137) Survivor regions: 11->4(7)
[2025-01-06T00:45:34.998+0530][gc,heap     ] GC(137) Old regions: 276->283
[2025-01-06T00:45:34.998+0530][gc,heap     ] GC(137) Humongous regions: 131->131
[2025-01-06T00:45:34.998+0530][gc,metaspace] GC(137) Metaspace: 44215K(44864K)->44215K(44864K) NonClass: 39158K(39488K)->39158K(39488K) Class: 5057K(5376K)->5057K(5376K)
[2025-01-06T00:45:34.998+0530][gc          ] GC(137) Pause Young (Normal) (G1 Evacuation Pause) 456M->417M(1024M) 19.197ms
[2025-01-06T00:45:34.998+0530][gc,cpu      ] GC(137) User=0.03s Sys=0.02s Real=0.02s
[2025-01-06T00:52:58.027+0530][gc,start    ] GC(138) Pause Young (Normal) (G1 Evacuation Pause)
[2025-01-06T00:52:58.029+0530][gc,task     ] GC(138) Using 9 workers of 9 for evacuation
[2025-01-06T00:52:58.056+0530][gc,mmu      ] GC(138) MMU target violated: 21.0ms (20.0ms/21.0ms)
[2025-01-06T00:52:58.056+0530][gc,phases   ] GC(138)   Pre Evacuate Collection Set: 2.1ms
[2025-01-06T00:52:58.056+0530][gc,phases   ] GC(138)   Merge Heap Roots: 0.3ms
[2025-01-06T00:52:58.056+0530][gc,phases   ] GC(138)   Evacuate Collection Set: 24.2ms
[2025-01-06T00:52:58.056+0530][gc,phases   ] GC(138)   Post Evacuate Collection Set: 0.9ms
[2025-01-06T00:52:58.056+0530][gc,phases   ] GC(138)   Other: 0.6ms
[2025-01-06T00:52:58.057+0530][gc,heap     ] GC(138) Eden regions: 157->0(36)
[2025-01-06T00:52:58.057+0530][gc,heap     ] GC(138) Survivor regions: 4->15(21)
[2025-01-06T00:52:58.057+0530][gc,heap     ] GC(138) Old regions: 283->283
[2025-01-06T00:52:58.057+0530][gc,heap     ] GC(138) Humongous regions: 131->131
[2025-01-06T00:52:58.057+0530][gc,metaspace] GC(138) Metaspace: 44261K(44928K)->44261K(44928K) NonClass: 39204K(39552K)->39204K(39552K) Class: 5057K(5376K)->5057K(5376K)
[2025-01-06T00:52:58.057+0530][gc          ] GC(138) Pause Young (Normal) (G1 Evacuation Pause) 574M->428M(1024M) 29.146ms
[2025-01-06T00:52:58.057+0530][gc,cpu      ] GC(138) User=0.05s Sys=0.03s Real=0.03s
[2025-01-06T00:54:40.928+0530][gc,start    ] GC(139) Pause Young (Normal) (G1 Evacuation Pause)
[2025-01-06T00:54:40.929+0530][gc,task     ] GC(139) Using 9 workers of 9 for evacuation
[2025-01-06T00:54:40.966+0530][gc,mmu      ] GC(139) MMU target violated: 21.0ms (20.0ms/21.0ms)
[2025-01-06T00:54:40.966+0530][gc,phases   ] GC(139)   Pre Evacuate Collection Set: 1.0ms
[2025-01-06T00:54:40.966+0530][gc,phases   ] GC(139)   Merge Heap Roots: 0.3ms
[2025-01-06T00:54:40.966+0530][gc,phases   ] GC(139)   Evacuate Collection Set: 35.6ms
[2025-01-06T00:54:40.967+0530][gc,phases   ] GC(139)   Post Evacuate Collection Set: 0.5ms
[2025-01-06T00:54:40.967+0530][gc,phases   ] GC(139)   Other: 0.2ms
[2025-01-06T00:54:40.967+0530][gc,heap     ] GC(139) Eden regions: 36->0(69)
[2025-01-06T00:54:40.967+0530][gc,heap     ] GC(139) Survivor regions: 15->4(7)
[2025-01-06T00:54:40.967+0530][gc,heap     ] GC(139) Old regions: 283->297
[2025-01-06T00:54:40.967+0530][gc,heap     ] GC(139) Humongous regions: 131->131
[2025-01-06T00:54:40.967+0530][gc,metaspace] GC(139) Metaspace: 44261K(44928K)->44261K(44928K) NonClass: 39204K(39552K)->39204K(39552K) Class: 5057K(5376K)->5057K(5376K)
[2025-01-06T00:54:40.967+0530][gc          ] GC(139) Pause Young (Normal) (G1 Evacuation Pause) 464M->430M(1024M) 38.594ms
[2025-01-06T00:54:40.967+0530][gc,cpu      ] GC(139) User=0.03s Sys=0.03s Real=0.04s
[2025-01-06T00:58:34.277+0530][gc,start    ] GC(140) Pause Young (Normal) (G1 Evacuation Pause)
[2025-01-06T00:58:34.280+0530][gc,task     ] GC(140) Using 9 workers of 9 for evacuation
[2025-01-06T00:58:34.305+0530][gc,mmu      ] GC(140) MMU target violated: 21.0ms (20.0ms/21.0ms)
[2025-01-06T00:58:34.305+0530][gc,phases   ] GC(140)   Pre Evacuate Collection Set: 1.8ms
[2025-01-06T00:58:34.305+0530][gc,phases   ] GC(140)   Merge Heap Roots: 0.6ms
[2025-01-06T00:58:34.305+0530][gc,phases   ] GC(140)   Evacuate Collection Set: 22.0ms
[2025-01-06T00:58:34.305+0530][gc,phases   ] GC(140)   Post Evacuate Collection Set: 0.7ms
[2025-01-06T00:58:34.305+0530][gc,phases   ] GC(140)   Other: 0.8ms
[2025-01-06T00:58:34.305+0530][gc,heap     ] GC(140) Eden regions: 81->0(40)
[2025-01-06T00:58:34.305+0530][gc,heap     ] GC(140) Survivor regions: 4->11(11)
[2025-01-06T00:58:34.305+0530][gc,heap     ] GC(140) Old regions: 297->297
[2025-01-06T00:58:34.305+0530][gc,heap     ] GC(140) Humongous regions: 131->131
[2025-01-06T00:58:34.305+0530][gc,metaspace] GC(140) Metaspace: 44261K(44928K)->44261K(44928K) NonClass: 39204K(39552K)->39204K(39552K) Class: 5057K(5376K)->5057K(5376K)
[2025-01-06T00:58:34.305+0530][gc          ] GC(140) Pause Young (Normal) (G1 Evacuation Pause) 511M->437M(1024M) 28.701ms
[2025-01-06T00:58:34.306+0530][gc,cpu      ] GC(140) User=0.05s Sys=0.03s Real=0.03s
[2025-01-06T01:00:29.437+0530][gc,start    ] GC(141) Pause Young (Normal) (G1 Evacuation Pause)
[2025-01-06T01:00:29.437+0530][gc,task     ] GC(141) Using 9 workers of 9 for evacuation
[2025-01-06T01:00:29.466+0530][gc,mmu      ] GC(141) MMU target violated: 21.0ms (20.0ms/21.0ms)
[2025-01-06T01:00:29.466+0530][gc,phases   ] GC(141)   Pre Evacuate Collection Set: 1.2ms
[2025-01-06T01:00:29.466+0530][gc,phases   ] GC(141)   Merge Heap Roots: 0.2ms
[2025-01-06T01:00:29.466+0530][gc,phases   ] GC(141)   Evacuate Collection Set: 26.9ms
[2025-01-06T01:00:29.466+0530][gc,phases   ] GC(141)   Post Evacuate Collection Set: 0.5ms
[2025-01-06T01:00:29.466+0530][gc,phases   ] GC(141)   Other: 0.3ms
[2025-01-06T01:00:29.466+0530][gc,heap     ] GC(141) Eden regions: 40->0(51)
[2025-01-06T01:00:29.466+0530][gc,heap     ] GC(141) Survivor regions: 11->5(7)
[2025-01-06T01:00:29.466+0530][gc,heap     ] GC(141) Old regions: 297->305
[2025-01-06T01:00:29.466+0530][gc,heap     ] GC(141) Humongous regions: 131->131
[2025-01-06T01:00:29.466+0530][gc,metaspace] GC(141) Metaspace: 44265K(44928K)->44265K(44928K) NonClass: 39208K(39552K)->39208K(39552K) Class: 5057K(5376K)->5057K(5376K)
[2025-01-06T01:00:29.466+0530][gc          ] GC(141) Pause Young (Normal) (G1 Evacuation Pause) 477M->440M(1024M) 29.744ms
[2025-01-06T01:00:29.466+0530][gc,cpu      ] GC(141) User=0.04s Sys=0.03s Real=0.03s
[2025-01-06T01:03:07.828+0530][gc,start    ] GC(142) Pause Young (Normal) (G1 Evacuation Pause)
[2025-01-06T01:03:07.829+0530][gc,task     ] GC(142) Using 9 workers of 9 for evacuation
[2025-01-06T01:03:07.838+0530][gc,phases   ] GC(142)   Pre Evacuate Collection Set: 0.7ms
[2025-01-06T01:03:07.838+0530][gc,phases   ] GC(142)   Merge Heap Roots: 0.1ms
[2025-01-06T01:03:07.838+0530][gc,phases   ] GC(142)   Evacuate Collection Set: 6.7ms
[2025-01-06T01:03:07.838+0530][gc,phases   ] GC(142)   Post Evacuate Collection Set: 0.7ms
[2025-01-06T01:03:07.838+0530][gc,phases   ] GC(142)   Other: 0.2ms
[2025-01-06T01:03:07.838+0530][gc,heap     ] GC(142) Eden regions: 55->0(75)
[2025-01-06T01:03:07.838+0530][gc,heap     ] GC(142) Survivor regions: 5->5(8)
[2025-01-06T01:03:07.838+0530][gc,heap     ] GC(142) Old regions: 305->308
[2025-01-06T01:03:07.838+0530][gc,heap     ] GC(142) Humongous regions: 131->131
[2025-01-06T01:03:07.838+0530][gc,metaspace] GC(142) Metaspace: 44265K(44928K)->44265K(44928K) NonClass: 39208K(39552K)->39208K(39552K) Class: 5057K(5376K)->5057K(5376K)
[2025-01-06T01:03:07.838+0530][gc          ] GC(142) Pause Young (Normal) (G1 Evacuation Pause) 495M->443M(1024M) 10.028ms
[2025-01-06T01:03:07.838+0530][gc,cpu      ] GC(142) User=0.03s Sys=0.03s Real=0.01s
[2025-01-06T01:06:07.289+0530][gc,start    ] GC(143) Pause Young (Normal) (G1 Evacuation Pause)
[2025-01-06T01:06:07.292+0530][gc,task     ] GC(143) Using 9 workers of 9 for evacuation
[2025-01-06T01:06:07.323+0530][gc,mmu      ] GC(143) MMU target violated: 21.0ms (20.0ms/21.0ms)
[2025-01-06T01:06:07.323+0530][gc,phases   ] GC(143)   Pre Evacuate Collection Set: 3.4ms
[2025-01-06T01:06:07.323+0530][gc,phases   ] GC(143)   Merge Heap Roots: 0.9ms
[2025-01-06T01:06:07.323+0530][gc,phases   ] GC(143)   Evacuate Collection Set: 25.9ms
[2025-01-06T01:06:07.323+0530][gc,phases   ] GC(143)   Post Evacuate Collection Set: 0.9ms
[2025-01-06T01:06:07.323+0530][gc,phases   ] GC(143)   Other: 0.7ms
[2025-01-06T01:06:07.323+0530][gc,heap     ] GC(143) Eden regions: 62->0(42)
[2025-01-06T01:06:07.323+0530][gc,heap     ] GC(143) Survivor regions: 5->9(9)
[2025-01-06T01:06:07.323+0530][gc,heap     ] GC(143) Old regions: 308->310
[2025-01-06T01:06:07.324+0530][gc,heap     ] GC(143) Humongous regions: 131->131
[2025-01-06T01:06:07.324+0530][gc,metaspace] GC(143) Metaspace: 44265K(44928K)->44265K(44928K) NonClass: 39208K(39552K)->39208K(39552K) Class: 5057K(5376K)->5057K(5376K)
[2025-01-06T01:06:07.324+0530][gc          ] GC(143) Pause Young (Normal) (G1 Evacuation Pause) 505M->449M(1024M) 34.838ms
[2025-01-06T01:06:07.324+0530][gc,cpu      ] GC(143) User=0.05s Sys=0.06s Real=0.04s
[2025-01-06T01:08:07.436+0530][gc,start    ] GC(144) Pause Young (Normal) (G1 Evacuation Pause)
[2025-01-06T01:08:07.438+0530][gc,task     ] GC(144) Using 9 workers of 9 for evacuation
[2025-01-06T01:08:07.465+0530][gc,mmu      ] GC(144) MMU target violated: 21.0ms (20.0ms/21.0ms)
[2025-01-06T01:08:07.465+0530][gc,phases   ] GC(144)   Pre Evacuate Collection Set: 0.8ms
[2025-01-06T01:08:07.465+0530][gc,phases   ] GC(144)   Merge Heap Roots: 0.2ms
[2025-01-06T01:08:07.465+0530][gc,phases   ] GC(144)   Evacuate Collection Set: 24.2ms
[2025-01-06T01:08:07.465+0530][gc,phases   ] GC(144)   Post Evacuate Collection Set: 1.5ms
[2025-01-06T01:08:07.465+0530][gc,phases   ] GC(144)   Other: 0.8ms
[2025-01-06T01:08:07.465+0530][gc,heap     ] GC(144) Eden regions: 42->0(45)
[2025-01-06T01:08:07.465+0530][gc,heap     ] GC(144) Survivor regions: 9->6(7)
[2025-01-06T01:08:07.465+0530][gc,heap     ] GC(144) Old regions: 310->318
[2025-01-06T01:08:07.465+0530][gc,heap     ] GC(144) Humongous regions: 131->131
[2025-01-06T01:08:07.465+0530][gc,metaspace] GC(144) Metaspace: 44267K(44928K)->44267K(44928K) NonClass: 39210K(39552K)->39210K(39552K) Class: 5057K(5376K)->5057K(5376K)
[2025-01-06T01:08:07.465+0530][gc          ] GC(144) Pause Young (Normal) (G1 Evacuation Pause) 491M->454M(1024M) 28.942ms
[2025-01-06T01:08:07.465+0530][gc,cpu      ] GC(144) User=0.04s Sys=0.04s Real=0.03s
[2025-01-06T01:10:16.812+0530][gc,start    ] GC(145) Pause Young (Normal) (G1 Evacuation Pause)
[2025-01-06T01:10:16.815+0530][gc,task     ] GC(145) Using 9 workers of 9 for evacuation
[2025-01-06T01:10:16.839+0530][gc,mmu      ] GC(145) MMU target violated: 21.0ms (20.0ms/21.0ms)
[2025-01-06T01:10:16.840+0530][gc,phases   ] GC(145)   Pre Evacuate Collection Set: 1.6ms
[2025-01-06T01:10:16.840+0530][gc,phases   ] GC(145)   Merge Heap Roots: 0.3ms
[2025-01-06T01:10:16.840+0530][gc,phases   ] GC(145)   Evacuate Collection Set: 21.0ms
[2025-01-06T01:10:16.840+0530][gc,phases   ] GC(145)   Post Evacuate Collection Set: 1.3ms
[2025-01-06T01:10:16.840+0530][gc,phases   ] GC(145)   Other: 0.5ms
[2025-01-06T01:10:16.840+0530][gc,heap     ] GC(145) Eden regions: 45->0(45)
[2025-01-06T01:10:16.840+0530][gc,heap     ] GC(145) Survivor regions: 6->6(7)
[2025-01-06T01:10:16.840+0530][gc,heap     ] GC(145) Old regions: 318->322
[2025-01-06T01:10:16.840+0530][gc,heap     ] GC(145) Humongous regions: 131->131
[2025-01-06T01:10:16.840+0530][gc,metaspace] GC(145) Metaspace: 44267K(44928K)->44267K(44928K) NonClass: 39210K(39552K)->39210K(39552K) Class: 5057K(5376K)->5057K(5376K)
[2025-01-06T01:10:16.840+0530][gc          ] GC(145) Pause Young (Normal) (G1 Evacuation Pause) 499M->457M(1024M) 27.564ms
[2025-01-06T01:10:16.840+0530][gc,cpu      ] GC(145) User=0.05s Sys=0.04s Real=0.03s
[2025-01-06T01:12:25.778+0530][gc,start    ] GC(146) Pause Young (Normal) (G1 Evacuation Pause)
[2025-01-06T01:12:25.779+0530][gc,task     ] GC(146) Using 9 workers of 9 for evacuation
[2025-01-06T01:12:25.797+0530][gc,phases   ] GC(146)   Pre Evacuate Collection Set: 0.7ms
[2025-01-06T01:12:25.797+0530][gc,phases   ] GC(146)   Merge Heap Roots: 0.4ms
[2025-01-06T01:12:25.797+0530][gc,phases   ] GC(146)   Evacuate Collection Set: 15.9ms
[2025-01-06T01:12:25.797+0530][gc,phases   ] GC(146)   Post Evacuate Collection Set: 0.6ms
[2025-01-06T01:12:25.797+0530][gc,phases   ] GC(146)   Other: 0.2ms
[2025-01-06T01:12:25.797+0530][gc,heap     ] GC(146) Eden regions: 45->0(45)
[2025-01-06T01:12:25.797+0530][gc,heap     ] GC(146) Survivor regions: 6->6(7)
[2025-01-06T01:12:25.797+0530][gc,heap     ] GC(146) Old regions: 322->325
[2025-01-06T01:12:25.797+0530][gc,heap     ] GC(146) Humongous regions: 131->131
[2025-01-06T01:12:25.797+0530][gc,metaspace] GC(146) Metaspace: 44268K(44928K)->44268K(44928K) NonClass: 39211K(39552K)->39211K(39552K) Class: 5057K(5376K)->5057K(5376K)
[2025-01-06T01:12:25.797+0530][gc          ] GC(146) Pause Young (Normal) (G1 Evacuation Pause) 502M->461M(1024M) 19.108ms
[2025-01-06T01:12:25.797+0530][gc,cpu      ] GC(146) User=0.03s Sys=0.02s Real=0.02s
[2025-01-06T01:14:34.427+0530][gc,start    ] GC(147) Pause Young (Normal) (G1 Evacuation Pause)
[2025-01-06T01:14:34.435+0530][gc,task     ] GC(147) Using 9 workers of 9 for evacuation
[2025-01-06T01:14:34.469+0530][gc,mmu      ] GC(147) MMU target violated: 21.0ms (20.0ms/21.0ms)
[2025-01-06T01:14:34.469+0530][gc,phases   ] GC(147)   Pre Evacuate Collection Set: 4.3ms
[2025-01-06T01:14:34.469+0530][gc,phases   ] GC(147)   Merge Heap Roots: 0.4ms
[2025-01-06T01:14:34.469+0530][gc,phases   ] GC(147)   Evacuate Collection Set: 28.0ms
[2025-01-06T01:14:34.469+0530][gc,phases   ] GC(147)   Post Evacuate Collection Set: 0.6ms
[2025-01-06T01:14:34.469+0530][gc,phases   ] GC(147)   Other: 1.2ms
[2025-01-06T01:14:34.469+0530][gc,heap     ] GC(147) Eden regions: 45->0(45)
[2025-01-06T01:14:34.469+0530][gc,heap     ] GC(147) Survivor regions: 6->6(7)
[2025-01-06T01:14:34.469+0530][gc,heap     ] GC(147) Old regions: 325->329
[2025-01-06T01:14:34.469+0530][gc,heap     ] GC(147) Humongous regions: 131->131
[2025-01-06T01:14:34.469+0530][gc,metaspace] GC(147) Metaspace: 44277K(44992K)->44277K(44992K) NonClass: 39220K(39616K)->39220K(39616K) Class: 5057K(5376K)->5057K(5376K)
[2025-01-06T01:14:34.469+0530][gc          ] GC(147) Pause Young (Normal) (G1 Evacuation Pause) 506M->464M(1024M) 42.416ms
[2025-01-06T01:14:34.469+0530][gc,cpu      ] GC(147) User=0.04s Sys=0.05s Real=0.04s
[2025-01-06T01:16:44.032+0530][gc,start    ] GC(148) Pause Young (Normal) (G1 Evacuation Pause)
[2025-01-06T01:16:44.033+0530][gc,task     ] GC(148) Using 9 workers of 9 for evacuation
[2025-01-06T01:16:44.051+0530][gc,phases   ] GC(148)   Pre Evacuate Collection Set: 0.9ms
[2025-01-06T01:16:44.051+0530][gc,phases   ] GC(148)   Merge Heap Roots: 0.3ms
[2025-01-06T01:16:44.051+0530][gc,phases   ] GC(148)   Evacuate Collection Set: 15.8ms
[2025-01-06T01:16:44.051+0530][gc,phases   ] GC(148)   Post Evacuate Collection Set: 1.0ms
[2025-01-06T01:16:44.051+0530][gc,phases   ] GC(148)   Other: 0.2ms
[2025-01-06T01:16:44.051+0530][gc,heap     ] GC(148) Eden regions: 45->0(47)
[2025-01-06T01:16:44.051+0530][gc,heap     ] GC(148) Survivor regions: 6->4(7)
[2025-01-06T01:16:44.051+0530][gc,heap     ] GC(148) Old regions: 329->332
[2025-01-06T01:16:44.051+0530][gc,heap     ] GC(148) Humongous regions: 131->131
[2025-01-06T01:16:44.051+0530][gc,metaspace] GC(148) Metaspace: 44277K(44992K)->44277K(44992K) NonClass: 39220K(39616K)->39220K(39616K) Class: 5057K(5376K)->5057K(5376K)
[2025-01-06T01:16:44.051+0530][gc          ] GC(148) Pause Young (Normal) (G1 Evacuation Pause) 509M->466M(1024M) 19.135ms
[2025-01-06T01:16:44.051+0530][gc,cpu      ] GC(148) User=0.03s Sys=0.02s Real=0.02s
[2025-01-06T01:18:58.929+0530][gc,start    ] GC(149) Pause Young (Normal) (G1 Evacuation Pause)
[2025-01-06T01:18:58.931+0530][gc,task     ] GC(149) Using 9 workers of 9 for evacuation
[2025-01-06T01:18:58.957+0530][gc,mmu      ] GC(149) MMU target violated: 21.0ms (20.0ms/21.0ms)
[2025-01-06T01:18:58.957+0530][gc,phases   ] GC(149)   Pre Evacuate Collection Set: 1.9ms
[2025-01-06T01:18:58.957+0530][gc,phases   ] GC(149)   Merge Heap Roots: 0.9ms
[2025-01-06T01:18:58.957+0530][gc,phases   ] GC(149)   Evacuate Collection Set: 22.0ms
[2025-01-06T01:18:58.957+0530][gc,phases   ] GC(149)   Post Evacuate Collection Set: 1.1ms
[2025-01-06T01:18:58.957+0530][gc,phases   ] GC(149)   Other: 0.5ms
[2025-01-06T01:18:58.957+0530][gc,heap     ] GC(149) Eden regions: 47->0(44)
[2025-01-06T01:18:58.957+0530][gc,heap     ] GC(149) Survivor regions: 4->7(7)
[2025-01-06T01:18:58.957+0530][gc,heap     ] GC(149) Old regions: 332->332
[2025-01-06T01:18:58.957+0530][gc,heap     ] GC(149) Humongous regions: 131->131
[2025-01-06T01:18:58.957+0530][gc,metaspace] GC(149) Metaspace: 44277K(44992K)->44277K(44992K) NonClass: 39220K(39616K)->39220K(39616K) Class: 5057K(5376K)->5057K(5376K)
[2025-01-06T01:18:58.957+0530][gc          ] GC(149) Pause Young (Normal) (G1 Evacuation Pause) 513M->469M(1024M) 28.422ms
[2025-01-06T01:18:58.957+0530][gc,cpu      ] GC(149) User=0.04s Sys=0.04s Real=0.03s
[2025-01-06T01:21:05.929+0530][gc,start    ] GC(150) Pause Young (Normal) (G1 Evacuation Pause)
[2025-01-06T01:21:05.931+0530][gc,task     ] GC(150) Using 9 workers of 9 for evacuation
[2025-01-06T01:21:05.962+0530][gc,mmu      ] GC(150) MMU target violated: 21.0ms (20.0ms/21.0ms)
[2025-01-06T01:21:05.962+0530][gc,phases   ] GC(150)   Pre Evacuate Collection Set: 1.0ms
[2025-01-06T01:21:05.962+0530][gc,phases   ] GC(150)   Merge Heap Roots: 0.3ms
[2025-01-06T01:21:05.962+0530][gc,phases   ] GC(150)   Evacuate Collection Set: 28.7ms
[2025-01-06T01:21:05.962+0530][gc,phases   ] GC(150)   Post Evacuate Collection Set: 0.5ms
[2025-01-06T01:21:05.962+0530][gc,phases   ] GC(150)   Other: 0.3ms
[2025-01-06T01:21:05.962+0530][gc,heap     ] GC(150) Eden regions: 44->0(47)
[2025-01-06T01:21:05.962+0530][gc,heap     ] GC(150) Survivor regions: 7->4(7)
[2025-01-06T01:21:05.962+0530][gc,heap     ] GC(150) Old regions: 332->339
[2025-01-06T01:21:05.962+0530][gc,heap     ] GC(150) Humongous regions: 131->131
[2025-01-06T01:21:05.962+0530][gc,metaspace] GC(150) Metaspace: 44277K(44992K)->44277K(44992K) NonClass: 39220K(39616K)->39220K(39616K) Class: 5057K(5376K)->5057K(5376K)
[2025-01-06T01:21:05.962+0530][gc          ] GC(150) Pause Young (Normal) (G1 Evacuation Pause) 513M->473M(1024M) 32.612ms
[2025-01-06T01:21:05.962+0530][gc,cpu      ] GC(150) User=0.04s Sys=0.04s Real=0.04s
[2025-01-06T01:23:27.689+0530][gc,start    ] GC(151) Pause Young (Normal) (G1 Evacuation Pause)
[2025-01-06T01:23:27.690+0530][gc,task     ] GC(151) Using 9 workers of 9 for evacuation
[2025-01-06T01:23:27.708+0530][gc,phases   ] GC(151)   Pre Evacuate Collection Set: 2.4ms
[2025-01-06T01:23:27.708+0530][gc,phases   ] GC(151)   Merge Heap Roots: 0.2ms
[2025-01-06T01:23:27.708+0530][gc,phases   ] GC(151)   Evacuate Collection Set: 14.4ms
[2025-01-06T01:23:27.708+0530][gc,phases   ] GC(151)   Post Evacuate Collection Set: 0.7ms
[2025-01-06T01:23:27.708+0530][gc,phases   ] GC(151)   Other: 0.2ms
[2025-01-06T01:23:27.708+0530][gc,heap     ] GC(151) Eden regions: 47->0(44)
[2025-01-06T01:23:27.708+0530][gc,heap     ] GC(151) Survivor regions: 4->7(7)
[2025-01-06T01:23:27.708+0530][gc,heap     ] GC(151) Old regions: 339->339
[2025-01-06T01:23:27.708+0530][gc,heap     ] GC(151) Humongous regions: 131->131
[2025-01-06T01:23:27.708+0530][gc,metaspace] GC(151) Metaspace: 44284K(44992K)->44284K(44992K) NonClass: 39227K(39616K)->39227K(39616K) Class: 5057K(5376K)->5057K(5376K)
[2025-01-06T01:23:27.708+0530][gc          ] GC(151) Pause Young (Normal) (G1 Evacuation Pause) 520M->476M(1024M) 18.893ms
[2025-01-06T01:23:27.708+0530][gc,cpu      ] GC(151) User=0.03s Sys=0.03s Real=0.02s
[2025-01-06T01:25:33.529+0530][gc,start    ] GC(152) Pause Young (Normal) (G1 Evacuation Pause)
[2025-01-06T01:25:33.531+0530][gc,task     ] GC(152) Using 9 workers of 9 for evacuation
[2025-01-06T01:25:33.567+0530][gc,mmu      ] GC(152) MMU target violated: 21.0ms (20.0ms/21.0ms)
[2025-01-06T01:25:33.567+0530][gc,phases   ] GC(152)   Pre Evacuate Collection Set: 1.9ms
[2025-01-06T01:25:33.568+0530][gc,phases   ] GC(152)   Merge Heap Roots: 2.3ms
[2025-01-06T01:25:33.568+0530][gc,phases   ] GC(152)   Evacuate Collection Set: 30.8ms
[2025-01-06T01:25:33.568+0530][gc,phases   ] GC(152)   Post Evacuate Collection Set: 1.2ms
[2025-01-06T01:25:33.568+0530][gc,phases   ] GC(152)   Other: 0.5ms
[2025-01-06T01:25:33.568+0530][gc,heap     ] GC(152) Eden regions: 44->0(44)
[2025-01-06T01:25:33.568+0530][gc,heap     ] GC(152) Survivor regions: 7->7(7)
[2025-01-06T01:25:33.568+0530][gc,heap     ] GC(152) Old regions: 339->342
[2025-01-06T01:25:33.568+0530][gc,heap     ] GC(152) Humongous regions: 131->131
[2025-01-06T01:25:33.568+0530][gc,metaspace] GC(152) Metaspace: 44284K(44992K)->44284K(44992K) NonClass: 39227K(39616K)->39227K(39616K) Class: 5057K(5376K)->5057K(5376K)
[2025-01-06T01:25:33.568+0530][gc          ] GC(152) Pause Young (Normal) (G1 Evacuation Pause) 520M->479M(1024M) 38.359ms
[2025-01-06T01:25:33.568+0530][gc,cpu      ] GC(152) User=0.06s Sys=0.08s Real=0.04s
[2025-01-06T01:27:38.868+0530][gc,start    ] GC(153) Pause Young (Normal) (G1 Evacuation Pause)
[2025-01-06T01:27:38.870+0530][gc,task     ] GC(153) Using 9 workers of 9 for evacuation
[2025-01-06T01:27:38.892+0530][gc,mmu      ] GC(153) MMU target violated: 21.0ms (20.0ms/21.0ms)
[2025-01-06T01:27:38.892+0530][gc,phases   ] GC(153)   Pre Evacuate Collection Set: 1.0ms
[2025-01-06T01:27:38.892+0530][gc,phases   ] GC(153)   Merge Heap Roots: 0.5ms
[2025-01-06T01:27:38.892+0530][gc,phases   ] GC(153)   Evacuate Collection Set: 19.2ms
[2025-01-06T01:27:38.892+0530][gc,phases   ] GC(153)   Post Evacuate Collection Set: 0.9ms
[2025-01-06T01:27:38.892+0530][gc,phases   ] GC(153)   Other: 0.4ms
[2025-01-06T01:27:38.892+0530][gc,heap     ] GC(153) Eden regions: 44->0(44)
[2025-01-06T01:27:38.892+0530][gc,heap     ] GC(153) Survivor regions: 7->7(7)
[2025-01-06T01:27:38.892+0530][gc,heap     ] GC(153) Old regions: 342->345
[2025-01-06T01:27:38.892+0530][gc,heap     ] GC(153) Humongous regions: 131->131
[2025-01-06T01:27:38.892+0530][gc,metaspace] GC(153) Metaspace: 44284K(44992K)->44284K(44992K) NonClass: 39227K(39616K)->39227K(39616K) Class: 5057K(5376K)->5057K(5376K)
[2025-01-06T01:27:38.892+0530][gc          ] GC(153) Pause Young (Normal) (G1 Evacuation Pause) 523M->483M(1024M) 24.207ms
[2025-01-06T01:27:38.892+0530][gc,cpu      ] GC(153) User=0.04s Sys=0.04s Real=0.03s
[2025-01-06T01:29:43.417+0530][gc,start    ] GC(154) Pause Young (Normal) (G1 Evacuation Pause)
[2025-01-06T01:29:43.418+0530][gc,task     ] GC(154) Using 9 workers of 9 for evacuation
[2025-01-06T01:29:43.441+0530][gc,mmu      ] GC(154) MMU target violated: 21.0ms (20.0ms/21.0ms)
[2025-01-06T01:29:43.441+0530][gc,phases   ] GC(154)   Pre Evacuate Collection Set: 0.7ms
[2025-01-06T01:29:43.441+0530][gc,phases   ] GC(154)   Merge Heap Roots: 0.5ms
[2025-01-06T01:29:43.441+0530][gc,phases   ] GC(154)   Evacuate Collection Set: 21.3ms
[2025-01-06T01:29:43.441+0530][gc,phases   ] GC(154)   Post Evacuate Collection Set: 0.6ms
[2025-01-06T01:29:43.441+0530][gc,phases   ] GC(154)   Other: 0.3ms
[2025-01-06T01:29:43.441+0530][gc,heap     ] GC(154) Eden regions: 44->0(44)
[2025-01-06T01:29:43.442+0530][gc,heap     ] GC(154) Survivor regions: 7->7(7)
[2025-01-06T01:29:43.442+0530][gc,heap     ] GC(154) Old regions: 345->349
[2025-01-06T01:29:43.442+0530][gc,heap     ] GC(154) Humongous regions: 131->131
[2025-01-06T01:29:43.442+0530][gc,metaspace] GC(154) Metaspace: 44304K(44992K)->44304K(44992K) NonClass: 39247K(39616K)->39247K(39616K) Class: 5057K(5376K)->5057K(5376K)
[2025-01-06T01:29:43.442+0530][gc          ] GC(154) Pause Young (Normal) (G1 Evacuation Pause) 527M->486M(1024M) 24.409ms
[2025-01-06T01:29:43.442+0530][gc,cpu      ] GC(154) User=0.03s Sys=0.03s Real=0.03s
[2025-01-06T01:31:47.163+0530][gc,start    ] GC(155) Pause Young (Normal) (G1 Evacuation Pause)
[2025-01-06T01:31:47.165+0530][gc,task     ] GC(155) Using 9 workers of 9 for evacuation
[2025-01-06T01:31:47.189+0530][gc,mmu      ] GC(155) MMU target violated: 21.0ms (20.0ms/21.0ms)
[2025-01-06T01:31:47.189+0530][gc,phases   ] GC(155)   Pre Evacuate Collection Set: 1.1ms
[2025-01-06T01:31:47.189+0530][gc,phases   ] GC(155)   Merge Heap Roots: 0.5ms
[2025-01-06T01:31:47.189+0530][gc,phases   ] GC(155)   Evacuate Collection Set: 22.2ms
[2025-01-06T01:31:47.189+0530][gc,phases   ] GC(155)   Post Evacuate Collection Set: 0.5ms
[2025-01-06T01:31:47.189+0530][gc,phases   ] GC(155)   Other: 0.4ms
[2025-01-06T01:31:47.189+0530][gc,heap     ] GC(155) Eden regions: 44->0(44)
[2025-01-06T01:31:47.189+0530][gc,heap     ] GC(155) Survivor regions: 7->7(7)
[2025-01-06T01:31:47.189+0530][gc,heap     ] GC(155) Old regions: 349->352
[2025-01-06T01:31:47.189+0530][gc,heap     ] GC(155) Humongous regions: 131->131
[2025-01-06T01:31:47.189+0530][gc,metaspace] GC(155) Metaspace: 44305K(44992K)->44305K(44992K) NonClass: 39248K(39616K)->39248K(39616K) Class: 5057K(5376K)->5057K(5376K)
[2025-01-06T01:31:47.189+0530][gc          ] GC(155) Pause Young (Normal) (G1 Evacuation Pause) 530M->489M(1024M) 26.494ms
[2025-01-06T01:31:47.189+0530][gc,cpu      ] GC(155) User=0.05s Sys=0.04s Real=0.02s
[2025-01-06T01:33:52.617+0530][gc,start    ] GC(156) Pause Young (Normal) (G1 Evacuation Pause)
[2025-01-06T01:33:52.619+0530][gc,task     ] GC(156) Using 9 workers of 9 for evacuation
[2025-01-06T01:33:52.641+0530][gc,mmu      ] GC(156) MMU target violated: 21.0ms (20.0ms/21.0ms)
[2025-01-06T01:33:52.641+0530][gc,phases   ] GC(156)   Pre Evacuate Collection Set: 1.1ms
[2025-01-06T01:33:52.641+0530][gc,phases   ] GC(156)   Merge Heap Roots: 0.4ms
[2025-01-06T01:33:52.641+0530][gc,phases   ] GC(156)   Evacuate Collection Set: 19.9ms
[2025-01-06T01:33:52.641+0530][gc,phases   ] GC(156)   Post Evacuate Collection Set: 0.8ms
[2025-01-06T01:33:52.641+0530][gc,phases   ] GC(156)   Other: 0.4ms
[2025-01-06T01:33:52.641+0530][gc,heap     ] GC(156) Eden regions: 44->0(44)
[2025-01-06T01:33:52.641+0530][gc,heap     ] GC(156) Survivor regions: 7->7(7)
[2025-01-06T01:33:52.641+0530][gc,heap     ] GC(156) Old regions: 352->355
[2025-01-06T01:33:52.641+0530][gc,heap     ] GC(156) Humongous regions: 131->131
[2025-01-06T01:33:52.641+0530][gc,metaspace] GC(156) Metaspace: 44305K(44992K)->44305K(44992K) NonClass: 39248K(39616K)->39248K(39616K) Class: 5057K(5376K)->5057K(5376K)
[2025-01-06T01:33:52.641+0530][gc          ] GC(156) Pause Young (Normal) (G1 Evacuation Pause) 533M->492M(1024M) 24.668ms
[2025-01-06T01:33:52.641+0530][gc,cpu      ] GC(156) User=0.05s Sys=0.03s Real=0.03s
[2025-01-06T01:35:59.367+0530][gc,start    ] GC(157) Pause Young (Normal) (G1 Evacuation Pause)
[2025-01-06T01:35:59.369+0530][gc,task     ] GC(157) Using 9 workers of 9 for evacuation
[2025-01-06T01:35:59.400+0530][gc,mmu      ] GC(157) MMU target violated: 21.0ms (20.0ms/21.0ms)
[2025-01-06T01:35:59.400+0530][gc,phases   ] GC(157)   Pre Evacuate Collection Set: 1.5ms
[2025-01-06T01:35:59.400+0530][gc,phases   ] GC(157)   Merge Heap Roots: 0.6ms
[2025-01-06T01:35:59.400+0530][gc,phases   ] GC(157)   Evacuate Collection Set: 27.0ms
[2025-01-06T01:35:59.400+0530][gc,phases   ] GC(157)   Post Evacuate Collection Set: 1.4ms
[2025-01-06T01:35:59.400+0530][gc,phases   ] GC(157)   Other: 0.7ms
[2025-01-06T01:35:59.400+0530][gc,heap     ] GC(157) Eden regions: 44->0(44)
[2025-01-06T01:35:59.400+0530][gc,heap     ] GC(157) Survivor regions: 7->7(7)
[2025-01-06T01:35:59.400+0530][gc,heap     ] GC(157) Old regions: 355->359
[2025-01-06T01:35:59.400+0530][gc,heap     ] GC(157) Humongous regions: 131->131
[2025-01-06T01:35:59.400+0530][gc,metaspace] GC(157) Metaspace: 44305K(44992K)->44305K(44992K) NonClass: 39248K(39616K)->39248K(39616K) Class: 5057K(5376K)->5057K(5376K)
[2025-01-06T01:35:59.400+0530][gc          ] GC(157) Pause Young (Normal) (G1 Evacuation Pause) 536M->495M(1024M) 33.553ms
[2025-01-06T01:35:59.400+0530][gc,cpu      ] GC(157) User=0.07s Sys=0.05s Real=0.04s
[2025-01-06T01:38:04.533+0530][gc,start    ] GC(158) Pause Young (Normal) (G1 Evacuation Pause)
[2025-01-06T01:38:04.533+0530][gc,task     ] GC(158) Using 9 workers of 9 for evacuation
[2025-01-06T01:38:04.554+0530][gc,mmu      ] GC(158) MMU target violated: 20.7ms (20.0ms/21.0ms)
[2025-01-06T01:38:04.554+0530][gc,phases   ] GC(158)   Pre Evacuate Collection Set: 1.8ms
[2025-01-06T01:38:04.554+0530][gc,phases   ] GC(158)   Merge Heap Roots: 0.4ms
[2025-01-06T01:38:04.554+0530][gc,phases   ] GC(158)   Evacuate Collection Set: 17.0ms
[2025-01-06T01:38:04.554+0530][gc,phases   ] GC(158)   Post Evacuate Collection Set: 0.8ms
[2025-01-06T01:38:04.554+0530][gc,phases   ] GC(158)   Other: 0.8ms
[2025-01-06T01:38:04.554+0530][gc,heap     ] GC(158) Eden regions: 44->0(44)
[2025-01-06T01:38:04.554+0530][gc,heap     ] GC(158) Survivor regions: 7->7(7)
[2025-01-06T01:38:04.554+0530][gc,heap     ] GC(158) Old regions: 359->362
[2025-01-06T01:38:04.554+0530][gc,heap     ] GC(158) Humongous regions: 131->131
[2025-01-06T01:38:04.554+0530][gc,metaspace] GC(158) Metaspace: 44305K(44992K)->44305K(44992K) NonClass: 39248K(39616K)->39248K(39616K) Class: 5057K(5376K)->5057K(5376K)
[2025-01-06T01:38:04.554+0530][gc          ] GC(158) Pause Young (Normal) (G1 Evacuation Pause) 539M->499M(1024M) 21.813ms
[2025-01-06T01:38:04.554+0530][gc,cpu      ] GC(158) User=0.03s Sys=0.03s Real=0.02s
[2025-01-06T01:40:06.997+0530][gc,start    ] GC(159) Pause Young (Normal) (G1 Evacuation Pause)
[2025-01-06T01:40:06.999+0530][gc,task     ] GC(159) Using 9 workers of 9 for evacuation
[2025-01-06T01:40:07.019+0530][gc,mmu      ] GC(159) MMU target violated: 20.5ms (20.0ms/21.0ms)
[2025-01-06T01:40:07.019+0530][gc,phases   ] GC(159)   Pre Evacuate Collection Set: 0.7ms
[2025-01-06T01:40:07.019+0530][gc,phases   ] GC(159)   Merge Heap Roots: 0.3ms
[2025-01-06T01:40:07.019+0530][gc,phases   ] GC(159)   Evacuate Collection Set: 18.7ms
[2025-01-06T01:40:07.019+0530][gc,phases   ] GC(159)   Post Evacuate Collection Set: 0.6ms
[2025-01-06T01:40:07.019+0530][gc,phases   ] GC(159)   Other: 0.2ms
[2025-01-06T01:40:07.019+0530][gc,heap     ] GC(159) Eden regions: 44->0(44)
[2025-01-06T01:40:07.019+0530][gc,heap     ] GC(159) Survivor regions: 7->7(7)
[2025-01-06T01:40:07.019+0530][gc,heap     ] GC(159) Old regions: 362->367
[2025-01-06T01:40:07.019+0530][gc,heap     ] GC(159) Humongous regions: 131->131
[2025-01-06T01:40:07.019+0530][gc,metaspace] GC(159) Metaspace: 44306K(44992K)->44306K(44992K) NonClass: 39249K(39616K)->39249K(39616K) Class: 5057K(5376K)->5057K(5376K)
[2025-01-06T01:40:07.019+0530][gc          ] GC(159) Pause Young (Normal) (G1 Evacuation Pause) 543M->504M(1024M) 21.979ms
[2025-01-06T01:40:07.019+0530][gc,cpu      ] GC(159) User=0.03s Sys=0.04s Real=0.02s
[2025-01-06T01:42:03.498+0530][gc,start    ] GC(160) Pause Young (Normal) (G1 Evacuation Pause)
[2025-01-06T01:42:03.500+0530][gc,task     ] GC(160) Using 9 workers of 9 for evacuation
[2025-01-06T01:42:03.529+0530][gc,mmu      ] GC(160) MMU target violated: 21.0ms (20.0ms/21.0ms)
[2025-01-06T01:42:03.529+0530][gc,phases   ] GC(160)   Pre Evacuate Collection Set: 0.8ms
[2025-01-06T01:42:03.529+0530][gc,phases   ] GC(160)   Merge Heap Roots: 0.5ms
[2025-01-06T01:42:03.529+0530][gc,phases   ] GC(160)   Evacuate Collection Set: 26.2ms
[2025-01-06T01:42:03.529+0530][gc,phases   ] GC(160)   Post Evacuate Collection Set: 1.2ms
[2025-01-06T01:42:03.529+0530][gc,phases   ] GC(160)   Other: 0.3ms
[2025-01-06T01:42:03.529+0530][gc,heap     ] GC(160) Eden regions: 44->0(44)
[2025-01-06T01:42:03.529+0530][gc,heap     ] GC(160) Survivor regions: 7->7(7)
[2025-01-06T01:42:03.529+0530][gc,heap     ] GC(160) Old regions: 367->373
[2025-01-06T01:42:03.529+0530][gc,heap     ] GC(160) Humongous regions: 131->131
[2025-01-06T01:42:03.529+0530][gc,metaspace] GC(160) Metaspace: 44309K(44992K)->44309K(44992K) NonClass: 39252K(39616K)->39252K(39616K) Class: 5057K(5376K)->5057K(5376K)
[2025-01-06T01:42:03.529+0530][gc          ] GC(160) Pause Young (Normal) (G1 Evacuation Pause) 548M->510M(1024M) 30.843ms
[2025-01-06T01:42:03.529+0530][gc,cpu      ] GC(160) User=0.06s Sys=0.06s Real=0.03s
[2025-01-06T01:44:09.507+0530][gc,start    ] GC(161) Pause Young (Normal) (G1 Evacuation Pause)
[2025-01-06T01:44:09.507+0530][gc,task     ] GC(161) Using 9 workers of 9 for evacuation
[2025-01-06T01:44:09.526+0530][gc,phases   ] GC(161)   Pre Evacuate Collection Set: 0.6ms
[2025-01-06T01:44:09.526+0530][gc,phases   ] GC(161)   Merge Heap Roots: 0.2ms
[2025-01-06T01:44:09.526+0530][gc,phases   ] GC(161)   Evacuate Collection Set: 17.3ms
[2025-01-06T01:44:09.526+0530][gc,phases   ] GC(161)   Post Evacuate Collection Set: 0.6ms
[2025-01-06T01:44:09.526+0530][gc,phases   ] GC(161)   Other: 0.2ms
[2025-01-06T01:44:09.526+0530][gc,heap     ] GC(161) Eden regions: 44->0(50)
[2025-01-06T01:44:09.526+0530][gc,heap     ] GC(161) Survivor regions: 7->4(7)
[2025-01-06T01:44:09.526+0530][gc,heap     ] GC(161) Old regions: 373->377
[2025-01-06T01:44:09.526+0530][gc,heap     ] GC(161) Humongous regions: 131->131
[2025-01-06T01:44:09.526+0530][gc,metaspace] GC(161) Metaspace: 44309K(44992K)->44309K(44992K) NonClass: 39252K(39616K)->39252K(39616K) Class: 5057K(5376K)->5057K(5376K)
[2025-01-06T01:44:09.526+0530][gc          ] GC(161) Pause Young (Normal) (G1 Evacuation Pause) 554M->511M(1024M) 19.763ms
[2025-01-06T01:44:09.526+0530][gc,cpu      ] GC(161) User=0.02s Sys=0.02s Real=0.02s
[2025-01-06T01:47:51.053+0530][gc,start    ] GC(162) Pause Young (Normal) (G1 Evacuation Pause)
[2025-01-06T01:47:51.054+0530][gc,task     ] GC(162) Using 9 workers of 9 for evacuation
[2025-01-06T01:47:51.072+0530][gc,phases   ] GC(162)   Pre Evacuate Collection Set: 1.2ms
[2025-01-06T01:47:51.072+0530][gc,phases   ] GC(162)   Merge Heap Roots: 0.3ms
[2025-01-06T01:47:51.072+0530][gc,phases   ] GC(162)   Evacuate Collection Set: 15.8ms
[2025-01-06T01:47:51.072+0530][gc,phases   ] GC(162)   Post Evacuate Collection Set: 0.6ms
[2025-01-06T01:47:51.072+0530][gc,phases   ] GC(162)   Other: 0.6ms
[2025-01-06T01:47:51.072+0530][gc,heap     ] GC(162) Eden regions: 78->0(42)
[2025-01-06T01:47:51.072+0530][gc,heap     ] GC(162) Survivor regions: 4->9(11)
[2025-01-06T01:47:51.072+0530][gc,heap     ] GC(162) Old regions: 377->377
[2025-01-06T01:47:51.072+0530][gc,heap     ] GC(162) Humongous regions: 131->131
[2025-01-06T01:47:51.072+0530][gc,metaspace] GC(162) Metaspace: 44310K(44992K)->44310K(44992K) NonClass: 39253K(39616K)->39253K(39616K) Class: 5057K(5376K)->5057K(5376K)
[2025-01-06T01:47:51.072+0530][gc          ] GC(162) Pause Young (Normal) (G1 Evacuation Pause) 589M->516M(1024M) 19.142ms
[2025-01-06T01:47:51.072+0530][gc,cpu      ] GC(162) User=0.02s Sys=0.01s Real=0.02s
[2025-01-06T01:49:49.883+0530][gc,start    ] GC(163) Pause Young (Normal) (G1 Evacuation Pause)
[2025-01-06T01:49:49.885+0530][gc,task     ] GC(163) Using 9 workers of 9 for evacuation
[2025-01-06T01:49:49.912+0530][gc,mmu      ] GC(163) MMU target violated: 21.0ms (20.0ms/21.0ms)
[2025-01-06T01:49:49.912+0530][gc,phases   ] GC(163)   Pre Evacuate Collection Set: 0.8ms
[2025-01-06T01:49:49.912+0530][gc,phases   ] GC(163)   Merge Heap Roots: 0.2ms
[2025-01-06T01:49:49.912+0530][gc,phases   ] GC(163)   Evacuate Collection Set: 25.1ms
[2025-01-06T01:49:49.912+0530][gc,phases   ] GC(163)   Post Evacuate Collection Set: 0.8ms
[2025-01-06T01:49:49.912+0530][gc,phases   ] GC(163)   Other: 0.2ms
[2025-01-06T01:49:49.912+0530][gc,heap     ] GC(163) Eden regions: 42->0(46)
[2025-01-06T01:49:49.912+0530][gc,heap     ] GC(163) Survivor regions: 9->5(7)
[2025-01-06T01:49:49.912+0530][gc,heap     ] GC(163) Old regions: 377->385
[2025-01-06T01:49:49.912+0530][gc,heap     ] GC(163) Humongous regions: 131->131
[2025-01-06T01:49:49.912+0530][gc,metaspace] GC(163) Metaspace: 44310K(44992K)->44310K(44992K) NonClass: 39253K(39616K)->39253K(39616K) Class: 5057K(5376K)->5057K(5376K)
[2025-01-06T01:49:49.913+0530][gc          ] GC(163) Pause Young (Normal) (G1 Evacuation Pause) 558M->519M(1024M) 29.064ms
[2025-01-06T01:49:49.913+0530][gc,cpu      ] GC(163) User=0.03s Sys=0.03s Real=0.03s
[2025-01-06T01:52:56.710+0530][gc,start    ] GC(164) Pause Young (Normal) (G1 Evacuation Pause)
[2025-01-06T01:52:56.711+0530][gc,task     ] GC(164) Using 9 workers of 9 for evacuation
[2025-01-06T01:52:56.737+0530][gc,mmu      ] GC(164) MMU target violated: 21.0ms (20.0ms/21.0ms)
[2025-01-06T01:52:56.737+0530][gc,phases   ] GC(164)   Pre Evacuate Collection Set: 1.0ms
[2025-01-06T01:52:56.737+0530][gc,phases   ] GC(164)   Merge Heap Roots: 0.2ms
[2025-01-06T01:52:56.737+0530][gc,phases   ] GC(164)   Evacuate Collection Set: 22.4ms
[2025-01-06T01:52:56.737+0530][gc,phases   ] GC(164)   Post Evacuate Collection Set: 1.0ms
[2025-01-06T01:52:56.737+0530][gc,phases   ] GC(164)   Other: 0.9ms
[2025-01-06T01:52:56.737+0530][gc,heap     ] GC(164) Eden regions: 50->0(47)
[2025-01-06T01:52:56.737+0530][gc,heap     ] GC(164) Survivor regions: 5->4(7)
[2025-01-06T01:52:56.737+0530][gc,heap     ] GC(164) Old regions: 385->388
[2025-01-06T01:52:56.737+0530][gc,heap     ] GC(164) Humongous regions: 131->131
[2025-01-06T01:52:56.737+0530][gc,metaspace] GC(164) Metaspace: 44311K(44992K)->44311K(44992K) NonClass: 39254K(39616K)->39254K(39616K) Class: 5057K(5376K)->5057K(5376K)
[2025-01-06T01:52:56.737+0530][gc          ] GC(164) Pause Young (Normal) (G1 Evacuation Pause) 569M->522M(1024M) 26.717ms
[2025-01-06T01:52:56.737+0530][gc,cpu      ] GC(164) User=0.03s Sys=0.02s Real=0.02s
[2025-01-06T01:56:12.877+0530][gc,start    ] GC(165) Pause Young (Normal) (G1 Evacuation Pause)
[2025-01-06T01:56:12.879+0530][gc,task     ] GC(165) Using 9 workers of 9 for evacuation
[2025-01-06T01:56:12.895+0530][gc,phases   ] GC(165)   Pre Evacuate Collection Set: 0.6ms
[2025-01-06T01:56:12.895+0530][gc,phases   ] GC(165)   Merge Heap Roots: 0.2ms
[2025-01-06T01:56:12.895+0530][gc,phases   ] GC(165)   Evacuate Collection Set: 14.4ms
[2025-01-06T01:56:12.895+0530][gc,phases   ] GC(165)   Post Evacuate Collection Set: 0.6ms
[2025-01-06T01:56:12.895+0530][gc,phases   ] GC(165)   Other: 0.4ms
[2025-01-06T01:56:12.895+0530][gc,heap     ] GC(165) Eden regions: 47->0(44)
[2025-01-06T01:56:12.895+0530][gc,heap     ] GC(165) Survivor regions: 4->7(7)
[2025-01-06T01:56:12.895+0530][gc,heap     ] GC(165) Old regions: 388->389
[2025-01-06T01:56:12.895+0530][gc,heap     ] GC(165) Humongous regions: 131->131
[2025-01-06T01:56:12.895+0530][gc,metaspace] GC(165) Metaspace: 44311K(44992K)->44311K(44992K) NonClass: 39254K(39616K)->39254K(39616K) Class: 5057K(5376K)->5057K(5376K)
[2025-01-06T01:56:12.895+0530][gc          ] GC(165) Pause Young (Normal) (G1 Evacuation Pause) 569M->526M(1024M) 17.977ms
[2025-01-06T01:56:12.895+0530][gc,cpu      ] GC(165) User=0.02s Sys=0.01s Real=0.02s
[2025-01-06T01:59:14.219+0530][gc,start    ] GC(166) Pause Young (Normal) (G1 Evacuation Pause)
[2025-01-06T01:59:14.220+0530][gc,task     ] GC(166) Using 9 workers of 9 for evacuation
[2025-01-06T01:59:14.248+0530][gc,mmu      ] GC(166) MMU target violated: 21.0ms (20.0ms/21.0ms)
[2025-01-06T01:59:14.248+0530][gc,phases   ] GC(166)   Pre Evacuate Collection Set: 1.0ms
[2025-01-06T01:59:14.248+0530][gc,phases   ] GC(166)   Merge Heap Roots: 0.4ms
[2025-01-06T01:59:14.248+0530][gc,phases   ] GC(166)   Evacuate Collection Set: 24.4ms
[2025-01-06T01:59:14.248+0530][gc,phases   ] GC(166)   Post Evacuate Collection Set: 1.0ms
[2025-01-06T01:59:14.248+0530][gc,phases   ] GC(166)   Other: 0.8ms
[2025-01-06T01:59:14.248+0530][gc,heap     ] GC(166) Eden regions: 44->0(50)
[2025-01-06T01:59:14.248+0530][gc,heap     ] GC(166) Survivor regions: 7->3(7)
[2025-01-06T01:59:14.248+0530][gc,heap     ] GC(166) Old regions: 389->394
[2025-01-06T01:59:14.248+0530][gc,heap     ] GC(166) Humongous regions: 131->131
[2025-01-06T01:59:14.248+0530][gc,metaspace] GC(166) Metaspace: 44311K(44992K)->44311K(44992K) NonClass: 39254K(39616K)->39254K(39616K) Class: 5057K(5376K)->5057K(5376K)
[2025-01-06T01:59:14.248+0530][gc          ] GC(166) Pause Young (Normal) (G1 Evacuation Pause) 570M->527M(1024M) 28.668ms
[2025-01-06T01:59:14.248+0530][gc,cpu      ] GC(166) User=0.03s Sys=0.03s Real=0.03s
[2025-01-06T02:03:11.712+0530][gc,start    ] GC(167) Pause Young (Normal) (G1 Evacuation Pause)
[2025-01-06T02:03:11.712+0530][gc,task     ] GC(167) Using 9 workers of 9 for evacuation
[2025-01-06T02:03:11.744+0530][gc,mmu      ] GC(167) MMU target violated: 21.0ms (20.0ms/21.0ms)
[2025-01-06T02:03:11.744+0530][gc,phases   ] GC(167)   Pre Evacuate Collection Set: 0.8ms
[2025-01-06T02:03:11.744+0530][gc,phases   ] GC(167)   Merge Heap Roots: 0.5ms
[2025-01-06T02:03:11.744+0530][gc,phases   ] GC(167)   Evacuate Collection Set: 28.0ms
[2025-01-06T02:03:11.744+0530][gc,phases   ] GC(167)   Post Evacuate Collection Set: 1.8ms
[2025-01-06T02:03:11.744+0530][gc,phases   ] GC(167)   Other: 0.5ms
[2025-01-06T02:03:11.744+0530][gc,heap     ] GC(167) Eden regions: 57->0(43)
[2025-01-06T02:03:11.744+0530][gc,heap     ] GC(167) Survivor regions: 3->8(8)
[2025-01-06T02:03:11.744+0530][gc,heap     ] GC(167) Old regions: 394->394
[2025-01-06T02:03:11.744+0530][gc,heap     ] GC(167) Humongous regions: 131->131
[2025-01-06T02:03:11.744+0530][gc,metaspace] GC(167) Metaspace: 44312K(44992K)->44312K(44992K) NonClass: 39255K(39616K)->39255K(39616K) Class: 5057K(5376K)->5057K(5376K)
[2025-01-06T02:03:11.744+0530][gc          ] GC(167) Pause Young (Normal) (G1 Evacuation Pause) 584M->532M(1024M) 32.445ms
[2025-01-06T02:03:11.744+0530][gc,cpu      ] GC(167) User=0.03s Sys=0.04s Real=0.03s
[2025-01-06T02:06:10.523+0530][gc,start    ] GC(168) Pause Young (Normal) (G1 Evacuation Pause)
[2025-01-06T02:06:10.526+0530][gc,task     ] GC(168) Using 9 workers of 9 for evacuation
[2025-01-06T02:06:10.547+0530][gc,mmu      ] GC(168) MMU target violated: 20.5ms (20.0ms/21.0ms)
[2025-01-06T02:06:10.547+0530][gc,phases   ] GC(168)   Pre Evacuate Collection Set: 2.5ms
[2025-01-06T02:06:10.547+0530][gc,phases   ] GC(168)   Merge Heap Roots: 0.2ms
[2025-01-06T02:06:10.547+0530][gc,phases   ] GC(168)   Evacuate Collection Set: 16.7ms
[2025-01-06T02:06:10.547+0530][gc,phases   ] GC(168)   Post Evacuate Collection Set: 0.8ms
[2025-01-06T02:06:10.547+0530][gc,phases   ] GC(168)   Other: 0.4ms
[2025-01-06T02:06:10.547+0530][gc,heap     ] GC(168) Eden regions: 43->0(47)
[2025-01-06T02:06:10.547+0530][gc,heap     ] GC(168) Survivor regions: 8->4(7)
[2025-01-06T02:06:10.547+0530][gc,heap     ] GC(168) Old regions: 394->399
[2025-01-06T02:06:10.547+0530][gc,heap     ] GC(168) Humongous regions: 131->131
[2025-01-06T02:06:10.547+0530][gc,metaspace] GC(168) Metaspace: 44312K(44992K)->44312K(44992K) NonClass: 39255K(39616K)->39255K(39616K) Class: 5057K(5376K)->5057K(5376K)
[2025-01-06T02:06:10.547+0530][gc          ] GC(168) Pause Young (Normal) (G1 Evacuation Pause) 575M->533M(1024M) 24.509ms
[2025-01-06T02:06:10.547+0530][gc,cpu      ] GC(168) User=0.02s Sys=0.03s Real=0.02s
[2025-01-06T02:09:26.249+0530][gc,start    ] GC(169) Pause Young (Normal) (G1 Evacuation Pause)
[2025-01-06T02:09:26.252+0530][gc,task     ] GC(169) Using 9 workers of 9 for evacuation
[2025-01-06T02:09:26.289+0530][gc,mmu      ] GC(169) MMU target violated: 21.0ms (20.0ms/21.0ms)
[2025-01-06T02:09:26.289+0530][gc,phases   ] GC(169)   Pre Evacuate Collection Set: 2.2ms
[2025-01-06T02:09:26.289+0530][gc,phases   ] GC(169)   Merge Heap Roots: 0.4ms
[2025-01-06T02:09:26.289+0530][gc,phases   ] GC(169)   Evacuate Collection Set: 32.2ms
[2025-01-06T02:09:26.289+0530][gc,phases   ] GC(169)   Post Evacuate Collection Set: 1.6ms
[2025-01-06T02:09:26.289+0530][gc,phases   ] GC(169)   Other: 0.6ms
[2025-01-06T02:09:26.289+0530][gc,heap     ] GC(169) Eden regions: 47->0(44)
[2025-01-06T02:09:26.289+0530][gc,heap     ] GC(169) Survivor regions: 4->7(7)
[2025-01-06T02:09:26.289+0530][gc,heap     ] GC(169) Old regions: 399->400
[2025-01-06T02:09:26.289+0530][gc,heap     ] GC(169) Humongous regions: 131->131
[2025-01-06T02:09:26.289+0530][gc,metaspace] GC(169) Metaspace: 44312K(44992K)->44312K(44992K) NonClass: 39255K(39616K)->39255K(39616K) Class: 5057K(5376K)->5057K(5376K)
[2025-01-06T02:09:26.289+0530][gc          ] GC(169) Pause Young (Normal) (G1 Evacuation Pause) 580M->537M(1024M) 39.929ms
[2025-01-06T02:09:26.289+0530][gc,cpu      ] GC(169) User=0.04s Sys=0.09s Real=0.04s
[2025-01-06T02:12:27.934+0530][gc,start    ] GC(170) Pause Young (Normal) (G1 Evacuation Pause)
[2025-01-06T02:12:27.935+0530][gc,task     ] GC(170) Using 9 workers of 9 for evacuation
[2025-01-06T02:12:27.953+0530][gc,phases   ] GC(170)   Pre Evacuate Collection Set: 0.8ms
[2025-01-06T02:12:27.953+0530][gc,phases   ] GC(170)   Merge Heap Roots: 0.2ms
[2025-01-06T02:12:27.953+0530][gc,phases   ] GC(170)   Evacuate Collection Set: 16.9ms
[2025-01-06T02:12:27.953+0530][gc,phases   ] GC(170)   Post Evacuate Collection Set: 0.6ms
[2025-01-06T02:12:27.953+0530][gc,phases   ] GC(170)   Other: 0.2ms
[2025-01-06T02:12:27.953+0530][gc,heap     ] GC(170) Eden regions: 44->0(47)
[2025-01-06T02:12:27.953+0530][gc,heap     ] GC(170) Survivor regions: 7->4(7)
[2025-01-06T02:12:27.953+0530][gc,heap     ] GC(170) Old regions: 400->404
[2025-01-06T02:12:27.953+0530][gc,heap     ] GC(170) Humongous regions: 131->131
[2025-01-06T02:12:27.953+0530][gc,metaspace] GC(170) Metaspace: 44312K(44992K)->44312K(44992K) NonClass: 39255K(39616K)->39255K(39616K) Class: 5057K(5376K)->5057K(5376K)
[2025-01-06T02:12:27.953+0530][gc          ] GC(170) Pause Young (Normal) (G1 Evacuation Pause) 581M->538M(1024M) 19.527ms
[2025-01-06T02:12:27.953+0530][gc,cpu      ] GC(170) User=0.03s Sys=0.02s Real=0.02s
[2025-01-06T02:15:44.734+0530][gc,start    ] GC(171) Pause Young (Normal) (G1 Evacuation Pause)
[2025-01-06T02:15:44.736+0530][gc,task     ] GC(171) Using 9 workers of 9 for evacuation
[2025-01-06T02:15:44.752+0530][gc,phases   ] GC(171)   Pre Evacuate Collection Set: 1.6ms
[2025-01-06T02:15:44.752+0530][gc,phases   ] GC(171)   Merge Heap Roots: 0.2ms
[2025-01-06T02:15:44.752+0530][gc,phases   ] GC(171)   Evacuate Collection Set: 13.5ms
[2025-01-06T02:15:44.752+0530][gc,phases   ] GC(171)   Post Evacuate Collection Set: 0.7ms
[2025-01-06T02:15:44.752+0530][gc,phases   ] GC(171)   Other: 0.2ms
[2025-01-06T02:15:44.752+0530][gc,heap     ] GC(171) Eden regions: 47->0(44)
[2025-01-06T02:15:44.752+0530][gc,heap     ] GC(171) Survivor regions: 4->7(7)
[2025-01-06T02:15:44.752+0530][gc,heap     ] GC(171) Old regions: 404->405
[2025-01-06T02:15:44.752+0530][gc,heap     ] GC(171) Humongous regions: 131->131
[2025-01-06T02:15:44.752+0530][gc,metaspace] GC(171) Metaspace: 44312K(44992K)->44312K(44992K) NonClass: 39255K(39616K)->39255K(39616K) Class: 5057K(5376K)->5057K(5376K)
[2025-01-06T02:15:44.752+0530][gc          ] GC(171) Pause Young (Normal) (G1 Evacuation Pause) 585M->542M(1024M) 18.031ms
[2025-01-06T02:15:44.752+0530][gc,cpu      ] GC(171) User=0.02s Sys=0.02s Real=0.02s
[2025-01-06T02:18:47.238+0530][gc,start    ] GC(172) Pause Young (Normal) (G1 Evacuation Pause)
[2025-01-06T02:18:47.240+0530][gc,task     ] GC(172) Using 9 workers of 9 for evacuation
[2025-01-06T02:18:47.265+0530][gc,mmu      ] GC(172) MMU target violated: 21.0ms (20.0ms/21.0ms)
[2025-01-06T02:18:47.265+0530][gc,phases   ] GC(172)   Pre Evacuate Collection Set: 1.4ms
[2025-01-06T02:18:47.265+0530][gc,phases   ] GC(172)   Merge Heap Roots: 0.4ms
[2025-01-06T02:18:47.265+0530][gc,phases   ] GC(172)   Evacuate Collection Set: 22.1ms
[2025-01-06T02:18:47.265+0530][gc,phases   ] GC(172)   Post Evacuate Collection Set: 0.8ms
[2025-01-06T02:18:47.265+0530][gc,phases   ] GC(172)   Other: 0.4ms
[2025-01-06T02:18:47.265+0530][gc,heap     ] GC(172) Eden regions: 44->0(52)
[2025-01-06T02:18:47.265+0530][gc,heap     ] GC(172) Survivor regions: 7->4(7)
[2025-01-06T02:18:47.265+0530][gc,heap     ] GC(172) Old regions: 405->410
[2025-01-06T02:18:47.265+0530][gc,heap     ] GC(172) Humongous regions: 131->131
[2025-01-06T02:18:47.265+0530][gc,metaspace] GC(172) Metaspace: 44312K(44992K)->44312K(44992K) NonClass: 39255K(39616K)->39255K(39616K) Class: 5057K(5376K)->5057K(5376K)
[2025-01-06T02:18:47.265+0530][gc          ] GC(172) Pause Young (Normal) (G1 Evacuation Pause) 586M->544M(1024M) 27.521ms
[2025-01-06T02:18:47.266+0530][gc,cpu      ] GC(172) User=0.04s Sys=0.04s Real=0.03s
[2025-01-06T02:22:32.911+0530][gc,start    ] GC(173) Pause Young (Normal) (G1 Evacuation Pause)
[2025-01-06T02:22:32.912+0530][gc,task     ] GC(173) Using 9 workers of 9 for evacuation
[2025-01-06T02:22:32.920+0530][gc,phases   ] GC(173)   Pre Evacuate Collection Set: 1.3ms
[2025-01-06T02:22:32.920+0530][gc,phases   ] GC(173)   Merge Heap Roots: 0.4ms
[2025-01-06T02:22:32.920+0530][gc,phases   ] GC(173)   Evacuate Collection Set: 5.4ms
[2025-01-06T02:22:32.920+0530][gc,phases   ] GC(173)   Post Evacuate Collection Set: 0.6ms
[2025-01-06T02:22:32.920+0530][gc,phases   ] GC(173)   Other: 0.2ms
[2025-01-06T02:22:32.920+0530][gc,heap     ] GC(173) Eden regions: 54->0(56)
[2025-01-06T02:22:32.920+0530][gc,heap     ] GC(173) Survivor regions: 4->6(8)
[2025-01-06T02:22:32.920+0530][gc,heap     ] GC(173) Old regions: 410->410
[2025-01-06T02:22:32.920+0530][gc,heap     ] GC(173) Humongous regions: 131->131
[2025-01-06T02:22:32.920+0530][gc,metaspace] GC(173) Metaspace: 44312K(44992K)->44312K(44992K) NonClass: 39255K(39616K)->39255K(39616K) Class: 5057K(5376K)->5057K(5376K)
[2025-01-06T02:22:32.920+0530][gc          ] GC(173) Pause Young (Normal) (G1 Evacuation Pause) 598M->546M(1024M) 8.540ms
[2025-01-06T02:22:32.920+0530][gc,cpu      ] GC(173) User=0.02s Sys=0.02s Real=0.01s
[2025-01-06T02:26:32.271+0530][gc,start    ] GC(174) Pause Young (Normal) (G1 Evacuation Pause)
[2025-01-06T02:26:32.272+0530][gc,task     ] GC(174) Using 9 workers of 9 for evacuation
[2025-01-06T02:26:32.298+0530][gc,mmu      ] GC(174) MMU target violated: 21.0ms (20.0ms/21.0ms)
[2025-01-06T02:26:32.298+0530][gc,phases   ] GC(174)   Pre Evacuate Collection Set: 0.9ms
[2025-01-06T02:26:32.298+0530][gc,phases   ] GC(174)   Merge Heap Roots: 0.7ms
[2025-01-06T02:26:32.298+0530][gc,phases   ] GC(174)   Evacuate Collection Set: 24.0ms
[2025-01-06T02:26:32.298+0530][gc,phases   ] GC(174)   Post Evacuate Collection Set: 0.7ms
[2025-01-06T02:26:32.299+0530][gc,phases   ] GC(174)   Other: 0.3ms
[2025-01-06T02:26:32.299+0530][gc,heap     ] GC(174) Eden regions: 57->0(43)
[2025-01-06T02:26:32.299+0530][gc,heap     ] GC(174) Survivor regions: 6->8(8)
[2025-01-06T02:26:32.299+0530][gc,heap     ] GC(174) Old regions: 410->413
[2025-01-06T02:26:32.299+0530][gc,heap     ] GC(174) Humongous regions: 131->131
[2025-01-06T02:26:32.299+0530][gc,metaspace] GC(174) Metaspace: 44312K(44992K)->44312K(44992K) NonClass: 39255K(39616K)->39255K(39616K) Class: 5057K(5376K)->5057K(5376K)
[2025-01-06T02:26:32.299+0530][gc          ] GC(174) Pause Young (Normal) (G1 Evacuation Pause) 603M->551M(1024M) 27.940ms
[2025-01-06T02:26:32.299+0530][gc,cpu      ] GC(174) User=0.03s Sys=0.06s Real=0.02s
[2025-01-06T02:29:30.788+0530][gc,start    ] GC(175) Pause Young (Normal) (G1 Evacuation Pause)
[2025-01-06T02:29:30.794+0530][gc,task     ] GC(175) Using 9 workers of 9 for evacuation
[2025-01-06T02:29:30.811+0530][gc,phases   ] GC(175)   Pre Evacuate Collection Set: 0.8ms
[2025-01-06T02:29:30.811+0530][gc,phases   ] GC(175)   Merge Heap Roots: 1.2ms
[2025-01-06T02:29:30.811+0530][gc,phases   ] GC(175)   Evacuate Collection Set: 12.3ms
[2025-01-06T02:29:30.811+0530][gc,phases   ] GC(175)   Post Evacuate Collection Set: 1.5ms
[2025-01-06T02:29:30.811+0530][gc,phases   ] GC(175)   Other: 1.8ms
[2025-01-06T02:29:30.811+0530][gc,heap     ] GC(175) Eden regions: 43->0(90)
[2025-01-06T02:29:30.811+0530][gc,heap     ] GC(175) Survivor regions: 8->4(7)
[2025-01-06T02:29:30.811+0530][gc,heap     ] GC(175) Old regions: 413->418
[2025-01-06T02:29:30.812+0530][gc,heap     ] GC(175) Humongous regions: 131->131
[2025-01-06T02:29:30.812+0530][gc,metaspace] GC(175) Metaspace: 44312K(44992K)->44312K(44992K) NonClass: 39255K(39616K)->39255K(39616K) Class: 5057K(5376K)->5057K(5376K)
[2025-01-06T02:29:30.812+0530][gc          ] GC(175) Pause Young (Normal) (G1 Evacuation Pause) 594M->552M(1024M) 25.636ms
[2025-01-06T02:29:30.812+0530][gc,cpu      ] GC(175) User=0.03s Sys=0.03s Real=0.03s
[2025-01-06T02:36:08.407+0530][gc,start    ] GC(176) Pause Young (Normal) (G1 Evacuation Pause)
[2025-01-06T02:36:08.408+0530][gc,task     ] GC(176) Using 9 workers of 9 for evacuation
[2025-01-06T02:36:08.428+0530][gc,phases   ] GC(176)   Pre Evacuate Collection Set: 1.3ms
[2025-01-06T02:36:08.428+0530][gc,phases   ] GC(176)   Merge Heap Roots: 0.3ms
[2025-01-06T02:36:08.428+0530][gc,phases   ] GC(176)   Evacuate Collection Set: 17.0ms
[2025-01-06T02:36:08.428+0530][gc,phases   ] GC(176)   Post Evacuate Collection Set: 0.6ms
[2025-01-06T02:36:08.428+0530][gc,phases   ] GC(176)   Other: 0.6ms
[2025-01-06T02:36:08.428+0530][gc,heap     ] GC(176) Eden regions: 95->0(41)
[2025-01-06T02:36:08.428+0530][gc,heap     ] GC(176) Survivor regions: 4->10(13)
[2025-01-06T02:36:08.428+0530][gc,heap     ] GC(176) Old regions: 418->418
[2025-01-06T02:36:08.428+0530][gc,heap     ] GC(176) Humongous regions: 131->131
[2025-01-06T02:36:08.428+0530][gc,metaspace] GC(176) Metaspace: 44312K(44992K)->44312K(44992K) NonClass: 39255K(39616K)->39255K(39616K) Class: 5057K(5376K)->5057K(5376K)
[2025-01-06T02:36:08.428+0530][gc          ] GC(176) Pause Young (Normal) (G1 Evacuation Pause) 647M->557M(1024M) 21.765ms
[2025-01-06T02:36:08.428+0530][gc,cpu      ] GC(176) User=0.03s Sys=0.02s Real=0.02s
[2025-01-06T02:38:53.013+0530][gc,start    ] GC(177) Pause Young (Normal) (G1 Evacuation Pause)
[2025-01-06T02:38:53.013+0530][gc,task     ] GC(177) Using 9 workers of 9 for evacuation
[2025-01-06T02:38:53.023+0530][gc,phases   ] GC(177)   Pre Evacuate Collection Set: 0.4ms
[2025-01-06T02:38:53.023+0530][gc,phases   ] GC(177)   Merge Heap Roots: 0.1ms
[2025-01-06T02:38:53.023+0530][gc,phases   ] GC(177)   Evacuate Collection Set: 8.5ms
[2025-01-06T02:38:53.023+0530][gc,phases   ] GC(177)   Post Evacuate Collection Set: 0.4ms
[2025-01-06T02:38:53.023+0530][gc,phases   ] GC(177)   Other: 0.1ms
[2025-01-06T02:38:53.023+0530][gc,heap     ] GC(177) Eden regions: 41->0(110)
[2025-01-06T02:38:53.023+0530][gc,heap     ] GC(177) Survivor regions: 10->5(7)
[2025-01-06T02:38:53.023+0530][gc,heap     ] GC(177) Old regions: 418->425
[2025-01-06T02:38:53.023+0530][gc,heap     ] GC(177) Humongous regions: 131->131
[2025-01-06T02:38:53.023+0530][gc,metaspace] GC(177) Metaspace: 44377K(44992K)->44377K(44992K) NonClass: 39307K(39616K)->39307K(39616K) Class: 5069K(5376K)->5069K(5376K)
[2025-01-06T02:38:53.023+0530][gc          ] GC(177) Pause Young (Normal) (G1 Evacuation Pause) 598M->561M(1024M) 9.733ms
[2025-01-06T02:38:53.023+0530][gc,cpu      ] GC(177) User=0.03s Sys=0.02s Real=0.01s
[2025-01-06T02:38:55.468+0530][gc,heap,exit] Heap
[2025-01-06T02:38:55.468+0530][gc,heap,exit]  garbage-first heap   total 1048576K, used 585444K [0x00000007c0000000, 0x0000000800000000)
[2025-01-06T02:38:55.468+0530][gc,heap,exit]   region size 1024K, 16 young (16384K), 5 survivors (5120K)
[2025-01-06T02:38:55.468+0530][gc,heap,exit]  Metaspace       used 44945K, committed 45568K, reserved 1114112K
[2025-01-06T02:38:55.468+0530][gc,heap,exit]   class space    used 5218K, committed 5504K, reserved 1048576K
