[2025-01-08T10:34:54.298+0530][gc,init] CardTable entry size: 512
[2025-01-08T10:34:54.298+0530][gc     ] Using G1
[2025-01-08T10:34:54.300+0530][gc,init] Version: 21.0.2+13-58 (release)
[2025-01-08T10:34:54.300+0530][gc,init] CPUs: 10 total, 10 available
[2025-01-08T10:34:54.300+0530][gc,init] Memory: 16384M
[2025-01-08T10:34:54.300+0530][gc,init] Large Page Support: Disabled
[2025-01-08T10:34:54.300+0530][gc,init] NUMA Support: Disabled
[2025-01-08T10:34:54.300+0530][gc,init] Compressed Oops: Enabled (Zero based)
[2025-01-08T10:34:54.300+0530][gc,init] Heap Region Size: 1M
[2025-01-08T10:34:54.300+0530][gc,init] Heap Min Capacity: 1G
[2025-01-08T10:34:54.300+0530][gc,init] Heap Initial Capacity: 1G
[2025-01-08T10:34:54.300+0530][gc,init] Heap Max Capacity: 1G
[2025-01-08T10:34:54.300+0530][gc,init] Pre-touch: Disabled
[2025-01-08T10:34:54.300+0530][gc,init] Parallel Workers: 9
[2025-01-08T10:34:54.300+0530][gc,init] Concurrent Workers: 2
[2025-01-08T10:34:54.300+0530][gc,init] Concurrent Refinement Workers: 9
[2025-01-08T10:34:54.300+0530][gc,init] Periodic GC: Disabled
[2025-01-08T10:34:54.304+0530][gc,metaspace] CDS archive(s) mapped at: [0x000000a000000000-0x000000a000ca4000-0x000000a000ca4000), size 13254656, SharedBaseAddress: 0x000000a000000000, ArchiveRelocationMode: 1.
[2025-01-08T10:34:54.304+0530][gc,metaspace] Compressed class space mapped at: 0x000000a001000000-0x000000a041000000, reserved size: 1073741824
[2025-01-08T10:34:54.304+0530][gc,metaspace] Narrow klass base: 0x000000a000000000, Narrow klass shift: 0, Narrow klass range: 0x100000000
[2025-01-08T10:34:55.186+0530][gc,start    ] GC(0) Pause Young (Normal) (G1 Evacuation Pause)
[2025-01-08T10:34:55.187+0530][gc,task     ] GC(0) Using 9 workers of 9 for evacuation
[2025-01-08T10:34:55.190+0530][gc,phases   ] GC(0)   Pre Evacuate Collection Set: 0.2ms
[2025-01-08T10:34:55.190+0530][gc,phases   ] GC(0)   Merge Heap Roots: 0.0ms
[2025-01-08T10:34:55.190+0530][gc,phases   ] GC(0)   Evacuate Collection Set: 2.9ms
[2025-01-08T10:34:55.190+0530][gc,phases   ] GC(0)   Post Evacuate Collection Set: 0.4ms
[2025-01-08T10:34:55.190+0530][gc,phases   ] GC(0)   Other: 0.2ms
[2025-01-08T10:34:55.190+0530][gc,heap     ] GC(0) Eden regions: 51->0(44)
[2025-01-08T10:34:55.190+0530][gc,heap     ] GC(0) Survivor regions: 0->7(7)
[2025-01-08T10:34:55.190+0530][gc,heap     ] GC(0) Old regions: 2->5
[2025-01-08T10:34:55.190+0530][gc,heap     ] GC(0) Humongous regions: 2->2
[2025-01-08T10:34:55.190+0530][gc,metaspace] GC(0) Metaspace: 17235K(17472K)->17235K(17472K) NonClass: 15256K(15424K)->15256K(15424K) Class: 1978K(2048K)->1978K(2048K)
[2025-01-08T10:34:55.190+0530][gc          ] GC(0) Pause Young (Normal) (G1 Evacuation Pause) 54M->12M(1024M) 3.931ms
[2025-01-08T10:34:55.190+0530][gc,cpu      ] GC(0) User=0.02s Sys=0.01s Real=0.01s
[2025-01-08T10:34:55.362+0530][gc,start    ] GC(1) Pause Young (Concurrent Start) (Metadata GC Threshold)
[2025-01-08T10:34:55.362+0530][gc,task     ] GC(1) Using 9 workers of 9 for evacuation
[2025-01-08T10:34:55.364+0530][gc,phases   ] GC(1)   Pre Evacuate Collection Set: 0.1ms
[2025-01-08T10:34:55.364+0530][gc,phases   ] GC(1)   Merge Heap Roots: 0.0ms
[2025-01-08T10:34:55.364+0530][gc,phases   ] GC(1)   Evacuate Collection Set: 1.7ms
[2025-01-08T10:34:55.364+0530][gc,phases   ] GC(1)   Post Evacuate Collection Set: 0.2ms
[2025-01-08T10:34:55.364+0530][gc,phases   ] GC(1)   Other: 0.0ms
[2025-01-08T10:34:55.364+0530][gc,heap     ] GC(1) Eden regions: 16->0(49)
[2025-01-08T10:34:55.364+0530][gc,heap     ] GC(1) Survivor regions: 7->2(7)
[2025-01-08T10:34:55.364+0530][gc,heap     ] GC(1) Old regions: 5->12
[2025-01-08T10:34:55.364+0530][gc,heap     ] GC(1) Humongous regions: 2->2
[2025-01-08T10:34:55.364+0530][gc,metaspace] GC(1) Metaspace: 21238K(21504K)->21238K(21504K) NonClass: 18757K(18880K)->18757K(18880K) Class: 2480K(2624K)->2480K(2624K)
[2025-01-08T10:34:55.364+0530][gc          ] GC(1) Pause Young (Concurrent Start) (Metadata GC Threshold) 27M->13M(1024M) 2.193ms
[2025-01-08T10:34:55.364+0530][gc,cpu      ] GC(1) User=0.01s Sys=0.00s Real=0.00s
[2025-01-08T10:34:55.364+0530][gc          ] GC(2) Concurrent Mark Cycle
[2025-01-08T10:34:55.364+0530][gc,marking  ] GC(2) Concurrent Scan Root Regions
[2025-01-08T10:34:55.365+0530][gc,marking  ] GC(2) Concurrent Scan Root Regions 1.078ms
[2025-01-08T10:34:55.366+0530][gc,marking  ] GC(2) Concurrent Mark
[2025-01-08T10:34:55.366+0530][gc,marking  ] GC(2) Concurrent Mark From Roots
[2025-01-08T10:34:55.366+0530][gc,task     ] GC(2) Using 2 workers of 2 for marking
[2025-01-08T10:34:55.367+0530][gc,marking  ] GC(2) Concurrent Mark From Roots 1.559ms
[2025-01-08T10:34:55.367+0530][gc,marking  ] GC(2) Concurrent Preclean
[2025-01-08T10:34:55.367+0530][gc,marking  ] GC(2) Concurrent Preclean 0.006ms
[2025-01-08T10:34:55.367+0530][gc,start    ] GC(2) Pause Remark
[2025-01-08T10:34:55.368+0530][gc          ] GC(2) Pause Remark 14M->14M(1024M) 1.054ms
[2025-01-08T10:34:55.368+0530][gc,cpu      ] GC(2) User=0.01s Sys=0.00s Real=0.00s
[2025-01-08T10:34:55.368+0530][gc,marking  ] GC(2) Concurrent Mark 2.776ms
[2025-01-08T10:34:55.368+0530][gc,marking  ] GC(2) Concurrent Rebuild Remembered Sets and Scrub Regions
[2025-01-08T10:34:55.370+0530][gc,marking  ] GC(2) Concurrent Rebuild Remembered Sets and Scrub Regions 1.408ms
[2025-01-08T10:34:55.370+0530][gc,start    ] GC(2) Pause Cleanup
[2025-01-08T10:34:55.370+0530][gc          ] GC(2) Pause Cleanup 14M->14M(1024M) 0.082ms
[2025-01-08T10:34:55.370+0530][gc,cpu      ] GC(2) User=0.00s Sys=0.00s Real=0.00s
[2025-01-08T10:34:55.370+0530][gc,marking  ] GC(2) Concurrent Clear Claimed Marks
[2025-01-08T10:34:55.370+0530][gc,marking  ] GC(2) Concurrent Clear Claimed Marks 0.017ms
[2025-01-08T10:34:55.370+0530][gc,marking  ] GC(2) Concurrent Cleanup for Next Mark
[2025-01-08T10:34:55.372+0530][gc,marking  ] GC(2) Concurrent Cleanup for Next Mark 1.737ms
[2025-01-08T10:34:55.372+0530][gc          ] GC(2) Concurrent Mark Cycle 7.277ms
[2025-01-08T10:34:55.811+0530][gc,start    ] GC(3) Pause Young (Prepare Mixed) (G1 Evacuation Pause)
[2025-01-08T10:34:55.811+0530][gc,task     ] GC(3) Using 9 workers of 9 for evacuation
[2025-01-08T10:34:55.813+0530][gc,phases   ] GC(3)   Pre Evacuate Collection Set: 0.2ms
[2025-01-08T10:34:55.813+0530][gc,phases   ] GC(3)   Merge Heap Roots: 0.0ms
[2025-01-08T10:34:55.813+0530][gc,phases   ] GC(3)   Evacuate Collection Set: 1.6ms
[2025-01-08T10:34:55.813+0530][gc,phases   ] GC(3)   Post Evacuate Collection Set: 0.2ms
[2025-01-08T10:34:55.813+0530][gc,phases   ] GC(3)   Other: 0.0ms
[2025-01-08T10:34:55.813+0530][gc,heap     ] GC(3) Eden regions: 49->0(44)
[2025-01-08T10:34:55.813+0530][gc,heap     ] GC(3) Survivor regions: 2->7(7)
[2025-01-08T10:34:55.813+0530][gc,heap     ] GC(3) Old regions: 12->12
[2025-01-08T10:34:55.813+0530][gc,heap     ] GC(3) Humongous regions: 131->131
[2025-01-08T10:34:55.813+0530][gc,metaspace] GC(3) Metaspace: 32562K(32832K)->32562K(32832K) NonClass: 29085K(29248K)->29085K(29248K) Class: 3476K(3584K)->3476K(3584K)
[2025-01-08T10:34:55.813+0530][gc          ] GC(3) Pause Young (Prepare Mixed) (G1 Evacuation Pause) 191M->147M(1024M) 2.162ms
[2025-01-08T10:34:55.813+0530][gc,cpu      ] GC(3) User=0.01s Sys=0.00s Real=0.00s
[2025-01-08T10:35:46.664+0530][gc,start    ] GC(4) Pause Young (Mixed) (Metadata GC Threshold)
[2025-01-08T10:35:46.664+0530][gc,task     ] GC(4) Using 9 workers of 9 for evacuation
[2025-01-08T10:35:46.667+0530][gc,phases   ] GC(4)   Pre Evacuate Collection Set: 0.2ms
[2025-01-08T10:35:46.667+0530][gc,phases   ] GC(4)   Merge Heap Roots: 0.1ms
[2025-01-08T10:35:46.667+0530][gc,phases   ] GC(4)   Evacuate Collection Set: 2.3ms
[2025-01-08T10:35:46.667+0530][gc,phases   ] GC(4)   Post Evacuate Collection Set: 0.3ms
[2025-01-08T10:35:46.667+0530][gc,phases   ] GC(4)   Other: 0.0ms
[2025-01-08T10:35:46.667+0530][gc,heap     ] GC(4) Eden regions: 16->0(49)
[2025-01-08T10:35:46.667+0530][gc,heap     ] GC(4) Survivor regions: 7->2(7)
[2025-01-08T10:35:46.667+0530][gc,heap     ] GC(4) Old regions: 12->17
[2025-01-08T10:35:46.667+0530][gc,heap     ] GC(4) Humongous regions: 131->131
[2025-01-08T10:35:46.667+0530][gc,metaspace] GC(4) Metaspace: 35847K(36096K)->35847K(36096K) NonClass: 31842K(32000K)->31842K(32000K) Class: 4004K(4096K)->4004K(4096K)
[2025-01-08T10:35:46.667+0530][gc          ] GC(4) Pause Young (Mixed) (Metadata GC Threshold) 162M->149M(1024M) 3.103ms
[2025-01-08T10:35:46.667+0530][gc,cpu      ] GC(4) User=0.01s Sys=0.00s Real=0.00s
[2025-01-08T10:35:46.885+0530][gc,start    ] GC(5) Pause Young (Concurrent Start) (Metadata GC Threshold)
[2025-01-08T10:35:46.885+0530][gc,task     ] GC(5) Using 9 workers of 9 for evacuation
[2025-01-08T10:35:46.886+0530][gc,phases   ] GC(5)   Pre Evacuate Collection Set: 0.2ms
[2025-01-08T10:35:46.886+0530][gc,phases   ] GC(5)   Merge Heap Roots: 0.1ms
[2025-01-08T10:35:46.886+0530][gc,phases   ] GC(5)   Evacuate Collection Set: 0.9ms
[2025-01-08T10:35:46.886+0530][gc,phases   ] GC(5)   Post Evacuate Collection Set: 0.2ms
[2025-01-08T10:35:46.886+0530][gc,phases   ] GC(5)   Other: 0.1ms
[2025-01-08T10:35:46.886+0530][gc,heap     ] GC(5) Eden regions: 4->0(50)
[2025-01-08T10:35:46.886+0530][gc,heap     ] GC(5) Survivor regions: 2->1(7)
[2025-01-08T10:35:46.886+0530][gc,heap     ] GC(5) Old regions: 17->17
[2025-01-08T10:35:46.886+0530][gc,heap     ] GC(5) Humongous regions: 131->131
[2025-01-08T10:35:46.886+0530][gc,metaspace] GC(5) Metaspace: 36131K(36416K)->36131K(36416K) NonClass: 32069K(32256K)->32069K(32256K) Class: 4062K(4160K)->4062K(4160K)
[2025-01-08T10:35:46.886+0530][gc          ] GC(5) Pause Young (Concurrent Start) (Metadata GC Threshold) 152M->148M(1024M) 1.555ms
[2025-01-08T10:35:46.886+0530][gc,cpu      ] GC(5) User=0.01s Sys=0.00s Real=0.00s
[2025-01-08T10:35:46.886+0530][gc          ] GC(6) Concurrent Mark Cycle
[2025-01-08T10:35:46.886+0530][gc,marking  ] GC(6) Concurrent Scan Root Regions
[2025-01-08T10:35:46.887+0530][gc,marking  ] GC(6) Concurrent Scan Root Regions 0.774ms
[2025-01-08T10:35:46.887+0530][gc,marking  ] GC(6) Concurrent Mark
[2025-01-08T10:35:46.887+0530][gc,marking  ] GC(6) Concurrent Mark From Roots
[2025-01-08T10:35:46.887+0530][gc,task     ] GC(6) Using 2 workers of 2 for marking
[2025-01-08T10:35:46.893+0530][gc,marking  ] GC(6) Concurrent Mark From Roots 6.444ms
[2025-01-08T10:35:46.894+0530][gc,marking  ] GC(6) Concurrent Preclean
[2025-01-08T10:35:46.894+0530][gc,marking  ] GC(6) Concurrent Preclean 0.039ms
[2025-01-08T10:35:46.894+0530][gc,start    ] GC(6) Pause Remark
[2025-01-08T10:35:46.895+0530][gc          ] GC(6) Pause Remark 149M->149M(1024M) 1.194ms
[2025-01-08T10:35:46.895+0530][gc,cpu      ] GC(6) User=0.01s Sys=0.00s Real=0.00s
[2025-01-08T10:35:46.895+0530][gc,marking  ] GC(6) Concurrent Mark 8.175ms
[2025-01-08T10:35:46.895+0530][gc,marking  ] GC(6) Concurrent Rebuild Remembered Sets and Scrub Regions
[2025-01-08T10:35:46.898+0530][gc,marking  ] GC(6) Concurrent Rebuild Remembered Sets and Scrub Regions 2.715ms
[2025-01-08T10:35:46.898+0530][gc,start    ] GC(6) Pause Cleanup
[2025-01-08T10:35:46.898+0530][gc          ] GC(6) Pause Cleanup 149M->149M(1024M) 0.088ms
[2025-01-08T10:35:46.898+0530][gc,cpu      ] GC(6) User=0.00s Sys=0.00s Real=0.00s
[2025-01-08T10:35:46.898+0530][gc,marking  ] GC(6) Concurrent Clear Claimed Marks
[2025-01-08T10:35:46.898+0530][gc,marking  ] GC(6) Concurrent Clear Claimed Marks 0.038ms
[2025-01-08T10:35:46.898+0530][gc,marking  ] GC(6) Concurrent Cleanup for Next Mark
[2025-01-08T10:35:46.899+0530][gc,marking  ] GC(6) Concurrent Cleanup for Next Mark 1.289ms
[2025-01-08T10:35:46.902+0530][gc          ] GC(6) Concurrent Mark Cycle 15.788ms
[2025-01-08T10:36:11.918+0530][gc,start    ] GC(7) Pause Young (Prepare Mixed) (G1 Evacuation Pause)
[2025-01-08T10:36:11.919+0530][gc,task     ] GC(7) Using 9 workers of 9 for evacuation
[2025-01-08T10:36:11.921+0530][gc,phases   ] GC(7)   Pre Evacuate Collection Set: 0.3ms
[2025-01-08T10:36:11.921+0530][gc,phases   ] GC(7)   Merge Heap Roots: 0.1ms
[2025-01-08T10:36:11.921+0530][gc,phases   ] GC(7)   Evacuate Collection Set: 2.0ms
[2025-01-08T10:36:11.921+0530][gc,phases   ] GC(7)   Post Evacuate Collection Set: 0.3ms
[2025-01-08T10:36:11.921+0530][gc,phases   ] GC(7)   Other: 0.1ms
[2025-01-08T10:36:11.921+0530][gc,heap     ] GC(7) Eden regions: 50->0(46)
[2025-01-08T10:36:11.921+0530][gc,heap     ] GC(7) Survivor regions: 1->5(7)
[2025-01-08T10:36:11.921+0530][gc,heap     ] GC(7) Old regions: 17->17
[2025-01-08T10:36:11.921+0530][gc,heap     ] GC(7) Humongous regions: 131->131
[2025-01-08T10:36:11.921+0530][gc,metaspace] GC(7) Metaspace: 41286K(41856K)->41286K(41856K) NonClass: 36426K(36736K)->36426K(36736K) Class: 4860K(5120K)->4860K(5120K)
[2025-01-08T10:36:11.921+0530][gc          ] GC(7) Pause Young (Prepare Mixed) (G1 Evacuation Pause) 198M->152M(1024M) 2.957ms
[2025-01-08T10:36:11.921+0530][gc,cpu      ] GC(7) User=0.01s Sys=0.00s Real=0.01s
[2025-01-08T10:39:33.841+0530][gc,start    ] GC(8) Pause Young (Mixed) (G1 Evacuation Pause)
[2025-01-08T10:39:33.841+0530][gc,task     ] GC(8) Using 9 workers of 9 for evacuation
[2025-01-08T10:39:33.857+0530][gc,phases   ] GC(8)   Pre Evacuate Collection Set: 0.5ms
[2025-01-08T10:39:33.857+0530][gc,phases   ] GC(8)   Merge Heap Roots: 0.2ms
[2025-01-08T10:39:33.857+0530][gc,phases   ] GC(8)   Evacuate Collection Set: 15.0ms
[2025-01-08T10:39:33.857+0530][gc,phases   ] GC(8)   Post Evacuate Collection Set: 0.2ms
[2025-01-08T10:39:33.857+0530][gc,phases   ] GC(8)   Other: 0.1ms
[2025-01-08T10:39:33.857+0530][gc,heap     ] GC(8) Eden regions: 46->0(48)
[2025-01-08T10:39:33.857+0530][gc,heap     ] GC(8) Survivor regions: 5->3(7)
[2025-01-08T10:39:33.857+0530][gc,heap     ] GC(8) Old regions: 17->21
[2025-01-08T10:39:33.857+0530][gc,heap     ] GC(8) Humongous regions: 131->131
[2025-01-08T10:39:33.857+0530][gc,metaspace] GC(8) Metaspace: 41836K(42432K)->41836K(42432K) NonClass: 36972K(37312K)->36972K(37312K) Class: 4864K(5120K)->4864K(5120K)
[2025-01-08T10:39:33.857+0530][gc          ] GC(8) Pause Young (Mixed) (G1 Evacuation Pause) 198M->154M(1024M) 16.789ms
[2025-01-08T10:39:33.857+0530][gc,cpu      ] GC(8) User=0.02s Sys=0.01s Real=0.01s
[2025-01-08T10:42:50.017+0530][gc,start    ] GC(9) Pause Young (Normal) (G1 Evacuation Pause)
[2025-01-08T10:42:50.017+0530][gc,task     ] GC(9) Using 9 workers of 9 for evacuation
[2025-01-08T10:42:50.031+0530][gc,phases   ] GC(9)   Pre Evacuate Collection Set: 0.8ms
[2025-01-08T10:42:50.031+0530][gc,phases   ] GC(9)   Merge Heap Roots: 0.2ms
[2025-01-08T10:42:50.031+0530][gc,phases   ] GC(9)   Evacuate Collection Set: 12.2ms
[2025-01-08T10:42:50.031+0530][gc,phases   ] GC(9)   Post Evacuate Collection Set: 0.3ms
[2025-01-08T10:42:50.031+0530][gc,phases   ] GC(9)   Other: 0.1ms
[2025-01-08T10:42:50.031+0530][gc,heap     ] GC(9) Eden regions: 48->0(45)
[2025-01-08T10:42:50.031+0530][gc,heap     ] GC(9) Survivor regions: 3->6(7)
[2025-01-08T10:42:50.031+0530][gc,heap     ] GC(9) Old regions: 21->21
[2025-01-08T10:42:50.031+0530][gc,heap     ] GC(9) Humongous regions: 131->131
[2025-01-08T10:42:50.031+0530][gc,metaspace] GC(9) Metaspace: 42331K(42944K)->42331K(42944K) NonClass: 37395K(37760K)->37395K(37760K) Class: 4936K(5184K)->4936K(5184K)
[2025-01-08T10:42:50.031+0530][gc          ] GC(9) Pause Young (Normal) (G1 Evacuation Pause) 202M->156M(1024M) 14.213ms
[2025-01-08T10:42:50.031+0530][gc,cpu      ] GC(9) User=0.02s Sys=0.01s Real=0.02s
[2025-01-08T10:44:40.900+0530][gc,start    ] GC(10) Pause Young (Normal) (G1 Evacuation Pause)
[2025-01-08T10:44:40.901+0530][gc,task     ] GC(10) Using 9 workers of 9 for evacuation
[2025-01-08T10:44:40.905+0530][gc,phases   ] GC(10)   Pre Evacuate Collection Set: 0.4ms
[2025-01-08T10:44:40.905+0530][gc,phases   ] GC(10)   Merge Heap Roots: 0.1ms
[2025-01-08T10:44:40.905+0530][gc,phases   ] GC(10)   Evacuate Collection Set: 3.4ms
[2025-01-08T10:44:40.905+0530][gc,phases   ] GC(10)   Post Evacuate Collection Set: 0.2ms
[2025-01-08T10:44:40.905+0530][gc,phases   ] GC(10)   Other: 0.1ms
[2025-01-08T10:44:40.905+0530][gc,heap     ] GC(10) Eden regions: 45->0(47)
[2025-01-08T10:44:40.905+0530][gc,heap     ] GC(10) Survivor regions: 6->4(7)
[2025-01-08T10:44:40.905+0530][gc,heap     ] GC(10) Old regions: 21->25
[2025-01-08T10:44:40.905+0530][gc,heap     ] GC(10) Humongous regions: 131->131
[2025-01-08T10:44:40.905+0530][gc,metaspace] GC(10) Metaspace: 42730K(43328K)->42730K(43328K) NonClass: 37729K(38080K)->37729K(38080K) Class: 5001K(5248K)->5001K(5248K)
[2025-01-08T10:44:40.905+0530][gc          ] GC(10) Pause Young (Normal) (G1 Evacuation Pause) 201M->159M(1024M) 4.621ms
[2025-01-08T10:44:40.905+0530][gc,cpu      ] GC(10) User=0.02s Sys=0.01s Real=0.00s
[2025-01-08T10:46:51.957+0530][gc,start    ] GC(11) Pause Young (Normal) (G1 Evacuation Pause)
[2025-01-08T10:46:51.958+0530][gc,task     ] GC(11) Using 9 workers of 9 for evacuation
[2025-01-08T10:46:51.976+0530][gc,phases   ] GC(11)   Pre Evacuate Collection Set: 0.7ms
[2025-01-08T10:46:51.976+0530][gc,phases   ] GC(11)   Merge Heap Roots: 0.2ms
[2025-01-08T10:46:51.976+0530][gc,phases   ] GC(11)   Evacuate Collection Set: 16.6ms
[2025-01-08T10:46:51.976+0530][gc,phases   ] GC(11)   Post Evacuate Collection Set: 0.2ms
[2025-01-08T10:46:51.976+0530][gc,phases   ] GC(11)   Other: 0.1ms
[2025-01-08T10:46:51.976+0530][gc,heap     ] GC(11) Eden regions: 47->0(44)
[2025-01-08T10:46:51.976+0530][gc,heap     ] GC(11) Survivor regions: 4->7(7)
[2025-01-08T10:46:51.976+0530][gc,heap     ] GC(11) Old regions: 25->25
[2025-01-08T10:46:51.976+0530][gc,heap     ] GC(11) Humongous regions: 131->131
[2025-01-08T10:46:51.976+0530][gc,metaspace] GC(11) Metaspace: 42845K(43520K)->42845K(43520K) NonClass: 37818K(38208K)->37818K(38208K) Class: 5026K(5312K)->5026K(5312K)
[2025-01-08T10:46:51.976+0530][gc          ] GC(11) Pause Young (Normal) (G1 Evacuation Pause) 206M->162M(1024M) 18.519ms
[2025-01-08T10:46:51.976+0530][gc,cpu      ] GC(11) User=0.02s Sys=0.01s Real=0.02s
[2025-01-08T10:48:58.907+0530][gc,start    ] GC(12) Pause Young (Normal) (G1 Evacuation Pause)
[2025-01-08T10:48:58.908+0530][gc,task     ] GC(12) Using 9 workers of 9 for evacuation
[2025-01-08T10:48:58.922+0530][gc,phases   ] GC(12)   Pre Evacuate Collection Set: 0.7ms
[2025-01-08T10:48:58.922+0530][gc,phases   ] GC(12)   Merge Heap Roots: 0.2ms
[2025-01-08T10:48:58.922+0530][gc,phases   ] GC(12)   Evacuate Collection Set: 12.7ms
[2025-01-08T10:48:58.922+0530][gc,phases   ] GC(12)   Post Evacuate Collection Set: 0.2ms
[2025-01-08T10:48:58.922+0530][gc,phases   ] GC(12)   Other: 0.1ms
[2025-01-08T10:48:58.922+0530][gc,heap     ] GC(12) Eden regions: 44->0(46)
[2025-01-08T10:48:58.922+0530][gc,heap     ] GC(12) Survivor regions: 7->5(7)
[2025-01-08T10:48:58.922+0530][gc,heap     ] GC(12) Old regions: 25->31
[2025-01-08T10:48:58.922+0530][gc,heap     ] GC(12) Humongous regions: 131->131
[2025-01-08T10:48:58.922+0530][gc,metaspace] GC(12) Metaspace: 42860K(43520K)->42860K(43520K) NonClass: 37834K(38208K)->37834K(38208K) Class: 5026K(5312K)->5026K(5312K)
[2025-01-08T10:48:58.922+0530][gc          ] GC(12) Pause Young (Normal) (G1 Evacuation Pause) 206M->165M(1024M) 15.254ms
[2025-01-08T10:48:58.922+0530][gc,cpu      ] GC(12) User=0.03s Sys=0.01s Real=0.02s
[2025-01-08T10:51:12.623+0530][gc,start    ] GC(13) Pause Young (Normal) (G1 Evacuation Pause)
[2025-01-08T10:51:12.624+0530][gc,task     ] GC(13) Using 9 workers of 9 for evacuation
[2025-01-08T10:51:12.642+0530][gc,phases   ] GC(13)   Pre Evacuate Collection Set: 0.6ms
[2025-01-08T10:51:12.643+0530][gc,phases   ] GC(13)   Merge Heap Roots: 0.3ms
[2025-01-08T10:51:12.643+0530][gc,phases   ] GC(13)   Evacuate Collection Set: 17.3ms
[2025-01-08T10:51:12.643+0530][gc,phases   ] GC(13)   Post Evacuate Collection Set: 0.2ms
[2025-01-08T10:51:12.643+0530][gc,phases   ] GC(13)   Other: 0.1ms
[2025-01-08T10:51:12.643+0530][gc,heap     ] GC(13) Eden regions: 46->0(55)
[2025-01-08T10:51:12.643+0530][gc,heap     ] GC(13) Survivor regions: 5->5(7)
[2025-01-08T10:51:12.643+0530][gc,heap     ] GC(13) Old regions: 31->34
[2025-01-08T10:51:12.643+0530][gc,heap     ] GC(13) Humongous regions: 131->131
[2025-01-08T10:51:12.643+0530][gc,metaspace] GC(13) Metaspace: 42879K(43520K)->42879K(43520K) NonClass: 37853K(38208K)->37853K(38208K) Class: 5026K(5312K)->5026K(5312K)
[2025-01-08T10:51:12.643+0530][gc          ] GC(13) Pause Young (Normal) (G1 Evacuation Pause) 211M->169M(1024M) 19.842ms
[2025-01-08T10:51:12.643+0530][gc,cpu      ] GC(13) User=0.04s Sys=0.00s Real=0.02s
[2025-01-08T10:53:26.414+0530][gc,start    ] GC(14) Pause Young (Normal) (G1 Evacuation Pause)
[2025-01-08T10:53:26.415+0530][gc,task     ] GC(14) Using 9 workers of 9 for evacuation
[2025-01-08T10:53:26.428+0530][gc,phases   ] GC(14)   Pre Evacuate Collection Set: 1.5ms
[2025-01-08T10:53:26.428+0530][gc,phases   ] GC(14)   Merge Heap Roots: 0.5ms
[2025-01-08T10:53:26.428+0530][gc,phases   ] GC(14)   Evacuate Collection Set: 11.1ms
[2025-01-08T10:53:26.428+0530][gc,phases   ] GC(14)   Post Evacuate Collection Set: 0.2ms
[2025-01-08T10:53:26.428+0530][gc,phases   ] GC(14)   Other: 0.2ms
[2025-01-08T10:53:26.428+0530][gc,heap     ] GC(14) Eden regions: 46->0(55)
[2025-01-08T10:53:26.428+0530][gc,heap     ] GC(14) Survivor regions: 5->5(7)
[2025-01-08T10:53:26.428+0530][gc,heap     ] GC(14) Old regions: 34->38
[2025-01-08T10:53:26.428+0530][gc,heap     ] GC(14) Humongous regions: 131->131
[2025-01-08T10:53:26.428+0530][gc,metaspace] GC(14) Metaspace: 42896K(43584K)->42896K(43584K) NonClass: 37869K(38272K)->37869K(38272K) Class: 5027K(5312K)->5027K(5312K)
[2025-01-08T10:53:26.428+0530][gc          ] GC(14) Pause Young (Normal) (G1 Evacuation Pause) 215M->173M(1024M) 14.637ms
[2025-01-08T10:53:26.428+0530][gc,cpu      ] GC(14) User=0.02s Sys=0.01s Real=0.01s
[2025-01-08T10:55:41.108+0530][gc,start    ] GC(15) Pause Young (Normal) (G1 Evacuation Pause)
[2025-01-08T10:55:41.110+0530][gc,task     ] GC(15) Using 9 workers of 9 for evacuation
[2025-01-08T10:55:41.126+0530][gc,phases   ] GC(15)   Pre Evacuate Collection Set: 0.9ms
[2025-01-08T10:55:41.126+0530][gc,phases   ] GC(15)   Merge Heap Roots: 0.3ms
[2025-01-08T10:55:41.126+0530][gc,phases   ] GC(15)   Evacuate Collection Set: 14.9ms
[2025-01-08T10:55:41.126+0530][gc,phases   ] GC(15)   Post Evacuate Collection Set: 0.2ms
[2025-01-08T10:55:41.126+0530][gc,phases   ] GC(15)   Other: 0.2ms
[2025-01-08T10:55:41.126+0530][gc,heap     ] GC(15) Eden regions: 46->0(67)
[2025-01-08T10:55:41.126+0530][gc,heap     ] GC(15) Survivor regions: 5->5(7)
[2025-01-08T10:55:41.126+0530][gc,heap     ] GC(15) Old regions: 38->42
[2025-01-08T10:55:41.126+0530][gc,heap     ] GC(15) Humongous regions: 131->131
[2025-01-08T10:55:41.126+0530][gc,metaspace] GC(15) Metaspace: 42911K(43584K)->42911K(43584K) NonClass: 37884K(38272K)->37884K(38272K) Class: 5027K(5312K)->5027K(5312K)
[2025-01-08T10:55:41.126+0530][gc          ] GC(15) Pause Young (Normal) (G1 Evacuation Pause) 219M->177M(1024M) 18.127ms
[2025-01-08T10:55:41.126+0530][gc,cpu      ] GC(15) User=0.04s Sys=0.00s Real=0.02s
[2025-01-08T10:58:33.079+0530][gc,start    ] GC(16) Pause Young (Normal) (G1 Evacuation Pause)
[2025-01-08T10:58:33.080+0530][gc,task     ] GC(16) Using 9 workers of 9 for evacuation
[2025-01-08T10:58:33.094+0530][gc,phases   ] GC(16)   Pre Evacuate Collection Set: 1.0ms
[2025-01-08T10:58:33.096+0530][gc,phases   ] GC(16)   Merge Heap Roots: 0.6ms
[2025-01-08T10:58:33.096+0530][gc,phases   ] GC(16)   Evacuate Collection Set: 12.5ms
[2025-01-08T10:58:33.096+0530][gc,phases   ] GC(16)   Post Evacuate Collection Set: 0.4ms
[2025-01-08T10:58:33.096+0530][gc,phases   ] GC(16)   Other: 0.2ms
[2025-01-08T10:58:33.096+0530][gc,heap     ] GC(16) Eden regions: 59->0(66)
[2025-01-08T10:58:33.096+0530][gc,heap     ] GC(16) Survivor regions: 5->6(8)
[2025-01-08T10:58:33.096+0530][gc,heap     ] GC(16) Old regions: 42->45
[2025-01-08T10:58:33.096+0530][gc,heap     ] GC(16) Humongous regions: 131->131
[2025-01-08T10:58:33.096+0530][gc,metaspace] GC(16) Metaspace: 42938K(43648K)->42938K(43648K) NonClass: 37911K(38336K)->37911K(38336K) Class: 5027K(5312K)->5027K(5312K)
[2025-01-08T10:58:33.096+0530][gc          ] GC(16) Pause Young (Normal) (G1 Evacuation Pause) 236M->181M(1024M) 17.013ms
[2025-01-08T10:58:33.096+0530][gc,cpu      ] GC(16) User=0.02s Sys=0.01s Real=0.02s
[2025-01-08T11:01:39.998+0530][gc,start    ] GC(17) Pause Young (Normal) (G1 Evacuation Pause)
[2025-01-08T11:01:40.000+0530][gc,task     ] GC(17) Using 9 workers of 9 for evacuation
[2025-01-08T11:01:40.012+0530][gc,phases   ] GC(17)   Pre Evacuate Collection Set: 0.3ms
[2025-01-08T11:01:40.012+0530][gc,phases   ] GC(17)   Merge Heap Roots: 0.1ms
[2025-01-08T11:01:40.012+0530][gc,phases   ] GC(17)   Evacuate Collection Set: 10.9ms
[2025-01-08T11:01:40.012+0530][gc,phases   ] GC(17)   Post Evacuate Collection Set: 0.2ms
[2025-01-08T11:01:40.012+0530][gc,phases   ] GC(17)   Other: 0.2ms
[2025-01-08T11:01:40.012+0530][gc,heap     ] GC(17) Eden regions: 64->0(79)
[2025-01-08T11:01:40.012+0530][gc,heap     ] GC(17) Survivor regions: 6->6(9)
[2025-01-08T11:01:40.012+0530][gc,heap     ] GC(17) Old regions: 45->50
[2025-01-08T11:01:40.012+0530][gc,heap     ] GC(17) Humongous regions: 131->131
[2025-01-08T11:01:40.012+0530][gc,metaspace] GC(17) Metaspace: 42952K(43648K)->42952K(43648K) NonClass: 37925K(38336K)->37925K(38336K) Class: 5027K(5312K)->5027K(5312K)
[2025-01-08T11:01:40.012+0530][gc          ] GC(17) Pause Young (Normal) (G1 Evacuation Pause) 245M->186M(1024M) 13.320ms
[2025-01-08T11:01:40.012+0530][gc,cpu      ] GC(17) User=0.04s Sys=0.01s Real=0.02s
[2025-01-08T11:05:46.180+0530][gc,start    ] GC(18) Pause Young (Normal) (G1 Evacuation Pause)
[2025-01-08T11:05:46.180+0530][gc,task     ] GC(18) Using 9 workers of 9 for evacuation
[2025-01-08T11:05:46.195+0530][gc,phases   ] GC(18)   Pre Evacuate Collection Set: 0.8ms
[2025-01-08T11:05:46.195+0530][gc,phases   ] GC(18)   Merge Heap Roots: 0.2ms
[2025-01-08T11:05:46.195+0530][gc,phases   ] GC(18)   Evacuate Collection Set: 12.5ms
[2025-01-08T11:05:46.195+0530][gc,phases   ] GC(18)   Post Evacuate Collection Set: 0.4ms
[2025-01-08T11:05:46.195+0530][gc,phases   ] GC(18)   Other: 0.1ms
[2025-01-08T11:05:46.195+0530][gc,heap     ] GC(18) Eden regions: 84->0(90)
[2025-01-08T11:05:46.195+0530][gc,heap     ] GC(18) Survivor regions: 6->12(12)
[2025-01-08T11:05:46.195+0530][gc,heap     ] GC(18) Old regions: 50->50
[2025-01-08T11:05:46.195+0530][gc,heap     ] GC(18) Humongous regions: 131->131
[2025-01-08T11:05:46.195+0530][gc,metaspace] GC(18) Metaspace: 42977K(43648K)->42977K(43648K) NonClass: 37950K(38336K)->37950K(38336K) Class: 5027K(5312K)->5027K(5312K)
[2025-01-08T11:05:46.195+0530][gc          ] GC(18) Pause Young (Normal) (G1 Evacuation Pause) 270M->191M(1024M) 14.596ms
[2025-01-08T11:05:46.195+0530][gc,cpu      ] GC(18) User=0.03s Sys=0.02s Real=0.01s
[2025-01-08T11:10:37.104+0530][gc,start    ] GC(19) Pause Young (Normal) (G1 Evacuation Pause)
[2025-01-08T11:10:37.106+0530][gc,task     ] GC(19) Using 9 workers of 9 for evacuation
[2025-01-08T11:10:37.128+0530][gc,mmu      ] GC(19) MMU target violated: 21.0ms (20.0ms/21.0ms)
[2025-01-08T11:10:37.128+0530][gc,phases   ] GC(19)   Pre Evacuate Collection Set: 0.8ms
[2025-01-08T11:10:37.128+0530][gc,phases   ] GC(19)   Merge Heap Roots: 0.2ms
[2025-01-08T11:10:37.128+0530][gc,phases   ] GC(19)   Evacuate Collection Set: 20.4ms
[2025-01-08T11:10:37.128+0530][gc,phases   ] GC(19)   Post Evacuate Collection Set: 0.3ms
[2025-01-08T11:10:37.128+0530][gc,phases   ] GC(19)   Other: 0.3ms
[2025-01-08T11:10:37.128+0530][gc,heap     ] GC(19) Eden regions: 99->0(70)
[2025-01-08T11:10:37.128+0530][gc,heap     ] GC(19) Survivor regions: 12->14(14)
[2025-01-08T11:10:37.128+0530][gc,heap     ] GC(19) Old regions: 50->55
[2025-01-08T11:10:37.128+0530][gc,heap     ] GC(19) Humongous regions: 131->131
[2025-01-08T11:10:37.128+0530][gc,metaspace] GC(19) Metaspace: 43010K(43712K)->43010K(43712K) NonClass: 37983K(38400K)->37983K(38400K) Class: 5027K(5312K)->5027K(5312K)
[2025-01-08T11:10:37.128+0530][gc          ] GC(19) Pause Young (Normal) (G1 Evacuation Pause) 290M->199M(1024M) 23.877ms
[2025-01-08T11:10:37.128+0530][gc,cpu      ] GC(19) User=0.05s Sys=0.03s Real=0.02s
[2025-01-08T11:13:59.310+0530][gc,start    ] GC(20) Pause Young (Normal) (G1 Evacuation Pause)
[2025-01-08T11:13:59.311+0530][gc,task     ] GC(20) Using 9 workers of 9 for evacuation
[2025-01-08T11:13:59.335+0530][gc,mmu      ] GC(20) MMU target violated: 21.0ms (20.0ms/21.0ms)
[2025-01-08T11:13:59.335+0530][gc,phases   ] GC(20)   Pre Evacuate Collection Set: 0.8ms
[2025-01-08T11:13:59.335+0530][gc,phases   ] GC(20)   Merge Heap Roots: 0.2ms
[2025-01-08T11:13:59.335+0530][gc,phases   ] GC(20)   Evacuate Collection Set: 22.8ms
[2025-01-08T11:13:59.335+0530][gc,phases   ] GC(20)   Post Evacuate Collection Set: 0.3ms
[2025-01-08T11:13:59.335+0530][gc,phases   ] GC(20)   Other: 0.3ms
[2025-01-08T11:13:59.335+0530][gc,heap     ] GC(20) Eden regions: 69->0(115)
[2025-01-08T11:13:59.335+0530][gc,heap     ] GC(20) Survivor regions: 14->7(11)
[2025-01-08T11:13:59.335+0530][gc,heap     ] GC(20) Old regions: 55->68
[2025-01-08T11:13:59.335+0530][gc,heap     ] GC(20) Humongous regions: 131->131
[2025-01-08T11:13:59.335+0530][gc,metaspace] GC(20) Metaspace: 43063K(43712K)->43063K(43712K) NonClass: 38036K(38400K)->38036K(38400K) Class: 5027K(5312K)->5027K(5312K)
[2025-01-08T11:13:59.335+0530][gc          ] GC(20) Pause Young (Normal) (G1 Evacuation Pause) 268M->205M(1024M) 25.239ms
[2025-01-08T11:13:59.335+0530][gc,cpu      ] GC(20) User=0.08s Sys=0.03s Real=0.02s
[2025-01-08T11:20:05.990+0530][gc,start    ] GC(21) Pause Young (Normal) (G1 Evacuation Pause)
[2025-01-08T11:20:05.991+0530][gc,task     ] GC(21) Using 9 workers of 9 for evacuation
[2025-01-08T11:20:06.013+0530][gc,mmu      ] GC(21) MMU target violated: 21.0ms (20.0ms/21.0ms)
[2025-01-08T11:20:06.013+0530][gc,phases   ] GC(21)   Pre Evacuate Collection Set: 4.1ms
[2025-01-08T11:20:06.013+0530][gc,phases   ] GC(21)   Merge Heap Roots: 0.6ms
[2025-01-08T11:20:06.013+0530][gc,phases   ] GC(21)   Evacuate Collection Set: 16.6ms
[2025-01-08T11:20:06.013+0530][gc,phases   ] GC(21)   Post Evacuate Collection Set: 0.4ms
[2025-01-08T11:20:06.013+0530][gc,phases   ] GC(21)   Other: 0.3ms
[2025-01-08T11:20:06.013+0530][gc,heap     ] GC(21) Eden regions: 124->0(48)
[2025-01-08T11:20:06.013+0530][gc,heap     ] GC(21) Survivor regions: 7->17(17)
[2025-01-08T11:20:06.013+0530][gc,heap     ] GC(21) Old regions: 68->68
[2025-01-08T11:20:06.013+0530][gc,heap     ] GC(21) Humongous regions: 131->131
[2025-01-08T11:20:06.013+0530][gc,metaspace] GC(21) Metaspace: 43086K(43712K)->43086K(43712K) NonClass: 38059K(38400K)->38059K(38400K) Class: 5027K(5312K)->5027K(5312K)
[2025-01-08T11:20:06.013+0530][gc          ] GC(21) Pause Young (Normal) (G1 Evacuation Pause) 329M->215M(1024M) 23.670ms
[2025-01-08T11:20:06.013+0530][gc,cpu      ] GC(21) User=0.06s Sys=0.02s Real=0.02s
[2025-01-08T11:22:55.217+0530][gc,start    ] GC(22) Pause Young (Normal) (G1 Evacuation Pause)
[2025-01-08T11:22:55.218+0530][gc,task     ] GC(22) Using 9 workers of 9 for evacuation
[2025-01-08T11:22:55.233+0530][gc,phases   ] GC(22)   Pre Evacuate Collection Set: 0.5ms
[2025-01-08T11:22:55.233+0530][gc,phases   ] GC(22)   Merge Heap Roots: 0.1ms
[2025-01-08T11:22:55.233+0530][gc,phases   ] GC(22)   Evacuate Collection Set: 13.9ms
[2025-01-08T11:22:55.233+0530][gc,phases   ] GC(22)   Post Evacuate Collection Set: 0.2ms
[2025-01-08T11:22:55.233+0530][gc,phases   ] GC(22)   Other: 0.1ms
[2025-01-08T11:22:55.233+0530][gc,heap     ] GC(22) Eden regions: 58->0(142)
[2025-01-08T11:22:55.233+0530][gc,heap     ] GC(22) Survivor regions: 17->7(10)
[2025-01-08T11:22:55.233+0530][gc,heap     ] GC(22) Old regions: 68->82
[2025-01-08T11:22:55.233+0530][gc,heap     ] GC(22) Humongous regions: 131->131
[2025-01-08T11:22:55.233+0530][gc,metaspace] GC(22) Metaspace: 43101K(43776K)->43101K(43776K) NonClass: 38074K(38464K)->38074K(38464K) Class: 5027K(5312K)->5027K(5312K)
[2025-01-08T11:22:55.233+0530][gc          ] GC(22) Pause Young (Normal) (G1 Evacuation Pause) 273M->219M(1024M) 16.366ms
[2025-01-08T11:22:55.233+0530][gc,cpu      ] GC(22) User=0.04s Sys=0.01s Real=0.02s
[2025-01-08T11:30:07.282+0530][gc,start    ] GC(23) Pause Young (Normal) (G1 Evacuation Pause)
[2025-01-08T11:30:07.282+0530][gc,task     ] GC(23) Using 9 workers of 9 for evacuation
[2025-01-08T11:30:07.299+0530][gc,phases   ] GC(23)   Pre Evacuate Collection Set: 0.7ms
[2025-01-08T11:30:07.300+0530][gc,phases   ] GC(23)   Merge Heap Roots: 0.2ms
[2025-01-08T11:30:07.300+0530][gc,phases   ] GC(23)   Evacuate Collection Set: 15.7ms
[2025-01-08T11:30:07.300+0530][gc,phases   ] GC(23)   Post Evacuate Collection Set: 0.5ms
[2025-01-08T11:30:07.300+0530][gc,phases   ] GC(23)   Other: 0.1ms
[2025-01-08T11:30:07.300+0530][gc,heap     ] GC(23) Eden regions: 147->0(92)
[2025-01-08T11:30:07.300+0530][gc,heap     ] GC(23) Survivor regions: 7->16(20)
[2025-01-08T11:30:07.300+0530][gc,heap     ] GC(23) Old regions: 82->82
[2025-01-08T11:30:07.300+0530][gc,heap     ] GC(23) Humongous regions: 131->131
[2025-01-08T11:30:07.300+0530][gc,metaspace] GC(23) Metaspace: 43124K(43776K)->43124K(43776K) NonClass: 38095K(38464K)->38095K(38464K) Class: 5028K(5312K)->5028K(5312K)
[2025-01-08T11:30:07.300+0530][gc          ] GC(23) Pause Young (Normal) (G1 Evacuation Pause) 366M->229M(1024M) 17.799ms
[2025-01-08T11:30:07.300+0530][gc,cpu      ] GC(23) User=0.05s Sys=0.02s Real=0.02s
[2025-01-08T11:34:55.040+0530][gc,start    ] GC(24) Pause Young (Normal) (G1 Evacuation Pause)
[2025-01-08T11:34:55.041+0530][gc,task     ] GC(24) Using 9 workers of 9 for evacuation
[2025-01-08T11:34:55.071+0530][gc,mmu      ] GC(24) MMU target violated: 21.0ms (20.0ms/21.0ms)
[2025-01-08T11:34:55.071+0530][gc,phases   ] GC(24)   Pre Evacuate Collection Set: 1.0ms
[2025-01-08T11:34:55.071+0530][gc,phases   ] GC(24)   Merge Heap Roots: 0.3ms
[2025-01-08T11:34:55.071+0530][gc,phases   ] GC(24)   Evacuate Collection Set: 27.7ms
[2025-01-08T11:34:55.071+0530][gc,phases   ] GC(24)   Post Evacuate Collection Set: 0.5ms
[2025-01-08T11:34:55.071+0530][gc,phases   ] GC(24)   Other: 0.3ms
[2025-01-08T11:34:55.071+0530][gc,heap     ] GC(24) Eden regions: 97->0(150)
[2025-01-08T11:34:55.071+0530][gc,heap     ] GC(24) Survivor regions: 16->10(15)
[2025-01-08T11:34:55.071+0530][gc,heap     ] GC(24) Old regions: 82->97
[2025-01-08T11:34:55.071+0530][gc,heap     ] GC(24) Humongous regions: 131->131
[2025-01-08T11:34:55.071+0530][gc,metaspace] GC(24) Metaspace: 43144K(43776K)->43144K(43776K) NonClass: 38115K(38464K)->38115K(38464K) Class: 5028K(5312K)->5028K(5312K)
[2025-01-08T11:34:55.071+0530][gc          ] GC(24) Pause Young (Normal) (G1 Evacuation Pause) 326M->237M(1024M) 31.526ms
[2025-01-08T11:34:55.071+0530][gc,cpu      ] GC(24) User=0.05s Sys=0.04s Real=0.03s
[2025-01-08T11:42:17.373+0530][gc,start    ] GC(25) Pause Young (Normal) (G1 Evacuation Pause)
[2025-01-08T11:42:17.375+0530][gc,task     ] GC(25) Using 9 workers of 9 for evacuation
[2025-01-08T11:42:17.408+0530][gc,mmu      ] GC(25) MMU target violated: 21.0ms (20.0ms/21.0ms)
[2025-01-08T11:42:17.409+0530][gc,phases   ] GC(25)   Pre Evacuate Collection Set: 0.8ms
[2025-01-08T11:42:17.409+0530][gc,phases   ] GC(25)   Merge Heap Roots: 0.2ms
[2025-01-08T11:42:17.409+0530][gc,phases   ] GC(25)   Evacuate Collection Set: 31.2ms
[2025-01-08T11:42:17.409+0530][gc,phases   ] GC(25)   Post Evacuate Collection Set: 0.7ms
[2025-01-08T11:42:17.409+0530][gc,phases   ] GC(25)   Other: 1.2ms
[2025-01-08T11:42:17.409+0530][gc,heap     ] GC(25) Eden regions: 152->0(39)
[2025-01-08T11:42:17.409+0530][gc,heap     ] GC(25) Survivor regions: 10->12(21)
[2025-01-08T11:42:17.409+0530][gc,heap     ] GC(25) Old regions: 97->97
[2025-01-08T11:42:17.409+0530][gc,heap     ] GC(25) Humongous regions: 131->131
[2025-01-08T11:42:17.409+0530][gc,metaspace] GC(25) Metaspace: 43197K(43840K)->43197K(43840K) NonClass: 38164K(38528K)->38164K(38528K) Class: 5033K(5312K)->5033K(5312K)
[2025-01-08T11:42:17.409+0530][gc          ] GC(25) Pause Young (Normal) (G1 Evacuation Pause) 389M->239M(1024M) 36.839ms
[2025-01-08T11:42:17.409+0530][gc,cpu      ] GC(25) User=0.03s Sys=0.05s Real=0.03s
[2025-01-08T11:44:12.152+0530][gc,start    ] GC(26) Pause Young (Normal) (G1 Evacuation Pause)
[2025-01-08T11:44:12.153+0530][gc,task     ] GC(26) Using 9 workers of 9 for evacuation
[2025-01-08T11:44:12.177+0530][gc,mmu      ] GC(26) MMU target violated: 21.0ms (20.0ms/21.0ms)
[2025-01-08T11:44:12.177+0530][gc,phases   ] GC(26)   Pre Evacuate Collection Set: 1.0ms
[2025-01-08T11:44:12.177+0530][gc,phases   ] GC(26)   Merge Heap Roots: 0.3ms
[2025-01-08T11:44:12.177+0530][gc,phases   ] GC(26)   Evacuate Collection Set: 21.2ms
[2025-01-08T11:44:12.177+0530][gc,phases   ] GC(26)   Post Evacuate Collection Set: 0.6ms
[2025-01-08T11:44:12.177+0530][gc,phases   ] GC(26)   Other: 0.3ms
[2025-01-08T11:44:12.177+0530][gc,heap     ] GC(26) Eden regions: 39->0(119)
[2025-01-08T11:44:12.177+0530][gc,heap     ] GC(26) Survivor regions: 12->4(7)
[2025-01-08T11:44:12.177+0530][gc,heap     ] GC(26) Old regions: 97->106
[2025-01-08T11:44:12.177+0530][gc,heap     ] GC(26) Humongous regions: 131->131
[2025-01-08T11:44:12.177+0530][gc,metaspace] GC(26) Metaspace: 43202K(43904K)->43202K(43904K) NonClass: 38169K(38592K)->38169K(38592K) Class: 5033K(5312K)->5033K(5312K)
[2025-01-08T11:44:12.177+0530][gc          ] GC(26) Pause Young (Normal) (G1 Evacuation Pause) 278M->240M(1024M) 24.788ms
[2025-01-08T11:44:12.177+0530][gc,cpu      ] GC(26) User=0.03s Sys=0.02s Real=0.02s
[2025-01-08T11:51:18.001+0530][gc,start    ] GC(27) Pause Young (Normal) (G1 Evacuation Pause)
[2025-01-08T11:51:18.005+0530][gc,task     ] GC(27) Using 9 workers of 9 for evacuation
[2025-01-08T11:51:18.046+0530][gc,mmu      ] GC(27) MMU target violated: 21.0ms (20.0ms/21.0ms)
[2025-01-08T11:51:18.046+0530][gc,phases   ] GC(27)   Pre Evacuate Collection Set: 8.3ms
[2025-01-08T11:51:18.046+0530][gc,phases   ] GC(27)   Merge Heap Roots: 0.4ms
[2025-01-08T11:51:18.046+0530][gc,phases   ] GC(27)   Evacuate Collection Set: 31.3ms
[2025-01-08T11:51:18.046+0530][gc,phases   ] GC(27)   Post Evacuate Collection Set: 0.9ms
[2025-01-08T11:51:18.046+0530][gc,phases   ] GC(27)   Other: 0.5ms
[2025-01-08T11:51:18.046+0530][gc,heap     ] GC(27) Eden regions: 145->0(38)
[2025-01-08T11:51:18.046+0530][gc,heap     ] GC(27) Survivor regions: 4->13(19)
[2025-01-08T11:51:18.046+0530][gc,heap     ] GC(27) Old regions: 106->106
[2025-01-08T11:51:18.046+0530][gc,heap     ] GC(27) Humongous regions: 131->131
[2025-01-08T11:51:18.046+0530][gc,metaspace] GC(27) Metaspace: 43213K(43904K)->43213K(43904K) NonClass: 38180K(38592K)->38180K(38592K) Class: 5033K(5312K)->5033K(5312K)
[2025-01-08T11:51:18.046+0530][gc          ] GC(27) Pause Young (Normal) (G1 Evacuation Pause) 385M->249M(1024M) 45.053ms
[2025-01-08T11:51:18.046+0530][gc,cpu      ] GC(27) User=0.08s Sys=0.08s Real=0.04s
[2025-01-08T11:53:07.357+0530][gc,start    ] GC(28) Pause Young (Normal) (G1 Evacuation Pause)
[2025-01-08T11:53:07.358+0530][gc,task     ] GC(28) Using 9 workers of 9 for evacuation
[2025-01-08T11:53:07.375+0530][gc,phases   ] GC(28)   Pre Evacuate Collection Set: 0.3ms
[2025-01-08T11:53:07.375+0530][gc,phases   ] GC(28)   Merge Heap Roots: 0.1ms
[2025-01-08T11:53:07.375+0530][gc,phases   ] GC(28)   Evacuate Collection Set: 16.7ms
[2025-01-08T11:53:07.375+0530][gc,phases   ] GC(28)   Post Evacuate Collection Set: 0.3ms
[2025-01-08T11:53:07.375+0530][gc,phases   ] GC(28)   Other: 0.1ms
[2025-01-08T11:53:07.375+0530][gc,heap     ] GC(28) Eden regions: 38->0(61)
[2025-01-08T11:53:07.375+0530][gc,heap     ] GC(28) Survivor regions: 13->4(7)
[2025-01-08T11:53:07.375+0530][gc,heap     ] GC(28) Old regions: 106->118
[2025-01-08T11:53:07.375+0530][gc,heap     ] GC(28) Humongous regions: 131->131
[2025-01-08T11:53:07.375+0530][gc,metaspace] GC(28) Metaspace: 43220K(43904K)->43220K(43904K) NonClass: 38187K(38592K)->38187K(38592K) Class: 5033K(5312K)->5033K(5312K)
[2025-01-08T11:53:07.375+0530][gc          ] GC(28) Pause Young (Normal) (G1 Evacuation Pause) 287M->252M(1024M) 17.881ms
[2025-01-08T11:53:07.375+0530][gc,cpu      ] GC(28) User=0.05s Sys=0.01s Real=0.02s
[2025-01-08T11:56:06.301+0530][gc,start    ] GC(29) Pause Young (Normal) (G1 Evacuation Pause)
[2025-01-08T11:56:06.304+0530][gc,task     ] GC(29) Using 9 workers of 9 for evacuation
[2025-01-08T11:56:06.320+0530][gc,phases   ] GC(29)   Pre Evacuate Collection Set: 0.6ms
[2025-01-08T11:56:06.320+0530][gc,phases   ] GC(29)   Merge Heap Roots: 0.2ms
[2025-01-08T11:56:06.320+0530][gc,phases   ] GC(29)   Evacuate Collection Set: 14.6ms
[2025-01-08T11:56:06.320+0530][gc,phases   ] GC(29)   Post Evacuate Collection Set: 0.4ms
[2025-01-08T11:56:06.320+0530][gc,phases   ] GC(29)   Other: 0.1ms
[2025-01-08T11:56:06.320+0530][gc,heap     ] GC(29) Eden regions: 61->0(43)
[2025-01-08T11:56:06.320+0530][gc,heap     ] GC(29) Survivor regions: 4->8(9)
[2025-01-08T11:56:06.320+0530][gc,heap     ] GC(29) Old regions: 118->118
[2025-01-08T11:56:06.320+0530][gc,heap     ] GC(29) Humongous regions: 131->131
[2025-01-08T11:56:06.320+0530][gc,metaspace] GC(29) Metaspace: 43220K(43904K)->43220K(43904K) NonClass: 38187K(38592K)->38187K(38592K) Class: 5033K(5312K)->5033K(5312K)
[2025-01-08T11:56:06.320+0530][gc          ] GC(29) Pause Young (Normal) (G1 Evacuation Pause) 313M->256M(1024M) 18.661ms
[2025-01-08T11:56:06.320+0530][gc,cpu      ] GC(29) User=0.03s Sys=0.01s Real=0.02s
[2025-01-08T11:58:11.126+0530][gc,start    ] GC(30) Pause Young (Normal) (G1 Evacuation Pause)
[2025-01-08T11:58:11.128+0530][gc,task     ] GC(30) Using 9 workers of 9 for evacuation
[2025-01-08T11:58:11.147+0530][gc,phases   ] GC(30)   Pre Evacuate Collection Set: 0.7ms
[2025-01-08T11:58:11.147+0530][gc,phases   ] GC(30)   Merge Heap Roots: 0.2ms
[2025-01-08T11:58:11.147+0530][gc,phases   ] GC(30)   Evacuate Collection Set: 17.6ms
[2025-01-08T11:58:11.148+0530][gc,phases   ] GC(30)   Post Evacuate Collection Set: 0.6ms
[2025-01-08T11:58:11.148+0530][gc,phases   ] GC(30)   Other: 0.2ms
[2025-01-08T11:58:11.148+0530][gc,heap     ] GC(30) Eden regions: 43->0(95)
[2025-01-08T11:58:11.148+0530][gc,heap     ] GC(30) Survivor regions: 8->4(7)
[2025-01-08T11:58:11.148+0530][gc,heap     ] GC(30) Old regions: 118->125
[2025-01-08T11:58:11.148+0530][gc,heap     ] GC(30) Humongous regions: 131->131
[2025-01-08T11:58:11.148+0530][gc,metaspace] GC(30) Metaspace: 43221K(43904K)->43221K(43904K) NonClass: 38187K(38592K)->38187K(38592K) Class: 5033K(5312K)->5033K(5312K)
[2025-01-08T11:58:11.148+0530][gc          ] GC(30) Pause Young (Normal) (G1 Evacuation Pause) 299M->259M(1024M) 21.843ms
[2025-01-08T11:58:11.148+0530][gc,cpu      ] GC(30) User=0.05s Sys=0.01s Real=0.02s
[2025-01-08T12:02:51.586+0530][gc,start    ] GC(31) Pause Young (Normal) (G1 Evacuation Pause)
[2025-01-08T12:02:51.586+0530][gc,task     ] GC(31) Using 9 workers of 9 for evacuation
[2025-01-08T12:02:51.606+0530][gc,phases   ] GC(31)   Pre Evacuate Collection Set: 0.8ms
[2025-01-08T12:02:51.606+0530][gc,phases   ] GC(31)   Merge Heap Roots: 0.7ms
[2025-01-08T12:02:51.606+0530][gc,phases   ] GC(31)   Evacuate Collection Set: 17.5ms
[2025-01-08T12:02:51.606+0530][gc,phases   ] GC(31)   Post Evacuate Collection Set: 0.5ms
[2025-01-08T12:02:51.606+0530][gc,phases   ] GC(31)   Other: 0.2ms
[2025-01-08T12:02:51.606+0530][gc,heap     ] GC(31) Eden regions: 94->0(39)
[2025-01-08T12:02:51.606+0530][gc,heap     ] GC(31) Survivor regions: 4->12(13)
[2025-01-08T12:02:51.606+0530][gc,heap     ] GC(31) Old regions: 125->125
[2025-01-08T12:02:51.606+0530][gc,heap     ] GC(31) Humongous regions: 131->131
[2025-01-08T12:02:51.606+0530][gc,metaspace] GC(31) Metaspace: 43223K(43904K)->43223K(43904K) NonClass: 38189K(38592K)->38189K(38592K) Class: 5033K(5312K)->5033K(5312K)
[2025-01-08T12:02:51.606+0530][gc          ] GC(31) Pause Young (Normal) (G1 Evacuation Pause) 353M->266M(1024M) 21.553ms
[2025-01-08T12:02:51.606+0530][gc,cpu      ] GC(31) User=0.04s Sys=0.01s Real=0.02s
[2025-01-08T12:04:44.825+0530][gc,start    ] GC(32) Pause Young (Normal) (G1 Evacuation Pause)
[2025-01-08T12:04:44.825+0530][gc,task     ] GC(32) Using 9 workers of 9 for evacuation
[2025-01-08T12:04:44.847+0530][gc,mmu      ] GC(32) MMU target violated: 21.0ms (20.0ms/21.0ms)
[2025-01-08T12:04:44.847+0530][gc,phases   ] GC(32)   Pre Evacuate Collection Set: 0.8ms
[2025-01-08T12:04:44.847+0530][gc,phases   ] GC(32)   Merge Heap Roots: 0.2ms
[2025-01-08T12:04:44.847+0530][gc,phases   ] GC(32)   Evacuate Collection Set: 20.3ms
[2025-01-08T12:04:44.847+0530][gc,phases   ] GC(32)   Post Evacuate Collection Set: 0.6ms
[2025-01-08T12:04:44.847+0530][gc,phases   ] GC(32)   Other: 0.3ms
[2025-01-08T12:04:44.847+0530][gc,heap     ] GC(32) Eden regions: 39->0(102)
[2025-01-08T12:04:44.847+0530][gc,heap     ] GC(32) Survivor regions: 12->4(7)
[2025-01-08T12:04:44.847+0530][gc,heap     ] GC(32) Old regions: 125->135
[2025-01-08T12:04:44.847+0530][gc,heap     ] GC(32) Humongous regions: 131->131
[2025-01-08T12:04:44.847+0530][gc,metaspace] GC(32) Metaspace: 43223K(43904K)->43223K(43904K) NonClass: 38189K(38592K)->38189K(38592K) Class: 5033K(5312K)->5033K(5312K)
[2025-01-08T12:04:44.847+0530][gc          ] GC(32) Pause Young (Normal) (G1 Evacuation Pause) 305M->269M(1024M) 22.802ms
[2025-01-08T12:04:44.847+0530][gc,cpu      ] GC(32) User=0.04s Sys=0.02s Real=0.02s
[2025-01-08T12:09:40.934+0530][gc,start    ] GC(33) Pause Young (Normal) (G1 Evacuation Pause)
[2025-01-08T12:09:40.938+0530][gc,task     ] GC(33) Using 9 workers of 9 for evacuation
[2025-01-08T12:09:40.971+0530][gc,mmu      ] GC(33) MMU target violated: 21.0ms (20.0ms/21.0ms)
[2025-01-08T12:09:40.971+0530][gc,phases   ] GC(33)   Pre Evacuate Collection Set: 1.1ms
[2025-01-08T12:09:40.971+0530][gc,phases   ] GC(33)   Merge Heap Roots: 0.2ms
[2025-01-08T12:09:40.971+0530][gc,phases   ] GC(33)   Evacuate Collection Set: 30.2ms
[2025-01-08T12:09:40.971+0530][gc,phases   ] GC(33)   Post Evacuate Collection Set: 0.5ms
[2025-01-08T12:09:40.971+0530][gc,phases   ] GC(33)   Other: 3.5ms
[2025-01-08T12:09:40.971+0530][gc,heap     ] GC(33) Eden regions: 101->0(38)
[2025-01-08T12:09:40.971+0530][gc,heap     ] GC(33) Survivor regions: 4->13(14)
[2025-01-08T12:09:40.971+0530][gc,heap     ] GC(33) Old regions: 135->135
[2025-01-08T12:09:40.971+0530][gc,heap     ] GC(33) Humongous regions: 131->131
[2025-01-08T12:09:40.971+0530][gc,metaspace] GC(33) Metaspace: 43233K(43904K)->43233K(43904K) NonClass: 38199K(38592K)->38199K(38592K) Class: 5033K(5312K)->5033K(5312K)
[2025-01-08T12:09:40.971+0530][gc          ] GC(33) Pause Young (Normal) (G1 Evacuation Pause) 370M->278M(1024M) 38.870ms
[2025-01-08T12:09:40.971+0530][gc,cpu      ] GC(33) User=0.04s Sys=0.05s Real=0.04s
[2025-01-08T12:11:32.387+0530][gc,start    ] GC(34) Pause Young (Normal) (G1 Evacuation Pause)
[2025-01-08T12:11:32.388+0530][gc,task     ] GC(34) Using 9 workers of 9 for evacuation
[2025-01-08T12:11:32.411+0530][gc,mmu      ] GC(34) MMU target violated: 21.0ms (20.0ms/21.0ms)
[2025-01-08T12:11:32.411+0530][gc,phases   ] GC(34)   Pre Evacuate Collection Set: 0.8ms
[2025-01-08T12:11:32.411+0530][gc,phases   ] GC(34)   Merge Heap Roots: 4.6ms
[2025-01-08T12:11:32.411+0530][gc,phases   ] GC(34)   Evacuate Collection Set: 17.6ms
[2025-01-08T12:11:32.411+0530][gc,phases   ] GC(34)   Post Evacuate Collection Set: 0.4ms
[2025-01-08T12:11:32.411+0530][gc,phases   ] GC(34)   Other: 0.2ms
[2025-01-08T12:11:32.411+0530][gc,heap     ] GC(34) Eden regions: 38->0(80)
[2025-01-08T12:11:32.411+0530][gc,heap     ] GC(34) Survivor regions: 13->5(7)
[2025-01-08T12:11:32.411+0530][gc,heap     ] GC(34) Old regions: 135->146
[2025-01-08T12:11:32.411+0530][gc,heap     ] GC(34) Humongous regions: 131->131
[2025-01-08T12:11:32.411+0530][gc,metaspace] GC(34) Metaspace: 43244K(43904K)->43244K(43904K) NonClass: 38210K(38592K)->38210K(38592K) Class: 5033K(5312K)->5033K(5312K)
[2025-01-08T12:11:32.411+0530][gc          ] GC(34) Pause Young (Normal) (G1 Evacuation Pause) 316M->281M(1024M) 24.144ms
[2025-01-08T12:11:32.411+0530][gc,cpu      ] GC(34) User=0.03s Sys=0.03s Real=0.03s
[2025-01-08T12:15:27.374+0530][gc,start    ] GC(35) Pause Young (Normal) (G1 Evacuation Pause)
[2025-01-08T12:15:27.377+0530][gc,task     ] GC(35) Using 9 workers of 9 for evacuation
[2025-01-08T12:15:27.403+0530][gc,mmu      ] GC(35) MMU target violated: 21.0ms (20.0ms/21.0ms)
[2025-01-08T12:15:27.404+0530][gc,phases   ] GC(35)   Pre Evacuate Collection Set: 1.6ms
[2025-01-08T12:15:27.404+0530][gc,phases   ] GC(35)   Merge Heap Roots: 0.6ms
[2025-01-08T12:15:27.404+0530][gc,phases   ] GC(35)   Evacuate Collection Set: 22.3ms
[2025-01-08T12:15:27.404+0530][gc,phases   ] GC(35)   Post Evacuate Collection Set: 1.3ms
[2025-01-08T12:15:27.404+0530][gc,phases   ] GC(35)   Other: 0.5ms
[2025-01-08T12:15:27.404+0530][gc,heap     ] GC(35) Eden regions: 80->0(41)
[2025-01-08T12:15:27.404+0530][gc,heap     ] GC(35) Survivor regions: 5->10(11)
[2025-01-08T12:15:27.404+0530][gc,heap     ] GC(35) Old regions: 146->146
[2025-01-08T12:15:27.404+0530][gc,heap     ] GC(35) Humongous regions: 131->131
[2025-01-08T12:15:27.404+0530][gc,metaspace] GC(35) Metaspace: 43249K(43904K)->43249K(43904K) NonClass: 38215K(38592K)->38215K(38592K) Class: 5033K(5312K)->5033K(5312K)
[2025-01-08T12:15:27.404+0530][gc          ] GC(35) Pause Young (Normal) (G1 Evacuation Pause) 361M->286M(1024M) 29.339ms
[2025-01-08T12:15:27.404+0530][gc,cpu      ] GC(35) User=0.06s Sys=0.03s Real=0.03s
[2025-01-08T12:17:27.853+0530][gc,start    ] GC(36) Pause Young (Normal) (G1 Evacuation Pause)
[2025-01-08T12:17:27.855+0530][gc,task     ] GC(36) Using 9 workers of 9 for evacuation
[2025-01-08T12:17:27.888+0530][gc,mmu      ] GC(36) MMU target violated: 21.0ms (20.0ms/21.0ms)
[2025-01-08T12:17:27.888+0530][gc,phases   ] GC(36)   Pre Evacuate Collection Set: 1.3ms
[2025-01-08T12:17:27.888+0530][gc,phases   ] GC(36)   Merge Heap Roots: 0.2ms
[2025-01-08T12:17:27.888+0530][gc,phases   ] GC(36)   Evacuate Collection Set: 29.9ms
[2025-01-08T12:17:27.888+0530][gc,phases   ] GC(36)   Post Evacuate Collection Set: 1.7ms
[2025-01-08T12:17:27.888+0530][gc,phases   ] GC(36)   Other: 0.5ms
[2025-01-08T12:17:27.889+0530][gc,heap     ] GC(36) Eden regions: 41->0(58)
[2025-01-08T12:17:27.889+0530][gc,heap     ] GC(36) Survivor regions: 10->5(7)
[2025-01-08T12:17:27.889+0530][gc,heap     ] GC(36) Old regions: 146->154
[2025-01-08T12:17:27.889+0530][gc,heap     ] GC(36) Humongous regions: 131->131
[2025-01-08T12:17:27.889+0530][gc,metaspace] GC(36) Metaspace: 43249K(43904K)->43249K(43904K) NonClass: 38215K(38592K)->38215K(38592K) Class: 5033K(5312K)->5033K(5312K)
[2025-01-08T12:17:27.889+0530][gc          ] GC(36) Pause Young (Normal) (G1 Evacuation Pause) 327M->289M(1024M) 35.825ms
[2025-01-08T12:17:27.889+0530][gc,cpu      ] GC(36) User=0.06s Sys=0.04s Real=0.03s
[2025-01-08T12:20:24.219+0530][gc,start    ] GC(37) Pause Young (Normal) (G1 Evacuation Pause)
[2025-01-08T12:20:24.220+0530][gc,task     ] GC(37) Using 9 workers of 9 for evacuation
[2025-01-08T12:20:24.233+0530][gc,phases   ] GC(37)   Pre Evacuate Collection Set: 0.8ms
[2025-01-08T12:20:24.234+0530][gc,phases   ] GC(37)   Merge Heap Roots: 0.3ms
[2025-01-08T12:20:24.234+0530][gc,phases   ] GC(37)   Evacuate Collection Set: 11.7ms
[2025-01-08T12:20:24.234+0530][gc,phases   ] GC(37)   Post Evacuate Collection Set: 0.5ms
[2025-01-08T12:20:24.234+0530][gc,phases   ] GC(37)   Other: 0.2ms
[2025-01-08T12:20:24.234+0530][gc,heap     ] GC(37) Eden regions: 60->0(47)
[2025-01-08T12:20:24.234+0530][gc,heap     ] GC(37) Survivor regions: 5->8(9)
[2025-01-08T12:20:24.234+0530][gc,heap     ] GC(37) Old regions: 154->154
[2025-01-08T12:20:24.234+0530][gc,heap     ] GC(37) Humongous regions: 131->131
[2025-01-08T12:20:24.234+0530][gc,metaspace] GC(37) Metaspace: 43255K(43904K)->43255K(43904K) NonClass: 38221K(38592K)->38221K(38592K) Class: 5033K(5312K)->5033K(5312K)
[2025-01-08T12:20:24.234+0530][gc          ] GC(37) Pause Young (Normal) (G1 Evacuation Pause) 349M->292M(1024M) 14.382ms
[2025-01-08T12:20:24.234+0530][gc,cpu      ] GC(37) User=0.03s Sys=0.02s Real=0.02s
[2025-01-08T12:22:45.055+0530][gc,start    ] GC(38) Pause Young (Normal) (G1 Evacuation Pause)
[2025-01-08T12:22:45.057+0530][gc,task     ] GC(38) Using 9 workers of 9 for evacuation
[2025-01-08T12:22:45.076+0530][gc,phases   ] GC(38)   Pre Evacuate Collection Set: 0.6ms
[2025-01-08T12:22:45.076+0530][gc,phases   ] GC(38)   Merge Heap Roots: 0.2ms
[2025-01-08T12:22:45.076+0530][gc,phases   ] GC(38)   Evacuate Collection Set: 17.8ms
[2025-01-08T12:22:45.076+0530][gc,phases   ] GC(38)   Post Evacuate Collection Set: 0.4ms
[2025-01-08T12:22:45.076+0530][gc,phases   ] GC(38)   Other: 0.2ms
[2025-01-08T12:22:45.076+0530][gc,heap     ] GC(38) Eden regions: 48->0(77)
[2025-01-08T12:22:45.076+0530][gc,heap     ] GC(38) Survivor regions: 8->5(7)
[2025-01-08T12:22:45.076+0530][gc,heap     ] GC(38) Old regions: 154->162
[2025-01-08T12:22:45.076+0530][gc,heap     ] GC(38) Humongous regions: 131->131
[2025-01-08T12:22:45.076+0530][gc,metaspace] GC(38) Metaspace: 43282K(43968K)->43282K(43968K) NonClass: 38248K(38656K)->38248K(38656K) Class: 5033K(5312K)->5033K(5312K)
[2025-01-08T12:22:45.076+0530][gc          ] GC(38) Pause Young (Normal) (G1 Evacuation Pause) 340M->297M(1024M) 20.800ms
[2025-01-08T12:22:45.076+0530][gc,cpu      ] GC(38) User=0.03s Sys=0.02s Real=0.02s
[2025-01-08T12:26:31.987+0530][gc,start    ] GC(39) Pause Young (Normal) (G1 Evacuation Pause)
[2025-01-08T12:26:31.990+0530][gc,task     ] GC(39) Using 9 workers of 9 for evacuation
[2025-01-08T12:26:32.016+0530][gc,mmu      ] GC(39) MMU target violated: 21.0ms (20.0ms/21.0ms)
[2025-01-08T12:26:32.016+0530][gc,phases   ] GC(39)   Pre Evacuate Collection Set: 1.3ms
[2025-01-08T12:26:32.016+0530][gc,phases   ] GC(39)   Merge Heap Roots: 0.3ms
[2025-01-08T12:26:32.016+0530][gc,phases   ] GC(39)   Evacuate Collection Set: 22.5ms
[2025-01-08T12:26:32.016+0530][gc,phases   ] GC(39)   Post Evacuate Collection Set: 0.8ms
[2025-01-08T12:26:32.016+0530][gc,phases   ] GC(39)   Other: 1.3ms
[2025-01-08T12:26:32.016+0530][gc,heap     ] GC(39) Eden regions: 77->0(40)
[2025-01-08T12:26:32.016+0530][gc,heap     ] GC(39) Survivor regions: 5->11(11)
[2025-01-08T12:26:32.016+0530][gc,heap     ] GC(39) Old regions: 162->162
[2025-01-08T12:26:32.016+0530][gc,heap     ] GC(39) Humongous regions: 131->131
[2025-01-08T12:26:32.016+0530][gc,metaspace] GC(39) Metaspace: 43285K(43968K)->43285K(43968K) NonClass: 38252K(38656K)->38252K(38656K) Class: 5033K(5312K)->5033K(5312K)
[2025-01-08T12:26:32.016+0530][gc          ] GC(39) Pause Young (Normal) (G1 Evacuation Pause) 374M->303M(1024M) 29.673ms
[2025-01-08T12:26:32.016+0530][gc,cpu      ] GC(39) User=0.04s Sys=0.04s Real=0.03s
[2025-01-08T12:28:29.500+0530][gc,start    ] GC(40) Pause Young (Normal) (G1 Evacuation Pause)
[2025-01-08T12:28:29.502+0530][gc,task     ] GC(40) Using 9 workers of 9 for evacuation
[2025-01-08T12:28:29.532+0530][gc,mmu      ] GC(40) MMU target violated: 21.0ms (20.0ms/21.0ms)
[2025-01-08T12:28:29.532+0530][gc,phases   ] GC(40)   Pre Evacuate Collection Set: 1.5ms
[2025-01-08T12:28:29.532+0530][gc,phases   ] GC(40)   Merge Heap Roots: 5.6ms
[2025-01-08T12:28:29.532+0530][gc,phases   ] GC(40)   Evacuate Collection Set: 22.1ms
[2025-01-08T12:28:29.532+0530][gc,phases   ] GC(40)   Post Evacuate Collection Set: 0.9ms
[2025-01-08T12:28:29.532+0530][gc,phases   ] GC(40)   Other: 0.5ms
[2025-01-08T12:28:29.532+0530][gc,heap     ] GC(40) Eden regions: 40->0(61)
[2025-01-08T12:28:29.532+0530][gc,heap     ] GC(40) Survivor regions: 11->6(7)
[2025-01-08T12:28:29.532+0530][gc,heap     ] GC(40) Old regions: 162->171
[2025-01-08T12:28:29.532+0530][gc,heap     ] GC(40) Humongous regions: 131->131
[2025-01-08T12:28:29.532+0530][gc,metaspace] GC(40) Metaspace: 43288K(43968K)->43288K(43968K) NonClass: 38255K(38656K)->38255K(38656K) Class: 5033K(5312K)->5033K(5312K)
[2025-01-08T12:28:29.532+0530][gc          ] GC(40) Pause Young (Normal) (G1 Evacuation Pause) 343M->307M(1024M) 31.800ms
[2025-01-08T12:28:29.532+0530][gc,cpu      ] GC(40) User=0.05s Sys=0.05s Real=0.03s
[2025-01-08T12:31:30.452+0530][gc,start    ] GC(41) Pause Young (Normal) (G1 Evacuation Pause)
[2025-01-08T12:31:30.455+0530][gc,task     ] GC(41) Using 9 workers of 9 for evacuation
[2025-01-08T12:31:30.483+0530][gc,mmu      ] GC(41) MMU target violated: 21.0ms (20.0ms/21.0ms)
[2025-01-08T12:31:30.483+0530][gc,phases   ] GC(41)   Pre Evacuate Collection Set: 1.4ms
[2025-01-08T12:31:30.483+0530][gc,phases   ] GC(41)   Merge Heap Roots: 0.4ms
[2025-01-08T12:31:30.483+0530][gc,phases   ] GC(41)   Evacuate Collection Set: 25.0ms
[2025-01-08T12:31:30.483+0530][gc,phases   ] GC(41)   Post Evacuate Collection Set: 0.7ms
[2025-01-08T12:31:30.483+0530][gc,phases   ] GC(41)   Other: 0.4ms
[2025-01-08T12:31:30.483+0530][gc,heap     ] GC(41) Eden regions: 62->0(42)
[2025-01-08T12:31:30.483+0530][gc,heap     ] GC(41) Survivor regions: 6->9(9)
[2025-01-08T12:31:30.483+0530][gc,heap     ] GC(41) Old regions: 171->172
[2025-01-08T12:31:30.483+0530][gc,heap     ] GC(41) Humongous regions: 131->131
[2025-01-08T12:31:30.483+0530][gc,metaspace] GC(41) Metaspace: 43289K(43968K)->43289K(43968K) NonClass: 38255K(38656K)->38255K(38656K) Class: 5033K(5312K)->5033K(5312K)
[2025-01-08T12:31:30.483+0530][gc          ] GC(41) Pause Young (Normal) (G1 Evacuation Pause) 369M->311M(1024M) 30.292ms
[2025-01-08T12:31:30.483+0530][gc,cpu      ] GC(41) User=0.05s Sys=0.03s Real=0.03s
[2025-01-08T12:33:33.237+0530][gc,start    ] GC(42) Pause Young (Normal) (G1 Evacuation Pause)
[2025-01-08T12:33:33.239+0530][gc,task     ] GC(42) Using 9 workers of 9 for evacuation
[2025-01-08T12:33:33.256+0530][gc,phases   ] GC(42)   Pre Evacuate Collection Set: 0.6ms
[2025-01-08T12:33:33.256+0530][gc,phases   ] GC(42)   Merge Heap Roots: 0.1ms
[2025-01-08T12:33:33.256+0530][gc,phases   ] GC(42)   Evacuate Collection Set: 15.5ms
[2025-01-08T12:33:33.256+0530][gc,phases   ] GC(42)   Post Evacuate Collection Set: 0.6ms
[2025-01-08T12:33:33.256+0530][gc,phases   ] GC(42)   Other: 0.3ms
[2025-01-08T12:33:33.256+0530][gc,heap     ] GC(42) Eden regions: 42->0(94)
[2025-01-08T12:33:33.256+0530][gc,heap     ] GC(42) Survivor regions: 9->5(7)
[2025-01-08T12:33:33.256+0530][gc,heap     ] GC(42) Old regions: 172->179
[2025-01-08T12:33:33.256+0530][gc,heap     ] GC(42) Humongous regions: 131->131
[2025-01-08T12:33:33.256+0530][gc,metaspace] GC(42) Metaspace: 43291K(43968K)->43291K(43968K) NonClass: 38257K(38656K)->38257K(38656K) Class: 5033K(5312K)->5033K(5312K)
[2025-01-08T12:33:33.256+0530][gc          ] GC(42) Pause Young (Normal) (G1 Evacuation Pause) 353M->314M(1024M) 18.655ms
[2025-01-08T12:33:33.256+0530][gc,cpu      ] GC(42) User=0.04s Sys=0.02s Real=0.02s
[2025-01-08T12:37:47.599+0530][gc,start    ] GC(43) Pause Young (Normal) (G1 Evacuation Pause)
[2025-01-08T12:37:47.601+0530][gc,task     ] GC(43) Using 9 workers of 9 for evacuation
[2025-01-08T12:37:47.636+0530][gc,mmu      ] GC(43) MMU target violated: 21.0ms (20.0ms/21.0ms)
[2025-01-08T12:37:47.636+0530][gc,phases   ] GC(43)   Pre Evacuate Collection Set: 1.5ms
[2025-01-08T12:37:47.636+0530][gc,phases   ] GC(43)   Merge Heap Roots: 0.3ms
[2025-01-08T12:37:47.636+0530][gc,phases   ] GC(43)   Evacuate Collection Set: 31.7ms
[2025-01-08T12:37:47.636+0530][gc,phases   ] GC(43)   Post Evacuate Collection Set: 0.6ms
[2025-01-08T12:37:47.636+0530][gc,phases   ] GC(43)   Other: 0.9ms
[2025-01-08T12:37:47.636+0530][gc,heap     ] GC(43) Eden regions: 90->0(41)
[2025-01-08T12:37:47.636+0530][gc,heap     ] GC(43) Survivor regions: 5->10(12)
[2025-01-08T12:37:47.636+0530][gc,heap     ] GC(43) Old regions: 179->179
[2025-01-08T12:37:47.636+0530][gc,heap     ] GC(43) Humongous regions: 131->131
[2025-01-08T12:37:47.636+0530][gc,metaspace] GC(43) Metaspace: 43294K(43968K)->43294K(43968K) NonClass: 38260K(38656K)->38260K(38656K) Class: 5033K(5312K)->5033K(5312K)
[2025-01-08T12:37:47.636+0530][gc          ] GC(43) Pause Young (Normal) (G1 Evacuation Pause) 404M->319M(1024M) 36.965ms
[2025-01-08T12:37:47.636+0530][gc,cpu      ] GC(43) User=0.04s Sys=0.07s Real=0.04s
[2025-01-08T12:39:46.941+0530][gc,start    ] GC(44) Pause Young (Normal) (G1 Evacuation Pause)
[2025-01-08T12:39:46.943+0530][gc,task     ] GC(44) Using 9 workers of 9 for evacuation
[2025-01-08T12:39:46.960+0530][gc,phases   ] GC(44)   Pre Evacuate Collection Set: 0.6ms
[2025-01-08T12:39:46.960+0530][gc,phases   ] GC(44)   Merge Heap Roots: 0.2ms
[2025-01-08T12:39:46.960+0530][gc,phases   ] GC(44)   Evacuate Collection Set: 15.7ms
[2025-01-08T12:39:46.960+0530][gc,phases   ] GC(44)   Post Evacuate Collection Set: 0.5ms
[2025-01-08T12:39:46.960+0530][gc,phases   ] GC(44)   Other: 0.2ms
[2025-01-08T12:39:46.960+0530][gc,heap     ] GC(44) Eden regions: 41->0(105)
[2025-01-08T12:39:46.960+0530][gc,heap     ] GC(44) Survivor regions: 10->3(7)
[2025-01-08T12:39:46.960+0530][gc,heap     ] GC(44) Old regions: 179->186
[2025-01-08T12:39:46.960+0530][gc,heap     ] GC(44) Humongous regions: 131->131
[2025-01-08T12:39:46.960+0530][gc,metaspace] GC(44) Metaspace: 43296K(43968K)->43296K(43968K) NonClass: 38263K(38656K)->38263K(38656K) Class: 5033K(5312K)->5033K(5312K)
[2025-01-08T12:39:46.960+0530][gc          ] GC(44) Pause Young (Normal) (G1 Evacuation Pause) 360M->319M(1024M) 18.674ms
[2025-01-08T12:39:46.960+0530][gc,cpu      ] GC(44) User=0.03s Sys=0.02s Real=0.02s
[2025-01-08T12:46:00.028+0530][gc,start    ] GC(45) Pause Young (Normal) (G1 Evacuation Pause)
[2025-01-08T12:46:00.029+0530][gc,task     ] GC(45) Using 9 workers of 9 for evacuation
[2025-01-08T12:46:00.049+0530][gc,mmu      ] GC(45) MMU target violated: 20.4ms (20.0ms/21.0ms)
[2025-01-08T12:46:00.049+0530][gc,phases   ] GC(45)   Pre Evacuate Collection Set: 1.1ms
[2025-01-08T12:46:00.049+0530][gc,phases   ] GC(45)   Merge Heap Roots: 0.6ms
[2025-01-08T12:46:00.049+0530][gc,phases   ] GC(45)   Evacuate Collection Set: 17.6ms
[2025-01-08T12:46:00.049+0530][gc,phases   ] GC(45)   Post Evacuate Collection Set: 1.0ms
[2025-01-08T12:46:00.049+0530][gc,phases   ] GC(45)   Other: 0.4ms
[2025-01-08T12:46:00.049+0530][gc,heap     ] GC(45) Eden regions: 127->0(39)
[2025-01-08T12:46:00.049+0530][gc,heap     ] GC(45) Survivor regions: 3->12(17)
[2025-01-08T12:46:00.049+0530][gc,heap     ] GC(45) Old regions: 186->186
[2025-01-08T12:46:00.049+0530][gc,heap     ] GC(45) Humongous regions: 131->131
[2025-01-08T12:46:00.049+0530][gc,metaspace] GC(45) Metaspace: 43313K(43968K)->43313K(43968K) NonClass: 38279K(38656K)->38279K(38656K) Class: 5033K(5312K)->5033K(5312K)
[2025-01-08T12:46:00.050+0530][gc          ] GC(45) Pause Young (Normal) (G1 Evacuation Pause) 446M->327M(1024M) 21.863ms
[2025-01-08T12:46:00.050+0530][gc,cpu      ] GC(45) User=0.06s Sys=0.03s Real=0.03s
[2025-01-08T12:47:54.701+0530][gc,start    ] GC(46) Pause Young (Normal) (G1 Evacuation Pause)
[2025-01-08T12:47:54.702+0530][gc,task     ] GC(46) Using 9 workers of 9 for evacuation
[2025-01-08T12:47:54.718+0530][gc,phases   ] GC(46)   Pre Evacuate Collection Set: 0.8ms
[2025-01-08T12:47:54.718+0530][gc,phases   ] GC(46)   Merge Heap Roots: 0.2ms
[2025-01-08T12:47:54.718+0530][gc,phases   ] GC(46)   Evacuate Collection Set: 13.1ms
[2025-01-08T12:47:54.718+0530][gc,phases   ] GC(46)   Post Evacuate Collection Set: 0.7ms
[2025-01-08T12:47:54.718+0530][gc,phases   ] GC(46)   Other: 1.1ms
[2025-01-08T12:47:54.718+0530][gc,heap     ] GC(46) Eden regions: 39->0(103)
[2025-01-08T12:47:54.718+0530][gc,heap     ] GC(46) Survivor regions: 12->4(7)
[2025-01-08T12:47:54.718+0530][gc,heap     ] GC(46) Old regions: 186->196
[2025-01-08T12:47:54.718+0530][gc,heap     ] GC(46) Humongous regions: 131->131
[2025-01-08T12:47:54.718+0530][gc,metaspace] GC(46) Metaspace: 43315K(43968K)->43315K(43968K) NonClass: 38281K(38656K)->38281K(38656K) Class: 5033K(5312K)->5033K(5312K)
[2025-01-08T12:47:54.718+0530][gc          ] GC(46) Pause Young (Normal) (G1 Evacuation Pause) 366M->330M(1024M) 16.861ms
[2025-01-08T12:47:54.718+0530][gc,cpu      ] GC(46) User=0.05s Sys=0.04s Real=0.01s
[2025-01-08T12:52:55.102+0530][gc,start    ] GC(47) Pause Young (Normal) (G1 Evacuation Pause)
[2025-01-08T12:52:55.104+0530][gc,task     ] GC(47) Using 9 workers of 9 for evacuation
[2025-01-08T12:52:55.128+0530][gc,mmu      ] GC(47) MMU target violated: 21.0ms (20.0ms/21.0ms)
[2025-01-08T12:52:55.128+0530][gc,phases   ] GC(47)   Pre Evacuate Collection Set: 3.8ms
[2025-01-08T12:52:55.128+0530][gc,phases   ] GC(47)   Merge Heap Roots: 0.9ms
[2025-01-08T12:52:55.128+0530][gc,phases   ] GC(47)   Evacuate Collection Set: 18.4ms
[2025-01-08T12:52:55.128+0530][gc,phases   ] GC(47)   Post Evacuate Collection Set: 0.7ms
[2025-01-08T12:52:55.128+0530][gc,phases   ] GC(47)   Other: 0.4ms
[2025-01-08T12:52:55.128+0530][gc,heap     ] GC(47) Eden regions: 102->0(38)
[2025-01-08T12:52:55.128+0530][gc,heap     ] GC(47) Survivor regions: 4->13(14)
[2025-01-08T12:52:55.128+0530][gc,heap     ] GC(47) Old regions: 196->196
[2025-01-08T12:52:55.128+0530][gc,heap     ] GC(47) Humongous regions: 131->131
[2025-01-08T12:52:55.128+0530][gc,metaspace] GC(47) Metaspace: 43316K(43968K)->43316K(43968K) NonClass: 38282K(38656K)->38282K(38656K) Class: 5033K(5312K)->5033K(5312K)
[2025-01-08T12:52:55.128+0530][gc          ] GC(47) Pause Young (Normal) (G1 Evacuation Pause) 432M->338M(1024M) 25.768ms
[2025-01-08T12:52:55.128+0530][gc,cpu      ] GC(47) User=0.05s Sys=0.03s Real=0.02s
[2025-01-08T12:54:46.056+0530][gc,start    ] GC(48) Pause Young (Normal) (G1 Evacuation Pause)
[2025-01-08T12:54:46.057+0530][gc,task     ] GC(48) Using 9 workers of 9 for evacuation
[2025-01-08T12:54:46.075+0530][gc,phases   ] GC(48)   Pre Evacuate Collection Set: 0.6ms
[2025-01-08T12:54:46.075+0530][gc,phases   ] GC(48)   Merge Heap Roots: 0.3ms
[2025-01-08T12:54:46.075+0530][gc,phases   ] GC(48)   Evacuate Collection Set: 16.2ms
[2025-01-08T12:54:46.075+0530][gc,phases   ] GC(48)   Post Evacuate Collection Set: 0.4ms
[2025-01-08T12:54:46.075+0530][gc,phases   ] GC(48)   Other: 0.2ms
[2025-01-08T12:54:46.075+0530][gc,heap     ] GC(48) Eden regions: 38->0(96)
[2025-01-08T12:54:46.075+0530][gc,heap     ] GC(48) Survivor regions: 13->5(7)
[2025-01-08T12:54:46.075+0530][gc,heap     ] GC(48) Old regions: 196->206
[2025-01-08T12:54:46.075+0530][gc,heap     ] GC(48) Humongous regions: 131->131
[2025-01-08T12:54:46.075+0530][gc,metaspace] GC(48) Metaspace: 43316K(43968K)->43316K(43968K) NonClass: 38283K(38656K)->38283K(38656K) Class: 5033K(5312K)->5033K(5312K)
[2025-01-08T12:54:46.075+0530][gc          ] GC(48) Pause Young (Normal) (G1 Evacuation Pause) 376M->341M(1024M) 19.299ms
[2025-01-08T12:54:46.075+0530][gc,cpu      ] GC(48) User=0.04s Sys=0.02s Real=0.02s
[2025-01-08T12:59:20.655+0530][gc,start    ] GC(49) Pause Young (Normal) (G1 Evacuation Pause)
[2025-01-08T12:59:20.656+0530][gc,task     ] GC(49) Using 9 workers of 9 for evacuation
[2025-01-08T12:59:20.676+0530][gc,mmu      ] GC(49) MMU target violated: 20.3ms (20.0ms/21.0ms)
[2025-01-08T12:59:20.677+0530][gc,phases   ] GC(49)   Pre Evacuate Collection Set: 1.4ms
[2025-01-08T12:59:20.677+0530][gc,phases   ] GC(49)   Merge Heap Roots: 0.6ms
[2025-01-08T12:59:20.677+0530][gc,phases   ] GC(49)   Evacuate Collection Set: 16.1ms
[2025-01-08T12:59:20.677+0530][gc,phases   ] GC(49)   Post Evacuate Collection Set: 0.8ms
[2025-01-08T12:59:20.677+0530][gc,phases   ] GC(49)   Other: 1.8ms
[2025-01-08T12:59:20.677+0530][gc,heap     ] GC(49) Eden regions: 94->0(70)
[2025-01-08T12:59:20.677+0530][gc,heap     ] GC(49) Survivor regions: 5->10(13)
[2025-01-08T12:59:20.677+0530][gc,heap     ] GC(49) Old regions: 206->206
[2025-01-08T12:59:20.677+0530][gc,heap     ] GC(49) Humongous regions: 131->131
[2025-01-08T12:59:20.677+0530][gc,metaspace] GC(49) Metaspace: 43318K(43968K)->43318K(43968K) NonClass: 38284K(38656K)->38284K(38656K) Class: 5033K(5312K)->5033K(5312K)
[2025-01-08T12:59:20.677+0530][gc          ] GC(49) Pause Young (Normal) (G1 Evacuation Pause) 435M->346M(1024M) 21.494ms
[2025-01-08T12:59:20.677+0530][gc,cpu      ] GC(49) User=0.03s Sys=0.02s Real=0.02s
[2025-01-08T13:02:48.164+0530][gc,start    ] GC(50) Pause Young (Normal) (G1 Evacuation Pause)
[2025-01-08T13:02:48.164+0530][gc,task     ] GC(50) Using 9 workers of 9 for evacuation
[2025-01-08T13:02:48.187+0530][gc,mmu      ] GC(50) MMU target violated: 21.0ms (20.0ms/21.0ms)
[2025-01-08T13:02:48.187+0530][gc,phases   ] GC(50)   Pre Evacuate Collection Set: 1.3ms
[2025-01-08T13:02:48.187+0530][gc,phases   ] GC(50)   Merge Heap Roots: 0.4ms
[2025-01-08T13:02:48.187+0530][gc,phases   ] GC(50)   Evacuate Collection Set: 20.3ms
[2025-01-08T13:02:48.187+0530][gc,phases   ] GC(50)   Post Evacuate Collection Set: 0.6ms
[2025-01-08T13:02:48.187+0530][gc,phases   ] GC(50)   Other: 0.3ms
[2025-01-08T13:02:48.187+0530][gc,heap     ] GC(50) Eden regions: 70->0(112)
[2025-01-08T13:02:48.188+0530][gc,heap     ] GC(50) Survivor regions: 10->7(10)
[2025-01-08T13:02:48.188+0530][gc,heap     ] GC(50) Old regions: 206->216
[2025-01-08T13:02:48.188+0530][gc,heap     ] GC(50) Humongous regions: 131->131
[2025-01-08T13:02:48.188+0530][gc,metaspace] GC(50) Metaspace: 43323K(43968K)->43323K(43968K) NonClass: 38289K(38656K)->38289K(38656K) Class: 5033K(5312K)->5033K(5312K)
[2025-01-08T13:02:48.188+0530][gc          ] GC(50) Pause Young (Normal) (G1 Evacuation Pause) 416M->352M(1024M) 24.067ms
[2025-01-08T13:02:48.188+0530][gc,cpu      ] GC(50) User=0.05s Sys=0.04s Real=0.02s
[2025-01-08T13:08:10.380+0530][gc,start    ] GC(51) Pause Young (Normal) (G1 Evacuation Pause)
[2025-01-08T13:08:10.380+0530][gc,task     ] GC(51) Using 9 workers of 9 for evacuation
[2025-01-08T13:08:10.403+0530][gc,mmu      ] GC(51) MMU target violated: 21.0ms (20.0ms/21.0ms)
[2025-01-08T13:08:10.403+0530][gc,phases   ] GC(51)   Pre Evacuate Collection Set: 0.8ms
[2025-01-08T13:08:10.403+0530][gc,phases   ] GC(51)   Merge Heap Roots: 0.2ms
[2025-01-08T13:08:10.403+0530][gc,phases   ] GC(51)   Evacuate Collection Set: 20.9ms
[2025-01-08T13:08:10.403+0530][gc,phases   ] GC(51)   Post Evacuate Collection Set: 0.4ms
[2025-01-08T13:08:10.403+0530][gc,phases   ] GC(51)   Other: 0.2ms
[2025-01-08T13:08:10.403+0530][gc,heap     ] GC(51) Eden regions: 109->0(41)
[2025-01-08T13:08:10.403+0530][gc,heap     ] GC(51) Survivor regions: 7->15(15)
[2025-01-08T13:08:10.403+0530][gc,heap     ] GC(51) Old regions: 216->216
[2025-01-08T13:08:10.403+0530][gc,heap     ] GC(51) Humongous regions: 131->131
[2025-01-08T13:08:10.403+0530][gc,metaspace] GC(51) Metaspace: 43324K(43968K)->43324K(43968K) NonClass: 38290K(38656K)->38290K(38656K) Class: 5033K(5312K)->5033K(5312K)
[2025-01-08T13:08:10.403+0530][gc          ] GC(51) Pause Young (Normal) (G1 Evacuation Pause) 461M->360M(1024M) 23.601ms
[2025-01-08T13:08:10.403+0530][gc,cpu      ] GC(51) User=0.04s Sys=0.03s Real=0.03s
[2025-01-08T13:10:17.631+0530][gc,start    ] GC(52) Pause Young (Normal) (G1 Evacuation Pause)
[2025-01-08T13:10:17.633+0530][gc,task     ] GC(52) Using 9 workers of 9 for evacuation
[2025-01-08T13:10:17.654+0530][gc,mmu      ] GC(52) MMU target violated: 20.8ms (20.0ms/21.0ms)
[2025-01-08T13:10:17.654+0530][gc,phases   ] GC(52)   Pre Evacuate Collection Set: 1.8ms
[2025-01-08T13:10:17.654+0530][gc,phases   ] GC(52)   Merge Heap Roots: 0.3ms
[2025-01-08T13:10:17.654+0530][gc,phases   ] GC(52)   Evacuate Collection Set: 16.5ms
[2025-01-08T13:10:17.654+0530][gc,phases   ] GC(52)   Post Evacuate Collection Set: 2.1ms
[2025-01-08T13:10:17.654+0530][gc,phases   ] GC(52)   Other: 0.7ms
[2025-01-08T13:10:17.654+0530][gc,heap     ] GC(52) Eden regions: 43->0(156)
[2025-01-08T13:10:17.654+0530][gc,heap     ] GC(52) Survivor regions: 15->5(8)
[2025-01-08T13:10:17.654+0530][gc,heap     ] GC(52) Old regions: 216->229
[2025-01-08T13:10:17.654+0530][gc,heap     ] GC(52) Humongous regions: 131->131
[2025-01-08T13:10:17.654+0530][gc,metaspace] GC(52) Metaspace: 43324K(43968K)->43324K(43968K) NonClass: 38290K(38656K)->38290K(38656K) Class: 5033K(5312K)->5033K(5312K)
[2025-01-08T13:10:17.654+0530][gc          ] GC(52) Pause Young (Normal) (G1 Evacuation Pause) 403M->364M(1024M) 22.783ms
[2025-01-08T13:10:17.654+0530][gc,cpu      ] GC(52) User=0.04s Sys=0.03s Real=0.02s
[2025-01-08T13:18:00.889+0530][gc,start    ] GC(53) Pause Young (Concurrent Start) (G1 Evacuation Pause)
[2025-01-08T13:18:00.892+0530][gc,task     ] GC(53) Using 9 workers of 9 for evacuation
[2025-01-08T13:18:00.926+0530][gc,mmu      ] GC(53) MMU target violated: 21.0ms (20.0ms/21.0ms)
[2025-01-08T13:18:00.926+0530][gc,phases   ] GC(53)   Pre Evacuate Collection Set: 1.5ms
[2025-01-08T13:18:00.926+0530][gc,phases   ] GC(53)   Merge Heap Roots: 0.5ms
[2025-01-08T13:18:00.926+0530][gc,phases   ] GC(53)   Evacuate Collection Set: 30.5ms
[2025-01-08T13:18:00.926+0530][gc,phases   ] GC(53)   Post Evacuate Collection Set: 1.0ms
[2025-01-08T13:18:00.926+0530][gc,phases   ] GC(53)   Other: 0.5ms
[2025-01-08T13:18:00.926+0530][gc,heap     ] GC(53) Eden regions: 157->0(34)
[2025-01-08T13:18:00.926+0530][gc,heap     ] GC(53) Survivor regions: 5->17(21)
[2025-01-08T13:18:00.926+0530][gc,heap     ] GC(53) Old regions: 229->229
[2025-01-08T13:18:00.926+0530][gc,heap     ] GC(53) Humongous regions: 131->131
[2025-01-08T13:18:00.926+0530][gc,metaspace] GC(53) Metaspace: 43325K(43968K)->43325K(43968K) NonClass: 38291K(38656K)->38291K(38656K) Class: 5033K(5312K)->5033K(5312K)
[2025-01-08T13:18:00.926+0530][gc          ] GC(53) Pause Young (Concurrent Start) (G1 Evacuation Pause) 521M->375M(1024M) 39.494ms
[2025-01-08T13:18:00.926+0530][gc,cpu      ] GC(53) User=0.09s Sys=0.06s Real=0.04s
[2025-01-08T13:18:00.926+0530][gc          ] GC(54) Concurrent Mark Cycle
[2025-01-08T13:18:00.926+0530][gc,marking  ] GC(54) Concurrent Scan Root Regions
[2025-01-08T13:18:00.936+0530][gc,marking  ] GC(54) Concurrent Scan Root Regions 9.556ms
[2025-01-08T13:18:00.936+0530][gc,marking  ] GC(54) Concurrent Mark
[2025-01-08T13:18:00.936+0530][gc,marking  ] GC(54) Concurrent Mark From Roots
[2025-01-08T13:18:00.936+0530][gc,task     ] GC(54) Using 2 workers of 2 for marking
[2025-01-08T13:18:00.957+0530][gc,marking  ] GC(54) Concurrent Mark From Roots 21.489ms
[2025-01-08T13:18:00.957+0530][gc,marking  ] GC(54) Concurrent Preclean
[2025-01-08T13:18:00.958+0530][gc,marking  ] GC(54) Concurrent Preclean 0.147ms
[2025-01-08T13:18:00.958+0530][gc,start    ] GC(54) Pause Remark
[2025-01-08T13:18:00.980+0530][gc,mmu      ] GC(54) MMU target violated: 21.0ms (20.0ms/21.0ms)
[2025-01-08T13:18:00.980+0530][gc          ] GC(54) Pause Remark 376M->297M(1024M) 22.559ms
[2025-01-08T13:18:00.980+0530][gc,cpu      ] GC(54) User=0.03s Sys=0.07s Real=0.03s
[2025-01-08T13:18:00.980+0530][gc,marking  ] GC(54) Concurrent Mark 44.363ms
[2025-01-08T13:18:00.980+0530][gc,marking  ] GC(54) Concurrent Rebuild Remembered Sets and Scrub Regions
[2025-01-08T13:18:00.993+0530][gc,marking  ] GC(54) Concurrent Rebuild Remembered Sets and Scrub Regions 12.459ms
[2025-01-08T13:18:00.993+0530][gc,start    ] GC(54) Pause Cleanup
[2025-01-08T13:18:00.993+0530][gc          ] GC(54) Pause Cleanup 297M->297M(1024M) 0.154ms
[2025-01-08T13:18:00.993+0530][gc,cpu      ] GC(54) User=0.00s Sys=0.00s Real=0.00s
[2025-01-08T13:18:00.993+0530][gc,marking  ] GC(54) Concurrent Clear Claimed Marks
[2025-01-08T13:18:00.993+0530][gc,marking  ] GC(54) Concurrent Clear Claimed Marks 0.040ms
[2025-01-08T13:18:00.993+0530][gc,marking  ] GC(54) Concurrent Cleanup for Next Mark
[2025-01-08T13:18:00.998+0530][gc,marking  ] GC(54) Concurrent Cleanup for Next Mark 5.094ms
[2025-01-08T13:18:00.998+0530][gc          ] GC(54) Concurrent Mark Cycle 71.988ms
[2025-01-08T13:19:38.193+0530][gc,start    ] GC(55) Pause Young (Prepare Mixed) (G1 Evacuation Pause)
[2025-01-08T13:19:38.194+0530][gc,task     ] GC(55) Using 9 workers of 9 for evacuation
[2025-01-08T13:19:38.229+0530][gc,mmu      ] GC(55) MMU target violated: 21.0ms (20.0ms/21.0ms)
[2025-01-08T13:19:38.229+0530][gc,phases   ] GC(55)   Pre Evacuate Collection Set: 0.8ms
[2025-01-08T13:19:38.229+0530][gc,phases   ] GC(55)   Merge Heap Roots: 0.4ms
[2025-01-08T13:19:38.229+0530][gc,phases   ] GC(55)   Evacuate Collection Set: 33.4ms
[2025-01-08T13:19:38.229+0530][gc,phases   ] GC(55)   Post Evacuate Collection Set: 0.6ms
[2025-01-08T13:19:38.229+0530][gc,phases   ] GC(55)   Other: 0.3ms
[2025-01-08T13:19:38.229+0530][gc,heap     ] GC(55) Eden regions: 34->0(101)
[2025-01-08T13:19:38.229+0530][gc,heap     ] GC(55) Survivor regions: 17->4(7)
[2025-01-08T13:19:38.229+0530][gc,heap     ] GC(55) Old regions: 150->164
[2025-01-08T13:19:38.229+0530][gc,heap     ] GC(55) Humongous regions: 131->131
[2025-01-08T13:19:38.229+0530][gc,metaspace] GC(55) Metaspace: 43249K(43968K)->43249K(43968K) NonClass: 38235K(38656K)->38235K(38656K) Class: 5013K(5312K)->5013K(5312K)
[2025-01-08T13:19:38.229+0530][gc          ] GC(55) Pause Young (Prepare Mixed) (G1 Evacuation Pause) 330M->299M(1024M) 36.252ms
[2025-01-08T13:19:38.229+0530][gc,cpu      ] GC(55) User=0.04s Sys=0.05s Real=0.03s
[2025-01-08T13:24:51.862+0530][gc,start    ] GC(56) Pause Young (Mixed) (G1 Evacuation Pause)
[2025-01-08T13:24:51.863+0530][gc,task     ] GC(56) Using 9 workers of 9 for evacuation
[2025-01-08T13:24:51.894+0530][gc,mmu      ] GC(56) MMU target violated: 21.0ms (20.0ms/21.0ms)
[2025-01-08T13:24:51.894+0530][gc,phases   ] GC(56)   Pre Evacuate Collection Set: 0.9ms
[2025-01-08T13:24:51.894+0530][gc,phases   ] GC(56)   Merge Heap Roots: 0.7ms
[2025-01-08T13:24:51.894+0530][gc,phases   ] GC(56)   Evacuate Collection Set: 28.1ms
[2025-01-08T13:24:51.894+0530][gc,phases   ] GC(56)   Post Evacuate Collection Set: 0.6ms
[2025-01-08T13:24:51.894+0530][gc,phases   ] GC(56)   Other: 0.4ms
[2025-01-08T13:24:51.894+0530][gc,heap     ] GC(56) Eden regions: 107->0(40)
[2025-01-08T13:24:51.894+0530][gc,heap     ] GC(56) Survivor regions: 4->11(14)
[2025-01-08T13:24:51.894+0530][gc,heap     ] GC(56) Old regions: 164->155
[2025-01-08T13:24:51.894+0530][gc,heap     ] GC(56) Humongous regions: 131->131
[2025-01-08T13:24:51.894+0530][gc,metaspace] GC(56) Metaspace: 43249K(43968K)->43249K(43968K) NonClass: 38235K(38656K)->38235K(38656K) Class: 5013K(5312K)->5013K(5312K)
[2025-01-08T13:24:51.894+0530][gc          ] GC(56) Pause Young (Mixed) (G1 Evacuation Pause) 405M->296M(1024M) 31.990ms
[2025-01-08T13:24:51.894+0530][gc,cpu      ] GC(56) User=0.04s Sys=0.05s Real=0.03s
[2025-01-08T13:26:48.593+0530][gc,start    ] GC(57) Pause Young (Mixed) (G1 Evacuation Pause)
[2025-01-08T13:26:48.595+0530][gc,task     ] GC(57) Using 9 workers of 9 for evacuation
[2025-01-08T13:26:48.612+0530][gc,phases   ] GC(57)   Pre Evacuate Collection Set: 1.4ms
[2025-01-08T13:26:48.612+0530][gc,phases   ] GC(57)   Merge Heap Roots: 0.6ms
[2025-01-08T13:26:48.612+0530][gc,phases   ] GC(57)   Evacuate Collection Set: 14.8ms
[2025-01-08T13:26:48.612+0530][gc,phases   ] GC(57)   Post Evacuate Collection Set: 0.4ms
[2025-01-08T13:26:48.612+0530][gc,phases   ] GC(57)   Other: 0.3ms
[2025-01-08T13:26:48.612+0530][gc,heap     ] GC(57) Eden regions: 40->0(154)
[2025-01-08T13:26:48.612+0530][gc,heap     ] GC(57) Survivor regions: 11->4(7)
[2025-01-08T13:26:48.612+0530][gc,heap     ] GC(57) Old regions: 155->155
[2025-01-08T13:26:48.612+0530][gc,heap     ] GC(57) Humongous regions: 131->131
[2025-01-08T13:26:48.612+0530][gc,metaspace] GC(57) Metaspace: 43249K(43968K)->43249K(43968K) NonClass: 38235K(38656K)->38235K(38656K) Class: 5013K(5312K)->5013K(5312K)
[2025-01-08T13:26:48.612+0530][gc          ] GC(57) Pause Young (Mixed) (G1 Evacuation Pause) 336M->289M(1024M) 18.925ms
[2025-01-08T13:26:48.612+0530][gc,cpu      ] GC(57) User=0.03s Sys=0.03s Real=0.02s
[2025-01-08T13:34:10.754+0530][gc,start    ] GC(58) Pause Young (Mixed) (G1 Evacuation Pause)
[2025-01-08T13:34:10.754+0530][gc,task     ] GC(58) Using 9 workers of 9 for evacuation
[2025-01-08T13:34:10.776+0530][gc,mmu      ] GC(58) MMU target violated: 21.0ms (20.0ms/21.0ms)
[2025-01-08T13:34:10.776+0530][gc,phases   ] GC(58)   Pre Evacuate Collection Set: 1.3ms
[2025-01-08T13:34:10.776+0530][gc,phases   ] GC(58)   Merge Heap Roots: 0.5ms
[2025-01-08T13:34:10.776+0530][gc,phases   ] GC(58)   Evacuate Collection Set: 19.0ms
[2025-01-08T13:34:10.776+0530][gc,phases   ] GC(58)   Post Evacuate Collection Set: 0.4ms
[2025-01-08T13:34:10.776+0530][gc,phases   ] GC(58)   Other: 0.2ms
[2025-01-08T13:34:10.776+0530][gc,heap     ] GC(58) Eden regions: 150->0(36)
[2025-01-08T13:34:10.776+0530][gc,heap     ] GC(58) Survivor regions: 4->15(20)
[2025-01-08T13:34:10.776+0530][gc,heap     ] GC(58) Old regions: 155->145
[2025-01-08T13:34:10.776+0530][gc,heap     ] GC(58) Humongous regions: 131->131
[2025-01-08T13:34:10.776+0530][gc,metaspace] GC(58) Metaspace: 43249K(43968K)->43249K(43968K) NonClass: 38235K(38656K)->38235K(38656K) Class: 5013K(5312K)->5013K(5312K)
[2025-01-08T13:34:10.776+0530][gc          ] GC(58) Pause Young (Mixed) (G1 Evacuation Pause) 439M->290M(1024M) 22.194ms
[2025-01-08T13:34:10.776+0530][gc,cpu      ] GC(58) User=0.04s Sys=0.03s Real=0.02s
[2025-01-08T13:35:47.517+0530][gc,start    ] GC(59) Pause Young (Mixed) (G1 Evacuation Pause)
[2025-01-08T13:35:47.522+0530][gc,task     ] GC(59) Using 9 workers of 9 for evacuation
[2025-01-08T13:35:47.544+0530][gc,mmu      ] GC(59) MMU target violated: 21.0ms (20.0ms/21.0ms)
[2025-01-08T13:35:47.544+0530][gc,phases   ] GC(59)   Pre Evacuate Collection Set: 1.5ms
[2025-01-08T13:35:47.544+0530][gc,phases   ] GC(59)   Merge Heap Roots: 0.2ms
[2025-01-08T13:35:47.544+0530][gc,phases   ] GC(59)   Evacuate Collection Set: 19.3ms
[2025-01-08T13:35:47.544+0530][gc,phases   ] GC(59)   Post Evacuate Collection Set: 0.7ms
[2025-01-08T13:35:47.544+0530][gc,phases   ] GC(59)   Other: 0.3ms
[2025-01-08T13:35:47.544+0530][gc,heap     ] GC(59) Eden regions: 36->0(140)
[2025-01-08T13:35:47.544+0530][gc,heap     ] GC(59) Survivor regions: 15->6(7)
[2025-01-08T13:35:47.544+0530][gc,heap     ] GC(59) Old regions: 145->149
[2025-01-08T13:35:47.544+0530][gc,heap     ] GC(59) Humongous regions: 131->131
[2025-01-08T13:35:47.544+0530][gc,metaspace] GC(59) Metaspace: 43249K(43968K)->43249K(43968K) NonClass: 38235K(38656K)->38235K(38656K) Class: 5013K(5312K)->5013K(5312K)
[2025-01-08T13:35:47.545+0530][gc          ] GC(59) Pause Young (Mixed) (G1 Evacuation Pause) 326M->285M(1024M) 27.821ms
[2025-01-08T13:35:47.545+0530][gc,cpu      ] GC(59) User=0.04s Sys=0.04s Real=0.03s
[2025-01-08T13:42:28.891+0530][gc,start    ] GC(60) Pause Young (Mixed) (G1 Evacuation Pause)
[2025-01-08T13:42:28.892+0530][gc,task     ] GC(60) Using 9 workers of 9 for evacuation
[2025-01-08T13:42:28.909+0530][gc,phases   ] GC(60)   Pre Evacuate Collection Set: 1.1ms
[2025-01-08T13:42:28.909+0530][gc,phases   ] GC(60)   Merge Heap Roots: 0.4ms
[2025-01-08T13:42:28.909+0530][gc,phases   ] GC(60)   Evacuate Collection Set: 15.0ms
[2025-01-08T13:42:28.909+0530][gc,phases   ] GC(60)   Post Evacuate Collection Set: 0.5ms
[2025-01-08T13:42:28.909+0530][gc,phases   ] GC(60)   Other: 0.2ms
[2025-01-08T13:42:28.909+0530][gc,heap     ] GC(60) Eden regions: 137->0(115)
[2025-01-08T13:42:28.909+0530][gc,heap     ] GC(60) Survivor regions: 6->7(18)
[2025-01-08T13:42:28.909+0530][gc,heap     ] GC(60) Old regions: 149->140
[2025-01-08T13:42:28.909+0530][gc,heap     ] GC(60) Humongous regions: 131->131
[2025-01-08T13:42:28.909+0530][gc,metaspace] GC(60) Metaspace: 43252K(43968K)->43252K(43968K) NonClass: 38238K(38656K)->38238K(38656K) Class: 5013K(5312K)->5013K(5312K)
[2025-01-08T13:42:28.909+0530][gc          ] GC(60) Pause Young (Mixed) (G1 Evacuation Pause) 422M->277M(1024M) 19.908ms
[2025-01-08T13:42:28.909+0530][gc,cpu      ] GC(60) User=0.02s Sys=0.01s Real=0.02s
[2025-01-08T13:48:03.357+0530][gc,start    ] GC(61) Pause Young (Mixed) (G1 Evacuation Pause)
[2025-01-08T13:48:03.357+0530][gc,task     ] GC(61) Using 9 workers of 9 for evacuation
[2025-01-08T13:48:03.373+0530][gc,phases   ] GC(61)   Pre Evacuate Collection Set: 0.7ms
[2025-01-08T13:48:03.373+0530][gc,phases   ] GC(61)   Merge Heap Roots: 0.2ms
[2025-01-08T13:48:03.373+0530][gc,phases   ] GC(61)   Evacuate Collection Set: 13.2ms
[2025-01-08T13:48:03.373+0530][gc,phases   ] GC(61)   Post Evacuate Collection Set: 1.0ms
[2025-01-08T13:48:03.373+0530][gc,phases   ] GC(61)   Other: 0.2ms
[2025-01-08T13:48:03.373+0530][gc,heap     ] GC(61) Eden regions: 113->0(155)
[2025-01-08T13:48:03.373+0530][gc,heap     ] GC(61) Survivor regions: 7->5(15)
[2025-01-08T13:48:03.373+0530][gc,heap     ] GC(61) Old regions: 140->131
[2025-01-08T13:48:03.373+0530][gc,heap     ] GC(61) Humongous regions: 131->131
[2025-01-08T13:48:03.373+0530][gc,metaspace] GC(61) Metaspace: 43252K(43968K)->43252K(43968K) NonClass: 38238K(38656K)->38238K(38656K) Class: 5013K(5312K)->5013K(5312K)
[2025-01-08T13:48:03.373+0530][gc          ] GC(61) Pause Young (Mixed) (G1 Evacuation Pause) 390M->266M(1024M) 16.041ms
[2025-01-08T13:48:03.373+0530][gc,cpu      ] GC(61) User=0.02s Sys=0.02s Real=0.02s
[2025-01-08T13:55:43.044+0530][gc,start    ] GC(62) Pause Young (Mixed) (G1 Evacuation Pause)
[2025-01-08T13:55:43.046+0530][gc,task     ] GC(62) Using 9 workers of 9 for evacuation
[2025-01-08T13:55:43.066+0530][gc,phases   ] GC(62)   Pre Evacuate Collection Set: 0.9ms
[2025-01-08T13:55:43.066+0530][gc,phases   ] GC(62)   Merge Heap Roots: 0.3ms
[2025-01-08T13:55:43.066+0530][gc,phases   ] GC(62)   Evacuate Collection Set: 17.7ms
[2025-01-08T13:55:43.066+0530][gc,phases   ] GC(62)   Merge Optional Heap Roots: 0.0ms
[2025-01-08T13:55:43.066+0530][gc,phases   ] GC(62)   Evacuate Optional Collection Set: 0.2ms
[2025-01-08T13:55:43.066+0530][gc,phases   ] GC(62)   Post Evacuate Collection Set: 0.5ms
[2025-01-08T13:55:43.066+0530][gc,phases   ] GC(62)   Other: 0.2ms
[2025-01-08T13:55:43.066+0530][gc,heap     ] GC(62) Eden regions: 154->0(163)
[2025-01-08T13:55:43.066+0530][gc,heap     ] GC(62) Survivor regions: 5->6(20)
[2025-01-08T13:55:43.066+0530][gc,heap     ] GC(62) Old regions: 131->119
[2025-01-08T13:55:43.066+0530][gc,heap     ] GC(62) Humongous regions: 131->131
[2025-01-08T13:55:43.066+0530][gc,metaspace] GC(62) Metaspace: 43252K(43968K)->43252K(43968K) NonClass: 38238K(38656K)->38238K(38656K) Class: 5013K(5312K)->5013K(5312K)
[2025-01-08T13:55:43.066+0530][gc          ] GC(62) Pause Young (Mixed) (G1 Evacuation Pause) 420M->254M(1024M) 21.836ms
[2025-01-08T13:55:43.066+0530][gc,cpu      ] GC(62) User=0.03s Sys=0.03s Real=0.02s
[2025-01-08T14:03:51.007+0530][gc,start    ] GC(63) Pause Young (Mixed) (G1 Evacuation Pause)
[2025-01-08T14:03:51.007+0530][gc,task     ] GC(63) Using 9 workers of 9 for evacuation
[2025-01-08T14:03:51.027+0530][gc,phases   ] GC(63)   Pre Evacuate Collection Set: 1.5ms
[2025-01-08T14:03:51.027+0530][gc,phases   ] GC(63)   Merge Heap Roots: 0.4ms
[2025-01-08T14:03:51.027+0530][gc,phases   ] GC(63)   Evacuate Collection Set: 16.6ms
[2025-01-08T14:03:51.027+0530][gc,phases   ] GC(63)   Post Evacuate Collection Set: 0.5ms
[2025-01-08T14:03:51.027+0530][gc,phases   ] GC(63)   Other: 0.2ms
[2025-01-08T14:03:51.027+0530][gc,heap     ] GC(63) Eden regions: 164->0(609)
[2025-01-08T14:03:51.027+0530][gc,heap     ] GC(63) Survivor regions: 6->5(22)
[2025-01-08T14:03:51.027+0530][gc,heap     ] GC(63) Old regions: 119->114
[2025-01-08T14:03:51.027+0530][gc,heap     ] GC(63) Humongous regions: 131->131
[2025-01-08T14:03:51.027+0530][gc,metaspace] GC(63) Metaspace: 43253K(43968K)->43253K(43968K) NonClass: 38239K(38656K)->38239K(38656K) Class: 5013K(5312K)->5013K(5312K)
[2025-01-08T14:03:51.027+0530][gc          ] GC(63) Pause Young (Mixed) (G1 Evacuation Pause) 418M->249M(1024M) 20.042ms
[2025-01-08T14:03:51.027+0530][gc,cpu      ] GC(63) User=0.02s Sys=0.01s Real=0.02s
[2025-01-08T14:34:16.632+0530][gc,start    ] GC(64) Pause Young (Concurrent Start) (G1 Evacuation Pause)
[2025-01-08T14:34:16.633+0530][gc,task     ] GC(64) Using 9 workers of 9 for evacuation
[2025-01-08T14:34:16.650+0530][gc,phases   ] GC(64)   Pre Evacuate Collection Set: 1.5ms
[2025-01-08T14:34:16.650+0530][gc,phases   ] GC(64)   Merge Heap Roots: 0.5ms
[2025-01-08T14:34:16.650+0530][gc,phases   ] GC(64)   Evacuate Collection Set: 14.2ms
[2025-01-08T14:34:16.650+0530][gc,phases   ] GC(64)   Post Evacuate Collection Set: 0.6ms
[2025-01-08T14:34:16.650+0530][gc,phases   ] GC(64)   Other: 0.7ms
[2025-01-08T14:34:16.650+0530][gc,heap     ] GC(64) Eden regions: 609->0(609)
[2025-01-08T14:34:16.650+0530][gc,heap     ] GC(64) Survivor regions: 5->5(77)
[2025-01-08T14:34:16.650+0530][gc,heap     ] GC(64) Old regions: 114->114
[2025-01-08T14:34:16.650+0530][gc,heap     ] GC(64) Humongous regions: 131->131
[2025-01-08T14:34:16.650+0530][gc,metaspace] GC(64) Metaspace: 43274K(43968K)->43274K(43968K) NonClass: 38260K(38656K)->38260K(38656K) Class: 5013K(5312K)->5013K(5312K)
[2025-01-08T14:34:16.650+0530][gc          ] GC(64) Pause Young (Concurrent Start) (G1 Evacuation Pause) 858M->249M(1024M) 20.242ms
[2025-01-08T14:34:16.650+0530][gc,cpu      ] GC(64) User=0.02s Sys=0.02s Real=0.02s
[2025-01-08T14:34:16.650+0530][gc          ] GC(65) Concurrent Mark Cycle
[2025-01-08T14:34:16.651+0530][gc,marking  ] GC(65) Concurrent Scan Root Regions
[2025-01-08T14:34:16.652+0530][gc,marking  ] GC(65) Concurrent Scan Root Regions 1.701ms
[2025-01-08T14:34:16.653+0530][gc,marking  ] GC(65) Concurrent Mark
[2025-01-08T14:34:16.653+0530][gc,marking  ] GC(65) Concurrent Mark From Roots
[2025-01-08T14:34:16.653+0530][gc,task     ] GC(65) Using 2 workers of 2 for marking
[2025-01-08T14:34:16.664+0530][gc,marking  ] GC(65) Concurrent Mark From Roots 10.404ms
[2025-01-08T14:34:16.664+0530][gc,marking  ] GC(65) Concurrent Preclean
[2025-01-08T14:34:16.664+0530][gc,marking  ] GC(65) Concurrent Preclean 0.068ms
[2025-01-08T14:34:16.664+0530][gc,start    ] GC(65) Pause Remark
[2025-01-08T14:34:16.679+0530][gc          ] GC(65) Pause Remark 249M->237M(1024M) 14.773ms
[2025-01-08T14:34:16.679+0530][gc,cpu      ] GC(65) User=0.02s Sys=0.04s Real=0.01s
[2025-01-08T14:34:16.679+0530][gc,marking  ] GC(65) Concurrent Mark 25.471ms
[2025-01-08T14:34:16.679+0530][gc,marking  ] GC(65) Concurrent Rebuild Remembered Sets and Scrub Regions
[2025-01-08T14:34:16.686+0530][gc,marking  ] GC(65) Concurrent Rebuild Remembered Sets and Scrub Regions 6.672ms
[2025-01-08T14:34:16.686+0530][gc,start    ] GC(65) Pause Cleanup
[2025-01-08T14:34:16.686+0530][gc          ] GC(65) Pause Cleanup 238M->238M(1024M) 0.143ms
[2025-01-08T14:34:16.686+0530][gc,cpu      ] GC(65) User=0.00s Sys=0.00s Real=0.00s
[2025-01-08T14:34:16.686+0530][gc,marking  ] GC(65) Concurrent Clear Claimed Marks
[2025-01-08T14:34:16.686+0530][gc,marking  ] GC(65) Concurrent Clear Claimed Marks 0.041ms
[2025-01-08T14:34:16.686+0530][gc,marking  ] GC(65) Concurrent Cleanup for Next Mark
[2025-01-08T14:34:16.687+0530][gc,marking  ] GC(65) Concurrent Cleanup for Next Mark 1.191ms
[2025-01-08T14:34:16.687+0530][gc          ] GC(65) Concurrent Mark Cycle 36.571ms
[2025-01-08T15:17:37.271+0530][gc,start    ] GC(66) Pause Young (Prepare Mixed) (G1 Evacuation Pause)
[2025-01-08T15:17:37.273+0530][gc,task     ] GC(66) Using 9 workers of 9 for evacuation
[2025-01-08T15:17:37.296+0530][gc,mmu      ] GC(66) MMU target violated: 21.0ms (20.0ms/21.0ms)
[2025-01-08T15:17:37.296+0530][gc,phases   ] GC(66)   Pre Evacuate Collection Set: 0.9ms
[2025-01-08T15:17:37.296+0530][gc,phases   ] GC(66)   Merge Heap Roots: 0.3ms
[2025-01-08T15:17:37.296+0530][gc,phases   ] GC(66)   Evacuate Collection Set: 20.6ms
[2025-01-08T15:17:37.296+0530][gc,phases   ] GC(66)   Post Evacuate Collection Set: 1.0ms
[2025-01-08T15:17:37.296+0530][gc,phases   ] GC(66)   Other: 0.4ms
[2025-01-08T15:17:37.296+0530][gc,heap     ] GC(66) Eden regions: 609->0(607)
[2025-01-08T15:17:37.296+0530][gc,heap     ] GC(66) Survivor regions: 5->7(77)
[2025-01-08T15:17:37.296+0530][gc,heap     ] GC(66) Old regions: 102->102
[2025-01-08T15:17:37.296+0530][gc,heap     ] GC(66) Humongous regions: 131->131
[2025-01-08T15:17:37.296+0530][gc,metaspace] GC(66) Metaspace: 43288K(43968K)->43288K(43968K) NonClass: 38274K(38656K)->38274K(38656K) Class: 5013K(5312K)->5013K(5312K)
[2025-01-08T15:17:37.297+0530][gc          ] GC(66) Pause Young (Prepare Mixed) (G1 Evacuation Pause) 846M->238M(1024M) 25.604ms
[2025-01-08T15:17:37.297+0530][gc,cpu      ] GC(66) User=0.02s Sys=0.03s Real=0.02s
[2025-01-08T15:48:03.171+0530][gc,start    ] GC(67) Pause Young (Mixed) (G1 Evacuation Pause)
[2025-01-08T15:48:03.173+0530][gc,task     ] GC(67) Using 9 workers of 9 for evacuation
[2025-01-08T15:48:03.197+0530][gc,mmu      ] GC(67) MMU target violated: 21.0ms (20.0ms/21.0ms)
[2025-01-08T15:48:03.197+0530][gc,phases   ] GC(67)   Pre Evacuate Collection Set: 1.1ms
[2025-01-08T15:48:03.197+0530][gc,phases   ] GC(67)   Merge Heap Roots: 1.2ms
[2025-01-08T15:48:03.197+0530][gc,phases   ] GC(67)   Evacuate Collection Set: 19.4ms
[2025-01-08T15:48:03.197+0530][gc,phases   ] GC(67)   Post Evacuate Collection Set: 1.0ms
[2025-01-08T15:48:03.197+0530][gc,phases   ] GC(67)   Other: 1.3ms
[2025-01-08T15:48:03.197+0530][gc,heap     ] GC(67) Eden regions: 607->0(253)
[2025-01-08T15:48:03.197+0530][gc,heap     ] GC(67) Survivor regions: 7->7(77)
[2025-01-08T15:48:03.197+0530][gc,heap     ] GC(67) Old regions: 102->84
[2025-01-08T15:48:03.197+0530][gc,heap     ] GC(67) Humongous regions: 131->131
[2025-01-08T15:48:03.197+0530][gc,metaspace] GC(67) Metaspace: 43310K(43968K)->43310K(43968K) NonClass: 38296K(38656K)->38296K(38656K) Class: 5013K(5312K)->5013K(5312K)
[2025-01-08T15:48:03.197+0530][gc          ] GC(67) Pause Young (Mixed) (G1 Evacuation Pause) 845M->220M(1024M) 26.726ms
[2025-01-08T15:48:03.197+0530][gc,cpu      ] GC(67) User=0.02s Sys=0.04s Real=0.02s
[2025-01-08T16:18:22.381+0530][gc,start    ] GC(68) Pause Young (Mixed) (G1 Evacuation Pause)
[2025-01-08T16:18:22.383+0530][gc,task     ] GC(68) Using 9 workers of 9 for evacuation
[2025-01-08T16:18:22.400+0530][gc,phases   ] GC(68)   Pre Evacuate Collection Set: 1.3ms
[2025-01-08T16:18:22.400+0530][gc,phases   ] GC(68)   Merge Heap Roots: 0.6ms
[2025-01-08T16:18:22.400+0530][gc,phases   ] GC(68)   Evacuate Collection Set: 14.0ms
[2025-01-08T16:18:22.400+0530][gc,phases   ] GC(68)   Post Evacuate Collection Set: 1.0ms
[2025-01-08T16:18:22.400+0530][gc,phases   ] GC(68)   Other: 0.9ms
[2025-01-08T16:18:22.400+0530][gc,heap     ] GC(68) Eden regions: 607->0(608)
[2025-01-08T16:18:22.400+0530][gc,heap     ] GC(68) Survivor regions: 7->6(77)
[2025-01-08T16:18:22.400+0530][gc,heap     ] GC(68) Old regions: 84->73
[2025-01-08T16:18:22.400+0530][gc,heap     ] GC(68) Humongous regions: 131->131
[2025-01-08T16:18:22.400+0530][gc,metaspace] GC(68) Metaspace: 43323K(44032K)->43323K(44032K) NonClass: 38309K(38720K)->38309K(38720K) Class: 5013K(5312K)->5013K(5312K)
[2025-01-08T16:18:22.400+0530][gc          ] GC(68) Pause Young (Mixed) (G1 Evacuation Pause) 827M->209M(1024M) 20.259ms
[2025-01-08T16:18:22.400+0530][gc,cpu      ] GC(68) User=0.02s Sys=0.02s Real=0.02s
[2025-01-08T16:48:41.265+0530][gc,start    ] GC(69) Pause Young (Concurrent Start) (G1 Evacuation Pause)
[2025-01-08T16:48:41.268+0530][gc,task     ] GC(69) Using 9 workers of 9 for evacuation
[2025-01-08T16:48:41.287+0530][gc,phases   ] GC(69)   Pre Evacuate Collection Set: 1.0ms
[2025-01-08T16:48:41.287+0530][gc,phases   ] GC(69)   Merge Heap Roots: 0.2ms
[2025-01-08T16:48:41.287+0530][gc,phases   ] GC(69)   Evacuate Collection Set: 16.5ms
[2025-01-08T16:48:41.287+0530][gc,phases   ] GC(69)   Post Evacuate Collection Set: 1.1ms
[2025-01-08T16:48:41.287+0530][gc,phases   ] GC(69)   Other: 1.1ms
[2025-01-08T16:48:41.287+0530][gc,heap     ] GC(69) Eden regions: 608->0(608)
[2025-01-08T16:48:41.287+0530][gc,heap     ] GC(69) Survivor regions: 6->6(77)
[2025-01-08T16:48:41.287+0530][gc,heap     ] GC(69) Old regions: 73->73
[2025-01-08T16:48:41.287+0530][gc,heap     ] GC(69) Humongous regions: 131->131
[2025-01-08T16:48:41.288+0530][gc,metaspace] GC(69) Metaspace: 43325K(44032K)->43325K(44032K) NonClass: 38311K(38720K)->38311K(38720K) Class: 5013K(5312K)->5013K(5312K)
[2025-01-08T16:48:41.288+0530][gc          ] GC(69) Pause Young (Concurrent Start) (G1 Evacuation Pause) 817M->208M(1024M) 24.199ms
[2025-01-08T16:48:41.288+0530][gc          ] GC(70) Concurrent Mark Cycle
[2025-01-08T16:48:41.288+0530][gc,cpu      ] GC(69) User=0.01s Sys=0.03s Real=0.02s
[2025-01-08T16:48:41.288+0530][gc,marking  ] GC(70) Concurrent Scan Root Regions
[2025-01-08T16:48:41.289+0530][gc,marking  ] GC(70) Concurrent Scan Root Regions 1.560ms
[2025-01-08T16:48:41.289+0530][gc,marking  ] GC(70) Concurrent Mark
[2025-01-08T16:48:41.289+0530][gc,marking  ] GC(70) Concurrent Mark From Roots
[2025-01-08T16:48:41.289+0530][gc,task     ] GC(70) Using 2 workers of 2 for marking
[2025-01-08T16:48:41.300+0530][gc,marking  ] GC(70) Concurrent Mark From Roots 11.038ms
[2025-01-08T16:48:41.300+0530][gc,marking  ] GC(70) Concurrent Preclean
[2025-01-08T16:48:41.300+0530][gc,marking  ] GC(70) Concurrent Preclean 0.070ms
[2025-01-08T16:48:41.300+0530][gc,start    ] GC(70) Pause Remark
[2025-01-08T16:48:41.312+0530][gc          ] GC(70) Pause Remark 209M->209M(1024M) 12.108ms
[2025-01-08T16:48:41.316+0530][gc,cpu      ] GC(70) User=0.01s Sys=0.05s Real=0.01s
[2025-01-08T16:48:41.316+0530][gc,marking  ] GC(70) Concurrent Mark 27.061ms
[2025-01-08T16:48:41.316+0530][gc,marking  ] GC(70) Concurrent Rebuild Remembered Sets and Scrub Regions
[2025-01-08T16:48:41.324+0530][gc,marking  ] GC(70) Concurrent Rebuild Remembered Sets and Scrub Regions 7.286ms
[2025-01-08T16:48:41.324+0530][gc,start    ] GC(70) Pause Cleanup
[2025-01-08T16:48:41.324+0530][gc          ] GC(70) Pause Cleanup 210M->210M(1024M) 0.187ms
[2025-01-08T16:48:41.324+0530][gc,cpu      ] GC(70) User=0.00s Sys=0.00s Real=0.00s
[2025-01-08T16:48:41.324+0530][gc,marking  ] GC(70) Concurrent Clear Claimed Marks
[2025-01-08T16:48:41.324+0530][gc,marking  ] GC(70) Concurrent Clear Claimed Marks 0.038ms
[2025-01-08T16:48:41.324+0530][gc,marking  ] GC(70) Concurrent Cleanup for Next Mark
[2025-01-08T16:48:41.327+0530][gc,marking  ] GC(70) Concurrent Cleanup for Next Mark 2.691ms
[2025-01-08T16:48:41.327+0530][gc          ] GC(70) Concurrent Mark Cycle 39.065ms
[2025-01-08T17:19:08.029+0530][gc,start    ] GC(71) Pause Young (Prepare Mixed) (G1 Evacuation Pause)
[2025-01-08T17:19:08.030+0530][gc,task     ] GC(71) Using 9 workers of 9 for evacuation
[2025-01-08T17:19:08.047+0530][gc,phases   ] GC(71)   Pre Evacuate Collection Set: 0.9ms
[2025-01-08T17:19:08.047+0530][gc,phases   ] GC(71)   Merge Heap Roots: 0.6ms
[2025-01-08T17:19:08.047+0530][gc,phases   ] GC(71)   Evacuate Collection Set: 14.9ms
[2025-01-08T17:19:08.047+0530][gc,phases   ] GC(71)   Post Evacuate Collection Set: 1.0ms
[2025-01-08T17:19:08.047+0530][gc,phases   ] GC(71)   Other: 0.2ms
[2025-01-08T17:19:08.047+0530][gc,heap     ] GC(71) Eden regions: 608->0(609)
[2025-01-08T17:19:08.047+0530][gc,heap     ] GC(71) Survivor regions: 6->5(77)
[2025-01-08T17:19:08.047+0530][gc,heap     ] GC(71) Old regions: 73->73
[2025-01-08T17:19:08.047+0530][gc,heap     ] GC(71) Humongous regions: 131->131
[2025-01-08T17:19:08.047+0530][gc,metaspace] GC(71) Metaspace: 43338K(44032K)->43338K(44032K) NonClass: 38324K(38720K)->38324K(38720K) Class: 5013K(5312K)->5013K(5312K)
[2025-01-08T17:19:08.047+0530][gc          ] GC(71) Pause Young (Prepare Mixed) (G1 Evacuation Pause) 816M->208M(1024M) 19.837ms
[2025-01-08T17:19:08.047+0530][gc,cpu      ] GC(71) User=0.02s Sys=0.03s Real=0.02s
[2025-01-08T17:49:31.637+0530][gc,start    ] GC(72) Pause Young (Mixed) (G1 Evacuation Pause)
[2025-01-08T17:49:31.644+0530][gc,task     ] GC(72) Using 9 workers of 9 for evacuation
[2025-01-08T17:49:31.666+0530][gc,mmu      ] GC(72) MMU target violated: 21.0ms (20.0ms/21.0ms)
[2025-01-08T17:49:31.666+0530][gc,phases   ] GC(72)   Pre Evacuate Collection Set: 1.3ms
[2025-01-08T17:49:31.666+0530][gc,phases   ] GC(72)   Merge Heap Roots: 0.3ms
[2025-01-08T17:49:31.666+0530][gc,phases   ] GC(72)   Evacuate Collection Set: 18.9ms
[2025-01-08T17:49:31.666+0530][gc,phases   ] GC(72)   Post Evacuate Collection Set: 1.1ms
[2025-01-08T17:49:31.666+0530][gc,phases   ] GC(72)   Other: 1.8ms
[2025-01-08T17:49:31.666+0530][gc,heap     ] GC(72) Eden regions: 609->0(609)
[2025-01-08T17:49:31.666+0530][gc,heap     ] GC(72) Survivor regions: 5->5(77)
[2025-01-08T17:49:31.666+0530][gc,heap     ] GC(72) Old regions: 73->65
[2025-01-08T17:49:31.666+0530][gc,heap     ] GC(72) Humongous regions: 131->131
[2025-01-08T17:49:31.666+0530][gc,metaspace] GC(72) Metaspace: 43348K(44032K)->43348K(44032K) NonClass: 38334K(38720K)->38334K(38720K) Class: 5013K(5312K)->5013K(5312K)
[2025-01-08T17:49:31.667+0530][gc          ] GC(72) Pause Young (Mixed) (G1 Evacuation Pause) 817M->200M(1024M) 30.440ms
[2025-01-08T17:49:31.667+0530][gc,cpu      ] GC(72) User=0.02s Sys=0.05s Real=0.03s
[2025-01-08T18:20:01.098+0530][gc,start    ] GC(73) Pause Young (Concurrent Start) (G1 Evacuation Pause)
[2025-01-08T18:20:01.101+0530][gc,task     ] GC(73) Using 9 workers of 9 for evacuation
[2025-01-08T18:20:01.123+0530][gc,mmu      ] GC(73) MMU target violated: 21.0ms (20.0ms/21.0ms)
[2025-01-08T18:20:01.124+0530][gc,phases   ] GC(73)   Pre Evacuate Collection Set: 1.5ms
[2025-01-08T18:20:01.124+0530][gc,phases   ] GC(73)   Merge Heap Roots: 0.6ms
[2025-01-08T18:20:01.124+0530][gc,phases   ] GC(73)   Evacuate Collection Set: 17.6ms
[2025-01-08T18:20:01.124+0530][gc,phases   ] GC(73)   Post Evacuate Collection Set: 1.6ms
[2025-01-08T18:20:01.124+0530][gc,phases   ] GC(73)   Other: 1.7ms
[2025-01-08T18:20:01.124+0530][gc,heap     ] GC(73) Eden regions: 609->0(609)
[2025-01-08T18:20:01.124+0530][gc,heap     ] GC(73) Survivor regions: 5->5(77)
[2025-01-08T18:20:01.124+0530][gc,heap     ] GC(73) Old regions: 65->65
[2025-01-08T18:20:01.124+0530][gc,heap     ] GC(73) Humongous regions: 131->131
[2025-01-08T18:20:01.124+0530][gc,metaspace] GC(73) Metaspace: 43351K(44032K)->43351K(44032K) NonClass: 38337K(38720K)->38337K(38720K) Class: 5013K(5312K)->5013K(5312K)
[2025-01-08T18:20:01.124+0530][gc          ] GC(73) Pause Young (Concurrent Start) (G1 Evacuation Pause) 809M->200M(1024M) 26.353ms
[2025-01-08T18:20:01.124+0530][gc          ] GC(74) Concurrent Mark Cycle
[2025-01-08T18:20:01.124+0530][gc,cpu      ] GC(73) User=0.02s Sys=0.03s Real=0.03s
[2025-01-08T18:20:01.124+0530][gc,marking  ] GC(74) Concurrent Scan Root Regions
[2025-01-08T18:20:01.128+0530][gc,marking  ] GC(74) Concurrent Scan Root Regions 3.675ms
[2025-01-08T18:20:01.128+0530][gc,marking  ] GC(74) Concurrent Mark
[2025-01-08T18:20:01.128+0530][gc,marking  ] GC(74) Concurrent Mark From Roots
[2025-01-08T18:20:01.128+0530][gc,task     ] GC(74) Using 2 workers of 2 for marking
[2025-01-08T18:20:01.141+0530][gc,marking  ] GC(74) Concurrent Mark From Roots 13.329ms
[2025-01-08T18:20:01.141+0530][gc,marking  ] GC(74) Concurrent Preclean
[2025-01-08T18:20:01.141+0530][gc,marking  ] GC(74) Concurrent Preclean 0.081ms
[2025-01-08T18:20:01.141+0530][gc,start    ] GC(74) Pause Remark
[2025-01-08T18:20:01.161+0530][gc          ] GC(74) Pause Remark 200M->200M(1024M) 19.647ms
[2025-01-08T18:20:01.161+0530][gc,cpu      ] GC(74) User=0.02s Sys=0.05s Real=0.02s
[2025-01-08T18:20:01.161+0530][gc,marking  ] GC(74) Concurrent Mark 33.220ms
[2025-01-08T18:20:01.161+0530][gc,marking  ] GC(74) Concurrent Rebuild Remembered Sets and Scrub Regions
[2025-01-08T18:20:01.168+0530][gc,marking  ] GC(74) Concurrent Rebuild Remembered Sets and Scrub Regions 6.697ms
[2025-01-08T18:20:01.168+0530][gc,start    ] GC(74) Pause Cleanup
[2025-01-08T18:20:01.168+0530][gc          ] GC(74) Pause Cleanup 203M->203M(1024M) 0.625ms
[2025-01-08T18:20:01.168+0530][gc,cpu      ] GC(74) User=0.00s Sys=0.00s Real=0.00s
[2025-01-08T18:20:01.168+0530][gc,marking  ] GC(74) Concurrent Clear Claimed Marks
[2025-01-08T18:20:01.168+0530][gc,marking  ] GC(74) Concurrent Clear Claimed Marks 0.033ms
[2025-01-08T18:20:01.168+0530][gc,marking  ] GC(74) Concurrent Cleanup for Next Mark
[2025-01-08T18:20:01.172+0530][gc,marking  ] GC(74) Concurrent Cleanup for Next Mark 3.099ms
[2025-01-08T18:20:01.172+0530][gc          ] GC(74) Concurrent Mark Cycle 47.615ms
[2025-01-08T18:50:29.196+0530][gc,start    ] GC(75) Pause Young (Prepare Mixed) (G1 Evacuation Pause)
[2025-01-08T18:50:29.200+0530][gc,task     ] GC(75) Using 9 workers of 9 for evacuation
[2025-01-08T18:50:29.225+0530][gc,mmu      ] GC(75) MMU target violated: 21.0ms (20.0ms/21.0ms)
[2025-01-08T18:50:29.225+0530][gc,phases   ] GC(75)   Pre Evacuate Collection Set: 2.2ms
[2025-01-08T18:50:29.225+0530][gc,phases   ] GC(75)   Merge Heap Roots: 0.7ms
[2025-01-08T18:50:29.225+0530][gc,phases   ] GC(75)   Evacuate Collection Set: 18.9ms
[2025-01-08T18:50:29.225+0530][gc,phases   ] GC(75)   Post Evacuate Collection Set: 1.5ms
[2025-01-08T18:50:29.225+0530][gc,phases   ] GC(75)   Other: 2.3ms
[2025-01-08T18:50:29.225+0530][gc,heap     ] GC(75) Eden regions: 609->0(44)
[2025-01-08T18:50:29.225+0530][gc,heap     ] GC(75) Survivor regions: 5->7(77)
[2025-01-08T18:50:29.225+0530][gc,heap     ] GC(75) Old regions: 65->65
[2025-01-08T18:50:29.225+0530][gc,heap     ] GC(75) Humongous regions: 131->131
[2025-01-08T18:50:29.225+0530][gc,metaspace] GC(75) Metaspace: 43351K(44032K)->43351K(44032K) NonClass: 38337K(38720K)->38337K(38720K) Class: 5013K(5312K)->5013K(5312K)
[2025-01-08T18:50:29.225+0530][gc          ] GC(75) Pause Young (Prepare Mixed) (G1 Evacuation Pause) 809M->202M(1024M) 30.744ms
[2025-01-08T18:50:29.225+0530][gc,cpu      ] GC(75) User=0.02s Sys=0.05s Real=0.03s
[2025-01-08T18:52:28.179+0530][gc,start    ] GC(76) Pause Young (Mixed) (G1 Evacuation Pause)
[2025-01-08T18:52:28.181+0530][gc,task     ] GC(76) Using 9 workers of 9 for evacuation
[2025-01-08T18:52:28.205+0530][gc,mmu      ] GC(76) MMU target violated: 21.0ms (20.0ms/21.0ms)
[2025-01-08T18:52:28.205+0530][gc,phases   ] GC(76)   Pre Evacuate Collection Set: 0.8ms
[2025-01-08T18:52:28.205+0530][gc,phases   ] GC(76)   Merge Heap Roots: 0.4ms
[2025-01-08T18:52:28.205+0530][gc,phases   ] GC(76)   Evacuate Collection Set: 22.4ms
[2025-01-08T18:52:28.205+0530][gc,phases   ] GC(76)   Post Evacuate Collection Set: 0.6ms
[2025-01-08T18:52:28.205+0530][gc,phases   ] GC(76)   Other: 0.2ms
[2025-01-08T18:52:28.205+0530][gc,heap     ] GC(76) Eden regions: 44->0(46)
[2025-01-08T18:52:28.205+0530][gc,heap     ] GC(76) Survivor regions: 7->5(7)
[2025-01-08T18:52:28.205+0530][gc,heap     ] GC(76) Old regions: 65->66
[2025-01-08T18:52:28.205+0530][gc,heap     ] GC(76) Humongous regions: 131->131
[2025-01-08T18:52:28.205+0530][gc,metaspace] GC(76) Metaspace: 43351K(44032K)->43351K(44032K) NonClass: 38337K(38720K)->38337K(38720K) Class: 5013K(5312K)->5013K(5312K)
[2025-01-08T18:52:28.205+0530][gc          ] GC(76) Pause Young (Mixed) (G1 Evacuation Pause) 246M->200M(1024M) 25.990ms
[2025-01-08T18:52:28.205+0530][gc,cpu      ] GC(76) User=0.03s Sys=0.02s Real=0.03s
[2025-01-08T18:56:53.053+0530][gc,start    ] GC(77) Pause Young (Mixed) (G1 Evacuation Pause)
[2025-01-08T18:56:53.055+0530][gc,task     ] GC(77) Using 9 workers of 9 for evacuation
[2025-01-08T18:56:53.074+0530][gc,phases   ] GC(77)   Pre Evacuate Collection Set: 0.8ms
[2025-01-08T18:56:53.075+0530][gc,phases   ] GC(77)   Merge Heap Roots: 0.2ms
[2025-01-08T18:56:53.075+0530][gc,phases   ] GC(77)   Evacuate Collection Set: 17.2ms
[2025-01-08T18:56:53.075+0530][gc,phases   ] GC(77)   Post Evacuate Collection Set: 0.4ms
[2025-01-08T18:56:53.075+0530][gc,phases   ] GC(77)   Other: 1.8ms
[2025-01-08T18:56:53.075+0530][gc,heap     ] GC(77) Eden regions: 90->0(140)
[2025-01-08T18:56:53.075+0530][gc,heap     ] GC(77) Survivor regions: 5->5(12)
[2025-01-08T18:56:53.075+0530][gc,heap     ] GC(77) Old regions: 66->65
[2025-01-08T18:56:53.075+0530][gc,heap     ] GC(77) Humongous regions: 131->131
[2025-01-08T18:56:53.075+0530][gc,metaspace] GC(77) Metaspace: 43351K(44032K)->43351K(44032K) NonClass: 38338K(38720K)->38338K(38720K) Class: 5013K(5312K)->5013K(5312K)
[2025-01-08T18:56:53.075+0530][gc          ] GC(77) Pause Young (Mixed) (G1 Evacuation Pause) 290M->200M(1024M) 22.351ms
[2025-01-08T18:56:53.075+0530][gc,cpu      ] GC(77) User=0.02s Sys=0.02s Real=0.02s
[2025-01-08T19:25:44.900+0530][gc,start    ] GC(78) Pause Young (Mixed) (G1 Evacuation Pause)
[2025-01-08T19:25:44.901+0530][gc,task     ] GC(78) Using 9 workers of 9 for evacuation
[2025-01-08T19:25:44.920+0530][gc,phases   ] GC(78)   Pre Evacuate Collection Set: 1.6ms
[2025-01-08T19:25:44.920+0530][gc,phases   ] GC(78)   Merge Heap Roots: 0.4ms
[2025-01-08T19:25:44.920+0530][gc,phases   ] GC(78)   Evacuate Collection Set: 15.6ms
[2025-01-08T19:25:44.920+0530][gc,phases   ] GC(78)   Post Evacuate Collection Set: 0.8ms
[2025-01-08T19:25:44.920+0530][gc,phases   ] GC(78)   Other: 0.3ms
[2025-01-08T19:25:44.920+0530][gc,heap     ] GC(78) Eden regions: 580->0(610)
[2025-01-08T19:25:44.920+0530][gc,heap     ] GC(78) Survivor regions: 5->4(74)
[2025-01-08T19:25:44.920+0530][gc,heap     ] GC(78) Old regions: 65->64
[2025-01-08T19:25:44.920+0530][gc,heap     ] GC(78) Humongous regions: 131->131
[2025-01-08T19:25:44.920+0530][gc,metaspace] GC(78) Metaspace: 43366K(44032K)->43366K(44032K) NonClass: 38352K(38720K)->38352K(38720K) Class: 5013K(5312K)->5013K(5312K)
[2025-01-08T19:25:44.920+0530][gc          ] GC(78) Pause Young (Mixed) (G1 Evacuation Pause) 780M->198M(1024M) 21.400ms
[2025-01-08T19:25:44.920+0530][gc,cpu      ] GC(78) User=0.02s Sys=0.01s Real=0.03s
[2025-01-08T19:56:10.163+0530][gc,start    ] GC(79) Pause Young (Mixed) (G1 Evacuation Pause)
[2025-01-08T19:56:10.164+0530][gc,task     ] GC(79) Using 9 workers of 9 for evacuation
[2025-01-08T19:56:10.189+0530][gc,mmu      ] GC(79) MMU target violated: 21.0ms (20.0ms/21.0ms)
[2025-01-08T19:56:10.189+0530][gc,phases   ] GC(79)   Pre Evacuate Collection Set: 3.2ms
[2025-01-08T19:56:10.189+0530][gc,phases   ] GC(79)   Merge Heap Roots: 0.6ms
[2025-01-08T19:56:10.189+0530][gc,phases   ] GC(79)   Evacuate Collection Set: 19.0ms
[2025-01-08T19:56:10.190+0530][gc,phases   ] GC(79)   Post Evacuate Collection Set: 1.6ms
[2025-01-08T19:56:10.190+0530][gc,phases   ] GC(79)   Other: 1.0ms
[2025-01-08T19:56:10.190+0530][gc,heap     ] GC(79) Eden regions: 610->0(611)
[2025-01-08T19:56:10.190+0530][gc,heap     ] GC(79) Survivor regions: 4->3(77)
[2025-01-08T19:56:10.190+0530][gc,heap     ] GC(79) Old regions: 64->60
[2025-01-08T19:56:10.190+0530][gc,heap     ] GC(79) Humongous regions: 131->131
[2025-01-08T19:56:10.190+0530][gc,metaspace] GC(79) Metaspace: 43386K(44032K)->43386K(44032K) NonClass: 38372K(38720K)->38372K(38720K) Class: 5013K(5312K)->5013K(5312K)
[2025-01-08T19:56:10.190+0530][gc          ] GC(79) Pause Young (Mixed) (G1 Evacuation Pause) 808M->193M(1024M) 27.249ms
[2025-01-08T19:56:10.190+0530][gc,cpu      ] GC(79) User=0.03s Sys=0.04s Real=0.03s
[2025-01-08T20:26:49.576+0530][gc,start    ] GC(80) Pause Young (Concurrent Start) (G1 Evacuation Pause)
[2025-01-08T20:26:49.584+0530][gc,task     ] GC(80) Using 9 workers of 9 for evacuation
[2025-01-08T20:26:49.604+0530][gc,mmu      ] GC(80) MMU target violated: 20.3ms (20.0ms/21.0ms)
[2025-01-08T20:26:49.604+0530][gc,phases   ] GC(80)   Pre Evacuate Collection Set: 1.4ms
[2025-01-08T20:26:49.604+0530][gc,phases   ] GC(80)   Merge Heap Roots: 0.4ms
[2025-01-08T20:26:49.604+0530][gc,phases   ] GC(80)   Evacuate Collection Set: 15.2ms
[2025-01-08T20:26:49.604+0530][gc,phases   ] GC(80)   Post Evacuate Collection Set: 2.4ms
[2025-01-08T20:26:49.604+0530][gc,phases   ] GC(80)   Other: 2.1ms
[2025-01-08T20:26:49.604+0530][gc,heap     ] GC(80) Eden regions: 611->0(453)
[2025-01-08T20:26:49.604+0530][gc,heap     ] GC(80) Survivor regions: 3->4(77)
[2025-01-08T20:26:49.605+0530][gc,heap     ] GC(80) Old regions: 60->60
[2025-01-08T20:26:49.605+0530][gc,heap     ] GC(80) Humongous regions: 131->131
[2025-01-08T20:26:49.605+0530][gc,metaspace] GC(80) Metaspace: 43386K(44032K)->43386K(44032K) NonClass: 38372K(38720K)->38372K(38720K) Class: 5013K(5312K)->5013K(5312K)
[2025-01-08T20:26:49.605+0530][gc          ] GC(80) Pause Young (Concurrent Start) (G1 Evacuation Pause) 804M->194M(1024M) 29.784ms
[2025-01-08T20:26:49.605+0530][gc,cpu      ] GC(80) User=0.01s Sys=0.02s Real=0.03s
[2025-01-08T20:26:49.605+0530][gc          ] GC(81) Concurrent Mark Cycle
[2025-01-08T20:26:49.605+0530][gc,marking  ] GC(81) Concurrent Scan Root Regions
[2025-01-08T20:26:49.607+0530][gc,marking  ] GC(81) Concurrent Scan Root Regions 2.152ms
[2025-01-08T20:26:49.607+0530][gc,marking  ] GC(81) Concurrent Mark
[2025-01-08T20:26:49.607+0530][gc,marking  ] GC(81) Concurrent Mark From Roots
[2025-01-08T20:26:49.607+0530][gc,task     ] GC(81) Using 2 workers of 2 for marking
[2025-01-08T20:26:49.627+0530][gc,marking  ] GC(81) Concurrent Mark From Roots 19.623ms
[2025-01-08T20:26:49.627+0530][gc,marking  ] GC(81) Concurrent Preclean
[2025-01-08T20:26:49.627+0530][gc,marking  ] GC(81) Concurrent Preclean 0.132ms
[2025-01-08T20:26:49.627+0530][gc,start    ] GC(81) Pause Remark
[2025-01-08T20:26:49.640+0530][gc          ] GC(81) Pause Remark 194M->181M(1024M) 12.900ms
[2025-01-08T20:26:49.640+0530][gc,cpu      ] GC(81) User=0.01s Sys=0.05s Real=0.02s
[2025-01-08T20:26:49.640+0530][gc,marking  ] GC(81) Concurrent Mark 32.867ms
[2025-01-08T20:26:49.640+0530][gc,marking  ] GC(81) Concurrent Rebuild Remembered Sets and Scrub Regions
[2025-01-08T20:26:49.648+0530][gc,marking  ] GC(81) Concurrent Rebuild Remembered Sets and Scrub Regions 8.618ms
[2025-01-08T20:26:49.649+0530][gc,start    ] GC(81) Pause Cleanup
[2025-01-08T20:26:49.649+0530][gc          ] GC(81) Pause Cleanup 181M->181M(1024M) 0.145ms
[2025-01-08T20:26:49.649+0530][gc,cpu      ] GC(81) User=0.00s Sys=0.00s Real=0.00s
[2025-01-08T20:26:49.649+0530][gc,marking  ] GC(81) Concurrent Clear Claimed Marks
[2025-01-08T20:26:49.649+0530][gc,marking  ] GC(81) Concurrent Clear Claimed Marks 0.035ms
[2025-01-08T20:26:49.649+0530][gc,marking  ] GC(81) Concurrent Cleanup for Next Mark
[2025-01-08T20:26:49.650+0530][gc,marking  ] GC(81) Concurrent Cleanup for Next Mark 1.573ms
[2025-01-08T20:26:49.650+0530][gc          ] GC(81) Concurrent Mark Cycle 45.556ms
[2025-01-08T20:57:19.121+0530][gc,start    ] GC(82) Pause Young (Prepare Mixed) (G1 Evacuation Pause)
[2025-01-08T20:57:19.123+0530][gc,task     ] GC(82) Using 9 workers of 9 for evacuation
[2025-01-08T20:57:19.128+0530][gc,phases   ] GC(82)   Pre Evacuate Collection Set: 0.8ms
[2025-01-08T20:57:19.128+0530][gc,phases   ] GC(82)   Merge Heap Roots: 0.2ms
[2025-01-08T20:57:19.128+0530][gc,phases   ] GC(82)   Evacuate Collection Set: 3.7ms
[2025-01-08T20:57:19.128+0530][gc,phases   ] GC(82)   Post Evacuate Collection Set: 0.6ms
[2025-01-08T20:57:19.129+0530][gc,phases   ] GC(82)   Other: 0.4ms
[2025-01-08T20:57:19.129+0530][gc,heap     ] GC(82) Eden regions: 610->0(611)
[2025-01-08T20:57:19.129+0530][gc,heap     ] GC(82) Survivor regions: 4->3(77)
[2025-01-08T20:57:19.129+0530][gc,heap     ] GC(82) Old regions: 47->47
[2025-01-08T20:57:19.129+0530][gc,heap     ] GC(82) Humongous regions: 131->131
[2025-01-08T20:57:19.129+0530][gc,metaspace] GC(82) Metaspace: 43386K(44032K)->43386K(44032K) NonClass: 38372K(38720K)->38372K(38720K) Class: 5013K(5312K)->5013K(5312K)
[2025-01-08T20:57:19.129+0530][gc          ] GC(82) Pause Young (Prepare Mixed) (G1 Evacuation Pause) 791M->180M(1024M) 8.084ms
[2025-01-08T20:57:19.129+0530][gc,cpu      ] GC(82) User=0.01s Sys=0.02s Real=0.00s
[2025-01-08T21:27:57.575+0530][gc,start    ] GC(83) Pause Young (Mixed) (G1 Evacuation Pause)
[2025-01-08T21:27:57.577+0530][gc,task     ] GC(83) Using 9 workers of 9 for evacuation
[2025-01-08T21:27:57.601+0530][gc,mmu      ] GC(83) MMU target violated: 21.0ms (20.0ms/21.0ms)
[2025-01-08T21:27:57.601+0530][gc,phases   ] GC(83)   Pre Evacuate Collection Set: 1.5ms
[2025-01-08T21:27:57.601+0530][gc,phases   ] GC(83)   Merge Heap Roots: 0.5ms
[2025-01-08T21:27:57.601+0530][gc,phases   ] GC(83)   Evacuate Collection Set: 19.4ms
[2025-01-08T21:27:57.601+0530][gc,phases   ] GC(83)   Post Evacuate Collection Set: 1.2ms
[2025-01-08T21:27:57.601+0530][gc,phases   ] GC(83)   Other: 1.7ms
[2025-01-08T21:27:57.601+0530][gc,heap     ] GC(83) Eden regions: 611->0(610)
[2025-01-08T21:27:57.601+0530][gc,heap     ] GC(83) Survivor regions: 3->4(77)
[2025-01-08T21:27:57.601+0530][gc,heap     ] GC(83) Old regions: 47->43
[2025-01-08T21:27:57.601+0530][gc,heap     ] GC(83) Humongous regions: 131->131
[2025-01-08T21:27:57.601+0530][gc,metaspace] GC(83) Metaspace: 43389K(44032K)->43389K(44032K) NonClass: 38375K(38720K)->38375K(38720K) Class: 5013K(5312K)->5013K(5312K)
[2025-01-08T21:27:57.601+0530][gc          ] GC(83) Pause Young (Mixed) (G1 Evacuation Pause) 791M->176M(1024M) 28.226ms
[2025-01-08T21:27:57.601+0530][gc,cpu      ] GC(83) User=0.01s Sys=0.02s Real=0.03s
[2025-01-08T21:58:21.752+0530][gc,start    ] GC(84) Pause Young (Concurrent Start) (G1 Evacuation Pause)
[2025-01-08T21:58:21.755+0530][gc,task     ] GC(84) Using 9 workers of 9 for evacuation
[2025-01-08T21:58:21.778+0530][gc,mmu      ] GC(84) MMU target violated: 21.0ms (20.0ms/21.0ms)
[2025-01-08T21:58:21.778+0530][gc,phases   ] GC(84)   Pre Evacuate Collection Set: 2.0ms
[2025-01-08T21:58:21.778+0530][gc,phases   ] GC(84)   Merge Heap Roots: 2.9ms
[2025-01-08T21:58:21.778+0530][gc,phases   ] GC(84)   Evacuate Collection Set: 14.1ms
[2025-01-08T21:58:21.778+0530][gc,phases   ] GC(84)   Post Evacuate Collection Set: 2.7ms
[2025-01-08T21:58:21.779+0530][gc,phases   ] GC(84)   Other: 2.5ms
[2025-01-08T21:58:21.779+0530][gc,heap     ] GC(84) Eden regions: 610->0(301)
[2025-01-08T21:58:21.779+0530][gc,heap     ] GC(84) Survivor regions: 4->3(77)
[2025-01-08T21:58:21.779+0530][gc,heap     ] GC(84) Old regions: 43->43
[2025-01-08T21:58:21.779+0530][gc,heap     ] GC(84) Humongous regions: 131->131
[2025-01-08T21:58:21.779+0530][gc,metaspace] GC(84) Metaspace: 43398K(44096K)->43398K(44096K) NonClass: 38384K(38784K)->38384K(38784K) Class: 5013K(5312K)->5013K(5312K)
[2025-01-08T21:58:21.779+0530][gc          ] GC(84) Pause Young (Concurrent Start) (G1 Evacuation Pause) 786M->176M(1024M) 28.361ms
[2025-01-08T21:58:21.779+0530][gc          ] GC(85) Concurrent Mark Cycle
[2025-01-08T21:58:21.779+0530][gc,cpu      ] GC(84) User=0.01s Sys=0.03s Real=0.02s
[2025-01-08T21:58:21.779+0530][gc,marking  ] GC(85) Concurrent Scan Root Regions
[2025-01-08T21:58:21.784+0530][gc,marking  ] GC(85) Concurrent Scan Root Regions 4.968ms
[2025-01-08T21:58:21.784+0530][gc,marking  ] GC(85) Concurrent Mark
[2025-01-08T21:58:21.784+0530][gc,marking  ] GC(85) Concurrent Mark From Roots
[2025-01-08T21:58:21.784+0530][gc,task     ] GC(85) Using 2 workers of 2 for marking
[2025-01-08T21:58:21.800+0530][gc,marking  ] GC(85) Concurrent Mark From Roots 15.755ms
[2025-01-08T21:58:21.800+0530][gc,marking  ] GC(85) Concurrent Preclean
[2025-01-08T21:58:21.800+0530][gc,marking  ] GC(85) Concurrent Preclean 0.084ms
[2025-01-08T21:58:21.800+0530][gc,start    ] GC(85) Pause Remark
[2025-01-08T21:58:21.808+0530][gc          ] GC(85) Pause Remark 178M->178M(1024M) 8.547ms
[2025-01-08T21:58:21.808+0530][gc,cpu      ] GC(85) User=0.01s Sys=0.02s Real=0.00s
[2025-01-08T21:58:21.808+0530][gc,marking  ] GC(85) Concurrent Mark 24.565ms
[2025-01-08T21:58:21.809+0530][gc,marking  ] GC(85) Concurrent Rebuild Remembered Sets and Scrub Regions
[2025-01-08T21:58:21.816+0530][gc,marking  ] GC(85) Concurrent Rebuild Remembered Sets and Scrub Regions 7.901ms
[2025-01-08T21:58:21.816+0530][gc,start    ] GC(85) Pause Cleanup
[2025-01-08T21:58:21.817+0530][gc          ] GC(85) Pause Cleanup 178M->178M(1024M) 0.147ms
[2025-01-08T21:58:21.817+0530][gc,cpu      ] GC(85) User=0.00s Sys=0.00s Real=0.00s
[2025-01-08T21:58:21.817+0530][gc,marking  ] GC(85) Concurrent Clear Claimed Marks
[2025-01-08T21:58:21.817+0530][gc,marking  ] GC(85) Concurrent Clear Claimed Marks 0.038ms
[2025-01-08T21:58:21.817+0530][gc,marking  ] GC(85) Concurrent Cleanup for Next Mark
[2025-01-08T21:58:21.820+0530][gc,marking  ] GC(85) Concurrent Cleanup for Next Mark 2.845ms
[2025-01-08T21:58:21.820+0530][gc          ] GC(85) Concurrent Mark Cycle 40.699ms
[2025-01-08T22:29:01.392+0530][gc,start    ] GC(86) Pause Young (Prepare Mixed) (G1 Evacuation Pause)
[2025-01-08T22:29:01.396+0530][gc,task     ] GC(86) Using 9 workers of 9 for evacuation
[2025-01-08T22:29:01.412+0530][gc,phases   ] GC(86)   Pre Evacuate Collection Set: 1.5ms
[2025-01-08T22:29:01.412+0530][gc,phases   ] GC(86)   Merge Heap Roots: 0.4ms
[2025-01-08T22:29:01.412+0530][gc,phases   ] GC(86)   Evacuate Collection Set: 11.6ms
[2025-01-08T22:29:01.412+0530][gc,phases   ] GC(86)   Post Evacuate Collection Set: 1.7ms
[2025-01-08T22:29:01.412+0530][gc,phases   ] GC(86)   Other: 0.4ms
[2025-01-08T22:29:01.412+0530][gc,heap     ] GC(86) Eden regions: 611->0(65)
[2025-01-08T22:29:01.412+0530][gc,heap     ] GC(86) Survivor regions: 3->4(77)
[2025-01-08T22:29:01.412+0530][gc,heap     ] GC(86) Old regions: 43->43
[2025-01-08T22:29:01.412+0530][gc,heap     ] GC(86) Humongous regions: 131->131
[2025-01-08T22:29:01.412+0530][gc,metaspace] GC(86) Metaspace: 43403K(44096K)->43403K(44096K) NonClass: 38389K(38784K)->38389K(38784K) Class: 5013K(5312K)->5013K(5312K)
[2025-01-08T22:29:01.413+0530][gc          ] GC(86) Pause Young (Prepare Mixed) (G1 Evacuation Pause) 787M->176M(1024M) 21.305ms
[2025-01-08T22:29:01.413+0530][gc,cpu      ] GC(86) User=0.02s Sys=0.02s Real=0.02s
[2025-01-08T22:59:27.600+0530][gc,start    ] GC(87) Pause Young (Mixed) (G1 Evacuation Pause)
[2025-01-08T22:59:27.603+0530][gc,task     ] GC(87) Using 9 workers of 9 for evacuation
[2025-01-08T22:59:27.628+0530][gc,mmu      ] GC(87) MMU target violated: 21.0ms (20.0ms/21.0ms)
[2025-01-08T22:59:27.628+0530][gc,phases   ] GC(87)   Pre Evacuate Collection Set: 1.1ms
[2025-01-08T22:59:27.628+0530][gc,phases   ] GC(87)   Merge Heap Roots: 0.4ms
[2025-01-08T22:59:27.628+0530][gc,phases   ] GC(87)   Evacuate Collection Set: 11.7ms
[2025-01-08T22:59:27.628+0530][gc,phases   ] GC(87)   Post Evacuate Collection Set: 10.0ms
[2025-01-08T22:59:27.628+0530][gc,phases   ] GC(87)   Other: 2.1ms
[2025-01-08T22:59:27.628+0530][gc,heap     ] GC(87) Eden regions: 610->0(136)
[2025-01-08T22:59:27.628+0530][gc,heap     ] GC(87) Survivor regions: 4->3(77)
[2025-01-08T22:59:27.628+0530][gc,heap     ] GC(87) Old regions: 43->39
[2025-01-08T22:59:27.628+0530][gc,heap     ] GC(87) Humongous regions: 131->131
[2025-01-08T22:59:27.628+0530][gc,metaspace] GC(87) Metaspace: 43403K(44096K)->43403K(44096K) NonClass: 38389K(38784K)->38389K(38784K) Class: 5013K(5312K)->5013K(5312K)
[2025-01-08T22:59:27.629+0530][gc          ] GC(87) Pause Young (Mixed) (G1 Evacuation Pause) 786M->172M(1024M) 30.040ms
[2025-01-08T22:59:27.629+0530][gc,cpu      ] GC(87) User=0.01s Sys=0.02s Real=0.03s
[2025-01-08T23:30:07.625+0530][gc,start    ] GC(88) Pause Young (Concurrent Start) (G1 Evacuation Pause)
[2025-01-08T23:30:07.628+0530][gc,task     ] GC(88) Using 9 workers of 9 for evacuation
[2025-01-08T23:30:07.648+0530][gc,phases   ] GC(88)   Pre Evacuate Collection Set: 2.4ms
[2025-01-08T23:30:07.648+0530][gc,phases   ] GC(88)   Merge Heap Roots: 0.4ms
[2025-01-08T23:30:07.648+0530][gc,phases   ] GC(88)   Evacuate Collection Set: 14.5ms
[2025-01-08T23:30:07.648+0530][gc,phases   ] GC(88)   Post Evacuate Collection Set: 1.8ms
[2025-01-08T23:30:07.648+0530][gc,phases   ] GC(88)   Other: 1.5ms
[2025-01-08T23:30:07.648+0530][gc,heap     ] GC(88) Eden regions: 611->0(611)
[2025-01-08T23:30:07.648+0530][gc,heap     ] GC(88) Survivor regions: 3->3(77)
[2025-01-08T23:30:07.648+0530][gc,heap     ] GC(88) Old regions: 39->39
[2025-01-08T23:30:07.648+0530][gc,heap     ] GC(88) Humongous regions: 131->131
[2025-01-08T23:30:07.648+0530][gc,metaspace] GC(88) Metaspace: 43407K(44096K)->43407K(44096K) NonClass: 38393K(38784K)->38393K(38784K) Class: 5013K(5312K)->5013K(5312K)
[2025-01-08T23:30:07.648+0530][gc          ] GC(88) Pause Young (Concurrent Start) (G1 Evacuation Pause) 783M->172M(1024M) 23.884ms
[2025-01-08T23:30:07.648+0530][gc          ] GC(89) Concurrent Mark Cycle
[2025-01-08T23:30:07.648+0530][gc,cpu      ] GC(88) User=0.01s Sys=0.02s Real=0.02s
[2025-01-08T23:30:07.648+0530][gc,marking  ] GC(89) Concurrent Scan Root Regions
[2025-01-08T23:30:07.651+0530][gc,marking  ] GC(89) Concurrent Scan Root Regions 2.897ms
[2025-01-08T23:30:07.651+0530][gc,marking  ] GC(89) Concurrent Mark
[2025-01-08T23:30:07.651+0530][gc,marking  ] GC(89) Concurrent Mark From Roots
[2025-01-08T23:30:07.651+0530][gc,task     ] GC(89) Using 2 workers of 2 for marking
[2025-01-08T23:30:07.663+0530][gc,marking  ] GC(89) Concurrent Mark From Roots 11.362ms
[2025-01-08T23:30:07.663+0530][gc,marking  ] GC(89) Concurrent Preclean
[2025-01-08T23:30:07.663+0530][gc,marking  ] GC(89) Concurrent Preclean 0.083ms
[2025-01-08T23:30:07.663+0530][gc,start    ] GC(89) Pause Remark
[2025-01-08T23:30:07.670+0530][gc          ] GC(89) Pause Remark 174M->174M(1024M) 6.873ms
[2025-01-08T23:30:07.670+0530][gc,cpu      ] GC(89) User=0.00s Sys=0.03s Real=0.01s
[2025-01-08T23:30:07.670+0530][gc,marking  ] GC(89) Concurrent Mark 18.472ms
[2025-01-08T23:30:07.670+0530][gc,marking  ] GC(89) Concurrent Rebuild Remembered Sets and Scrub Regions
[2025-01-08T23:30:07.676+0530][gc,marking  ] GC(89) Concurrent Rebuild Remembered Sets and Scrub Regions 5.819ms
[2025-01-08T23:30:07.676+0530][gc,start    ] GC(89) Pause Cleanup
[2025-01-08T23:30:07.676+0530][gc          ] GC(89) Pause Cleanup 174M->174M(1024M) 0.149ms
[2025-01-08T23:30:07.676+0530][gc,cpu      ] GC(89) User=0.00s Sys=0.00s Real=0.00s
[2025-01-08T23:30:07.676+0530][gc,marking  ] GC(89) Concurrent Clear Claimed Marks
[2025-01-08T23:30:07.676+0530][gc,marking  ] GC(89) Concurrent Clear Claimed Marks 0.051ms
[2025-01-08T23:30:07.676+0530][gc,marking  ] GC(89) Concurrent Cleanup for Next Mark
[2025-01-08T23:30:07.678+0530][gc,marking  ] GC(89) Concurrent Cleanup for Next Mark 1.740ms
[2025-01-08T23:30:07.678+0530][gc          ] GC(89) Concurrent Mark Cycle 29.363ms
[2025-01-09T00:00:34.979+0530][gc,start    ] GC(90) Pause Young (Prepare Mixed) (G1 Evacuation Pause)
[2025-01-09T00:00:34.980+0530][gc,task     ] GC(90) Using 9 workers of 9 for evacuation
[2025-01-09T00:00:35.003+0530][gc,mmu      ] GC(90) MMU target violated: 21.0ms (20.0ms/21.0ms)
[2025-01-09T00:00:35.003+0530][gc,phases   ] GC(90)   Pre Evacuate Collection Set: 2.1ms
[2025-01-09T00:00:35.003+0530][gc,phases   ] GC(90)   Merge Heap Roots: 0.6ms
[2025-01-09T00:00:35.003+0530][gc,phases   ] GC(90)   Evacuate Collection Set: 17.8ms
[2025-01-09T00:00:35.003+0530][gc,phases   ] GC(90)   Post Evacuate Collection Set: 2.1ms
[2025-01-09T00:00:35.004+0530][gc,phases   ] GC(90)   Other: 0.4ms
[2025-01-09T00:00:35.004+0530][gc,heap     ] GC(90) Eden regions: 611->0(88)
[2025-01-09T00:00:35.004+0530][gc,heap     ] GC(90) Survivor regions: 3->3(77)
[2025-01-09T00:00:35.004+0530][gc,heap     ] GC(90) Old regions: 39->39
[2025-01-09T00:00:35.004+0530][gc,heap     ] GC(90) Humongous regions: 131->131
[2025-01-09T00:00:35.004+0530][gc,metaspace] GC(90) Metaspace: 43409K(44096K)->43409K(44096K) NonClass: 38395K(38784K)->38395K(38784K) Class: 5013K(5312K)->5013K(5312K)
[2025-01-09T00:00:35.004+0530][gc          ] GC(90) Pause Young (Prepare Mixed) (G1 Evacuation Pause) 783M->172M(1024M) 25.021ms
[2025-01-09T00:00:35.004+0530][gc,cpu      ] GC(90) User=0.02s Sys=0.05s Real=0.03s
[2025-01-09T00:12:56.035+0530][gc,start    ] GC(91) Pause Young (Mixed) (G1 Evacuation Pause)
[2025-01-09T00:12:56.038+0530][gc,task     ] GC(91) Using 9 workers of 9 for evacuation
[2025-01-09T00:12:56.065+0530][gc,mmu      ] GC(91) MMU target violated: 21.0ms (20.0ms/21.0ms)
[2025-01-09T00:12:56.066+0530][gc,phases   ] GC(91)   Pre Evacuate Collection Set: 4.5ms
[2025-01-09T00:12:56.066+0530][gc,phases   ] GC(91)   Merge Heap Roots: 0.9ms
[2025-01-09T00:12:56.066+0530][gc,phases   ] GC(91)   Evacuate Collection Set: 19.0ms
[2025-01-09T00:12:56.066+0530][gc,phases   ] GC(91)   Post Evacuate Collection Set: 1.2ms
[2025-01-09T00:12:56.066+0530][gc,phases   ] GC(91)   Other: 2.3ms
[2025-01-09T00:12:56.066+0530][gc,heap     ] GC(91) Eden regions: 247->0(68)
[2025-01-09T00:12:56.066+0530][gc,heap     ] GC(91) Survivor regions: 3->5(32)
[2025-01-09T00:12:56.066+0530][gc,heap     ] GC(91) Old regions: 39->36
[2025-01-09T00:12:56.066+0530][gc,heap     ] GC(91) Humongous regions: 131->131
[2025-01-09T00:12:56.066+0530][gc,metaspace] GC(91) Metaspace: 43411K(44096K)->43411K(44096K) NonClass: 38398K(38784K)->38398K(38784K) Class: 5013K(5312K)->5013K(5312K)
[2025-01-09T00:12:56.067+0530][gc          ] GC(91) Pause Young (Mixed) (G1 Evacuation Pause) 419M->171M(1024M) 32.907ms
[2025-01-09T00:12:56.067+0530][gc,cpu      ] GC(91) User=0.01s Sys=0.04s Real=0.03s
[2025-01-09T00:21:28.882+0530][gc,start    ] GC(92) Pause Young (Concurrent Start) (G1 Evacuation Pause)
[2025-01-09T00:21:28.885+0530][gc,task     ] GC(92) Using 9 workers of 9 for evacuation
[2025-01-09T00:21:28.903+0530][gc,phases   ] GC(92)   Pre Evacuate Collection Set: 1.8ms
[2025-01-09T00:21:28.903+0530][gc,phases   ] GC(92)   Merge Heap Roots: 0.3ms
[2025-01-09T00:21:28.903+0530][gc,phases   ] GC(92)   Evacuate Collection Set: 13.6ms
[2025-01-09T00:21:28.903+0530][gc,phases   ] GC(92)   Post Evacuate Collection Set: 0.9ms
[2025-01-09T00:21:28.903+0530][gc,phases   ] GC(92)   Other: 1.6ms
[2025-01-09T00:21:28.903+0530][gc,heap     ] GC(92) Eden regions: 172->0(70)
[2025-01-09T00:21:28.903+0530][gc,heap     ] GC(92) Survivor regions: 5->5(23)
[2025-01-09T00:21:28.903+0530][gc,heap     ] GC(92) Old regions: 36->36
[2025-01-09T00:21:28.903+0530][gc,heap     ] GC(92) Humongous regions: 131->131
[2025-01-09T00:21:28.903+0530][gc,metaspace] GC(92) Metaspace: 43411K(44096K)->43411K(44096K) NonClass: 38398K(38784K)->38398K(38784K) Class: 5013K(5312K)->5013K(5312K)
[2025-01-09T00:21:28.904+0530][gc          ] GC(92) Pause Young (Concurrent Start) (G1 Evacuation Pause) 343M->171M(1024M) 21.986ms
[2025-01-09T00:21:28.904+0530][gc,cpu      ] GC(92) User=0.02s Sys=0.02s Real=0.02s
[2025-01-09T00:21:28.904+0530][gc          ] GC(93) Concurrent Mark Cycle
[2025-01-09T00:21:28.904+0530][gc,marking  ] GC(93) Concurrent Scan Root Regions
[2025-01-09T00:21:28.906+0530][gc,marking  ] GC(93) Concurrent Scan Root Regions 2.651ms
[2025-01-09T00:21:28.906+0530][gc,marking  ] GC(93) Concurrent Mark
[2025-01-09T00:21:28.906+0530][gc,marking  ] GC(93) Concurrent Mark From Roots
[2025-01-09T00:21:28.906+0530][gc,task     ] GC(93) Using 2 workers of 2 for marking
[2025-01-09T00:21:28.918+0530][gc,marking  ] GC(93) Concurrent Mark From Roots 11.396ms
[2025-01-09T00:21:28.918+0530][gc,marking  ] GC(93) Concurrent Preclean
[2025-01-09T00:21:28.918+0530][gc,marking  ] GC(93) Concurrent Preclean 0.056ms
[2025-01-09T00:21:28.918+0530][gc,start    ] GC(93) Pause Remark
[2025-01-09T00:21:28.926+0530][gc          ] GC(93) Pause Remark 173M->173M(1024M) 8.261ms
[2025-01-09T00:21:28.926+0530][gc,cpu      ] GC(93) User=0.00s Sys=0.03s Real=0.01s
[2025-01-09T00:21:28.926+0530][gc,marking  ] GC(93) Concurrent Mark 19.872ms
[2025-01-09T00:21:28.926+0530][gc,marking  ] GC(93) Concurrent Rebuild Remembered Sets and Scrub Regions
[2025-01-09T00:21:28.934+0530][gc,marking  ] GC(93) Concurrent Rebuild Remembered Sets and Scrub Regions 7.506ms
[2025-01-09T00:21:28.934+0530][gc,start    ] GC(93) Pause Cleanup
[2025-01-09T00:21:28.934+0530][gc          ] GC(93) Pause Cleanup 173M->173M(1024M) 0.123ms
[2025-01-09T00:21:28.934+0530][gc,cpu      ] GC(93) User=0.00s Sys=0.00s Real=0.00s
[2025-01-09T00:21:28.934+0530][gc,marking  ] GC(93) Concurrent Clear Claimed Marks
[2025-01-09T00:21:28.934+0530][gc,marking  ] GC(93) Concurrent Clear Claimed Marks 0.062ms
[2025-01-09T00:21:28.934+0530][gc,marking  ] GC(93) Concurrent Cleanup for Next Mark
[2025-01-09T00:21:28.936+0530][gc,marking  ] GC(93) Concurrent Cleanup for Next Mark 1.593ms
[2025-01-09T00:21:28.936+0530][gc          ] GC(93) Concurrent Mark Cycle 31.988ms
[2025-01-09T00:27:38.650+0530][gc,start    ] GC(94) Pause Young (Prepare Mixed) (G1 Evacuation Pause)
[2025-01-09T00:27:38.651+0530][gc,task     ] GC(94) Using 9 workers of 9 for evacuation
[2025-01-09T00:27:38.669+0530][gc,phases   ] GC(94)   Pre Evacuate Collection Set: 1.0ms
[2025-01-09T00:27:38.669+0530][gc,phases   ] GC(94)   Merge Heap Roots: 0.4ms
[2025-01-09T00:27:38.669+0530][gc,phases   ] GC(94)   Evacuate Collection Set: 13.4ms
[2025-01-09T00:27:38.669+0530][gc,phases   ] GC(94)   Post Evacuate Collection Set: 1.4ms
[2025-01-09T00:27:38.669+0530][gc,phases   ] GC(94)   Other: 0.7ms
[2025-01-09T00:27:38.669+0530][gc,heap     ] GC(94) Eden regions: 125->0(46)
[2025-01-09T00:27:38.669+0530][gc,heap     ] GC(94) Survivor regions: 5->5(17)
[2025-01-09T00:27:38.669+0530][gc,heap     ] GC(94) Old regions: 36->36
[2025-01-09T00:27:38.669+0530][gc,heap     ] GC(94) Humongous regions: 131->131
[2025-01-09T00:27:38.669+0530][gc,metaspace] GC(94) Metaspace: 43411K(44096K)->43411K(44096K) NonClass: 38398K(38784K)->38398K(38784K) Class: 5013K(5312K)->5013K(5312K)
[2025-01-09T00:27:38.669+0530][gc          ] GC(94) Pause Young (Prepare Mixed) (G1 Evacuation Pause) 296M->171M(1024M) 19.612ms
[2025-01-09T00:27:38.669+0530][gc,cpu      ] GC(94) User=0.02s Sys=0.02s Real=0.02s
[2025-01-09T00:29:53.955+0530][gc,start    ] GC(95) Pause Young (Mixed) (G1 Evacuation Pause)
[2025-01-09T00:29:53.955+0530][gc,task     ] GC(95) Using 9 workers of 9 for evacuation
[2025-01-09T00:29:53.973+0530][gc,phases   ] GC(95)   Pre Evacuate Collection Set: 0.9ms
[2025-01-09T00:29:53.973+0530][gc,phases   ] GC(95)   Merge Heap Roots: 0.3ms
[2025-01-09T00:29:53.973+0530][gc,phases   ] GC(95)   Evacuate Collection Set: 15.0ms
[2025-01-09T00:29:53.973+0530][gc,phases   ] GC(95)   Post Evacuate Collection Set: 1.6ms
[2025-01-09T00:29:53.973+0530][gc,phases   ] GC(95)   Other: 0.3ms
[2025-01-09T00:29:53.973+0530][gc,heap     ] GC(95) Eden regions: 46->0(330)
[2025-01-09T00:29:53.973+0530][gc,heap     ] GC(95) Survivor regions: 5->4(7)
[2025-01-09T00:29:53.973+0530][gc,heap     ] GC(95) Old regions: 36->34
[2025-01-09T00:29:53.973+0530][gc,heap     ] GC(95) Humongous regions: 131->131
[2025-01-09T00:29:53.973+0530][gc,metaspace] GC(95) Metaspace: 43412K(44096K)->43412K(44096K) NonClass: 38398K(38784K)->38398K(38784K) Class: 5013K(5312K)->5013K(5312K)
[2025-01-09T00:29:53.973+0530][gc          ] GC(95) Pause Young (Mixed) (G1 Evacuation Pause) 217M->168M(1024M) 18.722ms
[2025-01-09T00:29:53.973+0530][gc,cpu      ] GC(95) User=0.02s Sys=0.02s Real=0.02s
[2025-01-09T00:54:12.775+0530][gc,start    ] GC(96) Pause Young (Concurrent Start) (G1 Evacuation Pause)
[2025-01-09T00:54:12.776+0530][gc,task     ] GC(96) Using 9 workers of 9 for evacuation
[2025-01-09T00:54:12.800+0530][gc,mmu      ] GC(96) MMU target violated: 21.0ms (20.0ms/21.0ms)
[2025-01-09T00:54:12.800+0530][gc,phases   ] GC(96)   Pre Evacuate Collection Set: 1.1ms
[2025-01-09T00:54:12.800+0530][gc,phases   ] GC(96)   Merge Heap Roots: 0.5ms
[2025-01-09T00:54:12.800+0530][gc,phases   ] GC(96)   Evacuate Collection Set: 19.8ms
[2025-01-09T00:54:12.800+0530][gc,phases   ] GC(96)   Post Evacuate Collection Set: 2.0ms
[2025-01-09T00:54:12.800+0530][gc,phases   ] GC(96)   Other: 1.3ms
[2025-01-09T00:54:12.800+0530][gc,heap     ] GC(96) Eden regions: 495->0(66)
[2025-01-09T00:54:12.800+0530][gc,heap     ] GC(96) Survivor regions: 4->5(63)
[2025-01-09T00:54:12.800+0530][gc,heap     ] GC(96) Old regions: 34->34
[2025-01-09T00:54:12.800+0530][gc,heap     ] GC(96) Humongous regions: 131->131
[2025-01-09T00:54:12.800+0530][gc,metaspace] GC(96) Metaspace: 43422K(44096K)->43422K(44096K) NonClass: 38406K(38784K)->38406K(38784K) Class: 5016K(5312K)->5016K(5312K)
[2025-01-09T00:54:12.801+0530][gc          ] GC(96) Pause Young (Concurrent Start) (G1 Evacuation Pause) 663M->169M(1024M) 25.979ms
[2025-01-09T00:54:12.801+0530][gc,cpu      ] GC(96) User=0.02s Sys=0.03s Real=0.03s
[2025-01-09T00:54:12.801+0530][gc          ] GC(97) Concurrent Mark Cycle
[2025-01-09T00:54:12.801+0530][gc,marking  ] GC(97) Concurrent Scan Root Regions
[2025-01-09T00:54:12.809+0530][gc,marking  ] GC(97) Concurrent Scan Root Regions 8.401ms
[2025-01-09T00:54:12.809+0530][gc,marking  ] GC(97) Concurrent Mark
[2025-01-09T00:54:12.809+0530][gc,marking  ] GC(97) Concurrent Mark From Roots
[2025-01-09T00:54:12.809+0530][gc,task     ] GC(97) Using 2 workers of 2 for marking
[2025-01-09T00:54:12.821+0530][gc,marking  ] GC(97) Concurrent Mark From Roots 12.398ms
[2025-01-09T00:54:12.822+0530][gc,marking  ] GC(97) Concurrent Preclean
[2025-01-09T00:54:12.822+0530][gc,marking  ] GC(97) Concurrent Preclean 0.075ms
[2025-01-09T00:54:12.822+0530][gc,start    ] GC(97) Pause Remark
[2025-01-09T00:54:12.828+0530][gc          ] GC(97) Pause Remark 171M->171M(1024M) 6.525ms
[2025-01-09T00:54:12.828+0530][gc,cpu      ] GC(97) User=0.01s Sys=0.03s Real=0.00s
[2025-01-09T00:54:12.828+0530][gc,marking  ] GC(97) Concurrent Mark 19.169ms
[2025-01-09T00:54:12.828+0530][gc,marking  ] GC(97) Concurrent Rebuild Remembered Sets and Scrub Regions
[2025-01-09T00:54:12.835+0530][gc,marking  ] GC(97) Concurrent Rebuild Remembered Sets and Scrub Regions 7.046ms
[2025-01-09T00:54:12.835+0530][gc,start    ] GC(97) Pause Cleanup
[2025-01-09T00:54:12.836+0530][gc          ] GC(97) Pause Cleanup 172M->172M(1024M) 0.172ms
[2025-01-09T00:54:12.836+0530][gc,cpu      ] GC(97) User=0.00s Sys=0.00s Real=0.00s
[2025-01-09T00:54:12.836+0530][gc,marking  ] GC(97) Concurrent Clear Claimed Marks
[2025-01-09T00:54:12.836+0530][gc,marking  ] GC(97) Concurrent Clear Claimed Marks 0.041ms
[2025-01-09T00:54:12.836+0530][gc,marking  ] GC(97) Concurrent Cleanup for Next Mark
[2025-01-09T00:54:12.839+0530][gc,marking  ] GC(97) Concurrent Cleanup for Next Mark 3.006ms
[2025-01-09T00:54:12.839+0530][gc          ] GC(97) Concurrent Mark Cycle 38.105ms
[2025-01-09T00:56:27.780+0530][gc,start    ] GC(98) Pause Young (Prepare Mixed) (G1 Evacuation Pause)
[2025-01-09T00:56:27.782+0530][gc,task     ] GC(98) Using 9 workers of 9 for evacuation
[2025-01-09T00:56:27.805+0530][gc,mmu      ] GC(98) MMU target violated: 21.0ms (20.0ms/21.0ms)
[2025-01-09T00:56:27.805+0530][gc,phases   ] GC(98)   Pre Evacuate Collection Set: 1.5ms
[2025-01-09T00:56:27.805+0530][gc,phases   ] GC(98)   Merge Heap Roots: 0.4ms
[2025-01-09T00:56:27.805+0530][gc,phases   ] GC(98)   Evacuate Collection Set: 19.4ms
[2025-01-09T00:56:27.805+0530][gc,phases   ] GC(98)   Post Evacuate Collection Set: 1.1ms
[2025-01-09T00:56:27.805+0530][gc,phases   ] GC(98)   Other: 0.5ms
[2025-01-09T00:56:27.805+0530][gc,heap     ] GC(98) Eden regions: 48->0(66)
[2025-01-09T00:56:27.805+0530][gc,heap     ] GC(98) Survivor regions: 5->4(7)
[2025-01-09T00:56:27.805+0530][gc,heap     ] GC(98) Old regions: 34->36
[2025-01-09T00:56:27.805+0530][gc,heap     ] GC(98) Humongous regions: 131->131
[2025-01-09T00:56:27.806+0530][gc,metaspace] GC(98) Metaspace: 43422K(44096K)->43422K(44096K) NonClass: 38406K(38784K)->38406K(38784K) Class: 5016K(5312K)->5016K(5312K)
[2025-01-09T00:56:27.806+0530][gc          ] GC(98) Pause Young (Prepare Mixed) (G1 Evacuation Pause) 217M->169M(1024M) 27.030ms
[2025-01-09T00:56:27.806+0530][gc,cpu      ] GC(98) User=0.03s Sys=0.03s Real=0.03s
[2025-01-09T00:58:47.514+0530][gc,start    ] GC(99) Pause Young (Mixed) (G1 Evacuation Pause)
[2025-01-09T00:58:47.515+0530][gc,task     ] GC(99) Using 9 workers of 9 for evacuation
[2025-01-09T00:58:47.527+0530][gc,phases   ] GC(99)   Pre Evacuate Collection Set: 4.2ms
[2025-01-09T00:58:47.527+0530][gc,phases   ] GC(99)   Merge Heap Roots: 0.8ms
[2025-01-09T00:58:47.527+0530][gc,phases   ] GC(99)   Evacuate Collection Set: 5.7ms
[2025-01-09T00:58:47.527+0530][gc,phases   ] GC(99)   Post Evacuate Collection Set: 0.4ms
[2025-01-09T00:58:47.527+0530][gc,phases   ] GC(99)   Other: 1.2ms
[2025-01-09T00:58:47.527+0530][gc,heap     ] GC(99) Eden regions: 54->0(44)
[2025-01-09T00:58:47.527+0530][gc,heap     ] GC(99) Survivor regions: 4->7(8)
[2025-01-09T00:58:47.527+0530][gc,heap     ] GC(99) Old regions: 36->35
[2025-01-09T00:58:47.527+0530][gc,heap     ] GC(99) Humongous regions: 131->131
[2025-01-09T00:58:47.527+0530][gc,metaspace] GC(99) Metaspace: 43902K(44480K)->43902K(44480K) NonClass: 38758K(39104K)->38758K(39104K) Class: 5143K(5376K)->5143K(5376K)
[2025-01-09T00:58:47.527+0530][gc          ] GC(99) Pause Young (Mixed) (G1 Evacuation Pause) 223M->171M(1024M) 12.923ms
[2025-01-09T00:58:47.527+0530][gc,cpu      ] GC(99) User=0.03s Sys=0.01s Real=0.01s
[2025-01-09T00:58:47.969+0530][gc,heap,exit] Heap
[2025-01-09T00:58:47.969+0530][gc,heap,exit]  garbage-first heap   total 1048576K, used 179595K [0x00000007c0000000, 0x0000000800000000)
[2025-01-09T00:58:47.969+0530][gc,heap,exit]   region size 1024K, 11 young (11264K), 7 survivors (7168K)
[2025-01-09T00:58:47.970+0530][gc,heap,exit]  Metaspace       used 44061K, committed 44672K, reserved 1114112K
[2025-01-09T00:58:47.970+0530][gc,heap,exit]   class space    used 5184K, committed 5440K, reserved 1048576K
