[2025-01-13T00:02:42.171+0530][gc,init] CardTable entry size: 512
[2025-01-13T00:02:42.171+0530][gc     ] Using G1
[2025-01-13T00:02:42.173+0530][gc,init] Version: 21.0.2+13-58 (release)
[2025-01-13T00:02:42.173+0530][gc,init] CPUs: 10 total, 10 available
[2025-01-13T00:02:42.173+0530][gc,init] Memory: 16384M
[2025-01-13T00:02:42.173+0530][gc,init] Large Page Support: Disabled
[2025-01-13T00:02:42.173+0530][gc,init] NUMA Support: Disabled
[2025-01-13T00:02:42.173+0530][gc,init] Compressed Oops: Enabled (Zero based)
[2025-01-13T00:02:42.173+0530][gc,init] Heap Region Size: 1M
[2025-01-13T00:02:42.173+0530][gc,init] Heap Min Capacity: 1G
[2025-01-13T00:02:42.173+0530][gc,init] Heap Initial Capacity: 1G
[2025-01-13T00:02:42.173+0530][gc,init] Heap Max Capacity: 1G
[2025-01-13T00:02:42.173+0530][gc,init] Pre-touch: Disabled
[2025-01-13T00:02:42.173+0530][gc,init] Parallel Workers: 9
[2025-01-13T00:02:42.173+0530][gc,init] Concurrent Workers: 2
[2025-01-13T00:02:42.173+0530][gc,init] Concurrent Refinement Workers: 9
[2025-01-13T00:02:42.173+0530][gc,init] Periodic GC: Disabled
[2025-01-13T00:02:42.178+0530][gc,metaspace] CDS archive(s) mapped at: [0x0000007000000000-0x0000007000ca4000-0x0000007000ca4000), size 13254656, SharedBaseAddress: 0x0000007000000000, ArchiveRelocationMode: 1.
[2025-01-13T00:02:42.178+0530][gc,metaspace] Compressed class space mapped at: 0x0000007001000000-0x0000007041000000, reserved size: 1073741824
[2025-01-13T00:02:42.178+0530][gc,metaspace] Narrow klass base: 0x0000007000000000, Narrow klass shift: 0, Narrow klass range: 0x100000000
[2025-01-13T00:02:43.519+0530][gc,start    ] GC(0) Pause Young (Normal) (G1 Evacuation Pause)
[2025-01-13T00:02:43.519+0530][gc,task     ] GC(0) Using 9 workers of 9 for evacuation
[2025-01-13T00:02:43.521+0530][gc,phases   ] GC(0)   Pre Evacuate Collection Set: 0.1ms
[2025-01-13T00:02:43.521+0530][gc,phases   ] GC(0)   Merge Heap Roots: 0.0ms
[2025-01-13T00:02:43.521+0530][gc,phases   ] GC(0)   Evacuate Collection Set: 2.1ms
[2025-01-13T00:02:43.521+0530][gc,phases   ] GC(0)   Post Evacuate Collection Set: 0.3ms
[2025-01-13T00:02:43.521+0530][gc,phases   ] GC(0)   Other: 0.3ms
[2025-01-13T00:02:43.521+0530][gc,heap     ] GC(0) Eden regions: 51->0(44)
[2025-01-13T00:02:43.521+0530][gc,heap     ] GC(0) Survivor regions: 0->7(7)
[2025-01-13T00:02:43.521+0530][gc,heap     ] GC(0) Old regions: 2->5
[2025-01-13T00:02:43.522+0530][gc,heap     ] GC(0) Humongous regions: 2->2
[2025-01-13T00:02:43.522+0530][gc,metaspace] GC(0) Metaspace: 17220K(17408K)->17220K(17408K) NonClass: 15240K(15360K)->15240K(15360K) Class: 1980K(2048K)->1980K(2048K)
[2025-01-13T00:02:43.522+0530][gc          ] GC(0) Pause Young (Normal) (G1 Evacuation Pause) 54M->12M(1024M) 2.994ms
[2025-01-13T00:02:43.522+0530][gc,cpu      ] GC(0) User=0.02s Sys=0.00s Real=0.01s
[2025-01-13T00:02:43.661+0530][gc,start    ] GC(1) Pause Young (Concurrent Start) (Metadata GC Threshold)
[2025-01-13T00:02:43.661+0530][gc,task     ] GC(1) Using 9 workers of 9 for evacuation
[2025-01-13T00:02:43.664+0530][gc,phases   ] GC(1)   Pre Evacuate Collection Set: 0.1ms
[2025-01-13T00:02:43.664+0530][gc,phases   ] GC(1)   Merge Heap Roots: 0.0ms
[2025-01-13T00:02:43.664+0530][gc,phases   ] GC(1)   Evacuate Collection Set: 1.8ms
[2025-01-13T00:02:43.664+0530][gc,phases   ] GC(1)   Post Evacuate Collection Set: 0.2ms
[2025-01-13T00:02:43.664+0530][gc,phases   ] GC(1)   Other: 0.0ms
[2025-01-13T00:02:43.664+0530][gc,heap     ] GC(1) Eden regions: 15->0(50)
[2025-01-13T00:02:43.664+0530][gc,heap     ] GC(1) Survivor regions: 7->1(7)
[2025-01-13T00:02:43.664+0530][gc,heap     ] GC(1) Old regions: 5->12
[2025-01-13T00:02:43.664+0530][gc,heap     ] GC(1) Humongous regions: 2->2
[2025-01-13T00:02:43.664+0530][gc,metaspace] GC(1) Metaspace: 21214K(21504K)->21214K(21504K) NonClass: 18750K(18880K)->18750K(18880K) Class: 2464K(2624K)->2464K(2624K)
[2025-01-13T00:02:43.664+0530][gc          ] GC(1) Pause Young (Concurrent Start) (Metadata GC Threshold) 26M->13M(1024M) 2.317ms
[2025-01-13T00:02:43.664+0530][gc,cpu      ] GC(1) User=0.01s Sys=0.01s Real=0.00s
[2025-01-13T00:02:43.664+0530][gc          ] GC(2) Concurrent Mark Cycle
[2025-01-13T00:02:43.664+0530][gc,marking  ] GC(2) Concurrent Scan Root Regions
[2025-01-13T00:02:43.665+0530][gc,marking  ] GC(2) Concurrent Scan Root Regions 1.190ms
[2025-01-13T00:02:43.665+0530][gc,marking  ] GC(2) Concurrent Mark
[2025-01-13T00:02:43.665+0530][gc,marking  ] GC(2) Concurrent Mark From Roots
[2025-01-13T00:02:43.665+0530][gc,task     ] GC(2) Using 2 workers of 2 for marking
[2025-01-13T00:02:43.666+0530][gc,marking  ] GC(2) Concurrent Mark From Roots 1.244ms
[2025-01-13T00:02:43.666+0530][gc,marking  ] GC(2) Concurrent Preclean
[2025-01-13T00:02:43.666+0530][gc,marking  ] GC(2) Concurrent Preclean 0.007ms
[2025-01-13T00:02:43.666+0530][gc,start    ] GC(2) Pause Remark
[2025-01-13T00:02:43.667+0530][gc          ] GC(2) Pause Remark 14M->14M(1024M) 0.929ms
[2025-01-13T00:02:43.667+0530][gc,cpu      ] GC(2) User=0.00s Sys=0.00s Real=0.00s
[2025-01-13T00:02:43.667+0530][gc,marking  ] GC(2) Concurrent Mark 2.325ms
[2025-01-13T00:02:43.667+0530][gc,marking  ] GC(2) Concurrent Rebuild Remembered Sets and Scrub Regions
[2025-01-13T00:02:43.669+0530][gc,marking  ] GC(2) Concurrent Rebuild Remembered Sets and Scrub Regions 1.372ms
[2025-01-13T00:02:43.669+0530][gc,start    ] GC(2) Pause Cleanup
[2025-01-13T00:02:43.669+0530][gc          ] GC(2) Pause Cleanup 14M->14M(1024M) 0.073ms
[2025-01-13T00:02:43.669+0530][gc,cpu      ] GC(2) User=0.00s Sys=0.00s Real=0.00s
[2025-01-13T00:02:43.669+0530][gc,marking  ] GC(2) Concurrent Clear Claimed Marks
[2025-01-13T00:02:43.669+0530][gc,marking  ] GC(2) Concurrent Clear Claimed Marks 0.015ms
[2025-01-13T00:02:43.669+0530][gc,marking  ] GC(2) Concurrent Cleanup for Next Mark
[2025-01-13T00:02:43.670+0530][gc,marking  ] GC(2) Concurrent Cleanup for Next Mark 1.509ms
[2025-01-13T00:02:43.670+0530][gc          ] GC(2) Concurrent Mark Cycle 6.651ms
[2025-01-13T00:02:46.033+0530][gc,start    ] GC(3) Pause Young (Prepare Mixed) (G1 Evacuation Pause)
[2025-01-13T00:02:46.033+0530][gc,task     ] GC(3) Using 9 workers of 9 for evacuation
[2025-01-13T00:02:46.035+0530][gc,phases   ] GC(3)   Pre Evacuate Collection Set: 0.2ms
[2025-01-13T00:02:46.035+0530][gc,phases   ] GC(3)   Merge Heap Roots: 0.0ms
[2025-01-13T00:02:46.035+0530][gc,phases   ] GC(3)   Evacuate Collection Set: 1.5ms
[2025-01-13T00:02:46.035+0530][gc,phases   ] GC(3)   Post Evacuate Collection Set: 0.2ms
[2025-01-13T00:02:46.035+0530][gc,phases   ] GC(3)   Other: 0.0ms
[2025-01-13T00:02:46.035+0530][gc,heap     ] GC(3) Eden regions: 50->0(45)
[2025-01-13T00:02:46.035+0530][gc,heap     ] GC(3) Survivor regions: 1->6(7)
[2025-01-13T00:02:46.035+0530][gc,heap     ] GC(3) Old regions: 12->12
[2025-01-13T00:02:46.035+0530][gc,heap     ] GC(3) Humongous regions: 131->131
[2025-01-13T00:02:46.035+0530][gc,metaspace] GC(3) Metaspace: 30134K(30464K)->30134K(30464K) NonClass: 26790K(27008K)->26790K(27008K) Class: 3344K(3456K)->3344K(3456K)
[2025-01-13T00:02:46.035+0530][gc          ] GC(3) Pause Young (Prepare Mixed) (G1 Evacuation Pause) 192M->147M(1024M) 2.116ms
[2025-01-13T00:02:46.035+0530][gc,cpu      ] GC(3) User=0.02s Sys=0.00s Real=0.00s
[2025-01-13T00:02:46.174+0530][gc,start    ] GC(4) Pause Young (Mixed) (Metadata GC Threshold)
[2025-01-13T00:02:46.174+0530][gc,task     ] GC(4) Using 9 workers of 9 for evacuation
[2025-01-13T00:02:46.176+0530][gc,phases   ] GC(4)   Pre Evacuate Collection Set: 0.1ms
[2025-01-13T00:02:46.176+0530][gc,phases   ] GC(4)   Merge Heap Roots: 0.0ms
[2025-01-13T00:02:46.176+0530][gc,phases   ] GC(4)   Evacuate Collection Set: 1.9ms
[2025-01-13T00:02:46.176+0530][gc,phases   ] GC(4)   Post Evacuate Collection Set: 0.2ms
[2025-01-13T00:02:46.176+0530][gc,phases   ] GC(4)   Other: 0.0ms
[2025-01-13T00:02:46.176+0530][gc,heap     ] GC(4) Eden regions: 23->0(48)
[2025-01-13T00:02:46.176+0530][gc,heap     ] GC(4) Survivor regions: 6->3(7)
[2025-01-13T00:02:46.176+0530][gc,heap     ] GC(4) Old regions: 12->16
[2025-01-13T00:02:46.176+0530][gc,heap     ] GC(4) Humongous regions: 131->131
[2025-01-13T00:02:46.176+0530][gc,metaspace] GC(4) Metaspace: 35600K(35968K)->35600K(35968K) NonClass: 31758K(31936K)->31758K(31936K) Class: 3841K(4032K)->3841K(4032K)
[2025-01-13T00:02:46.176+0530][gc          ] GC(4) Pause Young (Mixed) (Metadata GC Threshold) 169M->149M(1024M) 2.466ms
[2025-01-13T00:02:46.176+0530][gc,cpu      ] GC(4) User=0.01s Sys=0.01s Real=0.00s
[2025-01-13T00:02:46.183+0530][gc,start    ] GC(5) Pause Young (Concurrent Start) (Metadata GC Threshold)
[2025-01-13T00:02:46.183+0530][gc,task     ] GC(5) Using 9 workers of 9 for evacuation
[2025-01-13T00:02:46.184+0530][gc,phases   ] GC(5)   Pre Evacuate Collection Set: 0.1ms
[2025-01-13T00:02:46.184+0530][gc,phases   ] GC(5)   Merge Heap Roots: 0.0ms
[2025-01-13T00:02:46.184+0530][gc,phases   ] GC(5)   Evacuate Collection Set: 0.7ms
[2025-01-13T00:02:46.184+0530][gc,phases   ] GC(5)   Post Evacuate Collection Set: 0.1ms
[2025-01-13T00:02:46.184+0530][gc,phases   ] GC(5)   Other: 0.0ms
[2025-01-13T00:02:46.184+0530][gc,heap     ] GC(5) Eden regions: 2->0(48)
[2025-01-13T00:02:46.184+0530][gc,heap     ] GC(5) Survivor regions: 3->3(7)
[2025-01-13T00:02:46.184+0530][gc,heap     ] GC(5) Old regions: 16->16
[2025-01-13T00:02:46.184+0530][gc,heap     ] GC(5) Humongous regions: 131->131
[2025-01-13T00:02:46.184+0530][gc,metaspace] GC(5) Metaspace: 35897K(36288K)->35897K(36288K) NonClass: 32012K(32256K)->32012K(32256K) Class: 3884K(4032K)->3884K(4032K)
[2025-01-13T00:02:46.184+0530][gc          ] GC(5) Pause Young (Concurrent Start) (Metadata GC Threshold) 151M->149M(1024M) 1.175ms
[2025-01-13T00:02:46.184+0530][gc          ] GC(6) Concurrent Mark Cycle
[2025-01-13T00:02:46.184+0530][gc,cpu      ] GC(5) User=0.01s Sys=0.00s Real=0.00s
[2025-01-13T00:02:46.184+0530][gc,marking  ] GC(6) Concurrent Scan Root Regions
[2025-01-13T00:02:46.185+0530][gc,marking  ] GC(6) Concurrent Scan Root Regions 0.806ms
[2025-01-13T00:02:46.185+0530][gc,marking  ] GC(6) Concurrent Mark
[2025-01-13T00:02:46.185+0530][gc,marking  ] GC(6) Concurrent Mark From Roots
[2025-01-13T00:02:46.185+0530][gc,task     ] GC(6) Using 2 workers of 2 for marking
[2025-01-13T00:02:46.191+0530][gc,marking  ] GC(6) Concurrent Mark From Roots 5.623ms
[2025-01-13T00:02:46.191+0530][gc,marking  ] GC(6) Concurrent Preclean
[2025-01-13T00:02:46.191+0530][gc,marking  ] GC(6) Concurrent Preclean 0.044ms
[2025-01-13T00:02:46.191+0530][gc,start    ] GC(6) Pause Remark
[2025-01-13T00:02:46.192+0530][gc          ] GC(6) Pause Remark 151M->151M(1024M) 1.138ms
[2025-01-13T00:02:46.192+0530][gc,cpu      ] GC(6) User=0.01s Sys=0.00s Real=0.00s
[2025-01-13T00:02:46.192+0530][gc,marking  ] GC(6) Concurrent Mark 6.966ms
[2025-01-13T00:02:46.192+0530][gc,marking  ] GC(6) Concurrent Rebuild Remembered Sets and Scrub Regions
[2025-01-13T00:02:46.194+0530][gc,marking  ] GC(6) Concurrent Rebuild Remembered Sets and Scrub Regions 2.282ms
[2025-01-13T00:02:46.194+0530][gc,start    ] GC(6) Pause Cleanup
[2025-01-13T00:02:46.195+0530][gc          ] GC(6) Pause Cleanup 151M->151M(1024M) 0.089ms
[2025-01-13T00:02:46.195+0530][gc,cpu      ] GC(6) User=0.00s Sys=0.00s Real=0.00s
[2025-01-13T00:02:46.195+0530][gc,marking  ] GC(6) Concurrent Clear Claimed Marks
[2025-01-13T00:02:46.195+0530][gc,marking  ] GC(6) Concurrent Clear Claimed Marks 0.041ms
[2025-01-13T00:02:46.195+0530][gc,marking  ] GC(6) Concurrent Cleanup for Next Mark
[2025-01-13T00:02:46.196+0530][gc,marking  ] GC(6) Concurrent Cleanup for Next Mark 0.973ms
[2025-01-13T00:02:46.196+0530][gc          ] GC(6) Concurrent Mark Cycle 11.346ms
[2025-01-13T00:03:59.957+0530][gc,start    ] GC(7) Pause Young (Prepare Mixed) (G1 Evacuation Pause)
[2025-01-13T00:03:59.957+0530][gc,task     ] GC(7) Using 9 workers of 9 for evacuation
[2025-01-13T00:03:59.971+0530][gc,phases   ] GC(7)   Pre Evacuate Collection Set: 0.3ms
[2025-01-13T00:03:59.971+0530][gc,phases   ] GC(7)   Merge Heap Roots: 0.1ms
[2025-01-13T00:03:59.971+0530][gc,phases   ] GC(7)   Evacuate Collection Set: 13.1ms
[2025-01-13T00:03:59.971+0530][gc,phases   ] GC(7)   Post Evacuate Collection Set: 0.7ms
[2025-01-13T00:03:59.971+0530][gc,phases   ] GC(7)   Other: 0.1ms
[2025-01-13T00:03:59.971+0530][gc,heap     ] GC(7) Eden regions: 48->0(45)
[2025-01-13T00:03:59.971+0530][gc,heap     ] GC(7) Survivor regions: 3->6(7)
[2025-01-13T00:03:59.971+0530][gc,heap     ] GC(7) Old regions: 16->16
[2025-01-13T00:03:59.971+0530][gc,heap     ] GC(7) Humongous regions: 149->131
[2025-01-13T00:03:59.971+0530][gc,metaspace] GC(7) Metaspace: 42296K(43072K)->42296K(43072K) NonClass: 37253K(37696K)->37253K(37696K) Class: 5042K(5376K)->5042K(5376K)
[2025-01-13T00:03:59.971+0530][gc          ] GC(7) Pause Young (Prepare Mixed) (G1 Evacuation Pause) 215M->152M(1024M) 14.652ms
[2025-01-13T00:03:59.971+0530][gc,cpu      ] GC(7) User=0.03s Sys=0.01s Real=0.02s
[2025-01-13T00:08:15.859+0530][gc,start    ] GC(8) Pause Young (Mixed) (G1 Evacuation Pause)
[2025-01-13T00:08:15.859+0530][gc,task     ] GC(8) Using 9 workers of 9 for evacuation
[2025-01-13T00:08:15.864+0530][gc,phases   ] GC(8)   Pre Evacuate Collection Set: 0.3ms
[2025-01-13T00:08:15.864+0530][gc,phases   ] GC(8)   Merge Heap Roots: 0.1ms
[2025-01-13T00:08:15.864+0530][gc,phases   ] GC(8)   Evacuate Collection Set: 4.5ms
[2025-01-13T00:08:15.864+0530][gc,phases   ] GC(8)   Post Evacuate Collection Set: 0.3ms
[2025-01-13T00:08:15.864+0530][gc,phases   ] GC(8)   Other: 0.1ms
[2025-01-13T00:08:15.864+0530][gc,heap     ] GC(8) Eden regions: 45->0(46)
[2025-01-13T00:08:15.864+0530][gc,heap     ] GC(8) Survivor regions: 6->5(7)
[2025-01-13T00:08:15.864+0530][gc,heap     ] GC(8) Old regions: 16->19
[2025-01-13T00:08:15.864+0530][gc,heap     ] GC(8) Humongous regions: 131->131
[2025-01-13T00:08:15.864+0530][gc,metaspace] GC(8) Metaspace: 42968K(43712K)->42968K(43712K) NonClass: 37890K(38336K)->37890K(38336K) Class: 5077K(5376K)->5077K(5376K)
[2025-01-13T00:08:15.864+0530][gc          ] GC(8) Pause Young (Mixed) (G1 Evacuation Pause) 197M->154M(1024M) 5.500ms
[2025-01-13T00:08:15.864+0530][gc,cpu      ] GC(8) User=0.02s Sys=0.01s Real=0.01s
[2025-01-13T00:13:25.774+0530][gc,start    ] GC(9) Pause Young (Normal) (G1 Evacuation Pause)
[2025-01-13T00:13:25.775+0530][gc,task     ] GC(9) Using 9 workers of 9 for evacuation
[2025-01-13T00:13:25.780+0530][gc,phases   ] GC(9)   Pre Evacuate Collection Set: 0.6ms
[2025-01-13T00:13:25.780+0530][gc,phases   ] GC(9)   Merge Heap Roots: 0.1ms
[2025-01-13T00:13:25.780+0530][gc,phases   ] GC(9)   Evacuate Collection Set: 4.0ms
[2025-01-13T00:13:25.780+0530][gc,phases   ] GC(9)   Post Evacuate Collection Set: 0.3ms
[2025-01-13T00:13:25.780+0530][gc,phases   ] GC(9)   Other: 0.1ms
[2025-01-13T00:13:25.780+0530][gc,heap     ] GC(9) Eden regions: 46->0(47)
[2025-01-13T00:13:25.780+0530][gc,heap     ] GC(9) Survivor regions: 5->4(7)
[2025-01-13T00:13:25.780+0530][gc,heap     ] GC(9) Old regions: 19->22
[2025-01-13T00:13:25.780+0530][gc,heap     ] GC(9) Humongous regions: 131->131
[2025-01-13T00:13:25.780+0530][gc,metaspace] GC(9) Metaspace: 43085K(43904K)->43085K(43904K) NonClass: 37984K(38464K)->37984K(38464K) Class: 5100K(5440K)->5100K(5440K)
[2025-01-13T00:13:25.780+0530][gc          ] GC(9) Pause Young (Normal) (G1 Evacuation Pause) 200M->155M(1024M) 5.692ms
[2025-01-13T00:13:25.780+0530][gc,cpu      ] GC(9) User=0.01s Sys=0.00s Real=0.01s
[2025-01-13T00:19:21.202+0530][gc,start    ] GC(10) Pause Young (Normal) (G1 Evacuation Pause)
[2025-01-13T00:19:21.202+0530][gc,task     ] GC(10) Using 9 workers of 9 for evacuation
[2025-01-13T00:19:21.208+0530][gc,phases   ] GC(10)   Pre Evacuate Collection Set: 0.5ms
[2025-01-13T00:19:21.208+0530][gc,phases   ] GC(10)   Merge Heap Roots: 0.1ms
[2025-01-13T00:19:21.208+0530][gc,phases   ] GC(10)   Evacuate Collection Set: 4.4ms
[2025-01-13T00:19:21.208+0530][gc,phases   ] GC(10)   Post Evacuate Collection Set: 0.2ms
[2025-01-13T00:19:21.208+0530][gc,phases   ] GC(10)   Other: 0.1ms
[2025-01-13T00:19:21.208+0530][gc,heap     ] GC(10) Eden regions: 47->0(47)
[2025-01-13T00:19:21.208+0530][gc,heap     ] GC(10) Survivor regions: 4->4(7)
[2025-01-13T00:19:21.208+0530][gc,heap     ] GC(10) Old regions: 22->22
[2025-01-13T00:19:21.208+0530][gc,heap     ] GC(10) Humongous regions: 131->131
[2025-01-13T00:19:21.208+0530][gc,metaspace] GC(10) Metaspace: 43106K(43968K)->43106K(43968K) NonClass: 38006K(38528K)->38006K(38528K) Class: 5100K(5440K)->5100K(5440K)
[2025-01-13T00:19:21.208+0530][gc          ] GC(10) Pause Young (Normal) (G1 Evacuation Pause) 202M->155M(1024M) 5.821ms
[2025-01-13T00:19:21.208+0530][gc,cpu      ] GC(10) User=0.01s Sys=0.00s Real=0.00s
[2025-01-13T00:25:27.274+0530][gc,start    ] GC(11) Pause Young (Normal) (G1 Evacuation Pause)
[2025-01-13T00:25:27.274+0530][gc,task     ] GC(11) Using 9 workers of 9 for evacuation
[2025-01-13T00:25:27.287+0530][gc,phases   ] GC(11)   Pre Evacuate Collection Set: 0.5ms
[2025-01-13T00:25:27.287+0530][gc,phases   ] GC(11)   Merge Heap Roots: 0.1ms
[2025-01-13T00:25:27.287+0530][gc,phases   ] GC(11)   Evacuate Collection Set: 11.2ms
[2025-01-13T00:25:27.287+0530][gc,phases   ] GC(11)   Post Evacuate Collection Set: 0.5ms
[2025-01-13T00:25:27.287+0530][gc,phases   ] GC(11)   Other: 0.2ms
[2025-01-13T00:25:27.287+0530][gc,heap     ] GC(11) Eden regions: 47->0(60)
[2025-01-13T00:25:27.287+0530][gc,heap     ] GC(11) Survivor regions: 4->4(7)
[2025-01-13T00:25:27.287+0530][gc,heap     ] GC(11) Old regions: 22->22
[2025-01-13T00:25:27.287+0530][gc,heap     ] GC(11) Humongous regions: 131->131
[2025-01-13T00:25:27.287+0530][gc,metaspace] GC(11) Metaspace: 43130K(43968K)->43130K(43968K) NonClass: 38030K(38528K)->38030K(38528K) Class: 5100K(5440K)->5100K(5440K)
[2025-01-13T00:25:27.287+0530][gc          ] GC(11) Pause Young (Normal) (G1 Evacuation Pause) 202M->155M(1024M) 13.033ms
[2025-01-13T00:25:27.287+0530][gc,cpu      ] GC(11) User=0.01s Sys=0.01s Real=0.01s
[2025-01-13T00:33:29.173+0530][gc,start    ] GC(12) Pause Young (Normal) (G1 Evacuation Pause)
[2025-01-13T00:33:29.175+0530][gc,task     ] GC(12) Using 9 workers of 9 for evacuation
[2025-01-13T00:33:29.181+0530][gc,phases   ] GC(12)   Pre Evacuate Collection Set: 0.6ms
[2025-01-13T00:33:29.181+0530][gc,phases   ] GC(12)   Merge Heap Roots: 0.1ms
[2025-01-13T00:33:29.181+0530][gc,phases   ] GC(12)   Evacuate Collection Set: 4.7ms
[2025-01-13T00:33:29.181+0530][gc,phases   ] GC(12)   Post Evacuate Collection Set: 0.4ms
[2025-01-13T00:33:29.181+0530][gc,phases   ] GC(12)   Other: 0.2ms
[2025-01-13T00:33:29.181+0530][gc,heap     ] GC(12) Eden regions: 63->0(118)
[2025-01-13T00:33:29.181+0530][gc,heap     ] GC(12) Survivor regions: 4->4(9)
[2025-01-13T00:33:29.181+0530][gc,heap     ] GC(12) Old regions: 22->22
[2025-01-13T00:33:29.181+0530][gc,heap     ] GC(12) Humongous regions: 131->131
[2025-01-13T00:33:29.181+0530][gc,metaspace] GC(12) Metaspace: 43210K(44032K)->43210K(44032K) NonClass: 38108K(38592K)->38108K(38592K) Class: 5101K(5440K)->5101K(5440K)
[2025-01-13T00:33:29.181+0530][gc          ] GC(12) Pause Young (Normal) (G1 Evacuation Pause) 218M->155M(1024M) 8.228ms
[2025-01-13T00:33:29.181+0530][gc,cpu      ] GC(12) User=0.02s Sys=0.00s Real=0.01s
[2025-01-13T00:48:35.053+0530][gc,start    ] GC(13) Pause Young (Normal) (G1 Evacuation Pause)
[2025-01-13T00:48:35.054+0530][gc,task     ] GC(13) Using 9 workers of 9 for evacuation
[2025-01-13T00:48:35.067+0530][gc,phases   ] GC(13)   Pre Evacuate Collection Set: 0.6ms
[2025-01-13T00:48:35.067+0530][gc,phases   ] GC(13)   Merge Heap Roots: 0.1ms
[2025-01-13T00:48:35.067+0530][gc,phases   ] GC(13)   Evacuate Collection Set: 11.9ms
[2025-01-13T00:48:35.067+0530][gc,phases   ] GC(13)   Post Evacuate Collection Set: 0.4ms
[2025-01-13T00:48:35.067+0530][gc,phases   ] GC(13)   Other: 0.1ms
[2025-01-13T00:48:35.067+0530][gc,heap     ] GC(13) Eden regions: 121->0(163)
[2025-01-13T00:48:35.067+0530][gc,heap     ] GC(13) Survivor regions: 4->5(16)
[2025-01-13T00:48:35.067+0530][gc,heap     ] GC(13) Old regions: 22->22
[2025-01-13T00:48:35.067+0530][gc,heap     ] GC(13) Humongous regions: 131->131
[2025-01-13T00:48:35.067+0530][gc,metaspace] GC(13) Metaspace: 43408K(44224K)->43408K(44224K) NonClass: 38306K(38784K)->38306K(38784K) Class: 5101K(5440K)->5101K(5440K)
[2025-01-13T00:48:35.067+0530][gc          ] GC(13) Pause Young (Normal) (G1 Evacuation Pause) 276M->156M(1024M) 13.745ms
[2025-01-13T00:48:35.067+0530][gc,cpu      ] GC(13) User=0.02s Sys=0.01s Real=0.01s
[2025-01-13T01:09:24.250+0530][gc,start    ] GC(14) Pause Young (Normal) (G1 Evacuation Pause)
[2025-01-13T01:09:24.251+0530][gc,task     ] GC(14) Using 9 workers of 9 for evacuation
[2025-01-13T01:09:24.272+0530][gc,mmu      ] GC(14) MMU target violated: 20.3ms (20.0ms/21.0ms)
[2025-01-13T01:09:24.272+0530][gc,phases   ] GC(14)   Pre Evacuate Collection Set: 1.9ms
[2025-01-13T01:09:24.272+0530][gc,phases   ] GC(14)   Merge Heap Roots: 0.3ms
[2025-01-13T01:09:24.272+0530][gc,phases   ] GC(14)   Evacuate Collection Set: 17.1ms
[2025-01-13T01:09:24.272+0530][gc,phases   ] GC(14)   Post Evacuate Collection Set: 0.9ms
[2025-01-13T01:09:24.272+0530][gc,phases   ] GC(14)   Other: 0.5ms
[2025-01-13T01:09:24.272+0530][gc,heap     ] GC(14) Eden regions: 165->0(136)
[2025-01-13T01:09:24.272+0530][gc,heap     ] GC(14) Survivor regions: 5->6(22)
[2025-01-13T01:09:24.272+0530][gc,heap     ] GC(14) Old regions: 22->22
[2025-01-13T01:09:24.272+0530][gc,heap     ] GC(14) Humongous regions: 131->131
[2025-01-13T01:09:24.272+0530][gc,metaspace] GC(14) Metaspace: 43473K(44288K)->43473K(44288K) NonClass: 38368K(38848K)->38368K(38848K) Class: 5105K(5440K)->5105K(5440K)
[2025-01-13T01:09:24.272+0530][gc          ] GC(14) Pause Young (Normal) (G1 Evacuation Pause) 321M->157M(1024M) 21.892ms
[2025-01-13T01:09:24.272+0530][gc,cpu      ] GC(14) User=0.04s Sys=0.03s Real=0.02s
[2025-01-13T01:26:50.581+0530][gc,start    ] GC(15) Pause Young (Normal) (G1 Evacuation Pause)
[2025-01-13T01:26:50.581+0530][gc,task     ] GC(15) Using 9 workers of 9 for evacuation
[2025-01-13T01:26:50.608+0530][gc,mmu      ] GC(15) MMU target violated: 21.0ms (20.0ms/21.0ms)
[2025-01-13T01:26:50.608+0530][gc,phases   ] GC(15)   Pre Evacuate Collection Set: 1.2ms
[2025-01-13T01:26:50.608+0530][gc,phases   ] GC(15)   Merge Heap Roots: 0.2ms
[2025-01-13T01:26:50.608+0530][gc,phases   ] GC(15)   Evacuate Collection Set: 24.3ms
[2025-01-13T01:26:50.608+0530][gc,phases   ] GC(15)   Post Evacuate Collection Set: 0.8ms
[2025-01-13T01:26:50.608+0530][gc,phases   ] GC(15)   Other: 0.4ms
[2025-01-13T01:26:50.608+0530][gc,heap     ] GC(15) Eden regions: 137->0(54)
[2025-01-13T01:26:50.608+0530][gc,heap     ] GC(15) Survivor regions: 6->7(18)
[2025-01-13T01:26:50.608+0530][gc,heap     ] GC(15) Old regions: 22->22
[2025-01-13T01:26:50.608+0530][gc,heap     ] GC(15) Humongous regions: 131->131
[2025-01-13T01:26:50.608+0530][gc,metaspace] GC(15) Metaspace: 43508K(44288K)->43508K(44288K) NonClass: 38403K(38848K)->38403K(38848K) Class: 5105K(5440K)->5105K(5440K)
[2025-01-13T01:26:50.608+0530][gc          ] GC(15) Pause Young (Normal) (G1 Evacuation Pause) 294M->158M(1024M) 27.628ms
[2025-01-13T01:26:50.608+0530][gc,cpu      ] GC(15) User=0.04s Sys=0.05s Real=0.02s
[2025-01-13T01:33:42.450+0530][gc,start    ] GC(16) Pause Young (Normal) (G1 Evacuation Pause)
[2025-01-13T01:33:42.450+0530][gc,task     ] GC(16) Using 9 workers of 9 for evacuation
[2025-01-13T01:33:42.464+0530][gc,phases   ] GC(16)   Pre Evacuate Collection Set: 0.8ms
[2025-01-13T01:33:42.464+0530][gc,phases   ] GC(16)   Merge Heap Roots: 0.3ms
[2025-01-13T01:33:42.464+0530][gc,phases   ] GC(16)   Evacuate Collection Set: 12.4ms
[2025-01-13T01:33:42.464+0530][gc,phases   ] GC(16)   Post Evacuate Collection Set: 0.4ms
[2025-01-13T01:33:42.464+0530][gc,phases   ] GC(16)   Other: 0.1ms
[2025-01-13T01:33:42.464+0530][gc,heap     ] GC(16) Eden regions: 54->0(209)
[2025-01-13T01:33:42.464+0530][gc,heap     ] GC(16) Survivor regions: 7->5(8)
[2025-01-13T01:33:42.464+0530][gc,heap     ] GC(16) Old regions: 22->24
[2025-01-13T01:33:42.464+0530][gc,heap     ] GC(16) Humongous regions: 131->131
[2025-01-13T01:33:42.464+0530][gc,metaspace] GC(16) Metaspace: 43509K(44288K)->43509K(44288K) NonClass: 38404K(38848K)->38404K(38848K) Class: 5105K(5440K)->5105K(5440K)
[2025-01-13T01:33:42.464+0530][gc          ] GC(16) Pause Young (Normal) (G1 Evacuation Pause) 212M->159M(1024M) 14.444ms
[2025-01-13T01:33:42.464+0530][gc,cpu      ] GC(16) User=0.02s Sys=0.01s Real=0.01s
[2025-01-13T01:58:05.624+0530][gc,start    ] GC(17) Pause Young (Normal) (G1 Evacuation Pause)
[2025-01-13T01:58:05.628+0530][gc,task     ] GC(17) Using 9 workers of 9 for evacuation
[2025-01-13T01:58:05.647+0530][gc,phases   ] GC(17)   Pre Evacuate Collection Set: 1.1ms
[2025-01-13T01:58:05.647+0530][gc,phases   ] GC(17)   Merge Heap Roots: 0.2ms
[2025-01-13T01:58:05.647+0530][gc,phases   ] GC(17)   Evacuate Collection Set: 17.4ms
[2025-01-13T01:58:05.647+0530][gc,phases   ] GC(17)   Post Evacuate Collection Set: 0.7ms
[2025-01-13T01:58:05.647+0530][gc,phases   ] GC(17)   Other: 0.3ms
[2025-01-13T01:58:05.647+0530][gc,heap     ] GC(17) Eden regions: 195->0(610)
[2025-01-13T01:58:05.647+0530][gc,heap     ] GC(17) Survivor regions: 5->4(25)
[2025-01-13T01:58:05.647+0530][gc,heap     ] GC(17) Old regions: 24->24
[2025-01-13T01:58:05.647+0530][gc,heap     ] GC(17) Humongous regions: 131->131
[2025-01-13T01:58:05.647+0530][gc,metaspace] GC(17) Metaspace: 43598K(44416K)->43598K(44416K) NonClass: 38492K(38976K)->38492K(38976K) Class: 5105K(5440K)->5105K(5440K)
[2025-01-13T01:58:05.648+0530][gc          ] GC(17) Pause Young (Normal) (G1 Evacuation Pause) 354M->158M(1024M) 23.372ms
[2025-01-13T01:58:05.648+0530][gc,cpu      ] GC(17) User=0.02s Sys=0.02s Real=0.02s
[2025-01-13T03:14:07.466+0530][gc,start    ] GC(18) Pause Young (Normal) (G1 Evacuation Pause)
[2025-01-13T03:14:07.467+0530][gc,task     ] GC(18) Using 9 workers of 9 for evacuation
[2025-01-13T03:14:07.482+0530][gc,phases   ] GC(18)   Pre Evacuate Collection Set: 1.1ms
[2025-01-13T03:14:07.482+0530][gc,phases   ] GC(18)   Merge Heap Roots: 0.3ms
[2025-01-13T03:14:07.482+0530][gc,phases   ] GC(18)   Evacuate Collection Set: 12.8ms
[2025-01-13T03:14:07.482+0530][gc,phases   ] GC(18)   Post Evacuate Collection Set: 0.7ms
[2025-01-13T03:14:07.482+0530][gc,phases   ] GC(18)   Other: 0.3ms
[2025-01-13T03:14:07.482+0530][gc,heap     ] GC(18) Eden regions: 610->0(486)
[2025-01-13T03:14:07.482+0530][gc,heap     ] GC(18) Survivor regions: 4->6(77)
[2025-01-13T03:14:07.482+0530][gc,heap     ] GC(18) Old regions: 24->24
[2025-01-13T03:14:07.482+0530][gc,heap     ] GC(18) Humongous regions: 131->131
[2025-01-13T03:14:07.482+0530][gc,metaspace] GC(18) Metaspace: 43966K(44800K)->43966K(44800K) NonClass: 38861K(39360K)->38861K(39360K) Class: 5105K(5440K)->5105K(5440K)
[2025-01-13T03:14:07.482+0530][gc          ] GC(18) Pause Young (Normal) (G1 Evacuation Pause) 768M->160M(1024M) 17.360ms
[2025-01-13T03:14:07.482+0530][gc,cpu      ] GC(18) User=0.03s Sys=0.02s Real=0.02s
[2025-01-13T03:29:39.833+0530][gc,heap,exit] Heap
[2025-01-13T03:29:39.833+0530][gc,heap,exit]  garbage-first heap   total 1048576K, used 307570K [0x00000007c0000000, 0x0000000800000000)
[2025-01-13T03:29:39.833+0530][gc,heap,exit]   region size 1024K, 146 young (149504K), 6 survivors (6144K)
[2025-01-13T03:29:39.833+0530][gc,heap,exit]  Metaspace       used 44711K, committed 45504K, reserved 1114112K
[2025-01-13T03:29:39.833+0530][gc,heap,exit]   class space    used 5259K, committed 5568K, reserved 1048576K
