[2025-01-14T22:10:08.129+0530][gc,init] CardTable entry size: 512
[2025-01-14T22:10:08.129+0530][gc     ] Using G1
[2025-01-14T22:10:08.130+0530][gc,init] Version: 21.0.2+13-58 (release)
[2025-01-14T22:10:08.130+0530][gc,init] CPUs: 10 total, 10 available
[2025-01-14T22:10:08.130+0530][gc,init] Memory: 16384M
[2025-01-14T22:10:08.130+0530][gc,init] Large Page Support: Disabled
[2025-01-14T22:10:08.130+0530][gc,init] NUMA Support: Disabled
[2025-01-14T22:10:08.130+0530][gc,init] Compressed Oops: Enabled (Zero based)
[2025-01-14T22:10:08.130+0530][gc,init] Heap Region Size: 1M
[2025-01-14T22:10:08.130+0530][gc,init] Heap Min Capacity: 1G
[2025-01-14T22:10:08.130+0530][gc,init] Heap Initial Capacity: 1G
[2025-01-14T22:10:08.130+0530][gc,init] Heap Max Capacity: 1G
[2025-01-14T22:10:08.130+0530][gc,init] Pre-touch: Disabled
[2025-01-14T22:10:08.130+0530][gc,init] Parallel Workers: 9
[2025-01-14T22:10:08.130+0530][gc,init] Concurrent Workers: 2
[2025-01-14T22:10:08.130+0530][gc,init] Concurrent Refinement Workers: 9
[2025-01-14T22:10:08.130+0530][gc,init] Periodic GC: Disabled
[2025-01-14T22:10:08.135+0530][gc,metaspace] CDS archive(s) mapped at: [0x000000e800000000-0x000000e800ca4000-0x000000e800ca4000), size 13254656, SharedBaseAddress: 0x000000e800000000, ArchiveRelocationMode: 1.
[2025-01-14T22:10:08.135+0530][gc,metaspace] Compressed class space mapped at: 0x000000e801000000-0x000000e841000000, reserved size: 1073741824
[2025-01-14T22:10:08.135+0530][gc,metaspace] Narrow klass base: 0x000000e800000000, Narrow klass shift: 0, Narrow klass range: 0x100000000
[2025-01-14T22:10:09.174+0530][gc,start    ] GC(0) Pause Young (Normal) (G1 Evacuation Pause)
[2025-01-14T22:10:09.174+0530][gc,task     ] GC(0) Using 9 workers of 9 for evacuation
[2025-01-14T22:10:09.178+0530][gc,phases   ] GC(0)   Pre Evacuate Collection Set: 0.1ms
[2025-01-14T22:10:09.178+0530][gc,phases   ] GC(0)   Merge Heap Roots: 0.1ms
[2025-01-14T22:10:09.178+0530][gc,phases   ] GC(0)   Evacuate Collection Set: 2.6ms
[2025-01-14T22:10:09.178+0530][gc,phases   ] GC(0)   Post Evacuate Collection Set: 0.4ms
[2025-01-14T22:10:09.178+0530][gc,phases   ] GC(0)   Other: 0.3ms
[2025-01-14T22:10:09.178+0530][gc,heap     ] GC(0) Eden regions: 51->0(44)
[2025-01-14T22:10:09.178+0530][gc,heap     ] GC(0) Survivor regions: 0->7(7)
[2025-01-14T22:10:09.178+0530][gc,heap     ] GC(0) Old regions: 2->5
[2025-01-14T22:10:09.178+0530][gc,heap     ] GC(0) Humongous regions: 2->2
[2025-01-14T22:10:09.178+0530][gc,metaspace] GC(0) Metaspace: 17396K(17600K)->17396K(17600K) NonClass: 15401K(15488K)->15401K(15488K) Class: 1994K(2112K)->1994K(2112K)
[2025-01-14T22:10:09.178+0530][gc          ] GC(0) Pause Young (Normal) (G1 Evacuation Pause) 54M->12M(1024M) 3.642ms
[2025-01-14T22:10:09.178+0530][gc,cpu      ] GC(0) User=0.01s Sys=0.01s Real=0.00s
[2025-01-14T22:10:09.330+0530][gc,start    ] GC(1) Pause Young (Concurrent Start) (Metadata GC Threshold)
[2025-01-14T22:10:09.330+0530][gc,task     ] GC(1) Using 9 workers of 9 for evacuation
[2025-01-14T22:10:09.332+0530][gc,phases   ] GC(1)   Pre Evacuate Collection Set: 0.2ms
[2025-01-14T22:10:09.332+0530][gc,phases   ] GC(1)   Merge Heap Roots: 0.0ms
[2025-01-14T22:10:09.332+0530][gc,phases   ] GC(1)   Evacuate Collection Set: 1.7ms
[2025-01-14T22:10:09.332+0530][gc,phases   ] GC(1)   Post Evacuate Collection Set: 0.2ms
[2025-01-14T22:10:09.332+0530][gc,phases   ] GC(1)   Other: 0.0ms
[2025-01-14T22:10:09.332+0530][gc,heap     ] GC(1) Eden regions: 14->0(50)
[2025-01-14T22:10:09.332+0530][gc,heap     ] GC(1) Survivor regions: 7->1(7)
[2025-01-14T22:10:09.332+0530][gc,heap     ] GC(1) Old regions: 5->12
[2025-01-14T22:10:09.332+0530][gc,heap     ] GC(1) Humongous regions: 2->2
[2025-01-14T22:10:09.332+0530][gc,metaspace] GC(1) Metaspace: 21246K(21504K)->21246K(21504K) NonClass: 18776K(18880K)->18776K(18880K) Class: 2470K(2624K)->2470K(2624K)
[2025-01-14T22:10:09.332+0530][gc          ] GC(1) Pause Young (Concurrent Start) (Metadata GC Threshold) 26M->13M(1024M) 2.293ms
[2025-01-14T22:10:09.332+0530][gc          ] GC(2) Concurrent Mark Cycle
[2025-01-14T22:10:09.332+0530][gc,cpu      ] GC(1) User=0.01s Sys=0.00s Real=0.00s
[2025-01-14T22:10:09.332+0530][gc,marking  ] GC(2) Concurrent Scan Root Regions
[2025-01-14T22:10:09.333+0530][gc,marking  ] GC(2) Concurrent Scan Root Regions 1.051ms
[2025-01-14T22:10:09.333+0530][gc,marking  ] GC(2) Concurrent Mark
[2025-01-14T22:10:09.333+0530][gc,marking  ] GC(2) Concurrent Mark From Roots
[2025-01-14T22:10:09.333+0530][gc,task     ] GC(2) Using 2 workers of 2 for marking
[2025-01-14T22:10:09.334+0530][gc,marking  ] GC(2) Concurrent Mark From Roots 1.127ms
[2025-01-14T22:10:09.335+0530][gc,marking  ] GC(2) Concurrent Preclean
[2025-01-14T22:10:09.335+0530][gc,marking  ] GC(2) Concurrent Preclean 0.006ms
[2025-01-14T22:10:09.335+0530][gc,start    ] GC(2) Pause Remark
[2025-01-14T22:10:09.336+0530][gc          ] GC(2) Pause Remark 14M->14M(1024M) 0.931ms
[2025-01-14T22:10:09.336+0530][gc,cpu      ] GC(2) User=0.00s Sys=0.00s Real=0.00s
[2025-01-14T22:10:09.336+0530][gc,marking  ] GC(2) Concurrent Mark 2.199ms
[2025-01-14T22:10:09.336+0530][gc,marking  ] GC(2) Concurrent Rebuild Remembered Sets and Scrub Regions
[2025-01-14T22:10:09.337+0530][gc,marking  ] GC(2) Concurrent Rebuild Remembered Sets and Scrub Regions 1.470ms
[2025-01-14T22:10:09.337+0530][gc,start    ] GC(2) Pause Cleanup
[2025-01-14T22:10:09.337+0530][gc          ] GC(2) Pause Cleanup 14M->14M(1024M) 0.085ms
[2025-01-14T22:10:09.337+0530][gc,cpu      ] GC(2) User=0.00s Sys=0.00s Real=0.00s
[2025-01-14T22:10:09.337+0530][gc,marking  ] GC(2) Concurrent Clear Claimed Marks
[2025-01-14T22:10:09.337+0530][gc,marking  ] GC(2) Concurrent Clear Claimed Marks 0.022ms
[2025-01-14T22:10:09.337+0530][gc,marking  ] GC(2) Concurrent Cleanup for Next Mark
[2025-01-14T22:10:09.339+0530][gc,marking  ] GC(2) Concurrent Cleanup for Next Mark 1.441ms
[2025-01-14T22:10:09.339+0530][gc          ] GC(2) Concurrent Mark Cycle 6.463ms
[2025-01-14T22:10:11.691+0530][gc,start    ] GC(3) Pause Young (Prepare Mixed) (G1 Evacuation Pause)
[2025-01-14T22:10:11.691+0530][gc,task     ] GC(3) Using 9 workers of 9 for evacuation
[2025-01-14T22:10:11.693+0530][gc,phases   ] GC(3)   Pre Evacuate Collection Set: 0.1ms
[2025-01-14T22:10:11.693+0530][gc,phases   ] GC(3)   Merge Heap Roots: 0.1ms
[2025-01-14T22:10:11.693+0530][gc,phases   ] GC(3)   Evacuate Collection Set: 1.5ms
[2025-01-14T22:10:11.693+0530][gc,phases   ] GC(3)   Post Evacuate Collection Set: 0.2ms
[2025-01-14T22:10:11.693+0530][gc,phases   ] GC(3)   Other: 0.0ms
[2025-01-14T22:10:11.693+0530][gc,heap     ] GC(3) Eden regions: 50->0(45)
[2025-01-14T22:10:11.693+0530][gc,heap     ] GC(3) Survivor regions: 1->6(7)
[2025-01-14T22:10:11.693+0530][gc,heap     ] GC(3) Old regions: 12->12
[2025-01-14T22:10:11.693+0530][gc,heap     ] GC(3) Humongous regions: 131->131
[2025-01-14T22:10:11.693+0530][gc,metaspace] GC(3) Metaspace: 30661K(30912K)->30661K(30912K) NonClass: 27259K(27392K)->27259K(27392K) Class: 3402K(3520K)->3402K(3520K)
[2025-01-14T22:10:11.693+0530][gc          ] GC(3) Pause Young (Prepare Mixed) (G1 Evacuation Pause) 192M->147M(1024M) 2.111ms
[2025-01-14T22:10:11.693+0530][gc,cpu      ] GC(3) User=0.01s Sys=0.00s Real=0.00s
[2025-01-14T22:10:11.818+0530][gc,start    ] GC(4) Pause Young (Mixed) (Metadata GC Threshold)
[2025-01-14T22:10:11.818+0530][gc,task     ] GC(4) Using 9 workers of 9 for evacuation
[2025-01-14T22:10:11.820+0530][gc,phases   ] GC(4)   Pre Evacuate Collection Set: 0.1ms
[2025-01-14T22:10:11.820+0530][gc,phases   ] GC(4)   Merge Heap Roots: 0.0ms
[2025-01-14T22:10:11.820+0530][gc,phases   ] GC(4)   Evacuate Collection Set: 1.8ms
[2025-01-14T22:10:11.820+0530][gc,phases   ] GC(4)   Post Evacuate Collection Set: 0.2ms
[2025-01-14T22:10:11.820+0530][gc,phases   ] GC(4)   Other: 0.0ms
[2025-01-14T22:10:11.820+0530][gc,heap     ] GC(4) Eden regions: 20->0(48)
[2025-01-14T22:10:11.820+0530][gc,heap     ] GC(4) Survivor regions: 6->3(7)
[2025-01-14T22:10:11.820+0530][gc,heap     ] GC(4) Old regions: 12->16
[2025-01-14T22:10:11.820+0530][gc,heap     ] GC(4) Humongous regions: 131->131
[2025-01-14T22:10:11.820+0530][gc,metaspace] GC(4) Metaspace: 35671K(35968K)->35671K(35968K) NonClass: 31788K(31936K)->31788K(31936K) Class: 3883K(4032K)->3883K(4032K)
[2025-01-14T22:10:11.820+0530][gc          ] GC(4) Pause Young (Mixed) (Metadata GC Threshold) 166M->149M(1024M) 2.341ms
[2025-01-14T22:10:11.820+0530][gc,cpu      ] GC(4) User=0.02s Sys=0.00s Real=0.01s
[2025-01-14T22:10:11.827+0530][gc,start    ] GC(5) Pause Young (Concurrent Start) (Metadata GC Threshold)
[2025-01-14T22:10:11.827+0530][gc,task     ] GC(5) Using 9 workers of 9 for evacuation
[2025-01-14T22:10:11.828+0530][gc,phases   ] GC(5)   Pre Evacuate Collection Set: 0.1ms
[2025-01-14T22:10:11.828+0530][gc,phases   ] GC(5)   Merge Heap Roots: 0.0ms
[2025-01-14T22:10:11.828+0530][gc,phases   ] GC(5)   Evacuate Collection Set: 0.8ms
[2025-01-14T22:10:11.828+0530][gc,phases   ] GC(5)   Post Evacuate Collection Set: 0.2ms
[2025-01-14T22:10:11.828+0530][gc,phases   ] GC(5)   Other: 0.0ms
[2025-01-14T22:10:11.828+0530][gc,heap     ] GC(5) Eden regions: 3->0(48)
[2025-01-14T22:10:11.828+0530][gc,heap     ] GC(5) Survivor regions: 3->3(7)
[2025-01-14T22:10:11.828+0530][gc,heap     ] GC(5) Old regions: 16->16
[2025-01-14T22:10:11.828+0530][gc,heap     ] GC(5) Humongous regions: 131->131
[2025-01-14T22:10:11.828+0530][gc,metaspace] GC(5) Metaspace: 35943K(36288K)->35943K(36288K) NonClass: 32002K(32192K)->32002K(32192K) Class: 3941K(4096K)->3941K(4096K)
[2025-01-14T22:10:11.828+0530][gc          ] GC(5) Pause Young (Concurrent Start) (Metadata GC Threshold) 151M->149M(1024M) 1.291ms
[2025-01-14T22:10:11.828+0530][gc          ] GC(6) Concurrent Mark Cycle
[2025-01-14T22:10:11.828+0530][gc,cpu      ] GC(5) User=0.01s Sys=0.00s Real=0.00s
[2025-01-14T22:10:11.828+0530][gc,marking  ] GC(6) Concurrent Scan Root Regions
[2025-01-14T22:10:11.829+0530][gc,marking  ] GC(6) Concurrent Scan Root Regions 0.594ms
[2025-01-14T22:10:11.829+0530][gc,marking  ] GC(6) Concurrent Mark
[2025-01-14T22:10:11.829+0530][gc,marking  ] GC(6) Concurrent Mark From Roots
[2025-01-14T22:10:11.829+0530][gc,task     ] GC(6) Using 2 workers of 2 for marking
[2025-01-14T22:10:11.835+0530][gc,marking  ] GC(6) Concurrent Mark From Roots 6.122ms
[2025-01-14T22:10:11.835+0530][gc,marking  ] GC(6) Concurrent Preclean
[2025-01-14T22:10:11.835+0530][gc,marking  ] GC(6) Concurrent Preclean 0.043ms
[2025-01-14T22:10:11.835+0530][gc,start    ] GC(6) Pause Remark
[2025-01-14T22:10:11.836+0530][gc          ] GC(6) Pause Remark 150M->150M(1024M) 1.242ms
[2025-01-14T22:10:11.836+0530][gc,cpu      ] GC(6) User=0.01s Sys=0.01s Real=0.00s
[2025-01-14T22:10:11.836+0530][gc,marking  ] GC(6) Concurrent Mark 7.553ms
[2025-01-14T22:10:11.836+0530][gc,marking  ] GC(6) Concurrent Rebuild Remembered Sets and Scrub Regions
[2025-01-14T22:10:11.839+0530][gc,marking  ] GC(6) Concurrent Rebuild Remembered Sets and Scrub Regions 3.129ms
[2025-01-14T22:10:11.839+0530][gc,start    ] GC(6) Pause Cleanup
[2025-01-14T22:10:11.840+0530][gc          ] GC(6) Pause Cleanup 151M->151M(1024M) 0.086ms
[2025-01-14T22:10:11.840+0530][gc,cpu      ] GC(6) User=0.00s Sys=0.00s Real=0.01s
[2025-01-14T22:10:11.840+0530][gc,marking  ] GC(6) Concurrent Clear Claimed Marks
[2025-01-14T22:10:11.840+0530][gc,marking  ] GC(6) Concurrent Clear Claimed Marks 0.033ms
[2025-01-14T22:10:11.840+0530][gc,marking  ] GC(6) Concurrent Cleanup for Next Mark
[2025-01-14T22:10:11.841+0530][gc,marking  ] GC(6) Concurrent Cleanup for Next Mark 1.013ms
[2025-01-14T22:10:11.841+0530][gc          ] GC(6) Concurrent Mark Cycle 12.573ms
[2025-01-14T22:12:00.448+0530][gc,start    ] GC(7) Pause Young (Prepare Mixed) (G1 Evacuation Pause)
[2025-01-14T22:12:00.448+0530][gc,task     ] GC(7) Using 9 workers of 9 for evacuation
[2025-01-14T22:12:00.484+0530][gc,mmu      ] GC(7) MMU target violated: 21.0ms (20.0ms/21.0ms)
[2025-01-14T22:12:00.484+0530][gc,phases   ] GC(7)   Pre Evacuate Collection Set: 0.9ms
[2025-01-14T22:12:00.484+0530][gc,phases   ] GC(7)   Merge Heap Roots: 0.2ms
[2025-01-14T22:12:00.484+0530][gc,phases   ] GC(7)   Evacuate Collection Set: 34.1ms
[2025-01-14T22:12:00.484+0530][gc,phases   ] GC(7)   Post Evacuate Collection Set: 0.5ms
[2025-01-14T22:12:00.484+0530][gc,phases   ] GC(7)   Other: 0.2ms
[2025-01-14T22:12:00.484+0530][gc,heap     ] GC(7) Eden regions: 48->0(44)
[2025-01-14T22:12:00.484+0530][gc,heap     ] GC(7) Survivor regions: 3->7(7)
[2025-01-14T22:12:00.484+0530][gc,heap     ] GC(7) Old regions: 16->16
[2025-01-14T22:12:00.484+0530][gc,heap     ] GC(7) Humongous regions: 137->131
[2025-01-14T22:12:00.484+0530][gc,metaspace] GC(7) Metaspace: 41918K(42560K)->41918K(42560K) NonClass: 37026K(37376K)->37026K(37376K) Class: 4892K(5184K)->4892K(5184K)
[2025-01-14T22:12:00.484+0530][gc          ] GC(7) Pause Young (Prepare Mixed) (G1 Evacuation Pause) 203M->153M(1024M) 36.596ms
[2025-01-14T22:12:00.484+0530][gc,cpu      ] GC(7) User=0.02s Sys=0.04s Real=0.04s
[2025-01-14T22:16:42.662+0530][gc,start    ] GC(8) Pause Young (Mixed) (G1 Evacuation Pause)
[2025-01-14T22:16:42.663+0530][gc,task     ] GC(8) Using 9 workers of 9 for evacuation
[2025-01-14T22:16:42.683+0530][gc,mmu      ] GC(8) MMU target violated: 20.2ms (20.0ms/21.0ms)
[2025-01-14T22:16:42.684+0530][gc,phases   ] GC(8)   Pre Evacuate Collection Set: 0.9ms
[2025-01-14T22:16:42.684+0530][gc,phases   ] GC(8)   Merge Heap Roots: 0.3ms
[2025-01-14T22:16:42.684+0530][gc,phases   ] GC(8)   Evacuate Collection Set: 18.5ms
[2025-01-14T22:16:42.684+0530][gc,phases   ] GC(8)   Post Evacuate Collection Set: 0.4ms
[2025-01-14T22:16:42.684+0530][gc,phases   ] GC(8)   Other: 0.3ms
[2025-01-14T22:16:42.684+0530][gc,heap     ] GC(8) Eden regions: 44->0(49)
[2025-01-14T22:16:42.684+0530][gc,heap     ] GC(8) Survivor regions: 7->2(7)
[2025-01-14T22:16:42.684+0530][gc,heap     ] GC(8) Old regions: 16->20
[2025-01-14T22:16:42.684+0530][gc,heap     ] GC(8) Humongous regions: 131->131
[2025-01-14T22:16:42.684+0530][gc,metaspace] GC(8) Metaspace: 42100K(42752K)->42100K(42752K) NonClass: 37204K(37568K)->37204K(37568K) Class: 4896K(5184K)->4896K(5184K)
[2025-01-14T22:16:42.684+0530][gc          ] GC(8) Pause Young (Mixed) (G1 Evacuation Pause) 197M->152M(1024M) 21.896ms
[2025-01-14T22:16:42.684+0530][gc,cpu      ] GC(8) User=0.03s Sys=0.02s Real=0.02s
[2025-01-14T22:22:27.277+0530][gc,start    ] GC(9) Pause Young (Normal) (G1 Evacuation Pause)
[2025-01-14T22:22:27.277+0530][gc,task     ] GC(9) Using 9 workers of 9 for evacuation
[2025-01-14T22:22:27.299+0530][gc,mmu      ] GC(9) MMU target violated: 21.0ms (20.0ms/21.0ms)
[2025-01-14T22:22:27.299+0530][gc,phases   ] GC(9)   Pre Evacuate Collection Set: 0.3ms
[2025-01-14T22:22:27.299+0530][gc,phases   ] GC(9)   Merge Heap Roots: 0.1ms
[2025-01-14T22:22:27.299+0530][gc,phases   ] GC(9)   Evacuate Collection Set: 21.6ms
[2025-01-14T22:22:27.299+0530][gc,phases   ] GC(9)   Post Evacuate Collection Set: 0.3ms
[2025-01-14T22:22:27.299+0530][gc,phases   ] GC(9)   Other: 0.2ms
[2025-01-14T22:22:27.299+0530][gc,heap     ] GC(9) Eden regions: 49->0(44)
[2025-01-14T22:22:27.299+0530][gc,heap     ] GC(9) Survivor regions: 2->7(7)
[2025-01-14T22:22:27.299+0530][gc,heap     ] GC(9) Old regions: 20->20
[2025-01-14T22:22:27.299+0530][gc,heap     ] GC(9) Humongous regions: 131->131
[2025-01-14T22:22:27.300+0530][gc,metaspace] GC(9) Metaspace: 42397K(43072K)->42397K(43072K) NonClass: 37452K(37824K)->37452K(37824K) Class: 4945K(5248K)->4945K(5248K)
[2025-01-14T22:22:27.300+0530][gc          ] GC(9) Pause Young (Normal) (G1 Evacuation Pause) 201M->157M(1024M) 22.954ms
[2025-01-14T22:22:27.300+0530][gc,cpu      ] GC(9) User=0.03s Sys=0.00s Real=0.03s
[2025-01-14T22:28:17.397+0530][gc,start    ] GC(10) Pause Young (Normal) (G1 Evacuation Pause)
[2025-01-14T22:28:17.398+0530][gc,task     ] GC(10) Using 9 workers of 9 for evacuation
[2025-01-14T22:28:17.416+0530][gc,phases   ] GC(10)   Pre Evacuate Collection Set: 1.2ms
[2025-01-14T22:28:17.416+0530][gc,phases   ] GC(10)   Merge Heap Roots: 0.3ms
[2025-01-14T22:28:17.416+0530][gc,phases   ] GC(10)   Evacuate Collection Set: 15.9ms
[2025-01-14T22:28:17.416+0530][gc,phases   ] GC(10)   Post Evacuate Collection Set: 0.3ms
[2025-01-14T22:28:17.416+0530][gc,phases   ] GC(10)   Other: 0.2ms
[2025-01-14T22:28:17.416+0530][gc,heap     ] GC(10) Eden regions: 44->0(45)
[2025-01-14T22:28:17.416+0530][gc,heap     ] GC(10) Survivor regions: 7->6(7)
[2025-01-14T22:28:17.416+0530][gc,heap     ] GC(10) Old regions: 20->26
[2025-01-14T22:28:17.416+0530][gc,heap     ] GC(10) Humongous regions: 131->131
[2025-01-14T22:28:17.416+0530][gc,metaspace] GC(10) Metaspace: 42453K(43136K)->42453K(43136K) NonClass: 37508K(37888K)->37508K(37888K) Class: 4945K(5248K)->4945K(5248K)
[2025-01-14T22:28:17.416+0530][gc          ] GC(10) Pause Young (Normal) (G1 Evacuation Pause) 201M->162M(1024M) 19.180ms
[2025-01-14T22:28:17.416+0530][gc,cpu      ] GC(10) User=0.04s Sys=0.01s Real=0.02s
[2025-01-14T22:34:11.830+0530][gc,start    ] GC(11) Pause Young (Normal) (G1 Evacuation Pause)
[2025-01-14T22:34:11.830+0530][gc,task     ] GC(11) Using 9 workers of 9 for evacuation
[2025-01-14T22:34:11.846+0530][gc,phases   ] GC(11)   Pre Evacuate Collection Set: 0.6ms
[2025-01-14T22:34:11.846+0530][gc,phases   ] GC(11)   Merge Heap Roots: 0.2ms
[2025-01-14T22:34:11.846+0530][gc,phases   ] GC(11)   Evacuate Collection Set: 14.6ms
[2025-01-14T22:34:11.846+0530][gc,phases   ] GC(11)   Post Evacuate Collection Set: 0.3ms
[2025-01-14T22:34:11.846+0530][gc,phases   ] GC(11)   Other: 0.1ms
[2025-01-14T22:34:11.846+0530][gc,heap     ] GC(11) Eden regions: 45->0(45)
[2025-01-14T22:34:11.846+0530][gc,heap     ] GC(11) Survivor regions: 6->6(7)
[2025-01-14T22:34:11.846+0530][gc,heap     ] GC(11) Old regions: 26->31
[2025-01-14T22:34:11.846+0530][gc,heap     ] GC(11) Humongous regions: 131->131
[2025-01-14T22:34:11.846+0530][gc,metaspace] GC(11) Metaspace: 42501K(43200K)->42501K(43200K) NonClass: 37556K(37952K)->37556K(37952K) Class: 4945K(5248K)->4945K(5248K)
[2025-01-14T22:34:11.846+0530][gc          ] GC(11) Pause Young (Normal) (G1 Evacuation Pause) 207M->166M(1024M) 16.237ms
[2025-01-14T22:34:11.846+0530][gc,cpu      ] GC(11) User=0.03s Sys=0.00s Real=0.01s
[2025-01-14T22:40:09.551+0530][gc,start    ] GC(12) Pause Young (Normal) (G1 Evacuation Pause)
[2025-01-14T22:40:09.554+0530][gc,task     ] GC(12) Using 9 workers of 9 for evacuation
[2025-01-14T22:40:09.578+0530][gc,mmu      ] GC(12) MMU target violated: 21.0ms (20.0ms/21.0ms)
[2025-01-14T22:40:09.578+0530][gc,phases   ] GC(12)   Pre Evacuate Collection Set: 1.7ms
[2025-01-14T22:40:09.578+0530][gc,phases   ] GC(12)   Merge Heap Roots: 1.1ms
[2025-01-14T22:40:09.579+0530][gc,phases   ] GC(12)   Evacuate Collection Set: 21.4ms
[2025-01-14T22:40:09.579+0530][gc,phases   ] GC(12)   Post Evacuate Collection Set: 0.5ms
[2025-01-14T22:40:09.579+0530][gc,phases   ] GC(12)   Other: 0.4ms
[2025-01-14T22:40:09.579+0530][gc,heap     ] GC(12) Eden regions: 45->0(45)
[2025-01-14T22:40:09.579+0530][gc,heap     ] GC(12) Survivor regions: 6->6(7)
[2025-01-14T22:40:09.579+0530][gc,heap     ] GC(12) Old regions: 31->35
[2025-01-14T22:40:09.579+0530][gc,heap     ] GC(12) Humongous regions: 131->131
[2025-01-14T22:40:09.579+0530][gc,metaspace] GC(12) Metaspace: 42550K(43264K)->42550K(43264K) NonClass: 37605K(38016K)->37605K(38016K) Class: 4945K(5248K)->4945K(5248K)
[2025-01-14T22:40:09.579+0530][gc          ] GC(12) Pause Young (Normal) (G1 Evacuation Pause) 211M->171M(1024M) 27.246ms
[2025-01-14T22:40:09.579+0530][gc,cpu      ] GC(12) User=0.05s Sys=0.02s Real=0.02s
[2025-01-14T22:46:02.146+0530][gc,start    ] GC(13) Pause Young (Normal) (G1 Evacuation Pause)
[2025-01-14T22:46:02.147+0530][gc,task     ] GC(13) Using 9 workers of 9 for evacuation
[2025-01-14T22:46:02.164+0530][gc,phases   ] GC(13)   Pre Evacuate Collection Set: 0.9ms
[2025-01-14T22:46:02.164+0530][gc,phases   ] GC(13)   Merge Heap Roots: 0.2ms
[2025-01-14T22:46:02.164+0530][gc,phases   ] GC(13)   Evacuate Collection Set: 15.4ms
[2025-01-14T22:46:02.164+0530][gc,phases   ] GC(13)   Post Evacuate Collection Set: 0.4ms
[2025-01-14T22:46:02.164+0530][gc,phases   ] GC(13)   Other: 0.1ms
[2025-01-14T22:46:02.164+0530][gc,heap     ] GC(13) Eden regions: 45->0(45)
[2025-01-14T22:46:02.164+0530][gc,heap     ] GC(13) Survivor regions: 6->6(7)
[2025-01-14T22:46:02.164+0530][gc,heap     ] GC(13) Old regions: 35->40
[2025-01-14T22:46:02.164+0530][gc,heap     ] GC(13) Humongous regions: 131->131
[2025-01-14T22:46:02.164+0530][gc,metaspace] GC(13) Metaspace: 42636K(43328K)->42636K(43328K) NonClass: 37691K(38080K)->37691K(38080K) Class: 4945K(5248K)->4945K(5248K)
[2025-01-14T22:46:02.164+0530][gc          ] GC(13) Pause Young (Normal) (G1 Evacuation Pause) 216M->176M(1024M) 18.316ms
[2025-01-14T22:46:02.164+0530][gc,cpu      ] GC(13) User=0.04s Sys=0.02s Real=0.02s
[2025-01-14T22:51:46.819+0530][gc,start    ] GC(14) Pause Young (Normal) (G1 Evacuation Pause)
[2025-01-14T22:51:46.821+0530][gc,task     ] GC(14) Using 9 workers of 9 for evacuation
[2025-01-14T22:51:46.849+0530][gc,mmu      ] GC(14) MMU target violated: 21.0ms (20.0ms/21.0ms)
[2025-01-14T22:51:46.849+0530][gc,phases   ] GC(14)   Pre Evacuate Collection Set: 6.8ms
[2025-01-14T22:51:46.849+0530][gc,phases   ] GC(14)   Merge Heap Roots: 0.9ms
[2025-01-14T22:51:46.849+0530][gc,phases   ] GC(14)   Evacuate Collection Set: 19.2ms
[2025-01-14T22:51:46.849+0530][gc,phases   ] GC(14)   Post Evacuate Collection Set: 0.8ms
[2025-01-14T22:51:46.849+0530][gc,phases   ] GC(14)   Other: 1.0ms
[2025-01-14T22:51:46.849+0530][gc,heap     ] GC(14) Eden regions: 45->0(45)
[2025-01-14T22:51:46.849+0530][gc,heap     ] GC(14) Survivor regions: 6->6(7)
[2025-01-14T22:51:46.849+0530][gc,heap     ] GC(14) Old regions: 40->44
[2025-01-14T22:51:46.849+0530][gc,heap     ] GC(14) Humongous regions: 131->131
[2025-01-14T22:51:46.849+0530][gc,metaspace] GC(14) Metaspace: 42693K(43392K)->42693K(43392K) NonClass: 37747K(38144K)->37747K(38144K) Class: 4945K(5248K)->4945K(5248K)
[2025-01-14T22:51:46.849+0530][gc          ] GC(14) Pause Young (Normal) (G1 Evacuation Pause) 221M->180M(1024M) 30.346ms
[2025-01-14T22:51:46.849+0530][gc,cpu      ] GC(14) User=0.05s Sys=0.04s Real=0.03s
[2025-01-14T22:57:37.447+0530][gc,start    ] GC(15) Pause Young (Normal) (G1 Evacuation Pause)
[2025-01-14T22:57:37.449+0530][gc,task     ] GC(15) Using 9 workers of 9 for evacuation
[2025-01-14T22:57:37.473+0530][gc,mmu      ] GC(15) MMU target violated: 21.0ms (20.0ms/21.0ms)
[2025-01-14T22:57:37.473+0530][gc,phases   ] GC(15)   Pre Evacuate Collection Set: 1.5ms
[2025-01-14T22:57:37.473+0530][gc,phases   ] GC(15)   Merge Heap Roots: 0.8ms
[2025-01-14T22:57:37.473+0530][gc,phases   ] GC(15)   Evacuate Collection Set: 21.4ms
[2025-01-14T22:57:37.473+0530][gc,phases   ] GC(15)   Post Evacuate Collection Set: 0.5ms
[2025-01-14T22:57:37.473+0530][gc,phases   ] GC(15)   Other: 0.3ms
[2025-01-14T22:57:37.473+0530][gc,heap     ] GC(15) Eden regions: 45->0(45)
[2025-01-14T22:57:37.473+0530][gc,heap     ] GC(15) Survivor regions: 6->6(7)
[2025-01-14T22:57:37.473+0530][gc,heap     ] GC(15) Old regions: 44->49
[2025-01-14T22:57:37.473+0530][gc,heap     ] GC(15) Humongous regions: 131->131
[2025-01-14T22:57:37.473+0530][gc,metaspace] GC(15) Metaspace: 42738K(43392K)->42738K(43392K) NonClass: 37793K(38144K)->37793K(38144K) Class: 4945K(5248K)->4945K(5248K)
[2025-01-14T22:57:37.473+0530][gc          ] GC(15) Pause Young (Normal) (G1 Evacuation Pause) 225M->185M(1024M) 26.855ms
[2025-01-14T22:57:37.473+0530][gc,cpu      ] GC(15) User=0.04s Sys=0.03s Real=0.03s
[2025-01-14T23:03:27.985+0530][gc,start    ] GC(16) Pause Young (Normal) (G1 Evacuation Pause)
[2025-01-14T23:03:27.986+0530][gc,task     ] GC(16) Using 9 workers of 9 for evacuation
[2025-01-14T23:03:28.005+0530][gc,phases   ] GC(16)   Pre Evacuate Collection Set: 1.2ms
[2025-01-14T23:03:28.005+0530][gc,phases   ] GC(16)   Merge Heap Roots: 0.4ms
[2025-01-14T23:03:28.005+0530][gc,phases   ] GC(16)   Evacuate Collection Set: 16.7ms
[2025-01-14T23:03:28.005+0530][gc,phases   ] GC(16)   Post Evacuate Collection Set: 0.4ms
[2025-01-14T23:03:28.005+0530][gc,phases   ] GC(16)   Other: 0.2ms
[2025-01-14T23:03:28.005+0530][gc,heap     ] GC(16) Eden regions: 45->0(44)
[2025-01-14T23:03:28.005+0530][gc,heap     ] GC(16) Survivor regions: 6->7(7)
[2025-01-14T23:03:28.005+0530][gc,heap     ] GC(16) Old regions: 49->54
[2025-01-14T23:03:28.005+0530][gc,heap     ] GC(16) Humongous regions: 131->131
[2025-01-14T23:03:28.005+0530][gc,metaspace] GC(16) Metaspace: 42756K(43392K)->42756K(43392K) NonClass: 37811K(38144K)->37811K(38144K) Class: 4945K(5248K)->4945K(5248K)
[2025-01-14T23:03:28.005+0530][gc          ] GC(16) Pause Young (Normal) (G1 Evacuation Pause) 230M->190M(1024M) 19.587ms
[2025-01-14T23:03:28.005+0530][gc,cpu      ] GC(16) User=0.03s Sys=0.02s Real=0.02s
[2025-01-14T23:09:10.809+0530][gc,start    ] GC(17) Pause Young (Normal) (G1 Evacuation Pause)
[2025-01-14T23:09:10.812+0530][gc,task     ] GC(17) Using 9 workers of 9 for evacuation
[2025-01-14T23:09:10.833+0530][gc,mmu      ] GC(17) MMU target violated: 21.0ms (20.0ms/21.0ms)
[2025-01-14T23:09:10.833+0530][gc,phases   ] GC(17)   Pre Evacuate Collection Set: 1.3ms
[2025-01-14T23:09:10.833+0530][gc,phases   ] GC(17)   Merge Heap Roots: 0.3ms
[2025-01-14T23:09:10.833+0530][gc,phases   ] GC(17)   Evacuate Collection Set: 19.2ms
[2025-01-14T23:09:10.833+0530][gc,phases   ] GC(17)   Post Evacuate Collection Set: 0.6ms
[2025-01-14T23:09:10.833+0530][gc,phases   ] GC(17)   Other: 1.0ms
[2025-01-14T23:09:10.833+0530][gc,heap     ] GC(17) Eden regions: 44->0(45)
[2025-01-14T23:09:10.833+0530][gc,heap     ] GC(17) Survivor regions: 7->6(7)
[2025-01-14T23:09:10.833+0530][gc,heap     ] GC(17) Old regions: 54->59
[2025-01-14T23:09:10.833+0530][gc,heap     ] GC(17) Humongous regions: 131->131
[2025-01-14T23:09:10.833+0530][gc,metaspace] GC(17) Metaspace: 42783K(43456K)->42783K(43456K) NonClass: 37838K(38208K)->37838K(38208K) Class: 4945K(5248K)->4945K(5248K)
[2025-01-14T23:09:10.833+0530][gc          ] GC(17) Pause Young (Normal) (G1 Evacuation Pause) 234M->194M(1024M) 24.362ms
[2025-01-14T23:09:10.834+0530][gc,cpu      ] GC(17) User=0.05s Sys=0.03s Real=0.03s
[2025-01-14T23:14:32.457+0530][gc,start    ] GC(18) Pause Young (Normal) (G1 Evacuation Pause)
[2025-01-14T23:14:32.458+0530][gc,task     ] GC(18) Using 9 workers of 9 for evacuation
[2025-01-14T23:14:32.474+0530][gc,phases   ] GC(18)   Pre Evacuate Collection Set: 0.7ms
[2025-01-14T23:14:32.474+0530][gc,phases   ] GC(18)   Merge Heap Roots: 0.2ms
[2025-01-14T23:14:32.474+0530][gc,phases   ] GC(18)   Evacuate Collection Set: 15.4ms
[2025-01-14T23:14:32.474+0530][gc,phases   ] GC(18)   Post Evacuate Collection Set: 0.4ms
[2025-01-14T23:14:32.474+0530][gc,phases   ] GC(18)   Other: 0.2ms
[2025-01-14T23:14:32.474+0530][gc,heap     ] GC(18) Eden regions: 45->0(46)
[2025-01-14T23:14:32.474+0530][gc,heap     ] GC(18) Survivor regions: 6->5(7)
[2025-01-14T23:14:32.474+0530][gc,heap     ] GC(18) Old regions: 59->63
[2025-01-14T23:14:32.475+0530][gc,heap     ] GC(18) Humongous regions: 131->131
[2025-01-14T23:14:32.475+0530][gc,metaspace] GC(18) Metaspace: 42831K(43520K)->42831K(43520K) NonClass: 37882K(38272K)->37882K(38272K) Class: 4948K(5248K)->4948K(5248K)
[2025-01-14T23:14:32.475+0530][gc          ] GC(18) Pause Young (Normal) (G1 Evacuation Pause) 239M->198M(1024M) 17.525ms
[2025-01-14T23:14:32.475+0530][gc,cpu      ] GC(18) User=0.02s Sys=0.02s Real=0.02s
[2025-01-14T23:23:15.592+0530][gc,start    ] GC(19) Pause Young (Normal) (G1 Evacuation Pause)
[2025-01-14T23:23:15.593+0530][gc,task     ] GC(19) Using 9 workers of 9 for evacuation
[2025-01-14T23:23:15.614+0530][gc,mmu      ] GC(19) MMU target violated: 21.0ms (20.0ms/21.0ms)
[2025-01-14T23:23:15.614+0530][gc,phases   ] GC(19)   Pre Evacuate Collection Set: 1.6ms
[2025-01-14T23:23:15.614+0530][gc,phases   ] GC(19)   Merge Heap Roots: 1.1ms
[2025-01-14T23:23:15.614+0530][gc,phases   ] GC(19)   Evacuate Collection Set: 17.9ms
[2025-01-14T23:23:15.614+0530][gc,phases   ] GC(19)   Post Evacuate Collection Set: 0.5ms
[2025-01-14T23:23:15.614+0530][gc,phases   ] GC(19)   Other: 0.3ms
[2025-01-14T23:23:15.614+0530][gc,heap     ] GC(19) Eden regions: 46->0(50)
[2025-01-14T23:23:15.614+0530][gc,heap     ] GC(19) Survivor regions: 5->3(7)
[2025-01-14T23:23:15.614+0530][gc,heap     ] GC(19) Old regions: 63->66
[2025-01-14T23:23:15.614+0530][gc,heap     ] GC(19) Humongous regions: 131->131
[2025-01-14T23:23:15.614+0530][gc,metaspace] GC(19) Metaspace: 42855K(43584K)->42855K(43584K) NonClass: 37903K(38336K)->37903K(38336K) Class: 4952K(5248K)->4952K(5248K)
[2025-01-14T23:23:15.614+0530][gc          ] GC(19) Pause Young (Normal) (G1 Evacuation Pause) 244M->199M(1024M) 22.206ms
[2025-01-14T23:23:15.614+0530][gc,cpu      ] GC(19) User=0.02s Sys=0.03s Real=0.02s
[2025-01-14T23:31:48.913+0530][gc,start    ] GC(20) Pause Young (Normal) (G1 Evacuation Pause)
[2025-01-14T23:31:48.914+0530][gc,task     ] GC(20) Using 9 workers of 9 for evacuation
[2025-01-14T23:31:48.931+0530][gc,phases   ] GC(20)   Pre Evacuate Collection Set: 1.2ms
[2025-01-14T23:31:48.931+0530][gc,phases   ] GC(20)   Merge Heap Roots: 0.8ms
[2025-01-14T23:31:48.931+0530][gc,phases   ] GC(20)   Evacuate Collection Set: 15.2ms
[2025-01-14T23:31:48.931+0530][gc,phases   ] GC(20)   Post Evacuate Collection Set: 0.3ms
[2025-01-14T23:31:48.931+0530][gc,phases   ] GC(20)   Other: 0.2ms
[2025-01-14T23:31:48.931+0530][gc,heap     ] GC(20) Eden regions: 66->0(42)
[2025-01-14T23:31:48.931+0530][gc,heap     ] GC(20) Survivor regions: 3->9(9)
[2025-01-14T23:31:48.931+0530][gc,heap     ] GC(20) Old regions: 66->66
[2025-01-14T23:31:48.931+0530][gc,heap     ] GC(20) Humongous regions: 131->131
[2025-01-14T23:31:48.931+0530][gc,metaspace] GC(20) Metaspace: 42916K(43584K)->42916K(43584K) NonClass: 37963K(38336K)->37963K(38336K) Class: 4952K(5248K)->4952K(5248K)
[2025-01-14T23:31:48.931+0530][gc          ] GC(20) Pause Young (Normal) (G1 Evacuation Pause) 265M->205M(1024M) 18.455ms
[2025-01-14T23:31:48.931+0530][gc,cpu      ] GC(20) User=0.03s Sys=0.02s Real=0.02s
[2025-01-14T23:36:21.613+0530][gc,start    ] GC(21) Pause Young (Normal) (G1 Evacuation Pause)
[2025-01-14T23:36:21.614+0530][gc,task     ] GC(21) Using 9 workers of 9 for evacuation
[2025-01-14T23:36:21.645+0530][gc,mmu      ] GC(21) MMU target violated: 21.0ms (20.0ms/21.0ms)
[2025-01-14T23:36:21.645+0530][gc,phases   ] GC(21)   Pre Evacuate Collection Set: 0.6ms
[2025-01-14T23:36:21.645+0530][gc,phases   ] GC(21)   Merge Heap Roots: 0.3ms
[2025-01-14T23:36:21.645+0530][gc,phases   ] GC(21)   Evacuate Collection Set: 29.2ms
[2025-01-14T23:36:21.645+0530][gc,phases   ] GC(21)   Post Evacuate Collection Set: 0.4ms
[2025-01-14T23:36:21.645+0530][gc,phases   ] GC(21)   Other: 0.6ms
[2025-01-14T23:36:21.645+0530][gc,heap     ] GC(21) Eden regions: 42->0(46)
[2025-01-14T23:36:21.645+0530][gc,heap     ] GC(21) Survivor regions: 9->5(7)
[2025-01-14T23:36:21.645+0530][gc,heap     ] GC(21) Old regions: 66->74
[2025-01-14T23:36:21.645+0530][gc,heap     ] GC(21) Humongous regions: 131->131
[2025-01-14T23:36:21.645+0530][gc,metaspace] GC(21) Metaspace: 43529K(44160K)->43529K(44160K) NonClass: 38427K(38784K)->38427K(38784K) Class: 5102K(5376K)->5102K(5376K)
[2025-01-14T23:36:21.645+0530][gc          ] GC(21) Pause Young (Normal) (G1 Evacuation Pause) 247M->209M(1024M) 31.475ms
[2025-01-14T23:36:21.645+0530][gc,cpu      ] GC(21) User=0.03s Sys=0.07s Real=0.03s
[2025-01-14T23:36:21.649+0530][gc,heap,exit] Heap
[2025-01-14T23:36:21.649+0530][gc,heap,exit]  garbage-first heap   total 1048576K, used 215857K [0x00000007c0000000, 0x0000000800000000)
[2025-01-14T23:36:21.649+0530][gc,heap,exit]   region size 1024K, 7 young (7168K), 5 survivors (5120K)
[2025-01-14T23:36:21.649+0530][gc,heap,exit]  Metaspace       used 43556K, committed 44224K, reserved 1114112K
[2025-01-14T23:36:21.650+0530][gc,heap,exit]   class space    used 5109K, committed 5376K, reserved 1048576K
