[2025-01-02T12:11:33.142+0530][gc,init] CardTable entry size: 512
[2025-01-02T12:11:33.142+0530][gc     ] Using G1
[2025-01-02T12:11:33.143+0530][gc,init] Version: 21.0.2+13-58 (release)
[2025-01-02T12:11:33.143+0530][gc,init] CPUs: 10 total, 10 available
[2025-01-02T12:11:33.143+0530][gc,init] Memory: 16384M
[2025-01-02T12:11:33.143+0530][gc,init] Large Page Support: Disabled
[2025-01-02T12:11:33.143+0530][gc,init] NUMA Support: Disabled
[2025-01-02T12:11:33.143+0530][gc,init] Compressed Oops: Enabled (Zero based)
[2025-01-02T12:11:33.143+0530][gc,init] Heap Region Size: 1M
[2025-01-02T12:11:33.143+0530][gc,init] Heap Min Capacity: 1G
[2025-01-02T12:11:33.143+0530][gc,init] Heap Initial Capacity: 1G
[2025-01-02T12:11:33.143+0530][gc,init] Heap Max Capacity: 1G
[2025-01-02T12:11:33.143+0530][gc,init] Pre-touch: Disabled
[2025-01-02T12:11:33.143+0530][gc,init] Parallel Workers: 9
[2025-01-02T12:11:33.143+0530][gc,init] Concurrent Workers: 2
[2025-01-02T12:11:33.143+0530][gc,init] Concurrent Refinement Workers: 9
[2025-01-02T12:11:33.143+0530][gc,init] Periodic GC: Disabled
[2025-01-02T12:11:33.147+0530][gc,metaspace] CDS archive(s) mapped at: [0x0000000400000000-0x0000000400ca4000-0x0000000400ca4000), size 13254656, SharedBaseAddress: 0x0000000400000000, ArchiveRelocationMode: 1.
[2025-01-02T12:11:33.147+0530][gc,metaspace] Compressed class space mapped at: 0x0000000401000000-0x0000000441000000, reserved size: 1073741824
[2025-01-02T12:11:33.147+0530][gc,metaspace] Narrow klass base: 0x0000000400000000, Narrow klass shift: 0, Narrow klass range: 0x100000000
[2025-01-02T12:11:33.822+0530][gc,start    ] GC(0) Pause Young (Normal) (G1 Evacuation Pause)
[2025-01-02T12:11:33.822+0530][gc,task     ] GC(0) Using 9 workers of 9 for evacuation
[2025-01-02T12:11:33.825+0530][gc,phases   ] GC(0)   Pre Evacuate Collection Set: 0.1ms
[2025-01-02T12:11:33.825+0530][gc,phases   ] GC(0)   Merge Heap Roots: 0.0ms
[2025-01-02T12:11:33.825+0530][gc,phases   ] GC(0)   Evacuate Collection Set: 1.8ms
[2025-01-02T12:11:33.825+0530][gc,phases   ] GC(0)   Post Evacuate Collection Set: 0.3ms
[2025-01-02T12:11:33.825+0530][gc,phases   ] GC(0)   Other: 0.3ms
[2025-01-02T12:11:33.825+0530][gc,heap     ] GC(0) Eden regions: 51->0(44)
[2025-01-02T12:11:33.825+0530][gc,heap     ] GC(0) Survivor regions: 0->7(7)
[2025-01-02T12:11:33.825+0530][gc,heap     ] GC(0) Old regions: 2->5
[2025-01-02T12:11:33.825+0530][gc,heap     ] GC(0) Humongous regions: 2->2
[2025-01-02T12:11:33.825+0530][gc,metaspace] GC(0) Metaspace: 17356K(17600K)->17356K(17600K) NonClass: 15370K(15488K)->15370K(15488K) Class: 1986K(2112K)->1986K(2112K)
[2025-01-02T12:11:33.825+0530][gc          ] GC(0) Pause Young (Normal) (G1 Evacuation Pause) 54M->12M(1024M) 2.818ms
[2025-01-02T12:11:33.825+0530][gc,cpu      ] GC(0) User=0.01s Sys=0.00s Real=0.00s
[2025-01-02T12:11:33.947+0530][gc,start    ] GC(1) Pause Young (Concurrent Start) (Metadata GC Threshold)
[2025-01-02T12:11:33.947+0530][gc,task     ] GC(1) Using 9 workers of 9 for evacuation
[2025-01-02T12:11:33.950+0530][gc,phases   ] GC(1)   Pre Evacuate Collection Set: 0.2ms
[2025-01-02T12:11:33.950+0530][gc,phases   ] GC(1)   Merge Heap Roots: 0.0ms
[2025-01-02T12:11:33.950+0530][gc,phases   ] GC(1)   Evacuate Collection Set: 2.1ms
[2025-01-02T12:11:33.950+0530][gc,phases   ] GC(1)   Post Evacuate Collection Set: 0.2ms
[2025-01-02T12:11:33.950+0530][gc,phases   ] GC(1)   Other: 0.0ms
[2025-01-02T12:11:33.950+0530][gc,heap     ] GC(1) Eden regions: 15->0(50)
[2025-01-02T12:11:33.950+0530][gc,heap     ] GC(1) Survivor regions: 7->1(7)
[2025-01-02T12:11:33.950+0530][gc,heap     ] GC(1) Old regions: 5->12
[2025-01-02T12:11:33.950+0530][gc,heap     ] GC(1) Humongous regions: 2->2
[2025-01-02T12:11:33.950+0530][gc,metaspace] GC(1) Metaspace: 21247K(21504K)->21247K(21504K) NonClass: 18764K(18880K)->18764K(18880K) Class: 2483K(2624K)->2483K(2624K)
[2025-01-02T12:11:33.950+0530][gc          ] GC(1) Pause Young (Concurrent Start) (Metadata GC Threshold) 26M->13M(1024M) 2.753ms
[2025-01-02T12:11:33.950+0530][gc,cpu      ] GC(1) User=0.01s Sys=0.00s Real=0.01s
[2025-01-02T12:11:33.950+0530][gc          ] GC(2) Concurrent Mark Cycle
[2025-01-02T12:11:33.950+0530][gc,marking  ] GC(2) Concurrent Scan Root Regions
[2025-01-02T12:11:33.951+0530][gc,marking  ] GC(2) Concurrent Scan Root Regions 1.163ms
[2025-01-02T12:11:33.951+0530][gc,marking  ] GC(2) Concurrent Mark
[2025-01-02T12:11:33.951+0530][gc,marking  ] GC(2) Concurrent Mark From Roots
[2025-01-02T12:11:33.952+0530][gc,task     ] GC(2) Using 2 workers of 2 for marking
[2025-01-02T12:11:33.953+0530][gc,marking  ] GC(2) Concurrent Mark From Roots 1.299ms
[2025-01-02T12:11:33.953+0530][gc,marking  ] GC(2) Concurrent Preclean
[2025-01-02T12:11:33.953+0530][gc,marking  ] GC(2) Concurrent Preclean 0.009ms
[2025-01-02T12:11:33.953+0530][gc,start    ] GC(2) Pause Remark
[2025-01-02T12:11:33.954+0530][gc          ] GC(2) Pause Remark 14M->14M(1024M) 0.982ms
[2025-01-02T12:11:33.954+0530][gc,cpu      ] GC(2) User=0.00s Sys=0.00s Real=0.00s
[2025-01-02T12:11:33.954+0530][gc,marking  ] GC(2) Concurrent Mark 2.439ms
[2025-01-02T12:11:33.954+0530][gc,marking  ] GC(2) Concurrent Rebuild Remembered Sets and Scrub Regions
[2025-01-02T12:11:33.955+0530][gc,marking  ] GC(2) Concurrent Rebuild Remembered Sets and Scrub Regions 1.273ms
[2025-01-02T12:11:33.955+0530][gc,start    ] GC(2) Pause Cleanup
[2025-01-02T12:11:33.955+0530][gc          ] GC(2) Pause Cleanup 14M->14M(1024M) 0.069ms
[2025-01-02T12:11:33.955+0530][gc,cpu      ] GC(2) User=0.00s Sys=0.00s Real=0.00s
[2025-01-02T12:11:33.955+0530][gc,marking  ] GC(2) Concurrent Clear Claimed Marks
[2025-01-02T12:11:33.955+0530][gc,marking  ] GC(2) Concurrent Clear Claimed Marks 0.011ms
[2025-01-02T12:11:33.955+0530][gc,marking  ] GC(2) Concurrent Cleanup for Next Mark
[2025-01-02T12:11:33.957+0530][gc,marking  ] GC(2) Concurrent Cleanup for Next Mark 1.558ms
[2025-01-02T12:11:33.957+0530][gc          ] GC(2) Concurrent Mark Cycle 6.736ms
[2025-01-02T12:11:34.989+0530][gc,start    ] GC(3) Pause Young (Prepare Mixed) (G1 Evacuation Pause)
[2025-01-02T12:11:34.989+0530][gc,task     ] GC(3) Using 9 workers of 9 for evacuation
[2025-01-02T12:11:34.991+0530][gc,phases   ] GC(3)   Pre Evacuate Collection Set: 0.1ms
[2025-01-02T12:11:34.991+0530][gc,phases   ] GC(3)   Merge Heap Roots: 0.1ms
[2025-01-02T12:11:34.991+0530][gc,phases   ] GC(3)   Evacuate Collection Set: 1.5ms
[2025-01-02T12:11:34.991+0530][gc,phases   ] GC(3)   Post Evacuate Collection Set: 0.2ms
[2025-01-02T12:11:34.991+0530][gc,phases   ] GC(3)   Other: 0.0ms
[2025-01-02T12:11:34.991+0530][gc,heap     ] GC(3) Eden regions: 50->0(45)
[2025-01-02T12:11:34.991+0530][gc,heap     ] GC(3) Survivor regions: 1->6(7)
[2025-01-02T12:11:34.991+0530][gc,heap     ] GC(3) Old regions: 12->12
[2025-01-02T12:11:34.991+0530][gc,heap     ] GC(3) Humongous regions: 131->131
[2025-01-02T12:11:34.991+0530][gc,metaspace] GC(3) Metaspace: 29969K(30272K)->29969K(30272K) NonClass: 26643K(26816K)->26643K(26816K) Class: 3326K(3456K)->3326K(3456K)
[2025-01-02T12:11:34.991+0530][gc          ] GC(3) Pause Young (Prepare Mixed) (G1 Evacuation Pause) 192M->146M(1024M) 2.034ms
[2025-01-02T12:11:34.991+0530][gc,cpu      ] GC(3) User=0.01s Sys=0.00s Real=0.01s
[2025-01-02T12:11:35.137+0530][gc,start    ] GC(4) Pause Young (Mixed) (Metadata GC Threshold)
[2025-01-02T12:11:35.137+0530][gc,task     ] GC(4) Using 9 workers of 9 for evacuation
[2025-01-02T12:11:35.140+0530][gc,phases   ] GC(4)   Pre Evacuate Collection Set: 0.1ms
[2025-01-02T12:11:35.140+0530][gc,phases   ] GC(4)   Merge Heap Roots: 0.0ms
[2025-01-02T12:11:35.140+0530][gc,phases   ] GC(4)   Evacuate Collection Set: 1.8ms
[2025-01-02T12:11:35.140+0530][gc,phases   ] GC(4)   Post Evacuate Collection Set: 0.2ms
[2025-01-02T12:11:35.140+0530][gc,phases   ] GC(4)   Other: 0.0ms
[2025-01-02T12:11:35.140+0530][gc,heap     ] GC(4) Eden regions: 23->0(48)
[2025-01-02T12:11:35.140+0530][gc,heap     ] GC(4) Survivor regions: 6->3(7)
[2025-01-02T12:11:35.140+0530][gc,heap     ] GC(4) Old regions: 12->16
[2025-01-02T12:11:35.140+0530][gc,heap     ] GC(4) Humongous regions: 131->131
[2025-01-02T12:11:35.140+0530][gc,metaspace] GC(4) Metaspace: 35647K(35968K)->35647K(35968K) NonClass: 31794K(31936K)->31794K(31936K) Class: 3853K(4032K)->3853K(4032K)
[2025-01-02T12:11:35.140+0530][gc          ] GC(4) Pause Young (Mixed) (Metadata GC Threshold) 169M->149M(1024M) 2.294ms
[2025-01-02T12:11:35.140+0530][gc,cpu      ] GC(4) User=0.02s Sys=0.00s Real=0.01s
[2025-01-02T12:11:35.144+0530][gc,start    ] GC(5) Pause Young (Concurrent Start) (Metadata GC Threshold)
[2025-01-02T12:11:35.144+0530][gc,task     ] GC(5) Using 9 workers of 9 for evacuation
[2025-01-02T12:11:35.145+0530][gc,phases   ] GC(5)   Pre Evacuate Collection Set: 0.2ms
[2025-01-02T12:11:35.145+0530][gc,phases   ] GC(5)   Merge Heap Roots: 0.0ms
[2025-01-02T12:11:35.145+0530][gc,phases   ] GC(5)   Evacuate Collection Set: 0.7ms
[2025-01-02T12:11:35.145+0530][gc,phases   ] GC(5)   Post Evacuate Collection Set: 0.1ms
[2025-01-02T12:11:35.145+0530][gc,phases   ] GC(5)   Other: 0.0ms
[2025-01-02T12:11:35.145+0530][gc,heap     ] GC(5) Eden regions: 2->0(48)
[2025-01-02T12:11:35.145+0530][gc,heap     ] GC(5) Survivor regions: 3->3(7)
[2025-01-02T12:11:35.145+0530][gc,heap     ] GC(5) Old regions: 16->16
[2025-01-02T12:11:35.145+0530][gc,heap     ] GC(5) Humongous regions: 131->131
[2025-01-02T12:11:35.145+0530][gc,metaspace] GC(5) Metaspace: 35943K(36288K)->35943K(36288K) NonClass: 32047K(32192K)->32047K(32192K) Class: 3896K(4096K)->3896K(4096K)
[2025-01-02T12:11:35.145+0530][gc          ] GC(5) Pause Young (Concurrent Start) (Metadata GC Threshold) 151M->149M(1024M) 1.154ms
[2025-01-02T12:11:35.145+0530][gc          ] GC(6) Concurrent Mark Cycle
[2025-01-02T12:11:35.145+0530][gc,cpu      ] GC(5) User=0.01s Sys=0.00s Real=0.00s
[2025-01-02T12:11:35.145+0530][gc,marking  ] GC(6) Concurrent Scan Root Regions
[2025-01-02T12:11:35.146+0530][gc,marking  ] GC(6) Concurrent Scan Root Regions 0.714ms
[2025-01-02T12:11:35.146+0530][gc,marking  ] GC(6) Concurrent Mark
[2025-01-02T12:11:35.146+0530][gc,marking  ] GC(6) Concurrent Mark From Roots
[2025-01-02T12:11:35.146+0530][gc,task     ] GC(6) Using 2 workers of 2 for marking
[2025-01-02T12:11:35.152+0530][gc,marking  ] GC(6) Concurrent Mark From Roots 6.358ms
[2025-01-02T12:11:35.152+0530][gc,marking  ] GC(6) Concurrent Preclean
[2025-01-02T12:11:35.152+0530][gc,marking  ] GC(6) Concurrent Preclean 0.044ms
[2025-01-02T12:11:35.152+0530][gc,start    ] GC(6) Pause Remark
[2025-01-02T12:11:35.153+0530][gc          ] GC(6) Pause Remark 151M->151M(1024M) 0.974ms
[2025-01-02T12:11:35.153+0530][gc,cpu      ] GC(6) User=0.00s Sys=0.00s Real=0.00s
[2025-01-02T12:11:35.154+0530][gc,marking  ] GC(6) Concurrent Mark 7.527ms
[2025-01-02T12:11:35.154+0530][gc,marking  ] GC(6) Concurrent Rebuild Remembered Sets and Scrub Regions
[2025-01-02T12:11:35.157+0530][gc,marking  ] GC(6) Concurrent Rebuild Remembered Sets and Scrub Regions 3.243ms
[2025-01-02T12:11:35.157+0530][gc,start    ] GC(6) Pause Cleanup
[2025-01-02T12:11:35.157+0530][gc          ] GC(6) Pause Cleanup 151M->151M(1024M) 0.076ms
[2025-01-02T12:11:35.157+0530][gc,cpu      ] GC(6) User=0.00s Sys=0.00s Real=0.00s
[2025-01-02T12:11:35.157+0530][gc,marking  ] GC(6) Concurrent Clear Claimed Marks
[2025-01-02T12:11:35.157+0530][gc,marking  ] GC(6) Concurrent Clear Claimed Marks 0.032ms
[2025-01-02T12:11:35.157+0530][gc,marking  ] GC(6) Concurrent Cleanup for Next Mark
[2025-01-02T12:11:35.158+0530][gc,marking  ] GC(6) Concurrent Cleanup for Next Mark 0.923ms
[2025-01-02T12:11:35.158+0530][gc          ] GC(6) Concurrent Mark Cycle 12.681ms
[2025-01-02T12:13:01.110+0530][gc,start    ] GC(7) Pause Young (Prepare Mixed) (G1 Evacuation Pause)
[2025-01-02T12:13:01.113+0530][gc,task     ] GC(7) Using 9 workers of 9 for evacuation
[2025-01-02T12:13:01.233+0530][gc,mmu      ] GC(7) MMU target violated: 21.0ms (20.0ms/21.0ms)
[2025-01-02T12:13:01.233+0530][gc,phases   ] GC(7)   Pre Evacuate Collection Set: 2.6ms
[2025-01-02T12:13:01.233+0530][gc,phases   ] GC(7)   Merge Heap Roots: 1.2ms
[2025-01-02T12:13:01.233+0530][gc,phases   ] GC(7)   Evacuate Collection Set: 100.3ms
[2025-01-02T12:13:01.233+0530][gc,phases   ] GC(7)   Post Evacuate Collection Set: 15.7ms
[2025-01-02T12:13:01.233+0530][gc,phases   ] GC(7)   Other: 0.6ms
[2025-01-02T12:13:01.233+0530][gc,heap     ] GC(7) Eden regions: 48->0(44)
[2025-01-02T12:13:01.233+0530][gc,heap     ] GC(7) Survivor regions: 3->7(7)
[2025-01-02T12:13:01.233+0530][gc,heap     ] GC(7) Old regions: 16->16
[2025-01-02T12:13:01.233+0530][gc,heap     ] GC(7) Humongous regions: 143->131
[2025-01-02T12:13:01.233+0530][gc,metaspace] GC(7) Metaspace: 41617K(42240K)->41617K(42240K) NonClass: 36767K(37120K)->36767K(37120K) Class: 4849K(5120K)->4849K(5120K)
[2025-01-02T12:13:01.233+0530][gc          ] GC(7) Pause Young (Prepare Mixed) (G1 Evacuation Pause) 209M->153M(1024M) 122.814ms
[2025-01-02T12:13:01.233+0530][gc,cpu      ] GC(7) User=0.02s Sys=0.11s Real=0.12s
[2025-01-02T12:16:17.419+0530][gc,start    ] GC(8) Pause Young (Mixed) (G1 Evacuation Pause)
[2025-01-02T12:16:17.420+0530][gc,task     ] GC(8) Using 9 workers of 9 for evacuation
[2025-01-02T12:16:17.439+0530][gc,phases   ] GC(8)   Pre Evacuate Collection Set: 0.7ms
[2025-01-02T12:16:17.439+0530][gc,phases   ] GC(8)   Merge Heap Roots: 0.2ms
[2025-01-02T12:16:17.439+0530][gc,phases   ] GC(8)   Evacuate Collection Set: 17.5ms
[2025-01-02T12:16:17.439+0530][gc,phases   ] GC(8)   Post Evacuate Collection Set: 0.6ms
[2025-01-02T12:16:17.439+0530][gc,phases   ] GC(8)   Other: 0.2ms
[2025-01-02T12:16:17.439+0530][gc,heap     ] GC(8) Eden regions: 44->0(48)
[2025-01-02T12:16:17.439+0530][gc,heap     ] GC(8) Survivor regions: 7->3(7)
[2025-01-02T12:16:17.439+0530][gc,heap     ] GC(8) Old regions: 16->21
[2025-01-02T12:16:17.439+0530][gc,heap     ] GC(8) Humongous regions: 131->131
[2025-01-02T12:16:17.439+0530][gc,metaspace] GC(8) Metaspace: 41978K(42624K)->41978K(42624K) NonClass: 37122K(37504K)->37122K(37504K) Class: 4856K(5120K)->4856K(5120K)
[2025-01-02T12:16:17.440+0530][gc          ] GC(8) Pause Young (Mixed) (G1 Evacuation Pause) 197M->154M(1024M) 20.138ms
[2025-01-02T12:16:17.440+0530][gc,cpu      ] GC(8) User=0.04s Sys=0.03s Real=0.03s
[2025-01-02T12:17:47.466+0530][gc,heap,exit] Heap
[2025-01-02T12:17:47.466+0530][gc,heap,exit]  garbage-first heap   total 1048576K, used 188456K [0x00000007c0000000, 0x0000000800000000)
[2025-01-02T12:17:47.466+0530][gc,heap,exit]   region size 1024K, 33 young (33792K), 3 survivors (3072K)
[2025-01-02T12:17:47.466+0530][gc,heap,exit]  Metaspace       used 42668K, committed 43328K, reserved 1114112K
[2025-01-02T12:17:47.467+0530][gc,heap,exit]   class space    used 5017K, committed 5248K, reserved 1048576K
