[2025-01-07T14:12:58.867+0530][gc,init] CardTable entry size: 512
[2025-01-07T14:12:58.867+0530][gc     ] Using G1
[2025-01-07T14:12:58.868+0530][gc,init] Version: 21.0.2+13-58 (release)
[2025-01-07T14:12:58.868+0530][gc,init] CPUs: 10 total, 10 available
[2025-01-07T14:12:58.868+0530][gc,init] Memory: 16384M
[2025-01-07T14:12:58.868+0530][gc,init] Large Page Support: Disabled
[2025-01-07T14:12:58.868+0530][gc,init] NUMA Support: Disabled
[2025-01-07T14:12:58.868+0530][gc,init] Compressed Oops: Enabled (Zero based)
[2025-01-07T14:12:58.868+0530][gc,init] Heap Region Size: 1M
[2025-01-07T14:12:58.868+0530][gc,init] Heap Min Capacity: 1G
[2025-01-07T14:12:58.868+0530][gc,init] Heap Initial Capacity: 1G
[2025-01-07T14:12:58.868+0530][gc,init] Heap Max Capacity: 1G
[2025-01-07T14:12:58.868+0530][gc,init] Pre-touch: Disabled
[2025-01-07T14:12:58.869+0530][gc,init] Parallel Workers: 9
[2025-01-07T14:12:58.869+0530][gc,init] Concurrent Workers: 2
[2025-01-07T14:12:58.869+0530][gc,init] Concurrent Refinement Workers: 9
[2025-01-07T14:12:58.869+0530][gc,init] Periodic GC: Disabled
[2025-01-07T14:12:58.873+0530][gc,metaspace] CDS archive(s) mapped at: [0x0000007000000000-0x0000007000ca4000-0x0000007000ca4000), size 13254656, SharedBaseAddress: 0x0000007000000000, ArchiveRelocationMode: 1.
[2025-01-07T14:12:58.873+0530][gc,metaspace] Compressed class space mapped at: 0x0000007001000000-0x0000007041000000, reserved size: 1073741824
[2025-01-07T14:12:58.873+0530][gc,metaspace] Narrow klass base: 0x0000007000000000, Narrow klass shift: 0, Narrow klass range: 0x100000000
[2025-01-07T14:12:59.672+0530][gc,start    ] GC(0) Pause Young (Normal) (G1 Evacuation Pause)
[2025-01-07T14:12:59.672+0530][gc,task     ] GC(0) Using 9 workers of 9 for evacuation
[2025-01-07T14:12:59.675+0530][gc,phases   ] GC(0)   Pre Evacuate Collection Set: 0.1ms
[2025-01-07T14:12:59.675+0530][gc,phases   ] GC(0)   Merge Heap Roots: 0.1ms
[2025-01-07T14:12:59.675+0530][gc,phases   ] GC(0)   Evacuate Collection Set: 2.3ms
[2025-01-07T14:12:59.675+0530][gc,phases   ] GC(0)   Post Evacuate Collection Set: 0.3ms
[2025-01-07T14:12:59.675+0530][gc,phases   ] GC(0)   Other: 0.3ms
[2025-01-07T14:12:59.675+0530][gc,heap     ] GC(0) Eden regions: 51->0(44)
[2025-01-07T14:12:59.675+0530][gc,heap     ] GC(0) Survivor regions: 0->7(7)
[2025-01-07T14:12:59.675+0530][gc,heap     ] GC(0) Old regions: 2->5
[2025-01-07T14:12:59.675+0530][gc,heap     ] GC(0) Humongous regions: 2->2
[2025-01-07T14:12:59.675+0530][gc,metaspace] GC(0) Metaspace: 17235K(17472K)->17235K(17472K) NonClass: 15255K(15424K)->15255K(15424K) Class: 1979K(2048K)->1979K(2048K)
[2025-01-07T14:12:59.675+0530][gc          ] GC(0) Pause Young (Normal) (G1 Evacuation Pause) 54M->12M(1024M) 3.258ms
[2025-01-07T14:12:59.675+0530][gc,cpu      ] GC(0) User=0.01s Sys=0.01s Real=0.00s
[2025-01-07T14:12:59.817+0530][gc,start    ] GC(1) Pause Young (Concurrent Start) (Metadata GC Threshold)
[2025-01-07T14:12:59.817+0530][gc,task     ] GC(1) Using 9 workers of 9 for evacuation
[2025-01-07T14:12:59.819+0530][gc,phases   ] GC(1)   Pre Evacuate Collection Set: 0.2ms
[2025-01-07T14:12:59.819+0530][gc,phases   ] GC(1)   Merge Heap Roots: 0.0ms
[2025-01-07T14:12:59.819+0530][gc,phases   ] GC(1)   Evacuate Collection Set: 1.9ms
[2025-01-07T14:12:59.819+0530][gc,phases   ] GC(1)   Post Evacuate Collection Set: 0.2ms
[2025-01-07T14:12:59.819+0530][gc,phases   ] GC(1)   Other: 0.0ms
[2025-01-07T14:12:59.819+0530][gc,heap     ] GC(1) Eden regions: 16->0(50)
[2025-01-07T14:12:59.819+0530][gc,heap     ] GC(1) Survivor regions: 7->1(7)
[2025-01-07T14:12:59.819+0530][gc,heap     ] GC(1) Old regions: 5->12
[2025-01-07T14:12:59.819+0530][gc,heap     ] GC(1) Humongous regions: 2->2
[2025-01-07T14:12:59.819+0530][gc,metaspace] GC(1) Metaspace: 21234K(21504K)->21234K(21504K) NonClass: 18753K(18880K)->18753K(18880K) Class: 2480K(2624K)->2480K(2624K)
[2025-01-07T14:12:59.819+0530][gc          ] GC(1) Pause Young (Concurrent Start) (Metadata GC Threshold) 27M->13M(1024M) 2.542ms
[2025-01-07T14:12:59.819+0530][gc          ] GC(2) Concurrent Mark Cycle
[2025-01-07T14:12:59.819+0530][gc,cpu      ] GC(1) User=0.02s Sys=0.00s Real=0.00s
[2025-01-07T14:12:59.819+0530][gc,marking  ] GC(2) Concurrent Scan Root Regions
[2025-01-07T14:12:59.820+0530][gc,marking  ] GC(2) Concurrent Scan Root Regions 1.174ms
[2025-01-07T14:12:59.820+0530][gc,marking  ] GC(2) Concurrent Mark
[2025-01-07T14:12:59.820+0530][gc,marking  ] GC(2) Concurrent Mark From Roots
[2025-01-07T14:12:59.820+0530][gc,task     ] GC(2) Using 2 workers of 2 for marking
[2025-01-07T14:12:59.822+0530][gc,marking  ] GC(2) Concurrent Mark From Roots 1.301ms
[2025-01-07T14:12:59.822+0530][gc,marking  ] GC(2) Concurrent Preclean
[2025-01-07T14:12:59.822+0530][gc,marking  ] GC(2) Concurrent Preclean 0.006ms
[2025-01-07T14:12:59.822+0530][gc,start    ] GC(2) Pause Remark
[2025-01-07T14:12:59.823+0530][gc          ] GC(2) Pause Remark 14M->14M(1024M) 0.943ms
[2025-01-07T14:12:59.823+0530][gc,cpu      ] GC(2) User=0.01s Sys=0.00s Real=0.00s
[2025-01-07T14:12:59.823+0530][gc,marking  ] GC(2) Concurrent Mark 2.413ms
[2025-01-07T14:12:59.823+0530][gc,marking  ] GC(2) Concurrent Rebuild Remembered Sets and Scrub Regions
[2025-01-07T14:12:59.824+0530][gc,marking  ] GC(2) Concurrent Rebuild Remembered Sets and Scrub Regions 1.436ms
[2025-01-07T14:12:59.824+0530][gc,start    ] GC(2) Pause Cleanup
[2025-01-07T14:12:59.824+0530][gc          ] GC(2) Pause Cleanup 14M->14M(1024M) 0.069ms
[2025-01-07T14:12:59.824+0530][gc,cpu      ] GC(2) User=0.00s Sys=0.00s Real=0.00s
[2025-01-07T14:12:59.824+0530][gc,marking  ] GC(2) Concurrent Clear Claimed Marks
[2025-01-07T14:12:59.824+0530][gc,marking  ] GC(2) Concurrent Clear Claimed Marks 0.019ms
[2025-01-07T14:12:59.824+0530][gc,marking  ] GC(2) Concurrent Cleanup for Next Mark
[2025-01-07T14:12:59.826+0530][gc,marking  ] GC(2) Concurrent Cleanup for Next Mark 1.152ms
[2025-01-07T14:12:59.826+0530][gc          ] GC(2) Concurrent Mark Cycle 6.406ms
[2025-01-07T14:13:00.171+0530][gc,start    ] GC(3) Pause Young (Prepare Mixed) (G1 Evacuation Pause)
[2025-01-07T14:13:00.171+0530][gc,task     ] GC(3) Using 9 workers of 9 for evacuation
[2025-01-07T14:13:00.173+0530][gc,phases   ] GC(3)   Pre Evacuate Collection Set: 0.2ms
[2025-01-07T14:13:00.173+0530][gc,phases   ] GC(3)   Merge Heap Roots: 0.0ms
[2025-01-07T14:13:00.173+0530][gc,phases   ] GC(3)   Evacuate Collection Set: 1.6ms
[2025-01-07T14:13:00.173+0530][gc,phases   ] GC(3)   Post Evacuate Collection Set: 0.2ms
[2025-01-07T14:13:00.173+0530][gc,phases   ] GC(3)   Other: 0.0ms
[2025-01-07T14:13:00.173+0530][gc,heap     ] GC(3) Eden regions: 50->0(44)
[2025-01-07T14:13:00.173+0530][gc,heap     ] GC(3) Survivor regions: 1->7(7)
[2025-01-07T14:13:00.173+0530][gc,heap     ] GC(3) Old regions: 12->12
[2025-01-07T14:13:00.173+0530][gc,heap     ] GC(3) Humongous regions: 131->131
[2025-01-07T14:13:00.173+0530][gc,metaspace] GC(3) Metaspace: 32870K(33152K)->32870K(33152K) NonClass: 29345K(29504K)->29345K(29504K) Class: 3524K(3648K)->3524K(3648K)
[2025-01-07T14:13:00.173+0530][gc          ] GC(3) Pause Young (Prepare Mixed) (G1 Evacuation Pause) 192M->148M(1024M) 2.193ms
[2025-01-07T14:13:00.173+0530][gc,cpu      ] GC(3) User=0.01s Sys=0.00s Real=0.00s
[2025-01-07T14:13:25.803+0530][gc,start    ] GC(4) Pause Young (Mixed) (Metadata GC Threshold)
[2025-01-07T14:13:25.803+0530][gc,task     ] GC(4) Using 9 workers of 9 for evacuation
[2025-01-07T14:13:25.806+0530][gc,phases   ] GC(4)   Pre Evacuate Collection Set: 0.2ms
[2025-01-07T14:13:25.806+0530][gc,phases   ] GC(4)   Merge Heap Roots: 0.0ms
[2025-01-07T14:13:25.806+0530][gc,phases   ] GC(4)   Evacuate Collection Set: 2.4ms
[2025-01-07T14:13:25.806+0530][gc,phases   ] GC(4)   Post Evacuate Collection Set: 0.3ms
[2025-01-07T14:13:25.806+0530][gc,phases   ] GC(4)   Other: 0.0ms
[2025-01-07T14:13:25.807+0530][gc,heap     ] GC(4) Eden regions: 15->0(49)
[2025-01-07T14:13:25.807+0530][gc,heap     ] GC(4) Survivor regions: 7->2(7)
[2025-01-07T14:13:25.807+0530][gc,heap     ] GC(4) Old regions: 12->17
[2025-01-07T14:13:25.807+0530][gc,heap     ] GC(4) Humongous regions: 131->131
[2025-01-07T14:13:25.807+0530][gc,metaspace] GC(4) Metaspace: 35804K(36096K)->35804K(36096K) NonClass: 31776K(31936K)->31776K(31936K) Class: 4027K(4160K)->4027K(4160K)
[2025-01-07T14:13:25.807+0530][gc          ] GC(4) Pause Young (Mixed) (Metadata GC Threshold) 162M->149M(1024M) 3.113ms
[2025-01-07T14:13:25.807+0530][gc,cpu      ] GC(4) User=0.02s Sys=0.00s Real=0.00s
[2025-01-07T14:13:25.853+0530][gc,start    ] GC(5) Pause Young (Concurrent Start) (Metadata GC Threshold)
[2025-01-07T14:13:25.855+0530][gc,task     ] GC(5) Using 9 workers of 9 for evacuation
[2025-01-07T14:13:25.857+0530][gc,phases   ] GC(5)   Pre Evacuate Collection Set: 0.3ms
[2025-01-07T14:13:25.857+0530][gc,phases   ] GC(5)   Merge Heap Roots: 0.0ms
[2025-01-07T14:13:25.857+0530][gc,phases   ] GC(5)   Evacuate Collection Set: 1.4ms
[2025-01-07T14:13:25.857+0530][gc,phases   ] GC(5)   Post Evacuate Collection Set: 0.5ms
[2025-01-07T14:13:25.857+0530][gc,phases   ] GC(5)   Other: 0.1ms
[2025-01-07T14:13:25.857+0530][gc,heap     ] GC(5) Eden regions: 2->0(50)
[2025-01-07T14:13:25.857+0530][gc,heap     ] GC(5) Survivor regions: 2->1(7)
[2025-01-07T14:13:25.857+0530][gc,heap     ] GC(5) Old regions: 17->17
[2025-01-07T14:13:25.857+0530][gc,heap     ] GC(5) Humongous regions: 131->131
[2025-01-07T14:13:25.857+0530][gc,metaspace] GC(5) Metaspace: 36080K(36416K)->36080K(36416K) NonClass: 31990K(32192K)->31990K(32192K) Class: 4089K(4224K)->4089K(4224K)
[2025-01-07T14:13:25.857+0530][gc          ] GC(5) Pause Young (Concurrent Start) (Metadata GC Threshold) 150M->148M(1024M) 4.015ms
[2025-01-07T14:13:25.857+0530][gc,cpu      ] GC(5) User=0.01s Sys=0.00s Real=0.00s
[2025-01-07T14:13:25.857+0530][gc          ] GC(6) Concurrent Mark Cycle
[2025-01-07T14:13:25.857+0530][gc,marking  ] GC(6) Concurrent Scan Root Regions
[2025-01-07T14:13:25.858+0530][gc,marking  ] GC(6) Concurrent Scan Root Regions 0.907ms
[2025-01-07T14:13:25.858+0530][gc,marking  ] GC(6) Concurrent Mark
[2025-01-07T14:13:25.858+0530][gc,marking  ] GC(6) Concurrent Mark From Roots
[2025-01-07T14:13:25.858+0530][gc,task     ] GC(6) Using 2 workers of 2 for marking
[2025-01-07T14:13:25.869+0530][gc,marking  ] GC(6) Concurrent Mark From Roots 10.828ms
[2025-01-07T14:13:25.871+0530][gc,marking  ] GC(6) Concurrent Preclean
[2025-01-07T14:13:25.871+0530][gc,marking  ] GC(6) Concurrent Preclean 0.059ms
[2025-01-07T14:13:25.871+0530][gc,start    ] GC(6) Pause Remark
[2025-01-07T14:13:25.872+0530][gc          ] GC(6) Pause Remark 150M->150M(1024M) 1.360ms
[2025-01-07T14:13:25.872+0530][gc,cpu      ] GC(6) User=0.01s Sys=0.00s Real=0.00s
[2025-01-07T14:13:25.872+0530][gc,marking  ] GC(6) Concurrent Mark 13.666ms
[2025-01-07T14:13:25.872+0530][gc,marking  ] GC(6) Concurrent Rebuild Remembered Sets and Scrub Regions
[2025-01-07T14:13:25.875+0530][gc,marking  ] GC(6) Concurrent Rebuild Remembered Sets and Scrub Regions 3.154ms
[2025-01-07T14:13:25.875+0530][gc,start    ] GC(6) Pause Cleanup
[2025-01-07T14:13:25.876+0530][gc          ] GC(6) Pause Cleanup 151M->151M(1024M) 0.351ms
[2025-01-07T14:13:25.880+0530][gc,cpu      ] GC(6) User=0.00s Sys=0.00s Real=0.01s
[2025-01-07T14:13:25.880+0530][gc,marking  ] GC(6) Concurrent Clear Claimed Marks
[2025-01-07T14:13:25.880+0530][gc,marking  ] GC(6) Concurrent Clear Claimed Marks 0.025ms
[2025-01-07T14:13:25.880+0530][gc,marking  ] GC(6) Concurrent Cleanup for Next Mark
[2025-01-07T14:13:25.881+0530][gc,marking  ] GC(6) Concurrent Cleanup for Next Mark 1.717ms
[2025-01-07T14:13:25.885+0530][gc          ] GC(6) Concurrent Mark Cycle 27.917ms
[2025-01-07T14:13:51.428+0530][gc,start    ] GC(7) Pause Young (Prepare Mixed) (G1 Evacuation Pause)
[2025-01-07T14:13:51.428+0530][gc,task     ] GC(7) Using 9 workers of 9 for evacuation
[2025-01-07T14:13:51.451+0530][gc,mmu      ] GC(7) MMU target violated: 21.0ms (20.0ms/21.0ms)
[2025-01-07T14:13:51.451+0530][gc,phases   ] GC(7)   Pre Evacuate Collection Set: 0.3ms
[2025-01-07T14:13:51.451+0530][gc,phases   ] GC(7)   Merge Heap Roots: 0.1ms
[2025-01-07T14:13:51.451+0530][gc,phases   ] GC(7)   Evacuate Collection Set: 21.5ms
[2025-01-07T14:13:51.451+0530][gc,phases   ] GC(7)   Post Evacuate Collection Set: 0.4ms
[2025-01-07T14:13:51.451+0530][gc,phases   ] GC(7)   Other: 0.2ms
[2025-01-07T14:13:51.451+0530][gc,heap     ] GC(7) Eden regions: 50->0(46)
[2025-01-07T14:13:51.451+0530][gc,heap     ] GC(7) Survivor regions: 1->5(7)
[2025-01-07T14:13:51.451+0530][gc,heap     ] GC(7) Old regions: 17->17
[2025-01-07T14:13:51.451+0530][gc,heap     ] GC(7) Humongous regions: 131->131
[2025-01-07T14:13:51.451+0530][gc,metaspace] GC(7) Metaspace: 41256K(41920K)->41256K(41920K) NonClass: 36402K(36800K)->36402K(36800K) Class: 4853K(5120K)->4853K(5120K)
[2025-01-07T14:13:51.451+0530][gc          ] GC(7) Pause Young (Prepare Mixed) (G1 Evacuation Pause) 198M->152M(1024M) 22.761ms
[2025-01-07T14:13:51.451+0530][gc,cpu      ] GC(7) User=0.02s Sys=0.00s Real=0.03s
[2025-01-07T14:16:52.897+0530][gc,start    ] GC(8) Pause Young (Mixed) (G1 Evacuation Pause)
[2025-01-07T14:16:52.898+0530][gc,task     ] GC(8) Using 9 workers of 9 for evacuation
[2025-01-07T14:16:52.902+0530][gc,phases   ] GC(8)   Pre Evacuate Collection Set: 0.2ms
[2025-01-07T14:16:52.902+0530][gc,phases   ] GC(8)   Merge Heap Roots: 0.1ms
[2025-01-07T14:16:52.902+0530][gc,phases   ] GC(8)   Evacuate Collection Set: 3.7ms
[2025-01-07T14:16:52.902+0530][gc,phases   ] GC(8)   Post Evacuate Collection Set: 0.2ms
[2025-01-07T14:16:52.902+0530][gc,phases   ] GC(8)   Other: 0.1ms
[2025-01-07T14:16:52.902+0530][gc,heap     ] GC(8) Eden regions: 46->0(48)
[2025-01-07T14:16:52.902+0530][gc,heap     ] GC(8) Survivor regions: 5->3(7)
[2025-01-07T14:16:52.902+0530][gc,heap     ] GC(8) Old regions: 17->21
[2025-01-07T14:16:52.902+0530][gc,heap     ] GC(8) Humongous regions: 131->131
[2025-01-07T14:16:52.902+0530][gc,metaspace] GC(8) Metaspace: 41865K(42432K)->41865K(42432K) NonClass: 37000K(37312K)->37000K(37312K) Class: 4865K(5120K)->4865K(5120K)
[2025-01-07T14:16:52.902+0530][gc          ] GC(8) Pause Young (Mixed) (G1 Evacuation Pause) 198M->154M(1024M) 4.792ms
[2025-01-07T14:16:52.902+0530][gc,cpu      ] GC(8) User=0.03s Sys=0.01s Real=0.01s
[2025-01-07T14:19:45.335+0530][gc,start    ] GC(9) Pause Young (Normal) (G1 Evacuation Pause)
[2025-01-07T14:19:45.336+0530][gc,task     ] GC(9) Using 9 workers of 9 for evacuation
[2025-01-07T14:19:45.355+0530][gc,phases   ] GC(9)   Pre Evacuate Collection Set: 1.2ms
[2025-01-07T14:19:45.355+0530][gc,phases   ] GC(9)   Merge Heap Roots: 0.3ms
[2025-01-07T14:19:45.355+0530][gc,phases   ] GC(9)   Evacuate Collection Set: 16.8ms
[2025-01-07T14:19:45.355+0530][gc,phases   ] GC(9)   Post Evacuate Collection Set: 0.3ms
[2025-01-07T14:19:45.355+0530][gc,phases   ] GC(9)   Other: 0.2ms
[2025-01-07T14:19:45.355+0530][gc,heap     ] GC(9) Eden regions: 48->0(46)
[2025-01-07T14:19:45.355+0530][gc,heap     ] GC(9) Survivor regions: 3->5(7)
[2025-01-07T14:19:45.355+0530][gc,heap     ] GC(9) Old regions: 21->21
[2025-01-07T14:19:45.355+0530][gc,heap     ] GC(9) Humongous regions: 131->131
[2025-01-07T14:19:45.355+0530][gc,metaspace] GC(9) Metaspace: 42315K(42944K)->42315K(42944K) NonClass: 37382K(37760K)->37382K(37760K) Class: 4932K(5184K)->4932K(5184K)
[2025-01-07T14:19:45.355+0530][gc          ] GC(9) Pause Young (Normal) (G1 Evacuation Pause) 202M->156M(1024M) 20.402ms
[2025-01-07T14:19:45.355+0530][gc,cpu      ] GC(9) User=0.03s Sys=0.01s Real=0.02s
[2025-01-07T14:22:50.700+0530][gc,start    ] GC(10) Pause Young (Normal) (G1 Evacuation Pause)
[2025-01-07T14:22:50.701+0530][gc,task     ] GC(10) Using 9 workers of 9 for evacuation
[2025-01-07T14:22:50.716+0530][gc,phases   ] GC(10)   Pre Evacuate Collection Set: 0.4ms
[2025-01-07T14:22:50.716+0530][gc,phases   ] GC(10)   Merge Heap Roots: 0.1ms
[2025-01-07T14:22:50.716+0530][gc,phases   ] GC(10)   Evacuate Collection Set: 14.1ms
[2025-01-07T14:22:50.716+0530][gc,phases   ] GC(10)   Post Evacuate Collection Set: 0.2ms
[2025-01-07T14:22:50.716+0530][gc,phases   ] GC(10)   Other: 0.1ms
[2025-01-07T14:22:50.716+0530][gc,heap     ] GC(10) Eden regions: 46->0(45)
[2025-01-07T14:22:50.716+0530][gc,heap     ] GC(10) Survivor regions: 5->6(7)
[2025-01-07T14:22:50.716+0530][gc,heap     ] GC(10) Old regions: 21->25
[2025-01-07T14:22:50.716+0530][gc,heap     ] GC(10) Humongous regions: 131->131
[2025-01-07T14:22:50.716+0530][gc,metaspace] GC(10) Metaspace: 42381K(42944K)->42381K(42944K) NonClass: 37448K(37760K)->37448K(37760K) Class: 4932K(5184K)->4932K(5184K)
[2025-01-07T14:22:50.716+0530][gc          ] GC(10) Pause Young (Normal) (G1 Evacuation Pause) 202M->160M(1024M) 15.376ms
[2025-01-07T14:22:50.716+0530][gc,cpu      ] GC(10) User=0.03s Sys=0.01s Real=0.01s
[2025-01-07T14:25:51.615+0530][gc,start    ] GC(11) Pause Young (Normal) (G1 Evacuation Pause)
[2025-01-07T14:25:51.616+0530][gc,task     ] GC(11) Using 9 workers of 9 for evacuation
[2025-01-07T14:25:51.629+0530][gc,phases   ] GC(11)   Pre Evacuate Collection Set: 1.7ms
[2025-01-07T14:25:51.629+0530][gc,phases   ] GC(11)   Merge Heap Roots: 0.4ms
[2025-01-07T14:25:51.629+0530][gc,phases   ] GC(11)   Evacuate Collection Set: 10.5ms
[2025-01-07T14:25:51.629+0530][gc,phases   ] GC(11)   Post Evacuate Collection Set: 0.4ms
[2025-01-07T14:25:51.629+0530][gc,phases   ] GC(11)   Other: 0.2ms
[2025-01-07T14:25:51.629+0530][gc,heap     ] GC(11) Eden regions: 45->0(47)
[2025-01-07T14:25:51.629+0530][gc,heap     ] GC(11) Survivor regions: 6->4(7)
[2025-01-07T14:25:51.629+0530][gc,heap     ] GC(11) Old regions: 25->27
[2025-01-07T14:25:51.629+0530][gc,heap     ] GC(11) Humongous regions: 131->131
[2025-01-07T14:25:51.629+0530][gc,metaspace] GC(11) Metaspace: 42463K(43072K)->42463K(43072K) NonClass: 37512K(37888K)->37512K(37888K) Class: 4950K(5184K)->4950K(5184K)
[2025-01-07T14:25:51.629+0530][gc          ] GC(11) Pause Young (Normal) (G1 Evacuation Pause) 205M->161M(1024M) 14.631ms
[2025-01-07T14:25:51.629+0530][gc,cpu      ] GC(11) User=0.02s Sys=0.01s Real=0.01s
[2025-01-07T14:29:11.469+0530][gc,start    ] GC(12) Pause Young (Normal) (G1 Evacuation Pause)
[2025-01-07T14:29:11.469+0530][gc,task     ] GC(12) Using 9 workers of 9 for evacuation
[2025-01-07T14:29:11.488+0530][gc,phases   ] GC(12)   Pre Evacuate Collection Set: 0.5ms
[2025-01-07T14:29:11.488+0530][gc,phases   ] GC(12)   Merge Heap Roots: 0.2ms
[2025-01-07T14:29:11.488+0530][gc,phases   ] GC(12)   Evacuate Collection Set: 17.2ms
[2025-01-07T14:29:11.488+0530][gc,phases   ] GC(12)   Post Evacuate Collection Set: 0.3ms
[2025-01-07T14:29:11.488+0530][gc,phases   ] GC(12)   Other: 0.1ms
[2025-01-07T14:29:11.488+0530][gc,heap     ] GC(12) Eden regions: 47->0(45)
[2025-01-07T14:29:11.488+0530][gc,heap     ] GC(12) Survivor regions: 4->6(7)
[2025-01-07T14:29:11.488+0530][gc,heap     ] GC(12) Old regions: 27->27
[2025-01-07T14:29:11.488+0530][gc,heap     ] GC(12) Humongous regions: 131->131
[2025-01-07T14:29:11.488+0530][gc,metaspace] GC(12) Metaspace: 42485K(43136K)->42485K(43136K) NonClass: 37535K(37952K)->37535K(37952K) Class: 4950K(5184K)->4950K(5184K)
[2025-01-07T14:29:11.488+0530][gc          ] GC(12) Pause Young (Normal) (G1 Evacuation Pause) 208M->162M(1024M) 18.841ms
[2025-01-07T14:29:11.488+0530][gc,cpu      ] GC(12) User=0.02s Sys=0.01s Real=0.02s
[2025-01-07T14:32:24.261+0530][gc,start    ] GC(13) Pause Young (Normal) (G1 Evacuation Pause)
[2025-01-07T14:32:24.262+0530][gc,task     ] GC(13) Using 9 workers of 9 for evacuation
[2025-01-07T14:32:24.280+0530][gc,phases   ] GC(13)   Pre Evacuate Collection Set: 1.6ms
[2025-01-07T14:32:24.280+0530][gc,phases   ] GC(13)   Merge Heap Roots: 0.2ms
[2025-01-07T14:32:24.280+0530][gc,phases   ] GC(13)   Evacuate Collection Set: 16.0ms
[2025-01-07T14:32:24.280+0530][gc,phases   ] GC(13)   Post Evacuate Collection Set: 0.2ms
[2025-01-07T14:32:24.280+0530][gc,phases   ] GC(13)   Other: 0.2ms
[2025-01-07T14:32:24.280+0530][gc,heap     ] GC(13) Eden regions: 45->0(44)
[2025-01-07T14:32:24.280+0530][gc,heap     ] GC(13) Survivor regions: 6->7(7)
[2025-01-07T14:32:24.280+0530][gc,heap     ] GC(13) Old regions: 27->30
[2025-01-07T14:32:24.280+0530][gc,heap     ] GC(13) Humongous regions: 131->131
[2025-01-07T14:32:24.280+0530][gc,metaspace] GC(13) Metaspace: 42495K(43136K)->42495K(43136K) NonClass: 37545K(37952K)->37545K(37952K) Class: 4950K(5184K)->4950K(5184K)
[2025-01-07T14:32:24.280+0530][gc          ] GC(13) Pause Young (Normal) (G1 Evacuation Pause) 207M->166M(1024M) 18.957ms
[2025-01-07T14:32:24.280+0530][gc,cpu      ] GC(13) User=0.03s Sys=0.01s Real=0.02s
[2025-01-07T14:35:30.802+0530][gc,start    ] GC(14) Pause Young (Normal) (G1 Evacuation Pause)
[2025-01-07T14:35:30.803+0530][gc,task     ] GC(14) Using 9 workers of 9 for evacuation
[2025-01-07T14:35:30.822+0530][gc,phases   ] GC(14)   Pre Evacuate Collection Set: 0.9ms
[2025-01-07T14:35:30.822+0530][gc,phases   ] GC(14)   Merge Heap Roots: 0.3ms
[2025-01-07T14:35:30.822+0530][gc,phases   ] GC(14)   Evacuate Collection Set: 17.4ms
[2025-01-07T14:35:30.822+0530][gc,phases   ] GC(14)   Post Evacuate Collection Set: 0.3ms
[2025-01-07T14:35:30.822+0530][gc,phases   ] GC(14)   Other: 0.2ms
[2025-01-07T14:35:30.822+0530][gc,heap     ] GC(14) Eden regions: 44->0(83)
[2025-01-07T14:35:30.822+0530][gc,heap     ] GC(14) Survivor regions: 7->4(7)
[2025-01-07T14:35:30.822+0530][gc,heap     ] GC(14) Old regions: 30->34
[2025-01-07T14:35:30.822+0530][gc,heap     ] GC(14) Humongous regions: 131->131
[2025-01-07T14:35:30.822+0530][gc,metaspace] GC(14) Metaspace: 42518K(43136K)->42518K(43136K) NonClass: 37567K(37952K)->37567K(37952K) Class: 4950K(5184K)->4950K(5184K)
[2025-01-07T14:35:30.822+0530][gc          ] GC(14) Pause Young (Normal) (G1 Evacuation Pause) 210M->168M(1024M) 20.066ms
[2025-01-07T14:35:30.822+0530][gc,cpu      ] GC(14) User=0.04s Sys=0.01s Real=0.02s
[2025-01-07T14:38:38.643+0530][gc,heap,exit] Heap
[2025-01-07T14:38:38.643+0530][gc,heap,exit]  garbage-first heap   total 1048576K, used 227107K [0x00000007c0000000, 0x0000000800000000)
[2025-01-07T14:38:38.643+0530][gc,heap,exit]   region size 1024K, 58 young (59392K), 4 survivors (4096K)
[2025-01-07T14:38:38.643+0530][gc,heap,exit]  Metaspace       used 43197K, committed 43840K, reserved 1114112K
[2025-01-07T14:38:38.643+0530][gc,heap,exit]   class space    used 5111K, committed 5376K, reserved 1048576K
