[2025-01-14T16:09:58.771+0530][gc,init] CardTable entry size: 512
[2025-01-14T16:09:58.771+0530][gc     ] Using G1
[2025-01-14T16:09:58.772+0530][gc,init] Version: 21.0.2+13-58 (release)
[2025-01-14T16:09:58.772+0530][gc,init] CPUs: 10 total, 10 available
[2025-01-14T16:09:58.772+0530][gc,init] Memory: 16384M
[2025-01-14T16:09:58.772+0530][gc,init] Large Page Support: Disabled
[2025-01-14T16:09:58.772+0530][gc,init] NUMA Support: Disabled
[2025-01-14T16:09:58.772+0530][gc,init] Compressed Oops: Enabled (Zero based)
[2025-01-14T16:09:58.772+0530][gc,init] Heap Region Size: 1M
[2025-01-14T16:09:58.772+0530][gc,init] Heap Min Capacity: 1G
[2025-01-14T16:09:58.772+0530][gc,init] Heap Initial Capacity: 1G
[2025-01-14T16:09:58.772+0530][gc,init] Heap Max Capacity: 1G
[2025-01-14T16:09:58.772+0530][gc,init] Pre-touch: Disabled
[2025-01-14T16:09:58.772+0530][gc,init] Parallel Workers: 9
[2025-01-14T16:09:58.772+0530][gc,init] Concurrent Workers: 2
[2025-01-14T16:09:58.772+0530][gc,init] Concurrent Refinement Workers: 9
[2025-01-14T16:09:58.772+0530][gc,init] Periodic GC: Disabled
[2025-01-14T16:09:58.776+0530][gc,metaspace] CDS archive(s) mapped at: [0x0000007000000000-0x0000007000ca4000-0x0000007000ca4000), size 13254656, SharedBaseAddress: 0x0000007000000000, ArchiveRelocationMode: 1.
[2025-01-14T16:09:58.776+0530][gc,metaspace] Compressed class space mapped at: 0x0000007001000000-0x0000007041000000, reserved size: 1073741824
[2025-01-14T16:09:58.776+0530][gc,metaspace] Narrow klass base: 0x0000007000000000, Narrow klass shift: 0, Narrow klass range: 0x100000000
[2025-01-14T16:09:59.527+0530][gc,start    ] GC(0) Pause Young (Normal) (G1 Evacuation Pause)
[2025-01-14T16:09:59.528+0530][gc,task     ] GC(0) Using 9 workers of 9 for evacuation
[2025-01-14T16:09:59.532+0530][gc,phases   ] GC(0)   Pre Evacuate Collection Set: 0.2ms
[2025-01-14T16:09:59.532+0530][gc,phases   ] GC(0)   Merge Heap Roots: 0.0ms
[2025-01-14T16:09:59.532+0530][gc,phases   ] GC(0)   Evacuate Collection Set: 3.5ms
[2025-01-14T16:09:59.532+0530][gc,phases   ] GC(0)   Post Evacuate Collection Set: 0.4ms
[2025-01-14T16:09:59.532+0530][gc,phases   ] GC(0)   Other: 0.3ms
[2025-01-14T16:09:59.532+0530][gc,heap     ] GC(0) Eden regions: 51->0(44)
[2025-01-14T16:09:59.532+0530][gc,heap     ] GC(0) Survivor regions: 0->7(7)
[2025-01-14T16:09:59.532+0530][gc,heap     ] GC(0) Old regions: 2->5
[2025-01-14T16:09:59.532+0530][gc,heap     ] GC(0) Humongous regions: 2->2
[2025-01-14T16:09:59.532+0530][gc,metaspace] GC(0) Metaspace: 17120K(17280K)->17120K(17280K) NonClass: 15152K(15232K)->15152K(15232K) Class: 1968K(2048K)->1968K(2048K)
[2025-01-14T16:09:59.532+0530][gc          ] GC(0) Pause Young (Normal) (G1 Evacuation Pause) 54M->12M(1024M) 4.576ms
[2025-01-14T16:09:59.532+0530][gc,cpu      ] GC(0) User=0.01s Sys=0.01s Real=0.01s
[2025-01-14T16:09:59.670+0530][gc,start    ] GC(1) Pause Young (Concurrent Start) (Metadata GC Threshold)
[2025-01-14T16:09:59.670+0530][gc,task     ] GC(1) Using 9 workers of 9 for evacuation
[2025-01-14T16:09:59.672+0530][gc,phases   ] GC(1)   Pre Evacuate Collection Set: 0.2ms
[2025-01-14T16:09:59.672+0530][gc,phases   ] GC(1)   Merge Heap Roots: 0.0ms
[2025-01-14T16:09:59.672+0530][gc,phases   ] GC(1)   Evacuate Collection Set: 1.8ms
[2025-01-14T16:09:59.672+0530][gc,phases   ] GC(1)   Post Evacuate Collection Set: 0.2ms
[2025-01-14T16:09:59.672+0530][gc,phases   ] GC(1)   Other: 0.0ms
[2025-01-14T16:09:59.672+0530][gc,heap     ] GC(1) Eden regions: 16->0(49)
[2025-01-14T16:09:59.672+0530][gc,heap     ] GC(1) Survivor regions: 7->2(7)
[2025-01-14T16:09:59.672+0530][gc,heap     ] GC(1) Old regions: 5->12
[2025-01-14T16:09:59.672+0530][gc,heap     ] GC(1) Humongous regions: 2->2
[2025-01-14T16:09:59.672+0530][gc,metaspace] GC(1) Metaspace: 21236K(21504K)->21236K(21504K) NonClass: 18756K(18880K)->18756K(18880K) Class: 2480K(2624K)->2480K(2624K)
[2025-01-14T16:09:59.672+0530][gc          ] GC(1) Pause Young (Concurrent Start) (Metadata GC Threshold) 27M->13M(1024M) 2.438ms
[2025-01-14T16:09:59.672+0530][gc          ] GC(2) Concurrent Mark Cycle
[2025-01-14T16:09:59.672+0530][gc,cpu      ] GC(1) User=0.01s Sys=0.00s Real=0.00s
[2025-01-14T16:09:59.672+0530][gc,marking  ] GC(2) Concurrent Scan Root Regions
[2025-01-14T16:09:59.673+0530][gc,marking  ] GC(2) Concurrent Scan Root Regions 1.061ms
[2025-01-14T16:09:59.673+0530][gc,marking  ] GC(2) Concurrent Mark
[2025-01-14T16:09:59.673+0530][gc,marking  ] GC(2) Concurrent Mark From Roots
[2025-01-14T16:09:59.673+0530][gc,task     ] GC(2) Using 2 workers of 2 for marking
[2025-01-14T16:09:59.675+0530][gc,marking  ] GC(2) Concurrent Mark From Roots 1.188ms
[2025-01-14T16:09:59.675+0530][gc,marking  ] GC(2) Concurrent Preclean
[2025-01-14T16:09:59.675+0530][gc,marking  ] GC(2) Concurrent Preclean 0.007ms
[2025-01-14T16:09:59.675+0530][gc,start    ] GC(2) Pause Remark
[2025-01-14T16:09:59.676+0530][gc          ] GC(2) Pause Remark 14M->14M(1024M) 0.902ms
[2025-01-14T16:09:59.676+0530][gc,cpu      ] GC(2) User=0.00s Sys=0.01s Real=0.00s
[2025-01-14T16:09:59.676+0530][gc,marking  ] GC(2) Concurrent Mark 2.333ms
[2025-01-14T16:09:59.676+0530][gc,marking  ] GC(2) Concurrent Rebuild Remembered Sets and Scrub Regions
[2025-01-14T16:09:59.677+0530][gc,marking  ] GC(2) Concurrent Rebuild Remembered Sets and Scrub Regions 1.374ms
[2025-01-14T16:09:59.677+0530][gc,start    ] GC(2) Pause Cleanup
[2025-01-14T16:09:59.677+0530][gc          ] GC(2) Pause Cleanup 14M->14M(1024M) 0.064ms
[2025-01-14T16:09:59.677+0530][gc,cpu      ] GC(2) User=0.00s Sys=0.00s Real=0.00s
[2025-01-14T16:09:59.677+0530][gc,marking  ] GC(2) Concurrent Clear Claimed Marks
[2025-01-14T16:09:59.677+0530][gc,marking  ] GC(2) Concurrent Clear Claimed Marks 0.011ms
[2025-01-14T16:09:59.677+0530][gc,marking  ] GC(2) Concurrent Cleanup for Next Mark
[2025-01-14T16:09:59.678+0530][gc,marking  ] GC(2) Concurrent Cleanup for Next Mark 1.081ms
[2025-01-14T16:09:59.678+0530][gc          ] GC(2) Concurrent Mark Cycle 6.238ms
[2025-01-14T16:10:00.012+0530][gc,start    ] GC(3) Pause Young (Prepare Mixed) (G1 Evacuation Pause)
[2025-01-14T16:10:00.012+0530][gc,task     ] GC(3) Using 9 workers of 9 for evacuation
[2025-01-14T16:10:00.015+0530][gc,phases   ] GC(3)   Pre Evacuate Collection Set: 0.2ms
[2025-01-14T16:10:00.015+0530][gc,phases   ] GC(3)   Merge Heap Roots: 0.0ms
[2025-01-14T16:10:00.015+0530][gc,phases   ] GC(3)   Evacuate Collection Set: 1.6ms
[2025-01-14T16:10:00.015+0530][gc,phases   ] GC(3)   Post Evacuate Collection Set: 0.2ms
[2025-01-14T16:10:00.015+0530][gc,phases   ] GC(3)   Other: 0.0ms
[2025-01-14T16:10:00.015+0530][gc,heap     ] GC(3) Eden regions: 49->0(44)
[2025-01-14T16:10:00.015+0530][gc,heap     ] GC(3) Survivor regions: 2->7(7)
[2025-01-14T16:10:00.015+0530][gc,heap     ] GC(3) Old regions: 12->12
[2025-01-14T16:10:00.015+0530][gc,heap     ] GC(3) Humongous regions: 131->131
[2025-01-14T16:10:00.015+0530][gc,metaspace] GC(3) Metaspace: 32880K(33152K)->32880K(33152K) NonClass: 29334K(29504K)->29334K(29504K) Class: 3546K(3648K)->3546K(3648K)
[2025-01-14T16:10:00.015+0530][gc          ] GC(3) Pause Young (Prepare Mixed) (G1 Evacuation Pause) 191M->148M(1024M) 2.142ms
[2025-01-14T16:10:00.015+0530][gc,cpu      ] GC(3) User=0.01s Sys=0.01s Real=0.00s
[2025-01-14T16:10:11.025+0530][gc,start    ] GC(4) Pause Young (Mixed) (Metadata GC Threshold)
[2025-01-14T16:10:11.025+0530][gc,task     ] GC(4) Using 9 workers of 9 for evacuation
[2025-01-14T16:10:11.028+0530][gc,phases   ] GC(4)   Pre Evacuate Collection Set: 0.1ms
[2025-01-14T16:10:11.028+0530][gc,phases   ] GC(4)   Merge Heap Roots: 0.0ms
[2025-01-14T16:10:11.028+0530][gc,phases   ] GC(4)   Evacuate Collection Set: 2.5ms
[2025-01-14T16:10:11.028+0530][gc,phases   ] GC(4)   Post Evacuate Collection Set: 0.2ms
[2025-01-14T16:10:11.028+0530][gc,phases   ] GC(4)   Other: 0.0ms
[2025-01-14T16:10:11.028+0530][gc,heap     ] GC(4) Eden regions: 15->0(49)
[2025-01-14T16:10:11.028+0530][gc,heap     ] GC(4) Survivor regions: 7->2(7)
[2025-01-14T16:10:11.028+0530][gc,heap     ] GC(4) Old regions: 12->17
[2025-01-14T16:10:11.028+0530][gc,heap     ] GC(4) Humongous regions: 131->131
[2025-01-14T16:10:11.028+0530][gc,metaspace] GC(4) Metaspace: 35779K(36096K)->35779K(36096K) NonClass: 31724K(31936K)->31724K(31936K) Class: 4054K(4160K)->4054K(4160K)
[2025-01-14T16:10:11.028+0530][gc          ] GC(4) Pause Young (Mixed) (Metadata GC Threshold) 162M->149M(1024M) 3.282ms
[2025-01-14T16:10:11.028+0530][gc,cpu      ] GC(4) User=0.02s Sys=0.01s Real=0.00s
[2025-01-14T16:10:11.074+0530][gc,start    ] GC(5) Pause Young (Concurrent Start) (Metadata GC Threshold)
[2025-01-14T16:10:11.077+0530][gc,task     ] GC(5) Using 9 workers of 9 for evacuation
[2025-01-14T16:10:11.079+0530][gc,phases   ] GC(5)   Pre Evacuate Collection Set: 0.2ms
[2025-01-14T16:10:11.079+0530][gc,phases   ] GC(5)   Merge Heap Roots: 0.0ms
[2025-01-14T16:10:11.079+0530][gc,phases   ] GC(5)   Evacuate Collection Set: 1.1ms
[2025-01-14T16:10:11.079+0530][gc,phases   ] GC(5)   Post Evacuate Collection Set: 0.1ms
[2025-01-14T16:10:11.079+0530][gc,phases   ] GC(5)   Other: 0.0ms
[2025-01-14T16:10:11.079+0530][gc,heap     ] GC(5) Eden regions: 3->0(50)
[2025-01-14T16:10:11.079+0530][gc,heap     ] GC(5) Survivor regions: 2->1(7)
[2025-01-14T16:10:11.079+0530][gc,heap     ] GC(5) Old regions: 17->17
[2025-01-14T16:10:11.079+0530][gc,heap     ] GC(5) Humongous regions: 131->131
[2025-01-14T16:10:11.079+0530][gc,metaspace] GC(5) Metaspace: 36073K(36416K)->36073K(36416K) NonClass: 31938K(32128K)->31938K(32128K) Class: 4134K(4288K)->4134K(4288K)
[2025-01-14T16:10:11.079+0530][gc          ] GC(5) Pause Young (Concurrent Start) (Metadata GC Threshold) 151M->148M(1024M) 4.299ms
[2025-01-14T16:10:11.079+0530][gc          ] GC(6) Concurrent Mark Cycle
[2025-01-14T16:10:11.079+0530][gc,cpu      ] GC(5) User=0.00s Sys=0.00s Real=0.00s
[2025-01-14T16:10:11.079+0530][gc,marking  ] GC(6) Concurrent Scan Root Regions
[2025-01-14T16:10:11.079+0530][gc,marking  ] GC(6) Concurrent Scan Root Regions 0.847ms
[2025-01-14T16:10:11.079+0530][gc,marking  ] GC(6) Concurrent Mark
[2025-01-14T16:10:11.079+0530][gc,marking  ] GC(6) Concurrent Mark From Roots
[2025-01-14T16:10:11.079+0530][gc,task     ] GC(6) Using 2 workers of 2 for marking
[2025-01-14T16:10:11.090+0530][gc,marking  ] GC(6) Concurrent Mark From Roots 10.373ms
[2025-01-14T16:10:11.090+0530][gc,marking  ] GC(6) Concurrent Preclean
[2025-01-14T16:10:11.090+0530][gc,marking  ] GC(6) Concurrent Preclean 0.061ms
[2025-01-14T16:10:11.090+0530][gc,start    ] GC(6) Pause Remark
[2025-01-14T16:10:11.092+0530][gc          ] GC(6) Pause Remark 151M->151M(1024M) 1.496ms
[2025-01-14T16:10:11.092+0530][gc,cpu      ] GC(6) User=0.00s Sys=0.00s Real=0.00s
[2025-01-14T16:10:11.092+0530][gc,marking  ] GC(6) Concurrent Mark 12.240ms
[2025-01-14T16:10:11.092+0530][gc,marking  ] GC(6) Concurrent Rebuild Remembered Sets and Scrub Regions
[2025-01-14T16:10:11.096+0530][gc,marking  ] GC(6) Concurrent Rebuild Remembered Sets and Scrub Regions 4.095ms
[2025-01-14T16:10:11.099+0530][gc,start    ] GC(6) Pause Cleanup
[2025-01-14T16:10:11.099+0530][gc          ] GC(6) Pause Cleanup 151M->151M(1024M) 0.075ms
[2025-01-14T16:10:11.099+0530][gc,cpu      ] GC(6) User=0.00s Sys=0.00s Real=0.00s
[2025-01-14T16:10:11.099+0530][gc,marking  ] GC(6) Concurrent Clear Claimed Marks
[2025-01-14T16:10:11.099+0530][gc,marking  ] GC(6) Concurrent Clear Claimed Marks 0.041ms
[2025-01-14T16:10:11.099+0530][gc,marking  ] GC(6) Concurrent Cleanup for Next Mark
[2025-01-14T16:10:11.101+0530][gc,marking  ] GC(6) Concurrent Cleanup for Next Mark 2.516ms
[2025-01-14T16:10:11.102+0530][gc          ] GC(6) Concurrent Mark Cycle 23.148ms
[2025-01-14T16:11:51.337+0530][gc,start    ] GC(7) Pause Young (Prepare Mixed) (G1 Evacuation Pause)
[2025-01-14T16:11:51.339+0530][gc,task     ] GC(7) Using 9 workers of 9 for evacuation
[2025-01-14T16:11:51.378+0530][gc,mmu      ] GC(7) MMU target violated: 21.0ms (20.0ms/21.0ms)
[2025-01-14T16:11:51.378+0530][gc,phases   ] GC(7)   Pre Evacuate Collection Set: 1.4ms
[2025-01-14T16:11:51.378+0530][gc,phases   ] GC(7)   Merge Heap Roots: 0.4ms
[2025-01-14T16:11:51.378+0530][gc,phases   ] GC(7)   Evacuate Collection Set: 36.3ms
[2025-01-14T16:11:51.378+0530][gc,phases   ] GC(7)   Post Evacuate Collection Set: 0.8ms
[2025-01-14T16:11:51.378+0530][gc,phases   ] GC(7)   Other: 0.4ms
[2025-01-14T16:11:51.378+0530][gc,heap     ] GC(7) Eden regions: 50->0(46)
[2025-01-14T16:11:51.378+0530][gc,heap     ] GC(7) Survivor regions: 1->5(7)
[2025-01-14T16:11:51.378+0530][gc,heap     ] GC(7) Old regions: 17->17
[2025-01-14T16:11:51.378+0530][gc,heap     ] GC(7) Humongous regions: 131->131
[2025-01-14T16:11:51.378+0530][gc,metaspace] GC(7) Metaspace: 42677K(43584K)->42677K(43584K) NonClass: 37429K(37952K)->37429K(37952K) Class: 5248K(5632K)->5248K(5632K)
[2025-01-14T16:11:51.378+0530][gc          ] GC(7) Pause Young (Prepare Mixed) (G1 Evacuation Pause) 198M->152M(1024M) 41.425ms
[2025-01-14T16:11:51.378+0530][gc,cpu      ] GC(7) User=0.04s Sys=0.10s Real=0.04s
[2025-01-14T16:12:04.638+0530][gc,heap,exit] Heap
[2025-01-14T16:12:04.639+0530][gc,heap,exit]  garbage-first heap   total 1048576K, used 168626K [0x00000007c0000000, 0x0000000800000000)
[2025-01-14T16:12:04.639+0530][gc,heap,exit]   region size 1024K, 17 young (17408K), 5 survivors (5120K)
[2025-01-14T16:12:04.639+0530][gc,heap,exit]  Metaspace       used 43351K, committed 44224K, reserved 1114112K
[2025-01-14T16:12:04.639+0530][gc,heap,exit]   class space    used 5406K, committed 5760K, reserved 1048576K
