[2025-01-12T21:24:01.694+0530][gc,init] CardTable entry size: 512
[2025-01-12T21:24:01.694+0530][gc     ] Using G1
[2025-01-12T21:24:01.695+0530][gc,init] Version: 21.0.2+13-58 (release)
[2025-01-12T21:24:01.695+0530][gc,init] CPUs: 10 total, 10 available
[2025-01-12T21:24:01.695+0530][gc,init] Memory: 16384M
[2025-01-12T21:24:01.695+0530][gc,init] Large Page Support: Disabled
[2025-01-12T21:24:01.695+0530][gc,init] NUMA Support: Disabled
[2025-01-12T21:24:01.695+0530][gc,init] Compressed Oops: Enabled (Zero based)
[2025-01-12T21:24:01.695+0530][gc,init] Heap Region Size: 1M
[2025-01-12T21:24:01.695+0530][gc,init] Heap Min Capacity: 1G
[2025-01-12T21:24:01.695+0530][gc,init] Heap Initial Capacity: 1G
[2025-01-12T21:24:01.695+0530][gc,init] Heap Max Capacity: 1G
[2025-01-12T21:24:01.695+0530][gc,init] Pre-touch: Disabled
[2025-01-12T21:24:01.695+0530][gc,init] Parallel Workers: 9
[2025-01-12T21:24:01.695+0530][gc,init] Concurrent Workers: 2
[2025-01-12T21:24:01.695+0530][gc,init] Concurrent Refinement Workers: 9
[2025-01-12T21:24:01.695+0530][gc,init] Periodic GC: Disabled
[2025-01-12T21:24:01.699+0530][gc,metaspace] CDS archive(s) mapped at: [0x000000d800000000-0x000000d800ca4000-0x000000d800ca4000), size 13254656, SharedBaseAddress: 0x000000d800000000, ArchiveRelocationMode: 1.
[2025-01-12T21:24:01.699+0530][gc,metaspace] Compressed class space mapped at: 0x000000d801000000-0x000000d841000000, reserved size: 1073741824
[2025-01-12T21:24:01.699+0530][gc,metaspace] Narrow klass base: 0x000000d800000000, Narrow klass shift: 0, Narrow klass range: 0x100000000
[2025-01-12T21:24:02.563+0530][gc,start    ] GC(0) Pause Young (Normal) (G1 Evacuation Pause)
[2025-01-12T21:24:02.563+0530][gc,task     ] GC(0) Using 9 workers of 9 for evacuation
[2025-01-12T21:24:02.566+0530][gc,phases   ] GC(0)   Pre Evacuate Collection Set: 0.2ms
[2025-01-12T21:24:02.566+0530][gc,phases   ] GC(0)   Merge Heap Roots: 0.0ms
[2025-01-12T21:24:02.566+0530][gc,phases   ] GC(0)   Evacuate Collection Set: 2.2ms
[2025-01-12T21:24:02.566+0530][gc,phases   ] GC(0)   Post Evacuate Collection Set: 0.3ms
[2025-01-12T21:24:02.566+0530][gc,phases   ] GC(0)   Other: 0.3ms
[2025-01-12T21:24:02.566+0530][gc,heap     ] GC(0) Eden regions: 51->0(44)
[2025-01-12T21:24:02.566+0530][gc,heap     ] GC(0) Survivor regions: 0->7(7)
[2025-01-12T21:24:02.566+0530][gc,heap     ] GC(0) Old regions: 2->5
[2025-01-12T21:24:02.566+0530][gc,heap     ] GC(0) Humongous regions: 2->2
[2025-01-12T21:24:02.566+0530][gc,metaspace] GC(0) Metaspace: 17199K(17408K)->17199K(17408K) NonClass: 15220K(15360K)->15220K(15360K) Class: 1978K(2048K)->1978K(2048K)
[2025-01-12T21:24:02.566+0530][gc          ] GC(0) Pause Young (Normal) (G1 Evacuation Pause) 54M->12M(1024M) 3.161ms
[2025-01-12T21:24:02.566+0530][gc,cpu      ] GC(0) User=0.01s Sys=0.01s Real=0.00s
[2025-01-12T21:24:02.713+0530][gc,start    ] GC(1) Pause Young (Concurrent Start) (Metadata GC Threshold)
[2025-01-12T21:24:02.713+0530][gc,task     ] GC(1) Using 9 workers of 9 for evacuation
[2025-01-12T21:24:02.715+0530][gc,phases   ] GC(1)   Pre Evacuate Collection Set: 0.2ms
[2025-01-12T21:24:02.715+0530][gc,phases   ] GC(1)   Merge Heap Roots: 0.0ms
[2025-01-12T21:24:02.715+0530][gc,phases   ] GC(1)   Evacuate Collection Set: 1.9ms
[2025-01-12T21:24:02.715+0530][gc,phases   ] GC(1)   Post Evacuate Collection Set: 0.2ms
[2025-01-12T21:24:02.715+0530][gc,phases   ] GC(1)   Other: 0.0ms
[2025-01-12T21:24:02.715+0530][gc,heap     ] GC(1) Eden regions: 15->0(50)
[2025-01-12T21:24:02.715+0530][gc,heap     ] GC(1) Survivor regions: 7->1(7)
[2025-01-12T21:24:02.715+0530][gc,heap     ] GC(1) Old regions: 5->12
[2025-01-12T21:24:02.715+0530][gc,heap     ] GC(1) Humongous regions: 2->2
[2025-01-12T21:24:02.715+0530][gc,metaspace] GC(1) Metaspace: 21213K(21504K)->21213K(21504K) NonClass: 18748K(18880K)->18748K(18880K) Class: 2464K(2624K)->2464K(2624K)
[2025-01-12T21:24:02.715+0530][gc          ] GC(1) Pause Young (Concurrent Start) (Metadata GC Threshold) 26M->13M(1024M) 2.474ms
[2025-01-12T21:24:02.715+0530][gc,cpu      ] GC(1) User=0.01s Sys=0.00s Real=0.00s
[2025-01-12T21:24:02.715+0530][gc          ] GC(2) Concurrent Mark Cycle
[2025-01-12T21:24:02.715+0530][gc,marking  ] GC(2) Concurrent Scan Root Regions
[2025-01-12T21:24:02.716+0530][gc,marking  ] GC(2) Concurrent Scan Root Regions 1.064ms
[2025-01-12T21:24:02.716+0530][gc,marking  ] GC(2) Concurrent Mark
[2025-01-12T21:24:02.716+0530][gc,marking  ] GC(2) Concurrent Mark From Roots
[2025-01-12T21:24:02.716+0530][gc,task     ] GC(2) Using 2 workers of 2 for marking
[2025-01-12T21:24:02.718+0530][gc,marking  ] GC(2) Concurrent Mark From Roots 1.309ms
[2025-01-12T21:24:02.718+0530][gc,marking  ] GC(2) Concurrent Preclean
[2025-01-12T21:24:02.718+0530][gc,marking  ] GC(2) Concurrent Preclean 0.008ms
[2025-01-12T21:24:02.718+0530][gc,start    ] GC(2) Pause Remark
[2025-01-12T21:24:02.719+0530][gc          ] GC(2) Pause Remark 14M->14M(1024M) 0.973ms
[2025-01-12T21:24:02.719+0530][gc,cpu      ] GC(2) User=0.00s Sys=0.00s Real=0.00s
[2025-01-12T21:24:02.719+0530][gc,marking  ] GC(2) Concurrent Mark 2.416ms
[2025-01-12T21:24:02.719+0530][gc,marking  ] GC(2) Concurrent Rebuild Remembered Sets and Scrub Regions
[2025-01-12T21:24:02.720+0530][gc,marking  ] GC(2) Concurrent Rebuild Remembered Sets and Scrub Regions 1.461ms
[2025-01-12T21:24:02.720+0530][gc,start    ] GC(2) Pause Cleanup
[2025-01-12T21:24:02.720+0530][gc          ] GC(2) Pause Cleanup 14M->14M(1024M) 0.118ms
[2025-01-12T21:24:02.720+0530][gc,cpu      ] GC(2) User=0.01s Sys=0.00s Real=0.00s
[2025-01-12T21:24:02.720+0530][gc,marking  ] GC(2) Concurrent Clear Claimed Marks
[2025-01-12T21:24:02.721+0530][gc,marking  ] GC(2) Concurrent Clear Claimed Marks 0.024ms
[2025-01-12T21:24:02.721+0530][gc,marking  ] GC(2) Concurrent Cleanup for Next Mark
[2025-01-12T21:24:02.722+0530][gc,marking  ] GC(2) Concurrent Cleanup for Next Mark 1.849ms
[2025-01-12T21:24:02.722+0530][gc          ] GC(2) Concurrent Mark Cycle 7.119ms
[2025-01-12T21:24:04.730+0530][gc,start    ] GC(3) Pause Young (Prepare Mixed) (G1 Evacuation Pause)
[2025-01-12T21:24:04.730+0530][gc,task     ] GC(3) Using 9 workers of 9 for evacuation
[2025-01-12T21:24:04.732+0530][gc,phases   ] GC(3)   Pre Evacuate Collection Set: 0.1ms
[2025-01-12T21:24:04.732+0530][gc,phases   ] GC(3)   Merge Heap Roots: 0.0ms
[2025-01-12T21:24:04.732+0530][gc,phases   ] GC(3)   Evacuate Collection Set: 1.3ms
[2025-01-12T21:24:04.732+0530][gc,phases   ] GC(3)   Post Evacuate Collection Set: 0.2ms
[2025-01-12T21:24:04.732+0530][gc,phases   ] GC(3)   Other: 0.0ms
[2025-01-12T21:24:04.732+0530][gc,heap     ] GC(3) Eden regions: 50->0(45)
[2025-01-12T21:24:04.732+0530][gc,heap     ] GC(3) Survivor regions: 1->6(7)
[2025-01-12T21:24:04.732+0530][gc,heap     ] GC(3) Old regions: 12->12
[2025-01-12T21:24:04.732+0530][gc,heap     ] GC(3) Humongous regions: 131->131
[2025-01-12T21:24:04.732+0530][gc,metaspace] GC(3) Metaspace: 29718K(30016K)->29718K(30016K) NonClass: 26429K(26624K)->26429K(26624K) Class: 3289K(3392K)->3289K(3392K)
[2025-01-12T21:24:04.732+0530][gc          ] GC(3) Pause Young (Prepare Mixed) (G1 Evacuation Pause) 192M->146M(1024M) 1.850ms
[2025-01-12T21:24:04.732+0530][gc,cpu      ] GC(3) User=0.01s Sys=0.00s Real=0.00s
[2025-01-12T21:24:04.885+0530][gc,start    ] GC(4) Pause Young (Mixed) (Metadata GC Threshold)
[2025-01-12T21:24:04.885+0530][gc,task     ] GC(4) Using 9 workers of 9 for evacuation
[2025-01-12T21:24:04.887+0530][gc,phases   ] GC(4)   Pre Evacuate Collection Set: 0.1ms
[2025-01-12T21:24:04.887+0530][gc,phases   ] GC(4)   Merge Heap Roots: 0.0ms
[2025-01-12T21:24:04.887+0530][gc,phases   ] GC(4)   Evacuate Collection Set: 2.0ms
[2025-01-12T21:24:04.887+0530][gc,phases   ] GC(4)   Post Evacuate Collection Set: 0.2ms
[2025-01-12T21:24:04.887+0530][gc,phases   ] GC(4)   Other: 0.0ms
[2025-01-12T21:24:04.887+0530][gc,heap     ] GC(4) Eden regions: 25->0(48)
[2025-01-12T21:24:04.887+0530][gc,heap     ] GC(4) Survivor regions: 6->3(7)
[2025-01-12T21:24:04.887+0530][gc,heap     ] GC(4) Old regions: 12->16
[2025-01-12T21:24:04.887+0530][gc,heap     ] GC(4) Humongous regions: 131->131
[2025-01-12T21:24:04.887+0530][gc,metaspace] GC(4) Metaspace: 35616K(35968K)->35616K(35968K) NonClass: 31784K(32000K)->31784K(32000K) Class: 3831K(3968K)->3831K(3968K)
[2025-01-12T21:24:04.887+0530][gc          ] GC(4) Pause Young (Mixed) (Metadata GC Threshold) 170M->149M(1024M) 2.488ms
[2025-01-12T21:24:04.887+0530][gc,cpu      ] GC(4) User=0.02s Sys=0.00s Real=0.00s
[2025-01-12T21:24:04.897+0530][gc,start    ] GC(5) Pause Young (Concurrent Start) (Metadata GC Threshold)
[2025-01-12T21:24:04.897+0530][gc,task     ] GC(5) Using 9 workers of 9 for evacuation
[2025-01-12T21:24:04.898+0530][gc,phases   ] GC(5)   Pre Evacuate Collection Set: 0.1ms
[2025-01-12T21:24:04.898+0530][gc,phases   ] GC(5)   Merge Heap Roots: 0.0ms
[2025-01-12T21:24:04.898+0530][gc,phases   ] GC(5)   Evacuate Collection Set: 0.8ms
[2025-01-12T21:24:04.898+0530][gc,phases   ] GC(5)   Post Evacuate Collection Set: 0.2ms
[2025-01-12T21:24:04.898+0530][gc,phases   ] GC(5)   Other: 0.0ms
[2025-01-12T21:24:04.898+0530][gc,heap     ] GC(5) Eden regions: 2->0(48)
[2025-01-12T21:24:04.898+0530][gc,heap     ] GC(5) Survivor regions: 3->3(7)
[2025-01-12T21:24:04.898+0530][gc,heap     ] GC(5) Old regions: 16->16
[2025-01-12T21:24:04.898+0530][gc,heap     ] GC(5) Humongous regions: 131->131
[2025-01-12T21:24:04.898+0530][gc,metaspace] GC(5) Metaspace: 35963K(36288K)->35963K(36288K) NonClass: 32074K(32256K)->32074K(32256K) Class: 3889K(4032K)->3889K(4032K)
[2025-01-12T21:24:04.898+0530][gc          ] GC(5) Pause Young (Concurrent Start) (Metadata GC Threshold) 151M->149M(1024M) 1.316ms
[2025-01-12T21:24:04.898+0530][gc,cpu      ] GC(5) User=0.01s Sys=0.00s Real=0.00s
[2025-01-12T21:24:04.898+0530][gc          ] GC(6) Concurrent Mark Cycle
[2025-01-12T21:24:04.898+0530][gc,marking  ] GC(6) Concurrent Scan Root Regions
[2025-01-12T21:24:04.899+0530][gc,marking  ] GC(6) Concurrent Scan Root Regions 0.750ms
[2025-01-12T21:24:04.899+0530][gc,marking  ] GC(6) Concurrent Mark
[2025-01-12T21:24:04.899+0530][gc,marking  ] GC(6) Concurrent Mark From Roots
[2025-01-12T21:24:04.899+0530][gc,task     ] GC(6) Using 2 workers of 2 for marking
[2025-01-12T21:24:04.904+0530][gc,marking  ] GC(6) Concurrent Mark From Roots 5.163ms
[2025-01-12T21:24:04.904+0530][gc,marking  ] GC(6) Concurrent Preclean
[2025-01-12T21:24:04.904+0530][gc,marking  ] GC(6) Concurrent Preclean 0.033ms
[2025-01-12T21:24:04.904+0530][gc,start    ] GC(6) Pause Remark
[2025-01-12T21:24:04.905+0530][gc          ] GC(6) Pause Remark 151M->151M(1024M) 1.058ms
[2025-01-12T21:24:04.905+0530][gc,cpu      ] GC(6) User=0.00s Sys=0.01s Real=0.00s
[2025-01-12T21:24:04.905+0530][gc,marking  ] GC(6) Concurrent Mark 6.408ms
[2025-01-12T21:24:04.905+0530][gc,marking  ] GC(6) Concurrent Rebuild Remembered Sets and Scrub Regions
[2025-01-12T21:24:04.908+0530][gc,marking  ] GC(6) Concurrent Rebuild Remembered Sets and Scrub Regions 2.949ms
[2025-01-12T21:24:04.908+0530][gc,start    ] GC(6) Pause Cleanup
[2025-01-12T21:24:04.908+0530][gc          ] GC(6) Pause Cleanup 151M->151M(1024M) 0.071ms
[2025-01-12T21:24:04.908+0530][gc,cpu      ] GC(6) User=0.00s Sys=0.00s Real=0.00s
[2025-01-12T21:24:04.908+0530][gc,marking  ] GC(6) Concurrent Clear Claimed Marks
[2025-01-12T21:24:04.908+0530][gc,marking  ] GC(6) Concurrent Clear Claimed Marks 0.094ms
[2025-01-12T21:24:04.908+0530][gc,marking  ] GC(6) Concurrent Cleanup for Next Mark
[2025-01-12T21:24:04.909+0530][gc,marking  ] GC(6) Concurrent Cleanup for Next Mark 0.808ms
[2025-01-12T21:24:04.909+0530][gc          ] GC(6) Concurrent Mark Cycle 11.274ms
[2025-01-12T21:25:48.448+0530][gc,start    ] GC(7) Pause Young (Prepare Mixed) (G1 Evacuation Pause)
[2025-01-12T21:25:48.449+0530][gc,task     ] GC(7) Using 9 workers of 9 for evacuation
[2025-01-12T21:25:48.501+0530][gc,mmu      ] GC(7) MMU target violated: 21.0ms (20.0ms/21.0ms)
[2025-01-12T21:25:48.501+0530][gc,phases   ] GC(7)   Pre Evacuate Collection Set: 1.3ms
[2025-01-12T21:25:48.501+0530][gc,phases   ] GC(7)   Merge Heap Roots: 0.4ms
[2025-01-12T21:25:48.501+0530][gc,phases   ] GC(7)   Evacuate Collection Set: 49.2ms
[2025-01-12T21:25:48.501+0530][gc,phases   ] GC(7)   Post Evacuate Collection Set: 1.6ms
[2025-01-12T21:25:48.501+0530][gc,phases   ] GC(7)   Other: 0.3ms
[2025-01-12T21:25:48.501+0530][gc,heap     ] GC(7) Eden regions: 48->0(44)
[2025-01-12T21:25:48.501+0530][gc,heap     ] GC(7) Survivor regions: 3->7(7)
[2025-01-12T21:25:48.501+0530][gc,heap     ] GC(7) Old regions: 16->16
[2025-01-12T21:25:48.501+0530][gc,heap     ] GC(7) Humongous regions: 149->131
[2025-01-12T21:25:48.501+0530][gc,metaspace] GC(7) Metaspace: 42623K(43392K)->42623K(43392K) NonClass: 37562K(38016K)->37562K(38016K) Class: 5060K(5376K)->5060K(5376K)
[2025-01-12T21:25:48.502+0530][gc          ] GC(7) Pause Young (Prepare Mixed) (G1 Evacuation Pause) 215M->153M(1024M) 53.832ms
[2025-01-12T21:25:48.502+0530][gc,cpu      ] GC(7) User=0.04s Sys=0.08s Real=0.06s
[2025-01-12T21:30:01.349+0530][gc,start    ] GC(8) Pause Young (Mixed) (G1 Evacuation Pause)
[2025-01-12T21:30:01.350+0530][gc,task     ] GC(8) Using 9 workers of 9 for evacuation
[2025-01-12T21:30:01.366+0530][gc,phases   ] GC(8)   Pre Evacuate Collection Set: 0.5ms
[2025-01-12T21:30:01.366+0530][gc,phases   ] GC(8)   Merge Heap Roots: 0.5ms
[2025-01-12T21:30:01.366+0530][gc,phases   ] GC(8)   Evacuate Collection Set: 14.3ms
[2025-01-12T21:30:01.366+0530][gc,phases   ] GC(8)   Post Evacuate Collection Set: 0.3ms
[2025-01-12T21:30:01.366+0530][gc,phases   ] GC(8)   Other: 0.5ms
[2025-01-12T21:30:01.366+0530][gc,heap     ] GC(8) Eden regions: 44->0(48)
[2025-01-12T21:30:01.366+0530][gc,heap     ] GC(8) Survivor regions: 7->3(7)
[2025-01-12T21:30:01.366+0530][gc,heap     ] GC(8) Old regions: 16->21
[2025-01-12T21:30:01.366+0530][gc,heap     ] GC(8) Humongous regions: 131->131
[2025-01-12T21:30:01.366+0530][gc,metaspace] GC(8) Metaspace: 42945K(43776K)->42945K(43776K) NonClass: 37850K(38336K)->37850K(38336K) Class: 5095K(5440K)->5095K(5440K)
[2025-01-12T21:30:01.366+0530][gc          ] GC(8) Pause Young (Mixed) (G1 Evacuation Pause) 197M->154M(1024M) 16.926ms
[2025-01-12T21:30:01.366+0530][gc,cpu      ] GC(8) User=0.03s Sys=0.02s Real=0.02s
[2025-01-12T21:35:32.374+0530][gc,start    ] GC(9) Pause Young (Normal) (G1 Evacuation Pause)
[2025-01-12T21:35:32.375+0530][gc,task     ] GC(9) Using 9 workers of 9 for evacuation
[2025-01-12T21:35:32.395+0530][gc,phases   ] GC(9)   Pre Evacuate Collection Set: 0.4ms
[2025-01-12T21:35:32.395+0530][gc,phases   ] GC(9)   Merge Heap Roots: 0.1ms
[2025-01-12T21:35:32.395+0530][gc,phases   ] GC(9)   Evacuate Collection Set: 18.7ms
[2025-01-12T21:35:32.395+0530][gc,phases   ] GC(9)   Post Evacuate Collection Set: 0.3ms
[2025-01-12T21:35:32.395+0530][gc,phases   ] GC(9)   Other: 0.1ms
[2025-01-12T21:35:32.395+0530][gc,heap     ] GC(9) Eden regions: 48->0(45)
[2025-01-12T21:35:32.395+0530][gc,heap     ] GC(9) Survivor regions: 3->6(7)
[2025-01-12T21:35:32.395+0530][gc,heap     ] GC(9) Old regions: 21->21
[2025-01-12T21:35:32.395+0530][gc,heap     ] GC(9) Humongous regions: 131->131
[2025-01-12T21:35:32.395+0530][gc,metaspace] GC(9) Metaspace: 43103K(43904K)->43103K(43904K) NonClass: 37981K(38464K)->37981K(38464K) Class: 5121K(5440K)->5121K(5440K)
[2025-01-12T21:35:32.395+0530][gc          ] GC(9) Pause Young (Normal) (G1 Evacuation Pause) 202M->157M(1024M) 20.333ms
[2025-01-12T21:35:32.395+0530][gc,cpu      ] GC(9) User=0.03s Sys=0.01s Real=0.02s
[2025-01-12T21:41:16.924+0530][gc,start    ] GC(10) Pause Young (Normal) (G1 Evacuation Pause)
[2025-01-12T21:41:16.926+0530][gc,task     ] GC(10) Using 9 workers of 9 for evacuation
[2025-01-12T21:41:16.954+0530][gc,mmu      ] GC(10) MMU target violated: 21.0ms (20.0ms/21.0ms)
[2025-01-12T21:41:16.954+0530][gc,phases   ] GC(10)   Pre Evacuate Collection Set: 1.0ms
[2025-01-12T21:41:16.954+0530][gc,phases   ] GC(10)   Merge Heap Roots: 0.1ms
[2025-01-12T21:41:16.954+0530][gc,phases   ] GC(10)   Evacuate Collection Set: 27.0ms
[2025-01-12T21:41:16.954+0530][gc,phases   ] GC(10)   Post Evacuate Collection Set: 0.4ms
[2025-01-12T21:41:16.954+0530][gc,phases   ] GC(10)   Other: 0.5ms
[2025-01-12T21:41:16.954+0530][gc,heap     ] GC(10) Eden regions: 45->0(45)
[2025-01-12T21:41:16.954+0530][gc,heap     ] GC(10) Survivor regions: 6->6(7)
[2025-01-12T21:41:16.954+0530][gc,heap     ] GC(10) Old regions: 21->27
[2025-01-12T21:41:16.954+0530][gc,heap     ] GC(10) Humongous regions: 131->131
[2025-01-12T21:41:16.954+0530][gc,metaspace] GC(10) Metaspace: 43131K(43904K)->43131K(43904K) NonClass: 38010K(38464K)->38010K(38464K) Class: 5121K(5440K)->5121K(5440K)
[2025-01-12T21:41:16.955+0530][gc          ] GC(10) Pause Young (Normal) (G1 Evacuation Pause) 202M->162M(1024M) 30.075ms
[2025-01-12T21:41:16.955+0530][gc,cpu      ] GC(10) User=0.05s Sys=0.02s Real=0.03s
[2025-01-12T21:46:58.249+0530][gc,start    ] GC(11) Pause Young (Normal) (G1 Evacuation Pause)
[2025-01-12T21:46:58.250+0530][gc,task     ] GC(11) Using 9 workers of 9 for evacuation
[2025-01-12T21:46:58.271+0530][gc,mmu      ] GC(11) MMU target violated: 21.0ms (20.0ms/21.0ms)
[2025-01-12T21:46:58.271+0530][gc,phases   ] GC(11)   Pre Evacuate Collection Set: 0.8ms
[2025-01-12T21:46:58.271+0530][gc,phases   ] GC(11)   Merge Heap Roots: 0.2ms
[2025-01-12T21:46:58.271+0530][gc,phases   ] GC(11)   Evacuate Collection Set: 19.9ms
[2025-01-12T21:46:58.271+0530][gc,phases   ] GC(11)   Post Evacuate Collection Set: 0.3ms
[2025-01-12T21:46:58.271+0530][gc,phases   ] GC(11)   Other: 0.2ms
[2025-01-12T21:46:58.271+0530][gc,heap     ] GC(11) Eden regions: 45->0(45)
[2025-01-12T21:46:58.271+0530][gc,heap     ] GC(11) Survivor regions: 6->6(7)
[2025-01-12T21:46:58.271+0530][gc,heap     ] GC(11) Old regions: 27->31
[2025-01-12T21:46:58.271+0530][gc,heap     ] GC(11) Humongous regions: 131->131
[2025-01-12T21:46:58.271+0530][gc,metaspace] GC(11) Metaspace: 43172K(43968K)->43172K(43968K) NonClass: 38050K(38528K)->38050K(38528K) Class: 5121K(5440K)->5121K(5440K)
[2025-01-12T21:46:58.271+0530][gc          ] GC(11) Pause Young (Normal) (G1 Evacuation Pause) 207M->166M(1024M) 22.304ms
[2025-01-12T21:46:58.271+0530][gc,cpu      ] GC(11) User=0.06s Sys=0.01s Real=0.03s
[2025-01-12T21:52:45.461+0530][gc,start    ] GC(12) Pause Young (Normal) (G1 Evacuation Pause)
[2025-01-12T21:52:45.462+0530][gc,task     ] GC(12) Using 9 workers of 9 for evacuation
[2025-01-12T21:52:45.483+0530][gc,mmu      ] GC(12) MMU target violated: 20.6ms (20.0ms/21.0ms)
[2025-01-12T21:52:45.483+0530][gc,phases   ] GC(12)   Pre Evacuate Collection Set: 1.2ms
[2025-01-12T21:52:45.483+0530][gc,phases   ] GC(12)   Merge Heap Roots: 0.3ms
[2025-01-12T21:52:45.483+0530][gc,phases   ] GC(12)   Evacuate Collection Set: 18.6ms
[2025-01-12T21:52:45.483+0530][gc,phases   ] GC(12)   Post Evacuate Collection Set: 0.4ms
[2025-01-12T21:52:45.483+0530][gc,phases   ] GC(12)   Other: 0.2ms
[2025-01-12T21:52:45.483+0530][gc,heap     ] GC(12) Eden regions: 45->0(45)
[2025-01-12T21:52:45.483+0530][gc,heap     ] GC(12) Survivor regions: 6->6(7)
[2025-01-12T21:52:45.483+0530][gc,heap     ] GC(12) Old regions: 31->36
[2025-01-12T21:52:45.483+0530][gc,heap     ] GC(12) Humongous regions: 131->131
[2025-01-12T21:52:45.483+0530][gc,metaspace] GC(12) Metaspace: 43204K(43968K)->43204K(43968K) NonClass: 38082K(38528K)->38082K(38528K) Class: 5121K(5440K)->5121K(5440K)
[2025-01-12T21:52:45.483+0530][gc          ] GC(12) Pause Young (Normal) (G1 Evacuation Pause) 211M->171M(1024M) 21.687ms
[2025-01-12T21:52:45.483+0530][gc,cpu      ] GC(12) User=0.05s Sys=0.02s Real=0.02s
[2025-01-12T21:58:31.319+0530][gc,start    ] GC(13) Pause Young (Normal) (G1 Evacuation Pause)
[2025-01-12T21:58:31.322+0530][gc,task     ] GC(13) Using 9 workers of 9 for evacuation
[2025-01-12T21:58:31.341+0530][gc,phases   ] GC(13)   Pre Evacuate Collection Set: 1.6ms
[2025-01-12T21:58:31.341+0530][gc,phases   ] GC(13)   Merge Heap Roots: 1.7ms
[2025-01-12T21:58:31.341+0530][gc,phases   ] GC(13)   Evacuate Collection Set: 15.5ms
[2025-01-12T21:58:31.341+0530][gc,phases   ] GC(13)   Post Evacuate Collection Set: 0.3ms
[2025-01-12T21:58:31.341+0530][gc,phases   ] GC(13)   Other: 0.2ms
[2025-01-12T21:58:31.341+0530][gc,heap     ] GC(13) Eden regions: 45->0(44)
[2025-01-12T21:58:31.341+0530][gc,heap     ] GC(13) Survivor regions: 6->7(7)
[2025-01-12T21:58:31.341+0530][gc,heap     ] GC(13) Old regions: 36->41
[2025-01-12T21:58:31.341+0530][gc,heap     ] GC(13) Humongous regions: 131->131
[2025-01-12T21:58:31.341+0530][gc,metaspace] GC(13) Metaspace: 43248K(44032K)->43248K(44032K) NonClass: 38126K(38592K)->38126K(38592K) Class: 5121K(5440K)->5121K(5440K)
[2025-01-12T21:58:31.341+0530][gc          ] GC(13) Pause Young (Normal) (G1 Evacuation Pause) 216M->177M(1024M) 21.987ms
[2025-01-12T21:58:31.341+0530][gc,cpu      ] GC(13) User=0.04s Sys=0.01s Real=0.03s
[2025-01-12T22:11:02.481+0530][gc,start    ] GC(14) Pause Young (Normal) (G1 Evacuation Pause)
[2025-01-12T22:11:02.483+0530][gc,task     ] GC(14) Using 9 workers of 9 for evacuation
[2025-01-12T22:11:02.503+0530][gc,phases   ] GC(14)   Pre Evacuate Collection Set: 1.3ms
[2025-01-12T22:11:02.503+0530][gc,phases   ] GC(14)   Merge Heap Roots: 0.3ms
[2025-01-12T22:11:02.503+0530][gc,phases   ] GC(14)   Evacuate Collection Set: 17.3ms
[2025-01-12T22:11:02.503+0530][gc,phases   ] GC(14)   Post Evacuate Collection Set: 0.4ms
[2025-01-12T22:11:02.503+0530][gc,phases   ] GC(14)   Other: 0.2ms
[2025-01-12T22:11:02.503+0530][gc,heap     ] GC(14) Eden regions: 44->0(47)
[2025-01-12T22:11:02.503+0530][gc,heap     ] GC(14) Survivor regions: 7->4(7)
[2025-01-12T22:11:02.503+0530][gc,heap     ] GC(14) Old regions: 41->45
[2025-01-12T22:11:02.503+0530][gc,heap     ] GC(14) Humongous regions: 131->131
[2025-01-12T22:11:02.503+0530][gc,metaspace] GC(14) Metaspace: 43319K(44160K)->43319K(44160K) NonClass: 38198K(38720K)->38198K(38720K) Class: 5121K(5440K)->5121K(5440K)
[2025-01-12T22:11:02.503+0530][gc          ] GC(14) Pause Young (Normal) (G1 Evacuation Pause) 221M->180M(1024M) 22.132ms
[2025-01-12T22:11:02.503+0530][gc,cpu      ] GC(14) User=0.05s Sys=0.02s Real=0.02s
[2025-01-12T22:17:02.666+0530][gc,start    ] GC(15) Pause Young (Normal) (G1 Evacuation Pause)
[2025-01-12T22:17:02.668+0530][gc,task     ] GC(15) Using 9 workers of 9 for evacuation
[2025-01-12T22:17:02.689+0530][gc,mmu      ] GC(15) MMU target violated: 20.5ms (20.0ms/21.0ms)
[2025-01-12T22:17:02.689+0530][gc,phases   ] GC(15)   Pre Evacuate Collection Set: 0.7ms
[2025-01-12T22:17:02.689+0530][gc,phases   ] GC(15)   Merge Heap Roots: 0.2ms
[2025-01-12T22:17:02.689+0530][gc,phases   ] GC(15)   Evacuate Collection Set: 19.2ms
[2025-01-12T22:17:02.689+0530][gc,phases   ] GC(15)   Post Evacuate Collection Set: 0.4ms
[2025-01-12T22:17:02.689+0530][gc,phases   ] GC(15)   Other: 0.2ms
[2025-01-12T22:17:02.689+0530][gc,heap     ] GC(15) Eden regions: 47->0(45)
[2025-01-12T22:17:02.689+0530][gc,heap     ] GC(15) Survivor regions: 4->6(7)
[2025-01-12T22:17:02.689+0530][gc,heap     ] GC(15) Old regions: 45->48
[2025-01-12T22:17:02.689+0530][gc,heap     ] GC(15) Humongous regions: 131->131
[2025-01-12T22:17:02.689+0530][gc,metaspace] GC(15) Metaspace: 43357K(44160K)->43357K(44160K) NonClass: 38235K(38720K)->38235K(38720K) Class: 5121K(5440K)->5121K(5440K)
[2025-01-12T22:17:02.689+0530][gc          ] GC(15) Pause Young (Normal) (G1 Evacuation Pause) 227M->184M(1024M) 22.458ms
[2025-01-12T22:17:02.689+0530][gc,cpu      ] GC(15) User=0.05s Sys=0.01s Real=0.02s
[2025-01-12T22:22:45.268+0530][gc,start    ] GC(16) Pause Young (Normal) (G1 Evacuation Pause)
[2025-01-12T22:22:45.270+0530][gc,task     ] GC(16) Using 9 workers of 9 for evacuation
[2025-01-12T22:22:45.291+0530][gc,mmu      ] GC(16) MMU target violated: 20.7ms (20.0ms/21.0ms)
[2025-01-12T22:22:45.291+0530][gc,phases   ] GC(16)   Pre Evacuate Collection Set: 1.4ms
[2025-01-12T22:22:45.291+0530][gc,phases   ] GC(16)   Merge Heap Roots: 0.5ms
[2025-01-12T22:22:45.291+0530][gc,phases   ] GC(16)   Evacuate Collection Set: 18.3ms
[2025-01-12T22:22:45.291+0530][gc,phases   ] GC(16)   Post Evacuate Collection Set: 0.4ms
[2025-01-12T22:22:45.291+0530][gc,phases   ] GC(16)   Other: 0.3ms
[2025-01-12T22:22:45.291+0530][gc,heap     ] GC(16) Eden regions: 45->0(46)
[2025-01-12T22:22:45.291+0530][gc,heap     ] GC(16) Survivor regions: 6->5(7)
[2025-01-12T22:22:45.291+0530][gc,heap     ] GC(16) Old regions: 48->53
[2025-01-12T22:22:45.291+0530][gc,heap     ] GC(16) Humongous regions: 131->131
[2025-01-12T22:22:45.291+0530][gc,metaspace] GC(16) Metaspace: 43366K(44160K)->43366K(44160K) NonClass: 38245K(38720K)->38245K(38720K) Class: 5121K(5440K)->5121K(5440K)
[2025-01-12T22:22:45.291+0530][gc          ] GC(16) Pause Young (Normal) (G1 Evacuation Pause) 229M->188M(1024M) 22.922ms
[2025-01-12T22:22:45.291+0530][gc,cpu      ] GC(16) User=0.05s Sys=0.02s Real=0.03s
[2025-01-12T22:28:15.738+0530][gc,start    ] GC(17) Pause Young (Normal) (G1 Evacuation Pause)
[2025-01-12T22:28:15.740+0530][gc,task     ] GC(17) Using 9 workers of 9 for evacuation
[2025-01-12T22:28:15.772+0530][gc,mmu      ] GC(17) MMU target violated: 21.0ms (20.0ms/21.0ms)
[2025-01-12T22:28:15.772+0530][gc,phases   ] GC(17)   Pre Evacuate Collection Set: 1.8ms
[2025-01-12T22:28:15.772+0530][gc,phases   ] GC(17)   Merge Heap Roots: 0.4ms
[2025-01-12T22:28:15.772+0530][gc,phases   ] GC(17)   Evacuate Collection Set: 28.7ms
[2025-01-12T22:28:15.772+0530][gc,phases   ] GC(17)   Post Evacuate Collection Set: 0.4ms
[2025-01-12T22:28:15.772+0530][gc,phases   ] GC(17)   Other: 0.3ms
[2025-01-12T22:28:15.772+0530][gc,heap     ] GC(17) Eden regions: 46->0(46)
[2025-01-12T22:28:15.772+0530][gc,heap     ] GC(17) Survivor regions: 5->5(7)
[2025-01-12T22:28:15.772+0530][gc,heap     ] GC(17) Old regions: 53->57
[2025-01-12T22:28:15.772+0530][gc,heap     ] GC(17) Humongous regions: 131->131
[2025-01-12T22:28:15.772+0530][gc,metaspace] GC(17) Metaspace: 43406K(44224K)->43406K(44224K) NonClass: 38281K(38784K)->38281K(38784K) Class: 5125K(5440K)->5125K(5440K)
[2025-01-12T22:28:15.772+0530][gc          ] GC(17) Pause Young (Normal) (G1 Evacuation Pause) 234M->192M(1024M) 33.709ms
[2025-01-12T22:28:15.772+0530][gc,cpu      ] GC(17) User=0.03s Sys=0.05s Real=0.04s
[2025-01-12T22:36:39.036+0530][gc,start    ] GC(18) Pause Young (Normal) (G1 Evacuation Pause)
[2025-01-12T22:36:39.038+0530][gc,task     ] GC(18) Using 9 workers of 9 for evacuation
[2025-01-12T22:36:39.064+0530][gc,mmu      ] GC(18) MMU target violated: 21.0ms (20.0ms/21.0ms)
[2025-01-12T22:36:39.064+0530][gc,phases   ] GC(18)   Pre Evacuate Collection Set: 4.4ms
[2025-01-12T22:36:39.064+0530][gc,phases   ] GC(18)   Merge Heap Roots: 2.5ms
[2025-01-12T22:36:39.064+0530][gc,phases   ] GC(18)   Evacuate Collection Set: 18.1ms
[2025-01-12T22:36:39.064+0530][gc,phases   ] GC(18)   Post Evacuate Collection Set: 0.8ms
[2025-01-12T22:36:39.064+0530][gc,phases   ] GC(18)   Other: 0.4ms
[2025-01-12T22:36:39.064+0530][gc,heap     ] GC(18) Eden regions: 46->0(52)
[2025-01-12T22:36:39.064+0530][gc,heap     ] GC(18) Survivor regions: 5->3(7)
[2025-01-12T22:36:39.064+0530][gc,heap     ] GC(18) Old regions: 57->60
[2025-01-12T22:36:39.064+0530][gc,heap     ] GC(18) Humongous regions: 131->131
[2025-01-12T22:36:39.064+0530][gc,metaspace] GC(18) Metaspace: 43417K(44224K)->43417K(44224K) NonClass: 38292K(38784K)->38292K(38784K) Class: 5125K(5440K)->5125K(5440K)
[2025-01-12T22:36:39.064+0530][gc          ] GC(18) Pause Young (Normal) (G1 Evacuation Pause) 238M->192M(1024M) 27.880ms
[2025-01-12T22:36:39.064+0530][gc,cpu      ] GC(18) User=0.03s Sys=0.04s Real=0.03s
[2025-01-12T22:45:06.407+0530][gc,start    ] GC(19) Pause Young (Normal) (G1 Evacuation Pause)
[2025-01-12T22:45:06.407+0530][gc,task     ] GC(19) Using 9 workers of 9 for evacuation
[2025-01-12T22:45:06.422+0530][gc,phases   ] GC(19)   Pre Evacuate Collection Set: 0.3ms
[2025-01-12T22:45:06.422+0530][gc,phases   ] GC(19)   Merge Heap Roots: 0.1ms
[2025-01-12T22:45:06.422+0530][gc,phases   ] GC(19)   Evacuate Collection Set: 14.2ms
[2025-01-12T22:45:06.422+0530][gc,phases   ] GC(19)   Post Evacuate Collection Set: 0.2ms
[2025-01-12T22:45:06.422+0530][gc,phases   ] GC(19)   Other: 0.1ms
[2025-01-12T22:45:06.422+0530][gc,heap     ] GC(19) Eden regions: 67->0(73)
[2025-01-12T22:45:06.422+0530][gc,heap     ] GC(19) Survivor regions: 3->5(9)
[2025-01-12T22:45:06.422+0530][gc,heap     ] GC(19) Old regions: 60->60
[2025-01-12T22:45:06.422+0530][gc,heap     ] GC(19) Humongous regions: 131->131
[2025-01-12T22:45:06.422+0530][gc,metaspace] GC(19) Metaspace: 43423K(44224K)->43423K(44224K) NonClass: 38298K(38784K)->38298K(38784K) Class: 5125K(5440K)->5125K(5440K)
[2025-01-12T22:45:06.422+0530][gc          ] GC(19) Pause Young (Normal) (G1 Evacuation Pause) 259M->195M(1024M) 15.363ms
[2025-01-12T22:45:06.422+0530][gc,cpu      ] GC(19) User=0.02s Sys=0.00s Real=0.02s
[2025-01-12T22:56:35.313+0530][gc,start    ] GC(20) Pause Young (Normal) (G1 Evacuation Pause)
[2025-01-12T22:56:35.313+0530][gc,task     ] GC(20) Using 9 workers of 9 for evacuation
[2025-01-12T22:56:35.332+0530][gc,phases   ] GC(20)   Pre Evacuate Collection Set: 0.7ms
[2025-01-12T22:56:35.332+0530][gc,phases   ] GC(20)   Merge Heap Roots: 0.1ms
[2025-01-12T22:56:35.332+0530][gc,phases   ] GC(20)   Evacuate Collection Set: 17.7ms
[2025-01-12T22:56:35.332+0530][gc,phases   ] GC(20)   Post Evacuate Collection Set: 0.4ms
[2025-01-12T22:56:35.332+0530][gc,phases   ] GC(20)   Other: 0.2ms
[2025-01-12T22:56:35.332+0530][gc,heap     ] GC(20) Eden regions: 90->0(81)
[2025-01-12T22:56:35.332+0530][gc,heap     ] GC(20) Survivor regions: 5->10(12)
[2025-01-12T22:56:35.332+0530][gc,heap     ] GC(20) Old regions: 60->60
[2025-01-12T22:56:35.332+0530][gc,heap     ] GC(20) Humongous regions: 131->131
[2025-01-12T22:56:35.332+0530][gc,metaspace] GC(20) Metaspace: 43428K(44224K)->43428K(44224K) NonClass: 38303K(38784K)->38303K(38784K) Class: 5125K(5440K)->5125K(5440K)
[2025-01-12T22:56:35.332+0530][gc          ] GC(20) Pause Young (Normal) (G1 Evacuation Pause) 285M->200M(1024M) 19.456ms
[2025-01-12T22:56:35.332+0530][gc,cpu      ] GC(20) User=0.03s Sys=0.01s Real=0.02s
[2025-01-12T23:08:00.847+0530][gc,start    ] GC(21) Pause Young (Normal) (G1 Evacuation Pause)
[2025-01-12T23:08:00.848+0530][gc,task     ] GC(21) Using 9 workers of 9 for evacuation
[2025-01-12T23:08:00.874+0530][gc,mmu      ] GC(21) MMU target violated: 21.0ms (20.0ms/21.0ms)
[2025-01-12T23:08:00.874+0530][gc,phases   ] GC(21)   Pre Evacuate Collection Set: 1.3ms
[2025-01-12T23:08:00.874+0530][gc,phases   ] GC(21)   Merge Heap Roots: 0.2ms
[2025-01-12T23:08:00.874+0530][gc,phases   ] GC(21)   Evacuate Collection Set: 23.6ms
[2025-01-12T23:08:00.874+0530][gc,phases   ] GC(21)   Post Evacuate Collection Set: 0.5ms
[2025-01-12T23:08:00.874+0530][gc,phases   ] GC(21)   Other: 0.3ms
[2025-01-12T23:08:00.874+0530][gc,heap     ] GC(21) Eden regions: 89->0(41)
[2025-01-12T23:08:00.874+0530][gc,heap     ] GC(21) Survivor regions: 10->10(13)
[2025-01-12T23:08:00.874+0530][gc,heap     ] GC(21) Old regions: 60->63
[2025-01-12T23:08:00.874+0530][gc,heap     ] GC(21) Humongous regions: 131->131
[2025-01-12T23:08:00.874+0530][gc,metaspace] GC(21) Metaspace: 43452K(44224K)->43452K(44224K) NonClass: 38327K(38784K)->38327K(38784K) Class: 5125K(5440K)->5125K(5440K)
[2025-01-12T23:08:00.874+0530][gc          ] GC(21) Pause Young (Normal) (G1 Evacuation Pause) 289M->203M(1024M) 26.761ms
[2025-01-12T23:08:00.874+0530][gc,cpu      ] GC(21) User=0.04s Sys=0.05s Real=0.03s
[2025-01-12T23:13:33.311+0530][gc,start    ] GC(22) Pause Young (Normal) (G1 Evacuation Pause)
[2025-01-12T23:13:33.313+0530][gc,task     ] GC(22) Using 9 workers of 9 for evacuation
[2025-01-12T23:13:33.335+0530][gc,mmu      ] GC(22) MMU target violated: 21.0ms (20.0ms/21.0ms)
[2025-01-12T23:13:33.335+0530][gc,phases   ] GC(22)   Pre Evacuate Collection Set: 0.7ms
[2025-01-12T23:13:33.335+0530][gc,phases   ] GC(22)   Merge Heap Roots: 0.2ms
[2025-01-12T23:13:33.335+0530][gc,phases   ] GC(22)   Evacuate Collection Set: 20.8ms
[2025-01-12T23:13:33.335+0530][gc,phases   ] GC(22)   Post Evacuate Collection Set: 0.3ms
[2025-01-12T23:13:33.335+0530][gc,phases   ] GC(22)   Other: 0.2ms
[2025-01-12T23:13:33.335+0530][gc,heap     ] GC(22) Eden regions: 44->0(117)
[2025-01-12T23:13:33.335+0530][gc,heap     ] GC(22) Survivor regions: 10->5(7)
[2025-01-12T23:13:33.335+0530][gc,heap     ] GC(22) Old regions: 63->71
[2025-01-12T23:13:33.335+0530][gc,heap     ] GC(22) Humongous regions: 131->131
[2025-01-12T23:13:33.336+0530][gc,metaspace] GC(22) Metaspace: 43495K(44288K)->43495K(44288K) NonClass: 38370K(38848K)->38370K(38848K) Class: 5125K(5440K)->5125K(5440K)
[2025-01-12T23:13:33.336+0530][gc          ] GC(22) Pause Young (Normal) (G1 Evacuation Pause) 247M->206M(1024M) 24.140ms
[2025-01-12T23:13:33.336+0530][gc,cpu      ] GC(22) User=0.06s Sys=0.01s Real=0.02s
[2025-01-12T23:28:32.753+0530][gc,start    ] GC(23) Pause Young (Normal) (G1 Evacuation Pause)
[2025-01-12T23:28:32.754+0530][gc,task     ] GC(23) Using 9 workers of 9 for evacuation
[2025-01-12T23:28:32.778+0530][gc,mmu      ] GC(23) MMU target violated: 21.0ms (20.0ms/21.0ms)
[2025-01-12T23:28:32.778+0530][gc,phases   ] GC(23)   Pre Evacuate Collection Set: 1.0ms
[2025-01-12T23:28:32.778+0530][gc,phases   ] GC(23)   Merge Heap Roots: 0.3ms
[2025-01-12T23:28:32.778+0530][gc,phases   ] GC(23)   Evacuate Collection Set: 21.7ms
[2025-01-12T23:28:32.778+0530][gc,phases   ] GC(23)   Post Evacuate Collection Set: 0.4ms
[2025-01-12T23:28:32.778+0530][gc,phases   ] GC(23)   Other: 0.3ms
[2025-01-12T23:28:32.778+0530][gc,heap     ] GC(23) Eden regions: 121->0(63)
[2025-01-12T23:28:32.778+0530][gc,heap     ] GC(23) Survivor regions: 5->16(16)
[2025-01-12T23:28:32.778+0530][gc,heap     ] GC(23) Old regions: 71->72
[2025-01-12T23:28:32.778+0530][gc,heap     ] GC(23) Humongous regions: 131->131
[2025-01-12T23:28:32.778+0530][gc,metaspace] GC(23) Metaspace: 43521K(44288K)->43521K(44288K) NonClass: 38396K(38848K)->38396K(38848K) Class: 5125K(5440K)->5125K(5440K)
[2025-01-12T23:28:32.778+0530][gc          ] GC(23) Pause Young (Normal) (G1 Evacuation Pause) 327M->218M(1024M) 25.048ms
[2025-01-12T23:28:32.778+0530][gc,cpu      ] GC(23) User=0.05s Sys=0.02s Real=0.02s
[2025-01-12T23:36:26.740+0530][gc,start    ] GC(24) Pause Young (Normal) (G1 Evacuation Pause)
[2025-01-12T23:36:26.741+0530][gc,task     ] GC(24) Using 9 workers of 9 for evacuation
[2025-01-12T23:36:26.771+0530][gc,mmu      ] GC(24) MMU target violated: 21.0ms (20.0ms/21.0ms)
[2025-01-12T23:36:26.772+0530][gc,phases   ] GC(24)   Pre Evacuate Collection Set: 1.1ms
[2025-01-12T23:36:26.772+0530][gc,phases   ] GC(24)   Merge Heap Roots: 1.7ms
[2025-01-12T23:36:26.772+0530][gc,phases   ] GC(24)   Evacuate Collection Set: 25.6ms
[2025-01-12T23:36:26.772+0530][gc,phases   ] GC(24)   Post Evacuate Collection Set: 0.3ms
[2025-01-12T23:36:26.772+0530][gc,phases   ] GC(24)   Other: 1.9ms
[2025-01-12T23:36:26.772+0530][gc,heap     ] GC(24) Eden regions: 63->0(138)
[2025-01-12T23:36:26.772+0530][gc,heap     ] GC(24) Survivor regions: 16->4(10)
[2025-01-12T23:36:26.772+0530][gc,heap     ] GC(24) Old regions: 72->85
[2025-01-12T23:36:26.772+0530][gc,heap     ] GC(24) Humongous regions: 131->131
[2025-01-12T23:36:26.772+0530][gc,metaspace] GC(24) Metaspace: 43555K(44352K)->43555K(44352K) NonClass: 38429K(38912K)->38429K(38912K) Class: 5125K(5440K)->5125K(5440K)
[2025-01-12T23:36:26.772+0530][gc          ] GC(24) Pause Young (Normal) (G1 Evacuation Pause) 281M->219M(1024M) 31.529ms
[2025-01-12T23:36:26.772+0530][gc,cpu      ] GC(24) User=0.04s Sys=0.03s Real=0.03s
[2025-01-12T23:54:05.876+0530][gc,start    ] GC(25) Pause Young (Normal) (G1 Evacuation Pause)
[2025-01-12T23:54:05.876+0530][gc,task     ] GC(25) Using 9 workers of 9 for evacuation
[2025-01-12T23:54:05.913+0530][gc,mmu      ] GC(25) MMU target violated: 21.0ms (20.0ms/21.0ms)
[2025-01-12T23:54:05.913+0530][gc,phases   ] GC(25)   Pre Evacuate Collection Set: 1.1ms
[2025-01-12T23:54:05.913+0530][gc,phases   ] GC(25)   Merge Heap Roots: 0.2ms
[2025-01-12T23:54:05.913+0530][gc,phases   ] GC(25)   Evacuate Collection Set: 34.4ms
[2025-01-12T23:54:05.913+0530][gc,phases   ] GC(25)   Post Evacuate Collection Set: 0.6ms
[2025-01-12T23:54:05.913+0530][gc,phases   ] GC(25)   Other: 0.6ms
[2025-01-12T23:54:05.913+0530][gc,heap     ] GC(25) Eden regions: 141->0(40)
[2025-01-12T23:54:05.913+0530][gc,heap     ] GC(25) Survivor regions: 4->11(19)
[2025-01-12T23:54:05.913+0530][gc,heap     ] GC(25) Old regions: 85->85
[2025-01-12T23:54:05.913+0530][gc,heap     ] GC(25) Humongous regions: 131->131
[2025-01-12T23:54:05.913+0530][gc,metaspace] GC(25) Metaspace: 43602K(44416K)->43602K(44416K) NonClass: 38476K(38976K)->38476K(38976K) Class: 5125K(5440K)->5125K(5440K)
[2025-01-12T23:54:05.913+0530][gc          ] GC(25) Pause Young (Normal) (G1 Evacuation Pause) 360M->226M(1024M) 37.675ms
[2025-01-12T23:54:05.913+0530][gc,cpu      ] GC(25) User=0.06s Sys=0.10s Real=0.04s
[2025-01-12T23:59:05.213+0530][gc,start    ] GC(26) Pause Young (Normal) (G1 Evacuation Pause)
[2025-01-12T23:59:05.215+0530][gc,task     ] GC(26) Using 9 workers of 9 for evacuation
[2025-01-12T23:59:05.236+0530][gc,mmu      ] GC(26) MMU target violated: 20.7ms (20.0ms/21.0ms)
[2025-01-12T23:59:05.236+0530][gc,phases   ] GC(26)   Pre Evacuate Collection Set: 1.4ms
[2025-01-12T23:59:05.236+0530][gc,phases   ] GC(26)   Merge Heap Roots: 0.3ms
[2025-01-12T23:59:05.236+0530][gc,phases   ] GC(26)   Evacuate Collection Set: 18.3ms
[2025-01-12T23:59:05.236+0530][gc,phases   ] GC(26)   Post Evacuate Collection Set: 0.6ms
[2025-01-12T23:59:05.236+0530][gc,phases   ] GC(26)   Other: 0.3ms
[2025-01-12T23:59:05.236+0530][gc,heap     ] GC(26) Eden regions: 40->0(75)
[2025-01-12T23:59:05.236+0530][gc,heap     ] GC(26) Survivor regions: 11->4(7)
[2025-01-12T23:59:05.236+0530][gc,heap     ] GC(26) Old regions: 85->94
[2025-01-12T23:59:05.236+0530][gc,heap     ] GC(26) Humongous regions: 131->131
[2025-01-12T23:59:05.236+0530][gc,metaspace] GC(26) Metaspace: 43603K(44416K)->43603K(44416K) NonClass: 38477K(38976K)->38477K(38976K) Class: 5125K(5440K)->5125K(5440K)
[2025-01-12T23:59:05.236+0530][gc          ] GC(26) Pause Young (Normal) (G1 Evacuation Pause) 266M->228M(1024M) 22.813ms
[2025-01-12T23:59:05.236+0530][gc,cpu      ] GC(26) User=0.05s Sys=0.02s Real=0.02s
[2025-01-13T00:00:04.644+0530][gc,heap,exit] Heap
[2025-01-13T00:00:04.644+0530][gc,heap,exit]  garbage-first heap   total 1048576K, used 245970K [0x00000007c0000000, 0x0000000800000000)
[2025-01-13T00:00:04.644+0530][gc,heap,exit]   region size 1024K, 16 young (16384K), 4 survivors (4096K)
[2025-01-13T00:00:04.644+0530][gc,heap,exit]  Metaspace       used 43699K, committed 44544K, reserved 1114112K
[2025-01-13T00:00:04.644+0530][gc,heap,exit]   class space    used 5147K, committed 5504K, reserved 1048576K
