[2025-01-14T16:09:52.509+0530][gc,init] CardTable entry size: 512
[2025-01-14T16:09:52.510+0530][gc     ] Using G1
[2025-01-14T16:09:52.510+0530][gc,init] Version: 21.0.2+13-58 (release)
[2025-01-14T16:09:52.510+0530][gc,init] CPUs: 10 total, 10 available
[2025-01-14T16:09:52.510+0530][gc,init] Memory: 16384M
[2025-01-14T16:09:52.510+0530][gc,init] Large Page Support: Disabled
[2025-01-14T16:09:52.510+0530][gc,init] NUMA Support: Disabled
[2025-01-14T16:09:52.510+0530][gc,init] Compressed Oops: Enabled (Zero based)
[2025-01-14T16:09:52.510+0530][gc,init] Heap Region Size: 1M
[2025-01-14T16:09:52.510+0530][gc,init] Heap Min Capacity: 512M
[2025-01-14T16:09:52.510+0530][gc,init] Heap Initial Capacity: 512M
[2025-01-14T16:09:52.510+0530][gc,init] Heap Max Capacity: 512M
[2025-01-14T16:09:52.510+0530][gc,init] Pre-touch: Disabled
[2025-01-14T16:09:52.510+0530][gc,init] Parallel Workers: 9
[2025-01-14T16:09:52.510+0530][gc,init] Concurrent Workers: 2
[2025-01-14T16:09:52.510+0530][gc,init] Concurrent Refinement Workers: 9
[2025-01-14T16:09:52.510+0530][gc,init] Periodic GC: Disabled
[2025-01-14T16:09:52.530+0530][gc,metaspace] CDS archive(s) mapped at: [0x0000008800000000-0x0000008800ca4000-0x0000008800ca4000), size 13254656, SharedBaseAddress: 0x0000008800000000, ArchiveRelocationMode: 1.
[2025-01-14T16:09:52.530+0530][gc,metaspace] Compressed class space mapped at: 0x0000008801000000-0x0000008841000000, reserved size: 1073741824
[2025-01-14T16:09:52.530+0530][gc,metaspace] Narrow klass base: 0x0000008800000000, Narrow klass shift: 0, Narrow klass range: 0x100000000
[2025-01-14T16:09:53.735+0530][gc,start    ] GC(0) Pause Young (Normal) (G1 Evacuation Pause)
[2025-01-14T16:09:53.735+0530][gc,task     ] GC(0) Using 9 workers of 9 for evacuation
[2025-01-14T16:09:53.738+0530][gc,phases   ] GC(0)   Pre Evacuate Collection Set: 0.1ms
[2025-01-14T16:09:53.739+0530][gc,phases   ] GC(0)   Merge Heap Roots: 0.2ms
[2025-01-14T16:09:53.739+0530][gc,phases   ] GC(0)   Evacuate Collection Set: 2.5ms
[2025-01-14T16:09:53.739+0530][gc,phases   ] GC(0)   Post Evacuate Collection Set: 0.3ms
[2025-01-14T16:09:53.739+0530][gc,phases   ] GC(0)   Other: 0.5ms
[2025-01-14T16:09:53.739+0530][gc,heap     ] GC(0) Eden regions: 25->0(21)
[2025-01-14T16:09:53.739+0530][gc,heap     ] GC(0) Survivor regions: 0->4(4)
[2025-01-14T16:09:53.739+0530][gc,heap     ] GC(0) Old regions: 2->8
[2025-01-14T16:09:53.739+0530][gc,heap     ] GC(0) Humongous regions: 2->2
[2025-01-14T16:09:53.739+0530][gc,metaspace] GC(0) Metaspace: 7718K(7872K)->7718K(7872K) NonClass: 6894K(6976K)->6894K(6976K) Class: 823K(896K)->823K(896K)
[2025-01-14T16:09:53.739+0530][gc          ] GC(0) Pause Young (Normal) (G1 Evacuation Pause) 28M->12M(512M) 3.721ms
[2025-01-14T16:09:53.739+0530][gc,cpu      ] GC(0) User=0.01s Sys=0.00s Real=0.00s
[2025-01-14T16:12:06.627+0530][gc,heap,exit] Heap
[2025-01-14T16:12:06.628+0530][gc,heap,exit]  garbage-first heap   total 524288K, used 23988K [0x00000007e0000000, 0x0000000800000000)
[2025-01-14T16:12:06.628+0530][gc,heap,exit]   region size 1024K, 16 young (16384K), 4 survivors (4096K)
[2025-01-14T16:12:06.628+0530][gc,heap,exit]  Metaspace       used 9475K, committed 9664K, reserved 1114112K
[2025-01-14T16:12:06.628+0530][gc,heap,exit]   class space    used 982K, committed 1088K, reserved 1048576K
