[2025-01-12T21:23:51.077+0530][gc,init] CardTable entry size: 512
[2025-01-12T21:23:51.077+0530][gc     ] Using G1
[2025-01-12T21:23:51.078+0530][gc,init] Version: 21.0.2+13-58 (release)
[2025-01-12T21:23:51.078+0530][gc,init] CPUs: 10 total, 10 available
[2025-01-12T21:23:51.078+0530][gc,init] Memory: 16384M
[2025-01-12T21:23:51.078+0530][gc,init] Large Page Support: Disabled
[2025-01-12T21:23:51.078+0530][gc,init] NUMA Support: Disabled
[2025-01-12T21:23:51.078+0530][gc,init] Compressed Oops: Enabled (Zero based)
[2025-01-12T21:23:51.078+0530][gc,init] Heap Region Size: 1M
[2025-01-12T21:23:51.078+0530][gc,init] Heap Min Capacity: 512M
[2025-01-12T21:23:51.078+0530][gc,init] Heap Initial Capacity: 512M
[2025-01-12T21:23:51.078+0530][gc,init] Heap Max Capacity: 512M
[2025-01-12T21:23:51.078+0530][gc,init] Pre-touch: Disabled
[2025-01-12T21:23:51.078+0530][gc,init] Parallel Workers: 9
[2025-01-12T21:23:51.078+0530][gc,init] Concurrent Workers: 2
[2025-01-12T21:23:51.078+0530][gc,init] Concurrent Refinement Workers: 9
[2025-01-12T21:23:51.078+0530][gc,init] Periodic GC: Disabled
[2025-01-12T21:23:51.082+0530][gc,metaspace] CDS archive(s) mapped at: [0x000000a800000000-0x000000a800ca4000-0x000000a800ca4000), size 13254656, SharedBaseAddress: 0x000000a800000000, ArchiveRelocationMode: 1.
[2025-01-12T21:23:51.082+0530][gc,metaspace] Compressed class space mapped at: 0x000000a801000000-0x000000a841000000, reserved size: 1073741824
[2025-01-12T21:23:51.082+0530][gc,metaspace] Narrow klass base: 0x000000a800000000, Narrow klass shift: 0, Narrow klass range: 0x100000000
[2025-01-12T21:23:51.684+0530][gc,start    ] GC(0) Pause Young (Normal) (GCLocker Initiated GC)
[2025-01-12T21:23:51.684+0530][gc,task     ] GC(0) Using 9 workers of 9 for evacuation
[2025-01-12T21:23:51.687+0530][gc,phases   ] GC(0)   Pre Evacuate Collection Set: 0.2ms
[2025-01-12T21:23:51.687+0530][gc,phases   ] GC(0)   Merge Heap Roots: 0.3ms
[2025-01-12T21:23:51.687+0530][gc,phases   ] GC(0)   Evacuate Collection Set: 2.2ms
[2025-01-12T21:23:51.687+0530][gc,phases   ] GC(0)   Post Evacuate Collection Set: 0.2ms
[2025-01-12T21:23:51.687+0530][gc,phases   ] GC(0)   Other: 0.3ms
[2025-01-12T21:23:51.687+0530][gc,heap     ] GC(0) Eden regions: 25->0(21)
[2025-01-12T21:23:51.687+0530][gc,heap     ] GC(0) Survivor regions: 0->4(4)
[2025-01-12T21:23:51.687+0530][gc,heap     ] GC(0) Old regions: 2->8
[2025-01-12T21:23:51.687+0530][gc,heap     ] GC(0) Humongous regions: 2->2
[2025-01-12T21:23:51.687+0530][gc,metaspace] GC(0) Metaspace: 7716K(7872K)->7716K(7872K) NonClass: 6893K(6976K)->6893K(6976K) Class: 823K(896K)->823K(896K)
[2025-01-12T21:23:51.687+0530][gc          ] GC(0) Pause Young (Normal) (GCLocker Initiated GC) 28M->12M(512M) 3.234ms
[2025-01-12T21:23:51.687+0530][gc,cpu      ] GC(0) User=0.01s Sys=0.01s Real=0.00s
[2025-01-13T01:27:00.430+0530][gc,start    ] GC(1) Pause Young (Normal) (G1 Evacuation Pause)
[2025-01-13T01:27:00.432+0530][gc,task     ] GC(1) Using 9 workers of 9 for evacuation
[2025-01-13T01:27:00.452+0530][gc,mmu      ] GC(1) MMU target violated: 20.0ms (20.0ms/21.0ms)
[2025-01-13T01:27:00.452+0530][gc,phases   ] GC(1)   Pre Evacuate Collection Set: 0.8ms
[2025-01-13T01:27:00.452+0530][gc,phases   ] GC(1)   Merge Heap Roots: 0.3ms
[2025-01-13T01:27:00.452+0530][gc,phases   ] GC(1)   Evacuate Collection Set: 18.3ms
[2025-01-13T01:27:00.452+0530][gc,phases   ] GC(1)   Post Evacuate Collection Set: 0.6ms
[2025-01-13T01:27:00.452+0530][gc,phases   ] GC(1)   Other: 0.4ms
[2025-01-13T01:27:00.452+0530][gc,heap     ] GC(1) Eden regions: 21->0(24)
[2025-01-13T01:27:00.452+0530][gc,heap     ] GC(1) Survivor regions: 4->1(4)
[2025-01-13T01:27:00.452+0530][gc,heap     ] GC(1) Old regions: 8->12
[2025-01-13T01:27:00.452+0530][gc,heap     ] GC(1) Humongous regions: 2->2
[2025-01-13T01:27:00.452+0530][gc,metaspace] GC(1) Metaspace: 9587K(9856K)->9587K(9856K) NonClass: 8605K(8768K)->8605K(8768K) Class: 981K(1088K)->981K(1088K)
[2025-01-13T01:27:00.452+0530][gc          ] GC(1) Pause Young (Normal) (G1 Evacuation Pause) 33M->13M(512M) 22.281ms
[2025-01-13T01:27:00.452+0530][gc,cpu      ] GC(1) User=0.02s Sys=0.04s Real=0.02s
[2025-01-13T03:29:47.485+0530][gc,heap,exit] Heap
[2025-01-13T03:29:47.486+0530][gc,heap,exit]  garbage-first heap   total 524288K, used 20581K [0x00000007e0000000, 0x0000000800000000)
[2025-01-13T03:29:47.486+0530][gc,heap,exit]   region size 1024K, 9 young (9216K), 1 survivors (1024K)
[2025-01-13T03:29:47.486+0530][gc,heap,exit]  Metaspace       used 9594K, committed 9856K, reserved 1114112K
[2025-01-13T03:29:47.486+0530][gc,heap,exit]   class space    used 981K, committed 1088K, reserved 1048576K
