[2025-01-14T22:09:59.877+0530][gc,init] CardTable entry size: 512
[2025-01-14T22:09:59.877+0530][gc     ] Using G1
[2025-01-14T22:09:59.877+0530][gc,init] Version: 21.0.2+13-58 (release)
[2025-01-14T22:09:59.877+0530][gc,init] CPUs: 10 total, 10 available
[2025-01-14T22:09:59.877+0530][gc,init] Memory: 16384M
[2025-01-14T22:09:59.877+0530][gc,init] Large Page Support: Disabled
[2025-01-14T22:09:59.877+0530][gc,init] NUMA Support: Disabled
[2025-01-14T22:09:59.877+0530][gc,init] Compressed Oops: Enabled (Zero based)
[2025-01-14T22:09:59.877+0530][gc,init] Heap Region Size: 1M
[2025-01-14T22:09:59.877+0530][gc,init] Heap Min Capacity: 512M
[2025-01-14T22:09:59.877+0530][gc,init] Heap Initial Capacity: 512M
[2025-01-14T22:09:59.877+0530][gc,init] Heap Max Capacity: 512M
[2025-01-14T22:09:59.877+0530][gc,init] Pre-touch: Disabled
[2025-01-14T22:09:59.877+0530][gc,init] Parallel Workers: 9
[2025-01-14T22:09:59.877+0530][gc,init] Concurrent Workers: 2
[2025-01-14T22:09:59.877+0530][gc,init] Concurrent Refinement Workers: 9
[2025-01-14T22:09:59.877+0530][gc,init] Periodic GC: Disabled
[2025-01-14T22:09:59.896+0530][gc,metaspace] CDS archive(s) mapped at: [0x0000007000000000-0x0000007000ca4000-0x0000007000ca4000), size 13254656, SharedBaseAddress: 0x0000007000000000, ArchiveRelocationMode: 1.
[2025-01-14T22:09:59.896+0530][gc,metaspace] Compressed class space mapped at: 0x0000007001000000-0x0000007041000000, reserved size: 1073741824
[2025-01-14T22:09:59.896+0530][gc,metaspace] Narrow klass base: 0x0000007000000000, Narrow klass shift: 0, Narrow klass range: 0x100000000
[2025-01-14T22:10:01.853+0530][gc,start    ] GC(0) Pause Young (Normal) (GCLocker Initiated GC)
[2025-01-14T22:10:01.853+0530][gc,task     ] GC(0) Using 9 workers of 9 for evacuation
[2025-01-14T22:10:01.856+0530][gc,phases   ] GC(0)   Pre Evacuate Collection Set: 0.1ms
[2025-01-14T22:10:01.856+0530][gc,phases   ] GC(0)   Merge Heap Roots: 0.1ms
[2025-01-14T22:10:01.856+0530][gc,phases   ] GC(0)   Evacuate Collection Set: 2.4ms
[2025-01-14T22:10:01.856+0530][gc,phases   ] GC(0)   Post Evacuate Collection Set: 0.3ms
[2025-01-14T22:10:01.856+0530][gc,phases   ] GC(0)   Other: 0.3ms
[2025-01-14T22:10:01.856+0530][gc,heap     ] GC(0) Eden regions: 25->0(21)
[2025-01-14T22:10:01.856+0530][gc,heap     ] GC(0) Survivor regions: 0->4(4)
[2025-01-14T22:10:01.856+0530][gc,heap     ] GC(0) Old regions: 2->8
[2025-01-14T22:10:01.856+0530][gc,heap     ] GC(0) Humongous regions: 2->2
[2025-01-14T22:10:01.856+0530][gc,metaspace] GC(0) Metaspace: 7712K(7872K)->7712K(7872K) NonClass: 6889K(6976K)->6889K(6976K) Class: 823K(896K)->823K(896K)
[2025-01-14T22:10:01.856+0530][gc          ] GC(0) Pause Young (Normal) (GCLocker Initiated GC) 28M->12M(512M) 3.241ms
[2025-01-14T22:10:01.856+0530][gc,cpu      ] GC(0) User=0.01s Sys=0.00s Real=0.00s
[2025-01-14T23:36:18.044+0530][gc,heap,exit] Heap
[2025-01-14T23:36:18.044+0530][gc,heap,exit]  garbage-first heap   total 524288K, used 26246K [0x00000007e0000000, 0x0000000800000000)
[2025-01-14T23:36:18.044+0530][gc,heap,exit]   region size 1024K, 18 young (18432K), 4 survivors (4096K)
[2025-01-14T23:36:18.044+0530][gc,heap,exit]  Metaspace       used 9578K, committed 9792K, reserved 1114112K
[2025-01-14T23:36:18.044+0530][gc,heap,exit]   class space    used 982K, committed 1088K, reserved 1048576K
